
====================================================================================================
2026-10-03 07:19:18  subdataset2_graph_human_vs_v1_group_cv  (config hash 4bfc92a75c50)
Data    : Data/Subdataset_2
Classes : ['Human-written', 'V1']   Split: Group-Based Split
Model   : VGG19  activation=tanh  dropout=0.1  lr=0.0001  trained=base from block5_* on  preprocessing=caffe  L2=0.0001
Training: at most 20 epochs, early stopping val_ce patience 4, batch 16, 320x320 (no cropping), mixed precision True
Output  : Experiments/subdataset2/Group-Based Split/results/subdataset2_graph_human_vs_v1_group_cv
Human-written (label 0): 772 images
V1  (label 1): 701 images
Total 1473 images
Groups: {'n_groups': 937, 'groups_with_human_and_version': 501, 'groups_with_all_classes': 501, 'human_only_groups': 252, 'groups_without_human': 184, 'match_ratio': 0.5346851654215582, 'groups_merged_by_content': 3}
CHECK 4: human/version pairs found with the simple rule 514, in different groups 0
Files whose folder and version tag in the name do not match (data unchanged): 0
Train     :  1033 (70.1%)  Human-written=549 V1=484
Validation:   215 (14.6%)  Human-written=110 V1=105
Test      :   225 (15.3%)  Human-written=113 V1=112
Fold 1: train=990 (Human-written=523 V1=467)  evaluation=258 (Human-written=136 V1=122)
Fold 2: train=993 (Human-written=530 V1=463)  evaluation=255 (Human-written=129 V1=126)
Fold 3: train=1001 (Human-written=529 V1=472)  evaluation=247 (Human-written=130 V1=117)
Fold 4: train=1006 (Human-written=531 V1=475)  evaluation=242 (Human-written=128 V1=114)
Fold 5: train=1002 (Human-written=523 V1=479)  evaluation=246 (Human-written=136 V1=110)
Leakage check PASSED.
TensorFlow 2.20.0 | GPU: [PhysicalDevice(name='/physical_device:GPU:0', device_type='GPU')]
Mixed precision: mixed_float16 (output layer float32)
Images loaded: 1473, 0.5 GB, 10 s

===== Fold 1/5  07:19:34 =====
Class weights (balanced): Human-written=0.948  V1=1.058
Model: base 22 layers, trained base layers 5 (first: block5_conv1); trained parameters 9,702,401 / 20,287,553
Epoch 1/20
53/53 - 18s - 348ms/step - accuracy: 0.5118 - ce: 0.7916 - loss: 0.8447 - val_accuracy: 0.4658 - val_ce: 0.7626 - val_loss: 0.8128 - learning_rate: 1.0000e-04
Epoch 2/20
53/53 - 2s - 39ms/step - accuracy: 0.5154 - ce: 0.7400 - loss: 0.7917 - val_accuracy: 0.4658 - val_ce: 0.7575 - val_loss: 0.8068 - learning_rate: 1.0000e-04
Epoch 3/20
53/53 - 2s - 40ms/step - accuracy: 0.4680 - ce: 0.7740 - loss: 0.8218 - val_accuracy: 0.4658 - val_ce: 0.7147 - val_loss: 0.7624 - learning_rate: 1.0000e-04
Epoch 4/20
53/53 - 2s - 39ms/step - accuracy: 0.5154 - ce: 0.7197 - loss: 0.7725 - val_accuracy: 0.5342 - val_ce: 0.7080 - val_loss: 0.7521 - learning_rate: 1.0000e-04
Epoch 5/20
53/53 - 2s - 38ms/step - accuracy: 0.5249 - ce: 0.7224 - loss: 0.7742 - val_accuracy: 0.4658 - val_ce: 0.7245 - val_loss: 0.7667 - learning_rate: 1.0000e-04
Epoch 6/20

Epoch 6: ReduceLROnPlateau reducing learning rate to 4.999999873689376e-05.
53/53 - 2s - 38ms/step - accuracy: 0.4964 - ce: 0.7571 - loss: 0.7847 - val_accuracy: 0.5342 - val_ce: 0.7083 - val_loss: 0.7495 - learning_rate: 1.0000e-04
Epoch 7/20
53/53 - 2s - 39ms/step - accuracy: 0.5036 - ce: 0.7406 - loss: 0.7922 - val_accuracy: 0.5342 - val_ce: 0.6908 - val_loss: 0.7295 - learning_rate: 5.0000e-05
Epoch 8/20
53/53 - 2s - 37ms/step - accuracy: 0.5083 - ce: 0.7215 - loss: 0.7600 - val_accuracy: 0.4658 - val_ce: 0.6939 - val_loss: 0.7301 - learning_rate: 5.0000e-05
Epoch 9/20

Epoch 9: ReduceLROnPlateau reducing learning rate to 2.499999936844688e-05.
53/53 - 2s - 38ms/step - accuracy: 0.5225 - ce: 0.7170 - loss: 0.7510 - val_accuracy: 0.4658 - val_ce: 0.6938 - val_loss: 0.7278 - learning_rate: 5.0000e-05
Epoch 10/20
53/53 - 2s - 38ms/step - accuracy: 0.5225 - ce: 0.7078 - loss: 0.7421 - val_accuracy: 0.5342 - val_ce: 0.6924 - val_loss: 0.7256 - learning_rate: 2.5000e-05
Epoch 11/20

Epoch 11: ReduceLROnPlateau reducing learning rate to 1.249999968422344e-05.
53/53 - 2s - 39ms/step - accuracy: 0.4929 - ce: 0.7276 - loss: 0.7599 - val_accuracy: 0.4658 - val_ce: 0.6947 - val_loss: 0.7270 - learning_rate: 2.5000e-05
COLLAPSE: 100% of the validation predictions are in one class -> training is repeated once with lr 1e-05
Epoch 1/20
53/53 - 12s - 232ms/step - accuracy: 0.5142 - ce: 0.7517 - loss: 0.8023 - val_accuracy: 0.5068 - val_ce: 0.7193 - val_loss: 0.7704 - learning_rate: 1.0000e-05
Epoch 2/20
53/53 - 2s - 38ms/step - accuracy: 0.6256 - ce: 0.6559 - loss: 0.7057 - val_accuracy: 0.5000 - val_ce: 0.7100 - val_loss: 0.7610 - learning_rate: 1.0000e-05
Epoch 3/20
53/53 - 2s - 38ms/step - accuracy: 0.6872 - ce: 0.5847 - loss: 0.6372 - val_accuracy: 0.5548 - val_ce: 0.7089 - val_loss: 0.7598 - learning_rate: 1.0000e-05
Epoch 4/20
53/53 - 2s - 38ms/step - accuracy: 0.7950 - ce: 0.5052 - loss: 0.5554 - val_accuracy: 0.5411 - val_ce: 0.7127 - val_loss: 0.7636 - learning_rate: 1.0000e-05
Epoch 5/20

Epoch 5: ReduceLROnPlateau reducing learning rate to 4.999999873689376e-06.
53/53 - 2s - 38ms/step - accuracy: 0.8685 - ce: 0.4335 - loss: 0.4850 - val_accuracy: 0.5342 - val_ce: 0.7664 - val_loss: 0.8171 - learning_rate: 1.0000e-05
Epoch 6/20
53/53 - 2s - 39ms/step - accuracy: 0.9088 - ce: 0.3596 - loss: 0.4099 - val_accuracy: 0.5000 - val_ce: 0.7150 - val_loss: 0.7657 - learning_rate: 5.0000e-06
Epoch 7/20

Epoch 7: ReduceLROnPlateau reducing learning rate to 2.499999936844688e-06.
53/53 - 2s - 37ms/step - accuracy: 0.9419 - ce: 0.3241 - loss: 0.3759 - val_accuracy: 0.5137 - val_ce: 0.7308 - val_loss: 0.7814 - learning_rate: 5.0000e-06
Fold 1: accuracy=0.5233  F1(w/m)=0.5222/0.5229  CE=0.7066  epochs=7  

===== Fold 2/5  07:20:46 =====
Class weights (balanced): Human-written=0.945  V1=1.062
Epoch 1/20
53/53 - 15s - 288ms/step - accuracy: 0.5101 - ce: 0.7725 - loss: 0.8228 - val_accuracy: 0.5338 - val_ce: 0.7042 - val_loss: 0.7541 - learning_rate: 1.0000e-04
Epoch 2/20
53/53 - 2s - 40ms/step - accuracy: 0.5018 - ce: 0.7422 - loss: 0.7951 - val_accuracy: 0.4730 - val_ce: 0.6962 - val_loss: 0.7449 - learning_rate: 1.0000e-04
Epoch 3/20
53/53 - 2s - 38ms/step - accuracy: 0.4805 - ce: 0.7478 - loss: 0.7983 - val_accuracy: 0.4392 - val_ce: 0.6965 - val_loss: 0.7440 - learning_rate: 1.0000e-04
Epoch 4/20

Epoch 4: ReduceLROnPlateau reducing learning rate to 4.999999873689376e-05.
53/53 - 2s - 37ms/step - accuracy: 0.4982 - ce: 0.7418 - loss: 0.7796 - val_accuracy: 0.4392 - val_ce: 0.7031 - val_loss: 0.7470 - learning_rate: 1.0000e-04
Epoch 5/20
53/53 - 2s - 38ms/step - accuracy: 0.4899 - ce: 0.7142 - loss: 0.7582 - val_accuracy: 0.4865 - val_ce: 0.7016 - val_loss: 0.7425 - learning_rate: 5.0000e-05
Epoch 6/20

Epoch 6: ReduceLROnPlateau reducing learning rate to 2.499999936844688e-05.
53/53 - 2s - 38ms/step - accuracy: 0.4970 - ce: 0.7421 - loss: 0.7779 - val_accuracy: 0.4392 - val_ce: 0.7074 - val_loss: 0.7468 - learning_rate: 5.0000e-05
Fold 2: accuracy=0.5020  F1(w/m)=0.3850/0.3881  CE=0.6979  epochs=6  

===== Fold 3/5  07:21:18 =====
Class weights (balanced): Human-written=0.941  V1=1.067
Epoch 1/20
54/54 - 14s - 258ms/step - accuracy: 0.4888 - ce: 0.7679 - loss: 0.8189 - val_accuracy: 0.5132 - val_ce: 0.8384 - val_loss: 0.8884 - learning_rate: 1.0000e-04
Epoch 2/20
54/54 - 2s - 38ms/step - accuracy: 0.5053 - ce: 0.7473 - loss: 0.8001 - val_accuracy: 0.4868 - val_ce: 0.7096 - val_loss: 0.7587 - learning_rate: 1.0000e-04
Epoch 3/20
54/54 - 2s - 38ms/step - accuracy: 0.5265 - ce: 0.7348 - loss: 0.7970 - val_accuracy: 0.5132 - val_ce: 0.6988 - val_loss: 0.7465 - learning_rate: 1.0000e-04
Epoch 4/20
54/54 - 2s - 38ms/step - accuracy: 0.5501 - ce: 0.7160 - loss: 0.7651 - val_accuracy: 0.5000 - val_ce: 0.6960 - val_loss: 0.7425 - learning_rate: 1.0000e-04
Epoch 5/20
54/54 - 2s - 38ms/step - accuracy: 0.4923 - ce: 0.7265 - loss: 0.7683 - val_accuracy: 0.4934 - val_ce: 0.6961 - val_loss: 0.7409 - learning_rate: 1.0000e-04
Epoch 6/20
54/54 - 2s - 40ms/step - accuracy: 0.5171 - ce: 0.7190 - loss: 0.7763 - val_accuracy: 0.4868 - val_ce: 0.6955 - val_loss: 0.7377 - learning_rate: 1.0000e-04
Epoch 7/20
54/54 - 2s - 38ms/step - accuracy: 0.5065 - ce: 0.7210 - loss: 0.7630 - val_accuracy: 0.4934 - val_ce: 0.6935 - val_loss: 0.7307 - learning_rate: 1.0000e-04
Epoch 8/20
54/54 - 2s - 38ms/step - accuracy: 0.4865 - ce: 0.7201 - loss: 0.7540 - val_accuracy: 0.4803 - val_ce: 0.6982 - val_loss: 0.7313 - learning_rate: 1.0000e-04
Epoch 9/20
54/54 - 2s - 38ms/step - accuracy: 0.5077 - ce: 0.7280 - loss: 0.7656 - val_accuracy: 0.5132 - val_ce: 0.6932 - val_loss: 0.7246 - learning_rate: 1.0000e-04
Epoch 10/20
54/54 - 2s - 38ms/step - accuracy: 0.4994 - ce: 0.7524 - loss: 0.7975 - val_accuracy: 0.4868 - val_ce: 0.6965 - val_loss: 0.7267 - learning_rate: 1.0000e-04
Epoch 11/20

Epoch 11: ReduceLROnPlateau reducing learning rate to 4.999999873689376e-05.
54/54 - 2s - 38ms/step - accuracy: 0.5124 - ce: 0.7209 - loss: 0.7490 - val_accuracy: 0.4868 - val_ce: 0.7040 - val_loss: 0.7332 - learning_rate: 1.0000e-04
Epoch 12/20
54/54 - 2s - 38ms/step - accuracy: 0.5018 - ce: 0.7362 - loss: 0.7753 - val_accuracy: 0.5132 - val_ce: 0.6961 - val_loss: 0.7249 - learning_rate: 5.0000e-05
Epoch 13/20

Epoch 13: ReduceLROnPlateau reducing learning rate to 2.499999936844688e-05.
54/54 - 2s - 37ms/step - accuracy: 0.5183 - ce: 0.7241 - loss: 0.7570 - val_accuracy: 0.5132 - val_ce: 0.7038 - val_loss: 0.7319 - learning_rate: 5.0000e-05
COLLAPSE: 100% of the validation predictions are in one class -> training is repeated once with lr 1e-05
Epoch 1/20
54/54 - 12s - 218ms/step - accuracy: 0.5300 - ce: 0.7419 - loss: 0.7920 - val_accuracy: 0.4737 - val_ce: 0.7253 - val_loss: 0.7764 - learning_rate: 1.0000e-05
Epoch 2/20
54/54 - 2s - 38ms/step - accuracy: 0.6278 - ce: 0.6296 - loss: 0.6818 - val_accuracy: 0.5132 - val_ce: 0.7156 - val_loss: 0.7666 - learning_rate: 1.0000e-05
Epoch 3/20
54/54 - 2s - 38ms/step - accuracy: 0.7020 - ce: 0.5657 - loss: 0.6180 - val_accuracy: 0.5526 - val_ce: 0.7070 - val_loss: 0.7579 - learning_rate: 1.0000e-05
Epoch 4/20
54/54 - 2s - 38ms/step - accuracy: 0.8163 - ce: 0.4845 - loss: 0.5350 - val_accuracy: 0.5329 - val_ce: 0.7192 - val_loss: 0.7700 - learning_rate: 1.0000e-05
Epoch 5/20

Epoch 5: ReduceLROnPlateau reducing learning rate to 4.999999873689376e-06.
54/54 - 2s - 38ms/step - accuracy: 0.8657 - ce: 0.4213 - loss: 0.4728 - val_accuracy: 0.5132 - val_ce: 0.8417 - val_loss: 0.8924 - learning_rate: 1.0000e-05
Epoch 6/20
54/54 - 2s - 38ms/step - accuracy: 0.9105 - ce: 0.3454 - loss: 0.3949 - val_accuracy: 0.5132 - val_ce: 0.7370 - val_loss: 0.7876 - learning_rate: 5.0000e-06
Epoch 7/20

Epoch 7: ReduceLROnPlateau reducing learning rate to 2.499999936844688e-06.
54/54 - 2s - 36ms/step - accuracy: 0.9411 - ce: 0.3090 - loss: 0.3608 - val_accuracy: 0.5263 - val_ce: 0.7583 - val_loss: 0.8089 - learning_rate: 5.0000e-06
Fold 3: accuracy=0.5425  F1(w/m)=0.5420/0.5424  CE=0.6947  epochs=7  

===== Fold 4/5  07:22:30 =====
Class weights (balanced): Human-written=0.942  V1=1.066
Epoch 1/20
54/54 - 16s - 288ms/step - accuracy: 0.4994 - ce: 0.7870 - loss: 0.8377 - val_accuracy: 0.4902 - val_ce: 0.7091 - val_loss: 0.7587 - learning_rate: 1.0000e-04
Epoch 2/20
54/54 - 2s - 38ms/step - accuracy: 0.4971 - ce: 0.7396 - loss: 0.7893 - val_accuracy: 0.5098 - val_ce: 0.6989 - val_loss: 0.7467 - learning_rate: 1.0000e-04
Epoch 3/20
54/54 - 2s - 37ms/step - accuracy: 0.5205 - ce: 0.7184 - loss: 0.7672 - val_accuracy: 0.4967 - val_ce: 0.7068 - val_loss: 0.7533 - learning_rate: 1.0000e-04
Epoch 4/20

Epoch 4: ReduceLROnPlateau reducing learning rate to 4.999999873689376e-05.
54/54 - 2s - 38ms/step - accuracy: 0.5041 - ce: 0.7115 - loss: 0.7564 - val_accuracy: 0.4902 - val_ce: 0.7960 - val_loss: 0.8409 - learning_rate: 1.0000e-04
Epoch 5/20
54/54 - 2s - 39ms/step - accuracy: 0.4959 - ce: 0.7442 - loss: 0.7896 - val_accuracy: 0.4967 - val_ce: 0.6936 - val_loss: 0.7376 - learning_rate: 5.0000e-05
Epoch 6/20
54/54 - 2s - 38ms/step - accuracy: 0.5170 - ce: 0.7161 - loss: 0.7596 - val_accuracy: 0.5294 - val_ce: 0.6951 - val_loss: 0.7381 - learning_rate: 5.0000e-05
Epoch 7/20
54/54 - 2s - 39ms/step - accuracy: 0.5428 - ce: 0.7223 - loss: 0.7614 - val_accuracy: 0.5359 - val_ce: 0.6842 - val_loss: 0.7263 - learning_rate: 5.0000e-05
Epoch 8/20
54/54 - 2s - 38ms/step - accuracy: 0.5100 - ce: 0.7236 - loss: 0.7679 - val_accuracy: 0.4967 - val_ce: 0.6995 - val_loss: 0.7407 - learning_rate: 5.0000e-05
Epoch 9/20

Epoch 9: ReduceLROnPlateau reducing learning rate to 2.499999936844688e-05.
54/54 - 2s - 38ms/step - accuracy: 0.5451 - ce: 0.7050 - loss: 0.7426 - val_accuracy: 0.5359 - val_ce: 0.6868 - val_loss: 0.7272 - learning_rate: 5.0000e-05
Epoch 10/20
54/54 - 2s - 38ms/step - accuracy: 0.5088 - ce: 0.7176 - loss: 0.7585 - val_accuracy: 0.5163 - val_ce: 0.6857 - val_loss: 0.7256 - learning_rate: 2.5000e-05
Epoch 11/20
54/54 - 2s - 38ms/step - accuracy: 0.5240 - ce: 0.7047 - loss: 0.7465 - val_accuracy: 0.5229 - val_ce: 0.6824 - val_loss: 0.7218 - learning_rate: 2.5000e-05
Epoch 12/20
54/54 - 2s - 37ms/step - accuracy: 0.4994 - ce: 0.7162 - loss: 0.7543 - val_accuracy: 0.5359 - val_ce: 0.6882 - val_loss: 0.7272 - learning_rate: 2.5000e-05
Epoch 13/20

Epoch 13: ReduceLROnPlateau reducing learning rate to 1.249999968422344e-05.
54/54 - 2s - 39ms/step - accuracy: 0.5147 - ce: 0.7149 - loss: 0.7555 - val_accuracy: 0.5294 - val_ce: 0.6840 - val_loss: 0.7224 - learning_rate: 2.5000e-05
Epoch 14/20
54/54 - 2s - 38ms/step - accuracy: 0.5569 - ce: 0.6863 - loss: 0.7240 - val_accuracy: 0.5425 - val_ce: 0.6852 - val_loss: 0.7234 - learning_rate: 1.2500e-05
Epoch 15/20

Epoch 15: ReduceLROnPlateau reducing learning rate to 6.24999984211172e-06.
54/54 - 2s - 38ms/step - accuracy: 0.5440 - ce: 0.6900 - loss: 0.7299 - val_accuracy: 0.5098 - val_ce: 0.6839 - val_loss: 0.7219 - learning_rate: 1.2500e-05
Fold 4: accuracy=0.5413  F1(w/m)=0.5100/0.5163  CE=0.6917  epochs=15  

===== Fold 5/5  07:23:19 =====
Class weights (balanced): Human-written=0.956  V1=1.048
Epoch 1/20
54/54 - 12s - 224ms/step - accuracy: 0.5018 - ce: 0.7676 - loss: 0.8193 - val_accuracy: 0.4837 - val_ce: 0.6967 - val_loss: 0.7468 - learning_rate: 1.0000e-04
Epoch 2/20
54/54 - 2s - 37ms/step - accuracy: 0.5230 - ce: 0.7293 - loss: 0.7781 - val_accuracy: 0.4837 - val_ce: 0.7056 - val_loss: 0.7539 - learning_rate: 1.0000e-04
Epoch 3/20

Epoch 3: ReduceLROnPlateau reducing learning rate to 4.999999873689376e-05.
54/54 - 2s - 38ms/step - accuracy: 0.4923 - ce: 0.7430 - loss: 0.7900 - val_accuracy: 0.5163 - val_ce: 0.7297 - val_loss: 0.7745 - learning_rate: 1.0000e-04
Epoch 4/20
54/54 - 2s - 38ms/step - accuracy: 0.5018 - ce: 0.7231 - loss: 0.7669 - val_accuracy: 0.4837 - val_ce: 0.6980 - val_loss: 0.7408 - learning_rate: 5.0000e-05
Epoch 5/20
54/54 - 2s - 38ms/step - accuracy: 0.4770 - ce: 0.7342 - loss: 0.7750 - val_accuracy: 0.4837 - val_ce: 0.6941 - val_loss: 0.7341 - learning_rate: 5.0000e-05
Epoch 6/20
54/54 - 2s - 38ms/step - accuracy: 0.5029 - ce: 0.7210 - loss: 0.7607 - val_accuracy: 0.5163 - val_ce: 0.6932 - val_loss: 0.7306 - learning_rate: 5.0000e-05
Epoch 7/20
54/54 - 2s - 38ms/step - accuracy: 0.5147 - ce: 0.7129 - loss: 0.7495 - val_accuracy: 0.5163 - val_ce: 0.6932 - val_loss: 0.7286 - learning_rate: 5.0000e-05
Epoch 8/20
54/54 - 2s - 38ms/step - accuracy: 0.5006 - ce: 0.7168 - loss: 0.7509 - val_accuracy: 0.5163 - val_ce: 0.6930 - val_loss: 0.7264 - learning_rate: 5.0000e-05
Epoch 9/20
54/54 - 2s - 38ms/step - accuracy: 0.4876 - ce: 0.7284 - loss: 0.7616 - val_accuracy: 0.4837 - val_ce: 0.6942 - val_loss: 0.7259 - learning_rate: 5.0000e-05
Epoch 10/20

Epoch 10: ReduceLROnPlateau reducing learning rate to 2.499999936844688e-05.
54/54 - 2s - 38ms/step - accuracy: 0.4876 - ce: 0.7293 - loss: 0.7592 - val_accuracy: 0.4837 - val_ce: 0.6955 - val_loss: 0.7255 - learning_rate: 5.0000e-05
Epoch 11/20
54/54 - 2s - 38ms/step - accuracy: 0.5112 - ce: 0.7336 - loss: 0.7616 - val_accuracy: 0.4837 - val_ce: 0.6944 - val_loss: 0.7237 - learning_rate: 2.5000e-05
Epoch 12/20

Epoch 12: ReduceLROnPlateau reducing learning rate to 1.249999968422344e-05.
54/54 - 2s - 37ms/step - accuracy: 0.4817 - ce: 0.7310 - loss: 0.7597 - val_accuracy: 0.5163 - val_ce: 0.6935 - val_loss: 0.7220 - learning_rate: 2.5000e-05
COLLAPSE: 100% of the validation predictions are in one class -> training is repeated once with lr 1e-05
Epoch 1/20
54/54 - 12s - 221ms/step - accuracy: 0.5347 - ce: 0.7422 - loss: 0.7942 - val_accuracy: 0.5425 - val_ce: 0.7177 - val_loss: 0.7688 - learning_rate: 1.0000e-05
Epoch 2/20
54/54 - 2s - 38ms/step - accuracy: 0.6078 - ce: 0.6700 - loss: 0.7202 - val_accuracy: 0.5294 - val_ce: 0.7172 - val_loss: 0.7681 - learning_rate: 1.0000e-05
Epoch 3/20
54/54 - 2s - 38ms/step - accuracy: 0.6890 - ce: 0.5868 - loss: 0.6375 - val_accuracy: 0.5163 - val_ce: 0.7126 - val_loss: 0.7634 - learning_rate: 1.0000e-05
Epoch 4/20
54/54 - 2s - 39ms/step - accuracy: 0.7998 - ce: 0.4976 - loss: 0.5483 - val_accuracy: 0.5098 - val_ce: 0.7219 - val_loss: 0.7727 - learning_rate: 1.0000e-05
Epoch 5/20

Epoch 5: ReduceLROnPlateau reducing learning rate to 4.999999873689376e-06.
54/54 - 2s - 37ms/step - accuracy: 0.8280 - ce: 0.4363 - loss: 0.4873 - val_accuracy: 0.5882 - val_ce: 0.7183 - val_loss: 0.7690 - learning_rate: 1.0000e-05
Epoch 6/20
54/54 - 2s - 37ms/step - accuracy: 0.9011 - ce: 0.3556 - loss: 0.4065 - val_accuracy: 0.5229 - val_ce: 0.7410 - val_loss: 0.7916 - learning_rate: 5.0000e-06
Epoch 7/20

Epoch 7: ReduceLROnPlateau reducing learning rate to 2.499999936844688e-06.
54/54 - 2s - 38ms/step - accuracy: 0.9446 - ce: 0.3049 - loss: 0.3559 - val_accuracy: 0.5621 - val_ce: 0.7513 - val_loss: 0.8019 - learning_rate: 5.0000e-06
Fold 5: accuracy=0.5447  F1(w/m)=0.5395/0.5310  CE=0.7147  epochs=7  

CV mean ± std:
  accuracy               0.5308 ± 0.0182
  balanced_accuracy      0.5334 ± 0.0187
  mcc                    0.0740 ± 0.0387
  cross_entropy          0.7011 ± 0.0094
  roc_auc                0.5305 ± 0.0463
  precision_macro        0.5424 ± 0.0201
  recall_macro           0.5334 ± 0.0187
  f1_macro               0.5002 ± 0.0634
  precision_micro        0.5308 ± 0.0182
  recall_micro           0.5308 ± 0.0182
  f1_micro               0.5308 ± 0.0182
  precision_weighted     0.5449 ± 0.0210
  recall_weighted        0.5308 ± 0.0182
  f1_weighted            0.4997 ± 0.0655

===== Final training  07:24:28 =====
Class weights (balanced): Human-written=0.941  V1=1.067
Epoch 1/20
65/65 - 13s - 205ms/step - accuracy: 0.5140 - ce: 0.7668 - loss: 0.8192 - val_accuracy: 0.5116 - val_ce: 0.7030 - val_loss: 0.7531 - learning_rate: 1.0000e-04
Epoch 2/20
65/65 - 2s - 37ms/step - accuracy: 0.5208 - ce: 0.7243 - loss: 0.7823 - val_accuracy: 0.5116 - val_ce: 0.7082 - val_loss: 0.7558 - learning_rate: 1.0000e-04
Epoch 3/20
65/65 - 2s - 38ms/step - accuracy: 0.5257 - ce: 0.7234 - loss: 0.7732 - val_accuracy: 0.5116 - val_ce: 0.6946 - val_loss: 0.7388 - learning_rate: 1.0000e-04
Epoch 4/20
65/65 - 2s - 38ms/step - accuracy: 0.5218 - ce: 0.7191 - loss: 0.7610 - val_accuracy: 0.4884 - val_ce: 0.7009 - val_loss: 0.7401 - learning_rate: 1.0000e-04
Epoch 5/20

Epoch 5: ReduceLROnPlateau reducing learning rate to 4.999999873689376e-05.
65/65 - 2s - 38ms/step - accuracy: 0.4840 - ce: 0.7448 - loss: 0.7757 - val_accuracy: 0.5116 - val_ce: 0.7087 - val_loss: 0.7447 - learning_rate: 1.0000e-04
Epoch 6/20
65/65 - 2s - 38ms/step - accuracy: 0.5121 - ce: 0.7199 - loss: 0.7571 - val_accuracy: 0.5116 - val_ce: 0.6933 - val_loss: 0.7281 - learning_rate: 5.0000e-05
Epoch 7/20
65/65 - 2s - 38ms/step - accuracy: 0.5353 - ce: 0.7157 - loss: 0.7547 - val_accuracy: 0.5116 - val_ce: 0.6939 - val_loss: 0.7271 - learning_rate: 5.0000e-05
Epoch 8/20

Epoch 8: ReduceLROnPlateau reducing learning rate to 2.499999936844688e-05.
65/65 - 2s - 37ms/step - accuracy: 0.4753 - ce: 0.7252 - loss: 0.7555 - val_accuracy: 0.4884 - val_ce: 0.6943 - val_loss: 0.7262 - learning_rate: 5.0000e-05
Epoch 9/20
65/65 - 3s - 39ms/step - accuracy: 0.4811 - ce: 0.7242 - loss: 0.7566 - val_accuracy: 0.5116 - val_ce: 0.6930 - val_loss: 0.7241 - learning_rate: 2.5000e-05
Epoch 10/20
65/65 - 2s - 38ms/step - accuracy: 0.4956 - ce: 0.7310 - loss: 0.7632 - val_accuracy: 0.5116 - val_ce: 0.6929 - val_loss: 0.7233 - learning_rate: 2.5000e-05
Epoch 11/20

Epoch 11: ReduceLROnPlateau reducing learning rate to 1.249999968422344e-05.
65/65 - 2s - 38ms/step - accuracy: 0.4676 - ce: 0.7267 - loss: 0.7571 - val_accuracy: 0.4884 - val_ce: 0.6936 - val_loss: 0.7232 - learning_rate: 2.5000e-05
Epoch 12/20
65/65 - 2s - 37ms/step - accuracy: 0.5005 - ce: 0.7189 - loss: 0.7478 - val_accuracy: 0.4884 - val_ce: 0.6936 - val_loss: 0.7228 - learning_rate: 1.2500e-05
Epoch 13/20

Epoch 13: ReduceLROnPlateau reducing learning rate to 6.24999984211172e-06.
65/65 - 2s - 37ms/step - accuracy: 0.4860 - ce: 0.7264 - loss: 0.7552 - val_accuracy: 0.4884 - val_ce: 0.6937 - val_loss: 0.7226 - learning_rate: 1.2500e-05
Epoch 14/20
65/65 - 2s - 37ms/step - accuracy: 0.5111 - ce: 0.7127 - loss: 0.7404 - val_accuracy: 0.4884 - val_ce: 0.6935 - val_loss: 0.7222 - learning_rate: 6.2500e-06
COLLAPSE: 100% of the validation predictions are in one class -> training is repeated once with lr 1e-05
Epoch 1/20
65/65 - 13s - 197ms/step - accuracy: 0.5092 - ce: 0.7499 - loss: 0.8032 - val_accuracy: 0.5767 - val_ce: 0.6810 - val_loss: 0.7321 - learning_rate: 1.0000e-05
Epoch 2/20
65/65 - 2s - 38ms/step - accuracy: 0.6118 - ce: 0.6540 - loss: 0.7045 - val_accuracy: 0.5209 - val_ce: 0.6992 - val_loss: 0.7502 - learning_rate: 1.0000e-05
Epoch 3/20

Epoch 3: ReduceLROnPlateau reducing learning rate to 4.999999873689376e-06.
65/65 - 2s - 37ms/step - accuracy: 0.6980 - ce: 0.5800 - loss: 0.6321 - val_accuracy: 0.5721 - val_ce: 0.6888 - val_loss: 0.7397 - learning_rate: 1.0000e-05
Epoch 4/20
65/65 - 2s - 37ms/step - accuracy: 0.7677 - ce: 0.5185 - loss: 0.5690 - val_accuracy: 0.6047 - val_ce: 0.6856 - val_loss: 0.7364 - learning_rate: 5.0000e-06
Epoch 5/20

Epoch 5: ReduceLROnPlateau reducing learning rate to 2.499999936844688e-06.
65/65 - 2s - 37ms/step - accuracy: 0.8219 - ce: 0.4673 - loss: 0.5181 - val_accuracy: 0.5721 - val_ce: 0.6840 - val_loss: 0.7347 - learning_rate: 5.0000e-06
               precision    recall  f1-score   support

Human-written     0.5238    0.4867    0.5046       113
           V1     0.5167    0.5536    0.5345       112

     accuracy                         0.5200       225
    macro avg     0.5202    0.5201    0.5195       225
 weighted avg     0.5203    0.5200    0.5195       225

Class distribution all  : {'Human-written': 772, 'V1': 701}  ratio {'Human-written': 0.5241, 'V1': 0.4759}
Class distribution train: {'Human-written': 549, 'V1': 484}  ratio {'Human-written': 0.5315, 'V1': 0.4685}
Class distribution val  : {'Human-written': 110, 'V1': 105}  ratio {'Human-written': 0.5116, 'V1': 0.4884}
Class distribution test : {'Human-written': 113, 'V1': 112}  ratio {'Human-written': 0.5022, 'V1': 0.4978}

subdataset2_graph_human_vs_v1_group_cv  VGG19 (tanh, dropout 0.1, lr 0.0001)
CV mean    acc=0.5308  F1 w/m/micro=0.4997/0.5002/0.5308  P_w=0.5449  R_w=0.5308  CE=0.7011  AUC=0.5305  MCC=0.0740
VALIDATION acc=0.5767  F1 w/m/micro=0.5721/0.5730/0.5767  P_w=0.5835  R_w=0.5767  CE=0.6810  AUC=0.5977  MCC=0.1620
TEST       acc=0.5200  F1 w/m/micro=0.5195/0.5195/0.5200  P_w=0.5203  R_w=0.5200  CE=0.7107  AUC=0.5359  MCC=0.0404
TEST 95% CI: accuracy=[0.4578, 0.5911]  f1_weighted=[0.4569, 0.5905]  f1_macro=[0.4539, 0.5901]  mcc=[-0.0854, 0.1813]  balanced_accuracy=[0.4573, 0.5907]
Outputs: Experiments/subdataset2/Group-Based Split/results/subdataset2_graph_human_vs_v1_group_cv
2026-10-03 07:25:51 FINISHED
