
====================================================================================================
2026-10-03 00:38:52  subdataset13_graph_human_vs_v4_group_cv  (config hash 37d4acb532ea)
Data    : Data/Subdataset_13
Classes : ['Human-written', 'V4']   Split: Group-Based Split
Model   : VGG16  activation=relu  dropout=0.1  lr=0.0001  trained=base from block5_* on  preprocessing=caffe  L2=0.0001
Training: at most 20 epochs, early stopping val_ce patience 4, batch 16, 320x320 (no cropping), mixed precision True
Output  : Experiments/subdataset13/Group-Based Split/results/subdataset13_graph_human_vs_v4_group_cv
Human-written (label 0): 1629 images
V4  (label 1): 1913 images
Total 3542 images
Groups: {'n_groups': 2060, 'groups_with_human_and_version': 1388, 'groups_with_all_classes': 1388, 'human_only_groups': 224, 'groups_without_human': 448, 'match_ratio': 0.6737864077669903, 'groups_merged_by_content': 0}
CHECK 4: human/version pairs found with the simple rule 1427, in different groups 0
Files whose folder and version tag in the name do not match (data unchanged): 31
Train     :  2483 (70.1%)  Human-written=1137 V4=1346
Validation:   536 (15.1%)  Human-written=247 V4=289
Test      :   523 (14.8%)  Human-written=245 V4=278
Fold 1: train=2416 (Human-written=1108 V4=1308)  evaluation=603 (Human-written=276 V4=327)
Fold 2: train=2399 (Human-written=1109 V4=1290)  evaluation=620 (Human-written=275 V4=345)
Fold 3: train=2420 (Human-written=1105 V4=1315)  evaluation=599 (Human-written=279 V4=320)
Fold 4: train=2413 (Human-written=1104 V4=1309)  evaluation=606 (Human-written=280 V4=326)
Fold 5: train=2428 (Human-written=1110 V4=1318)  evaluation=591 (Human-written=274 V4=317)
Leakage check PASSED.
TensorFlow 2.20.0 | GPU: [PhysicalDevice(name='/physical_device:GPU:0', device_type='GPU')]
Mixed precision: mixed_float16 (output layer float32)
Images loaded: 3542, 1.1 GB, 4 s

===== Fold 1/5  00:39:01 =====
Class weights (balanced): Human-written=1.091  V4=0.923
Model: base 19 layers, trained base layers 4 (first: block5_conv1); trained parameters 7,342,593 / 14,977,857
Epoch 1/20
129/129 - 20s - 151ms/step - accuracy: 0.4939 - ce: 0.7351 - loss: 0.7786 - val_accuracy: 0.5014 - val_ce: 0.6932 - val_loss: 0.7330 - learning_rate: 1.0000e-04
Epoch 2/20
129/129 - 4s - 30ms/step - accuracy: 0.5051 - ce: 0.6948 - loss: 0.7281 - val_accuracy: 0.5342 - val_ce: 0.6927 - val_loss: 0.7230 - learning_rate: 1.0000e-04
Epoch 3/20
129/129 - 4s - 30ms/step - accuracy: 0.5305 - ce: 0.6927 - loss: 0.7203 - val_accuracy: 0.5370 - val_ce: 0.6925 - val_loss: 0.7163 - learning_rate: 1.0000e-04
Epoch 4/20
129/129 - 4s - 30ms/step - accuracy: 0.5466 - ce: 0.6921 - loss: 0.7148 - val_accuracy: 0.5315 - val_ce: 0.6932 - val_loss: 0.7122 - learning_rate: 1.0000e-04
Epoch 5/20

Epoch 5: ReduceLROnPlateau reducing learning rate to 4.999999873689376e-05.
129/129 - 4s - 29ms/step - accuracy: 0.4954 - ce: 0.6938 - loss: 0.7111 - val_accuracy: 0.5315 - val_ce: 0.6932 - val_loss: 0.7090 - learning_rate: 1.0000e-04
Epoch 6/20
129/129 - 4s - 29ms/step - accuracy: 0.5446 - ce: 0.6928 - loss: 0.7079 - val_accuracy: 0.5370 - val_ce: 0.6937 - val_loss: 0.7081 - learning_rate: 5.0000e-05
Epoch 7/20

Epoch 7: ReduceLROnPlateau reducing learning rate to 2.499999936844688e-05.
129/129 - 4s - 29ms/step - accuracy: 0.5183 - ce: 0.6932 - loss: 0.7067 - val_accuracy: 0.4603 - val_ce: 0.6938 - val_loss: 0.7071 - learning_rate: 5.0000e-05
COLLAPSE: 99% of the validation predictions are in one class -> training is repeated once with lr 1e-05
Epoch 1/20
129/129 - 13s - 102ms/step - accuracy: 0.5144 - ce: 0.7711 - loss: 0.8242 - val_accuracy: 0.5260 - val_ce: 0.6943 - val_loss: 0.7450 - learning_rate: 1.0000e-05
Epoch 2/20
129/129 - 4s - 29ms/step - accuracy: 0.5987 - ce: 0.6674 - loss: 0.7193 - val_accuracy: 0.5836 - val_ce: 0.6683 - val_loss: 0.7184 - learning_rate: 1.0000e-05
Epoch 3/20
129/129 - 4s - 30ms/step - accuracy: 0.6709 - ce: 0.6100 - loss: 0.6605 - val_accuracy: 0.5863 - val_ce: 0.6672 - val_loss: 0.7169 - learning_rate: 1.0000e-05
Epoch 4/20
129/129 - 4s - 30ms/step - accuracy: 0.7377 - ce: 0.5410 - loss: 0.5919 - val_accuracy: 0.5671 - val_ce: 0.6836 - val_loss: 0.7329 - learning_rate: 1.0000e-05
Epoch 5/20

Epoch 5: ReduceLROnPlateau reducing learning rate to 4.999999873689376e-06.
129/129 - 4s - 29ms/step - accuracy: 0.7889 - ce: 0.4722 - loss: 0.5227 - val_accuracy: 0.5699 - val_ce: 0.6975 - val_loss: 0.7466 - learning_rate: 1.0000e-05
Epoch 6/20
129/129 - 4s - 29ms/step - accuracy: 0.8752 - ce: 0.3762 - loss: 0.4266 - val_accuracy: 0.5808 - val_ce: 0.7025 - val_loss: 0.7515 - learning_rate: 5.0000e-06
Epoch 7/20

Epoch 7: ReduceLROnPlateau reducing learning rate to 2.499999936844688e-06.
129/129 - 4s - 30ms/step - accuracy: 0.8996 - ce: 0.3225 - loss: 0.3716 - val_accuracy: 0.5890 - val_ce: 0.7243 - val_loss: 0.7731 - learning_rate: 5.0000e-06
Fold 1: accuracy=0.5721  F1(w/m)=0.5690/0.5639  CE=0.6771  epochs=7  

===== Fold 2/5  00:40:31 =====
Class weights (balanced): Human-written=1.083  V4=0.929
Epoch 1/20
128/128 - 16s - 128ms/step - accuracy: 0.5235 - ce: 0.7274 - loss: 0.7747 - val_accuracy: 0.4652 - val_ce: 0.6935 - val_loss: 0.7323 - learning_rate: 1.0000e-04
Epoch 2/20
128/128 - 4s - 29ms/step - accuracy: 0.4838 - ce: 0.7304 - loss: 0.7691 - val_accuracy: 0.4652 - val_ce: 0.6939 - val_loss: 0.7232 - learning_rate: 1.0000e-04
Epoch 3/20

Epoch 3: ReduceLROnPlateau reducing learning rate to 4.999999873689376e-05.
128/128 - 4s - 29ms/step - accuracy: 0.4618 - ce: 0.6937 - loss: 0.7189 - val_accuracy: 0.4652 - val_ce: 0.6936 - val_loss: 0.7161 - learning_rate: 1.0000e-04
Epoch 4/20
128/128 - 4s - 29ms/step - accuracy: 0.4618 - ce: 0.6939 - loss: 0.7142 - val_accuracy: 0.4652 - val_ce: 0.6935 - val_loss: 0.7134 - learning_rate: 5.0000e-05
Epoch 5/20

Epoch 5: ReduceLROnPlateau reducing learning rate to 2.499999936844688e-05.
128/128 - 4s - 29ms/step - accuracy: 0.4618 - ce: 0.6939 - loss: 0.7117 - val_accuracy: 0.4652 - val_ce: 0.6957 - val_loss: 0.7133 - learning_rate: 5.0000e-05
COLLAPSE: 100% of the validation predictions are in one class -> training is repeated once with lr 1e-05
Epoch 1/20
128/128 - 13s - 104ms/step - accuracy: 0.4824 - ce: 0.7982 - loss: 0.8530 - val_accuracy: 0.4791 - val_ce: 0.7150 - val_loss: 0.7654 - learning_rate: 1.0000e-05
Epoch 2/20
128/128 - 4s - 29ms/step - accuracy: 0.5525 - ce: 0.6829 - loss: 0.7342 - val_accuracy: 0.5265 - val_ce: 0.6960 - val_loss: 0.7458 - learning_rate: 1.0000e-05
Epoch 3/20
128/128 - 4s - 29ms/step - accuracy: 0.6397 - ce: 0.6443 - loss: 0.6945 - val_accuracy: 0.5265 - val_ce: 0.6991 - val_loss: 0.7483 - learning_rate: 1.0000e-05
Epoch 4/20

Epoch 4: ReduceLROnPlateau reducing learning rate to 4.999999873689376e-06.
128/128 - 4s - 30ms/step - accuracy: 0.6902 - ce: 0.5961 - loss: 0.6462 - val_accuracy: 0.5014 - val_ce: 0.7492 - val_loss: 0.7979 - learning_rate: 1.0000e-05
Epoch 5/20
128/128 - 4s - 29ms/step - accuracy: 0.7431 - ce: 0.5343 - loss: 0.5820 - val_accuracy: 0.5070 - val_ce: 0.7412 - val_loss: 0.7896 - learning_rate: 5.0000e-06
Epoch 6/20

Epoch 6: ReduceLROnPlateau reducing learning rate to 2.499999936844688e-06.
128/128 - 4s - 29ms/step - accuracy: 0.7819 - ce: 0.4872 - loss: 0.5359 - val_accuracy: 0.5320 - val_ce: 0.7419 - val_loss: 0.7902 - learning_rate: 5.0000e-06
Fold 2: accuracy=0.5419  F1(w/m)=0.5434/0.5404  CE=0.6840  epochs=6  

===== Fold 3/5  00:41:45 =====
Class weights (balanced): Human-written=1.105  V4=0.913
Epoch 1/20
128/128 - 15s - 119ms/step - accuracy: 0.4892 - ce: 0.7871 - loss: 0.8243 - val_accuracy: 0.5212 - val_ce: 0.6930 - val_loss: 0.7331 - learning_rate: 1.0000e-04
Epoch 2/20
128/128 - 4s - 29ms/step - accuracy: 0.5343 - ce: 0.6931 - loss: 0.7287 - val_accuracy: 0.5476 - val_ce: 0.6930 - val_loss: 0.7238 - learning_rate: 1.0000e-04
Epoch 3/20

Epoch 3: ReduceLROnPlateau reducing learning rate to 4.999999873689376e-05.
128/128 - 4s - 30ms/step - accuracy: 0.5284 - ce: 0.6943 - loss: 0.7211 - val_accuracy: 0.5212 - val_ce: 0.6930 - val_loss: 0.7170 - learning_rate: 1.0000e-04
Epoch 4/20
128/128 - 4s - 29ms/step - accuracy: 0.5475 - ce: 0.6929 - loss: 0.7159 - val_accuracy: 0.5212 - val_ce: 0.6930 - val_loss: 0.7144 - learning_rate: 5.0000e-05
Epoch 5/20

Epoch 5: ReduceLROnPlateau reducing learning rate to 2.499999936844688e-05.
128/128 - 4s - 29ms/step - accuracy: 0.5475 - ce: 0.6929 - loss: 0.7134 - val_accuracy: 0.5212 - val_ce: 0.6930 - val_loss: 0.7121 - learning_rate: 5.0000e-05
COLLAPSE: 100% of the validation predictions are in one class -> training is repeated once with lr 1e-05
Epoch 1/20
128/128 - 13s - 103ms/step - accuracy: 0.5034 - ce: 0.7806 - loss: 0.8322 - val_accuracy: 0.5476 - val_ce: 0.6905 - val_loss: 0.7411 - learning_rate: 1.0000e-05
Epoch 2/20
128/128 - 4s - 30ms/step - accuracy: 0.5847 - ce: 0.6797 - loss: 0.7314 - val_accuracy: 0.5053 - val_ce: 0.6956 - val_loss: 0.7454 - learning_rate: 1.0000e-05
Epoch 3/20
128/128 - 4s - 30ms/step - accuracy: 0.6298 - ce: 0.6407 - loss: 0.6909 - val_accuracy: 0.5741 - val_ce: 0.6762 - val_loss: 0.7255 - learning_rate: 1.0000e-05
Epoch 4/20
128/128 - 4s - 29ms/step - accuracy: 0.6856 - ce: 0.5890 - loss: 0.6387 - val_accuracy: 0.5820 - val_ce: 0.6827 - val_loss: 0.7316 - learning_rate: 1.0000e-05
Epoch 5/20

Epoch 5: ReduceLROnPlateau reducing learning rate to 4.999999873689376e-06.
128/128 - 4s - 30ms/step - accuracy: 0.7561 - ce: 0.5241 - loss: 0.5741 - val_accuracy: 0.5529 - val_ce: 0.6988 - val_loss: 0.7473 - learning_rate: 1.0000e-05
Epoch 6/20
128/128 - 4s - 29ms/step - accuracy: 0.8183 - ce: 0.4500 - loss: 0.4981 - val_accuracy: 0.5608 - val_ce: 0.7216 - val_loss: 0.7699 - learning_rate: 5.0000e-06
Epoch 7/20

Epoch 7: ReduceLROnPlateau reducing learning rate to 2.499999936844688e-06.
128/128 - 4s - 29ms/step - accuracy: 0.8477 - ce: 0.4007 - loss: 0.4499 - val_accuracy: 0.5635 - val_ce: 0.7542 - val_loss: 0.8024 - learning_rate: 5.0000e-06
Fold 3: accuracy=0.5659  F1(w/m)=0.5652/0.5625  CE=0.6793  epochs=7  

===== Fold 4/5  00:43:00 =====
Class weights (balanced): Human-written=1.098  V4=0.918
Epoch 1/20
128/128 - 13s - 103ms/step - accuracy: 0.4963 - ce: 0.7877 - loss: 0.8293 - val_accuracy: 0.4728 - val_ce: 0.6937 - val_loss: 0.7324 - learning_rate: 1.0000e-04
Epoch 2/20
128/128 - 4s - 30ms/step - accuracy: 0.5032 - ce: 0.6962 - loss: 0.7278 - val_accuracy: 0.5299 - val_ce: 0.6929 - val_loss: 0.7218 - learning_rate: 1.0000e-04
Epoch 3/20
128/128 - 4s - 29ms/step - accuracy: 0.5335 - ce: 0.6928 - loss: 0.7186 - val_accuracy: 0.5299 - val_ce: 0.6929 - val_loss: 0.7150 - learning_rate: 1.0000e-04
Epoch 4/20

Epoch 4: ReduceLROnPlateau reducing learning rate to 4.999999873689376e-05.
128/128 - 4s - 30ms/step - accuracy: 0.5447 - ce: 0.6927 - loss: 0.7128 - val_accuracy: 0.5299 - val_ce: 0.6930 - val_loss: 0.7103 - learning_rate: 1.0000e-04
Epoch 5/20
128/128 - 4s - 29ms/step - accuracy: 0.5384 - ce: 0.6930 - loss: 0.7095 - val_accuracy: 0.4701 - val_ce: 0.6932 - val_loss: 0.7086 - learning_rate: 5.0000e-05
Epoch 6/20

Epoch 6: ReduceLROnPlateau reducing learning rate to 2.499999936844688e-05.
128/128 - 4s - 29ms/step - accuracy: 0.4523 - ce: 0.6932 - loss: 0.7078 - val_accuracy: 0.4701 - val_ce: 0.6932 - val_loss: 0.7070 - learning_rate: 5.0000e-05
COLLAPSE: 100% of the validation predictions are in one class -> training is repeated once with lr 1e-05
Epoch 1/20
128/128 - 13s - 99ms/step - accuracy: 0.5222 - ce: 0.7800 - loss: 0.8325 - val_accuracy: 0.4810 - val_ce: 0.6996 - val_loss: 0.7502 - learning_rate: 1.0000e-05
Epoch 2/20
128/128 - 4s - 30ms/step - accuracy: 0.5883 - ce: 0.6711 - loss: 0.7217 - val_accuracy: 0.5326 - val_ce: 0.6917 - val_loss: 0.7417 - learning_rate: 1.0000e-05
Epoch 3/20
128/128 - 4s - 30ms/step - accuracy: 0.6543 - ce: 0.6173 - loss: 0.6687 - val_accuracy: 0.5543 - val_ce: 0.6876 - val_loss: 0.7371 - learning_rate: 1.0000e-05
Epoch 4/20
128/128 - 4s - 30ms/step - accuracy: 0.7281 - ce: 0.5553 - loss: 0.6053 - val_accuracy: 0.5625 - val_ce: 0.6805 - val_loss: 0.7297 - learning_rate: 1.0000e-05
Epoch 5/20
128/128 - 4s - 29ms/step - accuracy: 0.7980 - ce: 0.4780 - loss: 0.5278 - val_accuracy: 0.5707 - val_ce: 0.7018 - val_loss: 0.7507 - learning_rate: 1.0000e-05
Epoch 6/20

Epoch 6: ReduceLROnPlateau reducing learning rate to 4.999999873689376e-06.
128/128 - 4s - 30ms/step - accuracy: 0.8518 - ce: 0.3908 - loss: 0.4401 - val_accuracy: 0.5788 - val_ce: 0.7586 - val_loss: 0.8073 - learning_rate: 1.0000e-05
Epoch 7/20
128/128 - 4s - 30ms/step - accuracy: 0.9144 - ce: 0.2958 - loss: 0.3445 - val_accuracy: 0.5543 - val_ce: 0.7629 - val_loss: 0.8116 - learning_rate: 5.0000e-06
Epoch 8/20

Epoch 8: ReduceLROnPlateau reducing learning rate to 2.499999936844688e-06.
128/128 - 4s - 29ms/step - accuracy: 0.9306 - ce: 0.2610 - loss: 0.3092 - val_accuracy: 0.5679 - val_ce: 0.7900 - val_loss: 0.8385 - learning_rate: 5.0000e-06
Fold 4: accuracy=0.5710  F1(w/m)=0.5714/0.5708  CE=0.6901  epochs=8  

===== Fold 5/5  00:44:21 =====
Class weights (balanced): Human-written=1.101  V4=0.916
Epoch 1/20
130/130 - 15s - 114ms/step - accuracy: 0.5104 - ce: 0.7380 - loss: 0.7842 - val_accuracy: 0.4737 - val_ce: 0.7515 - val_loss: 0.7906 - learning_rate: 1.0000e-04
Epoch 2/20
130/130 - 4s - 29ms/step - accuracy: 0.4848 - ce: 0.6944 - loss: 0.7268 - val_accuracy: 0.5263 - val_ce: 0.6924 - val_loss: 0.7216 - learning_rate: 1.0000e-04
Epoch 3/20
130/130 - 4s - 29ms/step - accuracy: 0.5336 - ce: 0.6917 - loss: 0.7185 - val_accuracy: 0.4737 - val_ce: 0.6945 - val_loss: 0.7168 - learning_rate: 1.0000e-04
Epoch 4/20

Epoch 4: ReduceLROnPlateau reducing learning rate to 4.999999873689376e-05.
130/130 - 4s - 29ms/step - accuracy: 0.5022 - ce: 0.6953 - loss: 0.7143 - val_accuracy: 0.5263 - val_ce: 0.6930 - val_loss: 0.7106 - learning_rate: 1.0000e-04
Epoch 5/20
130/130 - 4s - 29ms/step - accuracy: 0.5123 - ce: 0.6929 - loss: 0.7099 - val_accuracy: 0.5291 - val_ce: 0.6930 - val_loss: 0.7087 - learning_rate: 5.0000e-05
Epoch 6/20

Epoch 6: ReduceLROnPlateau reducing learning rate to 2.499999936844688e-05.
130/130 - 4s - 29ms/step - accuracy: 0.5210 - ce: 0.6925 - loss: 0.7074 - val_accuracy: 0.5429 - val_ce: 0.6935 - val_loss: 0.7077 - learning_rate: 5.0000e-05
COLLAPSE: 100% of the validation predictions are in one class -> training is repeated once with lr 1e-05
Epoch 1/20
130/130 - 13s - 102ms/step - accuracy: 0.5002 - ce: 0.7904 - loss: 0.8441 - val_accuracy: 0.5125 - val_ce: 0.6975 - val_loss: 0.7482 - learning_rate: 1.0000e-05
Epoch 2/20
130/130 - 4s - 29ms/step - accuracy: 0.5941 - ce: 0.6617 - loss: 0.7133 - val_accuracy: 0.5512 - val_ce: 0.6906 - val_loss: 0.7406 - learning_rate: 1.0000e-05
Epoch 3/20
130/130 - 4s - 30ms/step - accuracy: 0.6580 - ce: 0.6132 - loss: 0.6630 - val_accuracy: 0.5374 - val_ce: 0.6898 - val_loss: 0.7395 - learning_rate: 1.0000e-05
Epoch 4/20
130/130 - 4s - 30ms/step - accuracy: 0.7407 - ce: 0.5428 - loss: 0.5930 - val_accuracy: 0.5429 - val_ce: 0.7037 - val_loss: 0.7530 - learning_rate: 1.0000e-05
Epoch 5/20

Epoch 5: ReduceLROnPlateau reducing learning rate to 4.999999873689376e-06.
130/130 - 4s - 29ms/step - accuracy: 0.7973 - ce: 0.4703 - loss: 0.5197 - val_accuracy: 0.5374 - val_ce: 0.7289 - val_loss: 0.7779 - learning_rate: 1.0000e-05
Epoch 6/20
130/130 - 4s - 29ms/step - accuracy: 0.8771 - ce: 0.3734 - loss: 0.4235 - val_accuracy: 0.5485 - val_ce: 0.7469 - val_loss: 0.7958 - learning_rate: 5.0000e-06
Epoch 7/20

Epoch 7: ReduceLROnPlateau reducing learning rate to 2.499999936844688e-06.
130/130 - 4s - 30ms/step - accuracy: 0.8984 - ce: 0.3279 - loss: 0.3765 - val_accuracy: 0.5596 - val_ce: 0.7728 - val_loss: 0.8216 - learning_rate: 5.0000e-06
Fold 5: accuracy=0.5584  F1(w/m)=0.5439/0.5366  CE=0.6896  epochs=7  

CV mean ± std:
  accuracy               0.5619 ± 0.0124
  balanced_accuracy      0.5576 ± 0.0131
  mcc                    0.1167 ± 0.0253
  cross_entropy          0.6840 ± 0.0059
  roc_auc                0.5920 ± 0.0132
  precision_macro        0.5592 ± 0.0123
  recall_macro           0.5576 ± 0.0131
  f1_macro               0.5549 ± 0.0153
  precision_micro        0.5619 ± 0.0124
  recall_micro           0.5619 ± 0.0124
  f1_micro               0.5619 ± 0.0124
  precision_weighted     0.5622 ± 0.0114
  recall_weighted        0.5619 ± 0.0124
  f1_weighted            0.5586 ± 0.0138

===== Final training  00:45:42 =====
Class weights (balanced): Human-written=1.092  V4=0.922
Epoch 1/20
156/156 - 14s - 90ms/step - accuracy: 0.4805 - ce: 0.7427 - loss: 0.7886 - val_accuracy: 0.5093 - val_ce: 0.6931 - val_loss: 0.7313 - learning_rate: 1.0000e-04
Epoch 2/20
156/156 - 5s - 30ms/step - accuracy: 0.5099 - ce: 0.6936 - loss: 0.7263 - val_accuracy: 0.5392 - val_ce: 0.6910 - val_loss: 0.7188 - learning_rate: 1.0000e-04
Epoch 3/20
156/156 - 5s - 29ms/step - accuracy: 0.5042 - ce: 0.6933 - loss: 0.7179 - val_accuracy: 0.4571 - val_ce: 0.6932 - val_loss: 0.7143 - learning_rate: 1.0000e-04
Epoch 4/20

Epoch 4: ReduceLROnPlateau reducing learning rate to 4.999999873689376e-05.
156/156 - 5s - 29ms/step - accuracy: 0.5373 - ce: 0.6928 - loss: 0.7122 - val_accuracy: 0.5392 - val_ce: 0.6931 - val_loss: 0.7097 - learning_rate: 1.0000e-04
Epoch 5/20
156/156 - 5s - 30ms/step - accuracy: 0.4950 - ce: 0.6931 - loss: 0.7090 - val_accuracy: 0.4608 - val_ce: 0.6933 - val_loss: 0.7082 - learning_rate: 5.0000e-05
Epoch 6/20

Epoch 6: ReduceLROnPlateau reducing learning rate to 2.499999936844688e-05.
156/156 - 5s - 29ms/step - accuracy: 0.4950 - ce: 0.6932 - loss: 0.7074 - val_accuracy: 0.4478 - val_ce: 0.6932 - val_loss: 0.7067 - learning_rate: 5.0000e-05
COLLAPSE: 100% of the validation predictions are in one class -> training is repeated once with lr 1e-05
Epoch 1/20
156/156 - 14s - 90ms/step - accuracy: 0.5199 - ce: 0.7590 - loss: 0.8094 - val_accuracy: 0.4795 - val_ce: 0.7060 - val_loss: 0.7566 - learning_rate: 1.0000e-05
Epoch 2/20
156/156 - 5s - 30ms/step - accuracy: 0.5932 - ce: 0.6645 - loss: 0.7162 - val_accuracy: 0.5597 - val_ce: 0.6867 - val_loss: 0.7367 - learning_rate: 1.0000e-05
Epoch 3/20
156/156 - 5s - 29ms/step - accuracy: 0.6613 - ce: 0.6083 - loss: 0.6586 - val_accuracy: 0.5653 - val_ce: 0.6951 - val_loss: 0.7446 - learning_rate: 1.0000e-05
Epoch 4/20

Epoch 4: ReduceLROnPlateau reducing learning rate to 4.999999873689376e-06.
156/156 - 5s - 30ms/step - accuracy: 0.7193 - ce: 0.5486 - loss: 0.5987 - val_accuracy: 0.5392 - val_ce: 0.7096 - val_loss: 0.7588 - learning_rate: 1.0000e-05
Epoch 5/20
156/156 - 5s - 29ms/step - accuracy: 0.8155 - ce: 0.4502 - loss: 0.4995 - val_accuracy: 0.5541 - val_ce: 0.7331 - val_loss: 0.7821 - learning_rate: 5.0000e-06
Epoch 6/20

Epoch 6: ReduceLROnPlateau reducing learning rate to 2.499999936844688e-06.
156/156 - 5s - 29ms/step - accuracy: 0.8429 - ce: 0.4072 - loss: 0.4568 - val_accuracy: 0.5616 - val_ce: 0.7544 - val_loss: 0.8033 - learning_rate: 5.0000e-06
               precision    recall  f1-score   support

Human-written     0.5130    0.5633    0.5370       245
           V4     0.5787    0.5288    0.5526       278

     accuracy                         0.5449       523
    macro avg     0.5459    0.5460    0.5448       523
 weighted avg     0.5479    0.5449    0.5453       523

Class distribution all  : {'Human-written': 1629, 'V4': 1913}  ratio {'Human-written': 0.4599, 'V4': 0.5401}
Class distribution train: {'Human-written': 1137, 'V4': 1346}  ratio {'Human-written': 0.4579, 'V4': 0.5421}
Class distribution val  : {'Human-written': 247, 'V4': 289}  ratio {'Human-written': 0.4608, 'V4': 0.5392}
Class distribution test : {'Human-written': 245, 'V4': 278}  ratio {'Human-written': 0.4685, 'V4': 0.5315}

subdataset13_graph_human_vs_v4_group_cv  VGG16 (relu, dropout 0.1, lr 0.0001)
CV mean    acc=0.5619  F1 w/m/micro=0.5586/0.5549/0.5619  P_w=0.5622  R_w=0.5619  CE=0.6840  AUC=0.5920  MCC=0.1167
VALIDATION acc=0.5597  F1 w/m/micro=0.5602/0.5581/0.5597  P_w=0.5611  R_w=0.5597  CE=0.6867  AUC=0.5694  MCC=0.1166
TEST       acc=0.5449  F1 w/m/micro=0.5453/0.5448/0.5449  P_w=0.5479  R_w=0.5449  CE=0.6895  AUC=0.5712  MCC=0.0919
TEST 95% CI: accuracy=[0.5029, 0.5908]  f1_weighted=[0.5027, 0.5908]  f1_macro=[0.5011, 0.5896]  mcc=[0.0067, 0.1823]  balanced_accuracy=[0.5033, 0.5911]
Outputs: Experiments/subdataset13/Group-Based Split/results/subdataset13_graph_human_vs_v4_group_cv
2026-10-03 00:47:13 FINISHED
