
====================================================================================================
2026-10-03 05:17:48  subdataset15_graph_human_vs_v1_group_cv  (config hash 21185c037531)
Data    : Data/Subdataset_15
Classes : ['Human-written', 'V1']   Split: Group-Based Split
Model   : VGG19  activation=relu  dropout=0.1  lr=0.0001  trained=base from block5_* on  preprocessing=caffe  L2=0.0001
Training: at most 20 epochs, early stopping val_ce patience 4, batch 16, 320x320 (no cropping), mixed precision True
Output  : Experiments/subdataset15/Group-Based Split/results/subdataset15_graph_human_vs_v1_group_cv
Human-written (label 0): 1482 images
V1  (label 1): 2112 images
Total 3594 images
Groups: {'n_groups': 1928, 'groups_with_human_and_version': 1399, 'groups_with_all_classes': 1399, 'human_only_groups': 66, 'groups_without_human': 463, 'match_ratio': 0.7256224066390041, 'groups_merged_by_content': 1}
CHECK 4: human/version pairs found with the simple rule 1523, in different groups 0
Files whose folder and version tag in the name do not match (data unchanged): 136
Train     :  2497 (69.5%)  Human-written=1028 V1=1469
Validation:   563 (15.7%)  Human-written=233 V1=330
Test      :   534 (14.9%)  Human-written=221 V1=313
Fold 1: train=2469 (Human-written=1008 V1=1461)  evaluation=591 (Human-written=253 V1=338)
Fold 2: train=2450 (Human-written=1010 V1=1440)  evaluation=610 (Human-written=251 V1=359)
Fold 3: train=2451 (Human-written=1009 V1=1442)  evaluation=609 (Human-written=252 V1=357)
Fold 4: train=2435 (Human-written=1010 V1=1425)  evaluation=625 (Human-written=251 V1=374)
Fold 5: train=2435 (Human-written=1007 V1=1428)  evaluation=625 (Human-written=254 V1=371)
Leakage check PASSED.
TensorFlow 2.20.0 | GPU: [PhysicalDevice(name='/physical_device:GPU:0', device_type='GPU')]
Mixed precision: mixed_float16 (output layer float32)
Images loaded: 3594, 1.1 GB, 5 s

===== Fold 1/5  05:17:57 =====
Class weights (balanced): Human-written=1.234  V1=0.841
Model: base 22 layers, trained base layers 5 (first: block5_conv1); trained parameters 9,702,401 / 20,287,553
Epoch 1/20
133/133 - 20s - 151ms/step - accuracy: 0.5035 - ce: 0.7709 - loss: 0.8081 - val_accuracy: 0.5734 - val_ce: 0.6857 - val_loss: 0.7272 - learning_rate: 1.0000e-04
Epoch 2/20
133/133 - 4s - 33ms/step - accuracy: 0.5348 - ce: 0.6964 - loss: 0.7315 - val_accuracy: 0.5763 - val_ce: 0.6920 - val_loss: 0.7248 - learning_rate: 1.0000e-04
Epoch 3/20

Epoch 3: ReduceLROnPlateau reducing learning rate to 4.999999873689376e-05.
133/133 - 4s - 32ms/step - accuracy: 0.4671 - ce: 0.6953 - loss: 0.7222 - val_accuracy: 0.4266 - val_ce: 0.6961 - val_loss: 0.7226 - learning_rate: 1.0000e-04
Epoch 4/20
133/133 - 4s - 32ms/step - accuracy: 0.5485 - ce: 0.6938 - loss: 0.7181 - val_accuracy: 0.5537 - val_ce: 0.6904 - val_loss: 0.7143 - learning_rate: 5.0000e-05
Epoch 5/20

Epoch 5: ReduceLROnPlateau reducing learning rate to 2.499999936844688e-05.
133/133 - 4s - 32ms/step - accuracy: 0.5636 - ce: 0.6930 - loss: 0.7099 - val_accuracy: 0.5763 - val_ce: 0.6891 - val_loss: 0.7109 - learning_rate: 5.0000e-05
COLLAPSE: 100% of the validation predictions are in one class -> training is repeated once with lr 1e-05
Epoch 1/20
133/133 - 14s - 109ms/step - accuracy: 0.5570 - ce: 0.7333 - loss: 0.7908 - val_accuracy: 0.5847 - val_ce: 0.6717 - val_loss: 0.7225 - learning_rate: 1.0000e-05
Epoch 2/20
133/133 - 4s - 32ms/step - accuracy: 0.6459 - ce: 0.6390 - loss: 0.6901 - val_accuracy: 0.5367 - val_ce: 0.7221 - val_loss: 0.7726 - learning_rate: 1.0000e-05
Epoch 3/20

Epoch 3: ReduceLROnPlateau reducing learning rate to 4.999999873689376e-06.
133/133 - 4s - 32ms/step - accuracy: 0.7173 - ce: 0.5615 - loss: 0.6132 - val_accuracy: 0.6017 - val_ce: 0.6852 - val_loss: 0.7355 - learning_rate: 1.0000e-05
Epoch 4/20
133/133 - 4s - 33ms/step - accuracy: 0.8170 - ce: 0.4554 - loss: 0.5081 - val_accuracy: 0.5819 - val_ce: 0.7196 - val_loss: 0.7699 - learning_rate: 5.0000e-06
Epoch 5/20

Epoch 5: ReduceLROnPlateau reducing learning rate to 2.499999936844688e-06.
133/133 - 4s - 32ms/step - accuracy: 0.8468 - ce: 0.3925 - loss: 0.4435 - val_accuracy: 0.6045 - val_ce: 0.7256 - val_loss: 0.7758 - learning_rate: 5.0000e-06
Fold 1: accuracy=0.5871  F1(w/m)=0.5675/0.5484  CE=0.6694  epochs=5  

===== Fold 2/5  05:19:19 =====
Class weights (balanced): Human-written=1.206  V1=0.854
Epoch 1/20
131/131 - 15s - 113ms/step - accuracy: 0.5099 - ce: 0.7758 - loss: 0.8264 - val_accuracy: 0.5827 - val_ce: 0.6918 - val_loss: 0.7315 - learning_rate: 1.0000e-04
Epoch 2/20
131/131 - 4s - 33ms/step - accuracy: 0.5680 - ce: 0.6944 - loss: 0.7243 - val_accuracy: 0.5881 - val_ce: 0.6903 - val_loss: 0.7207 - learning_rate: 1.0000e-04
Epoch 3/20
131/131 - 4s - 33ms/step - accuracy: 0.5911 - ce: 0.6898 - loss: 0.7122 - val_accuracy: 0.5583 - val_ce: 0.6909 - val_loss: 0.7147 - learning_rate: 1.0000e-04
Epoch 4/20

Epoch 4: ReduceLROnPlateau reducing learning rate to 4.999999873689376e-05.
131/131 - 4s - 33ms/step - accuracy: 0.5992 - ce: 0.6834 - loss: 0.7032 - val_accuracy: 0.5447 - val_ce: 0.7018 - val_loss: 0.7209 - learning_rate: 1.0000e-04
Epoch 5/20
131/131 - 4s - 33ms/step - accuracy: 0.6098 - ce: 0.6852 - loss: 0.6976 - val_accuracy: 0.5556 - val_ce: 0.6953 - val_loss: 0.7126 - learning_rate: 5.0000e-05
Epoch 6/20

Epoch 6: ReduceLROnPlateau reducing learning rate to 2.499999936844688e-05.
131/131 - 4s - 33ms/step - accuracy: 0.6194 - ce: 0.6734 - loss: 0.6889 - val_accuracy: 0.5583 - val_ce: 0.6961 - val_loss: 0.7118 - learning_rate: 5.0000e-05
Fold 2: accuracy=0.6115  F1(w/m)=0.5363/0.4929  CE=0.6881  epochs=6  

===== Fold 3/5  05:20:01 =====
Class weights (balanced): Human-written=1.210  V1=0.852
Epoch 1/20
130/130 - 16s - 125ms/step - accuracy: 0.5363 - ce: 0.7184 - loss: 0.7642 - val_accuracy: 0.6048 - val_ce: 0.6905 - val_loss: 0.7309 - learning_rate: 1.0000e-04
Epoch 2/20
130/130 - 4s - 33ms/step - accuracy: 0.5094 - ce: 0.6932 - loss: 0.7295 - val_accuracy: 0.4032 - val_ce: 0.6933 - val_loss: 0.7246 - learning_rate: 1.0000e-04
Epoch 3/20

Epoch 3: ReduceLROnPlateau reducing learning rate to 4.999999873689376e-05.
130/130 - 4s - 34ms/step - accuracy: 0.4363 - ce: 0.6937 - loss: 0.7212 - val_accuracy: 0.4032 - val_ce: 0.6935 - val_loss: 0.7183 - learning_rate: 1.0000e-04
Epoch 4/20
130/130 - 4s - 33ms/step - accuracy: 0.4401 - ce: 0.6933 - loss: 0.7167 - val_accuracy: 0.5968 - val_ce: 0.6931 - val_loss: 0.7154 - learning_rate: 5.0000e-05
Epoch 5/20

Epoch 5: ReduceLROnPlateau reducing learning rate to 2.499999936844688e-05.
130/130 - 4s - 33ms/step - accuracy: 0.5633 - ce: 0.6930 - loss: 0.7142 - val_accuracy: 0.4032 - val_ce: 0.6932 - val_loss: 0.7131 - learning_rate: 5.0000e-05
COLLAPSE: 98% of the validation predictions are in one class -> training is repeated once with lr 1e-05
Epoch 1/20
130/130 - 15s - 113ms/step - accuracy: 0.5329 - ce: 0.7409 - loss: 0.7884 - val_accuracy: 0.5780 - val_ce: 0.6829 - val_loss: 0.7336 - learning_rate: 1.0000e-05
Epoch 2/20
130/130 - 4s - 33ms/step - accuracy: 0.6109 - ce: 0.6560 - loss: 0.7080 - val_accuracy: 0.5349 - val_ce: 0.7069 - val_loss: 0.7570 - learning_rate: 1.0000e-05
Epoch 3/20
130/130 - 4s - 33ms/step - accuracy: 0.6777 - ce: 0.6062 - loss: 0.6564 - val_accuracy: 0.6263 - val_ce: 0.6576 - val_loss: 0.7074 - learning_rate: 1.0000e-05
Epoch 4/20
130/130 - 4s - 33ms/step - accuracy: 0.7609 - ce: 0.5253 - loss: 0.5781 - val_accuracy: 0.6102 - val_ce: 0.6595 - val_loss: 0.7090 - learning_rate: 1.0000e-05
Epoch 5/20

Epoch 5: ReduceLROnPlateau reducing learning rate to 4.999999873689376e-06.
130/130 - 4s - 33ms/step - accuracy: 0.8235 - ce: 0.4356 - loss: 0.4863 - val_accuracy: 0.6156 - val_ce: 0.6741 - val_loss: 0.7234 - learning_rate: 1.0000e-05
Epoch 6/20
130/130 - 4s - 33ms/step - accuracy: 0.8932 - ce: 0.3264 - loss: 0.3773 - val_accuracy: 0.6102 - val_ce: 0.6764 - val_loss: 0.7256 - learning_rate: 5.0000e-06
Epoch 7/20

Epoch 7: ReduceLROnPlateau reducing learning rate to 2.499999936844688e-06.
130/130 - 4s - 33ms/step - accuracy: 0.9101 - ce: 0.2776 - loss: 0.3281 - val_accuracy: 0.6156 - val_ce: 0.6977 - val_loss: 0.7468 - learning_rate: 5.0000e-06
Fold 3: accuracy=0.6043  F1(w/m)=0.5644/0.5329  CE=0.6682  epochs=7  

===== Fold 4/5  05:21:24 =====
Class weights (balanced): Human-written=1.206  V1=0.854
Epoch 1/20
129/129 - 11s - 88ms/step - accuracy: 0.5034 - ce: 0.7205 - loss: 0.7696 - val_accuracy: 0.6011 - val_ce: 0.6861 - val_loss: 0.7252 - learning_rate: 1.0000e-04
Epoch 2/20
129/129 - 4s - 33ms/step - accuracy: 0.5039 - ce: 0.6947 - loss: 0.7272 - val_accuracy: 0.5957 - val_ce: 0.6841 - val_loss: 0.7137 - learning_rate: 1.0000e-04
Epoch 3/20
129/129 - 4s - 33ms/step - accuracy: 0.5504 - ce: 0.6895 - loss: 0.7181 - val_accuracy: 0.5741 - val_ce: 0.6889 - val_loss: 0.7120 - learning_rate: 1.0000e-04
Epoch 4/20

Epoch 4: ReduceLROnPlateau reducing learning rate to 4.999999873689376e-05.
129/129 - 4s - 33ms/step - accuracy: 0.5315 - ce: 0.6871 - loss: 0.7090 - val_accuracy: 0.5714 - val_ce: 0.6947 - val_loss: 0.7130 - learning_rate: 1.0000e-04
Epoch 5/20
129/129 - 4s - 34ms/step - accuracy: 0.5867 - ce: 0.6859 - loss: 0.7017 - val_accuracy: 0.6011 - val_ce: 0.6758 - val_loss: 0.6923 - learning_rate: 5.0000e-05
Epoch 6/20
129/129 - 4s - 33ms/step - accuracy: 0.6042 - ce: 0.6706 - loss: 0.6864 - val_accuracy: 0.6092 - val_ce: 0.6798 - val_loss: 0.6947 - learning_rate: 5.0000e-05
Epoch 7/20

Epoch 7: ReduceLROnPlateau reducing learning rate to 2.499999936844688e-05.
129/129 - 4s - 33ms/step - accuracy: 0.6080 - ce: 0.6693 - loss: 0.6830 - val_accuracy: 0.5984 - val_ce: 0.6773 - val_loss: 0.6908 - learning_rate: 5.0000e-05
Epoch 8/20
129/129 - 4s - 33ms/step - accuracy: 0.6410 - ce: 0.6468 - loss: 0.6605 - val_accuracy: 0.5445 - val_ce: 0.7026 - val_loss: 0.7155 - learning_rate: 2.5000e-05
Epoch 9/20

Epoch 9: ReduceLROnPlateau reducing learning rate to 1.249999968422344e-05.
129/129 - 4s - 33ms/step - accuracy: 0.6642 - ce: 0.6212 - loss: 0.6343 - val_accuracy: 0.5633 - val_ce: 0.7046 - val_loss: 0.7169 - learning_rate: 2.5000e-05
Fold 4: accuracy=0.6144  F1(w/m)=0.5771/0.5410  CE=0.6703  epochs=9  

===== Fold 5/5  05:22:15 =====
Class weights (balanced): Human-written=1.212  V1=0.851
Epoch 1/20
130/130 - 18s - 137ms/step - accuracy: 0.5446 - ce: 0.7250 - loss: 0.7688 - val_accuracy: 0.5806 - val_ce: 0.6924 - val_loss: 0.7344 - learning_rate: 1.0000e-04
Epoch 2/20
130/130 - 4s - 33ms/step - accuracy: 0.4814 - ce: 0.6931 - loss: 0.7305 - val_accuracy: 0.5861 - val_ce: 0.6899 - val_loss: 0.7230 - learning_rate: 1.0000e-04
Epoch 3/20
130/130 - 4s - 33ms/step - accuracy: 0.5851 - ce: 0.6953 - loss: 0.7251 - val_accuracy: 0.5833 - val_ce: 0.6926 - val_loss: 0.7195 - learning_rate: 1.0000e-04
Epoch 4/20

Epoch 4: ReduceLROnPlateau reducing learning rate to 4.999999873689376e-05.
130/130 - 4s - 33ms/step - accuracy: 0.5880 - ce: 0.6946 - loss: 0.7190 - val_accuracy: 0.5833 - val_ce: 0.6920 - val_loss: 0.7143 - learning_rate: 1.0000e-04
Epoch 5/20
130/130 - 4s - 33ms/step - accuracy: 0.5884 - ce: 0.6923 - loss: 0.7141 - val_accuracy: 0.5833 - val_ce: 0.6925 - val_loss: 0.7130 - learning_rate: 5.0000e-05
Epoch 6/20

Epoch 6: ReduceLROnPlateau reducing learning rate to 2.499999936844688e-05.
130/130 - 4s - 33ms/step - accuracy: 0.5884 - ce: 0.6923 - loss: 0.7125 - val_accuracy: 0.5861 - val_ce: 0.6911 - val_loss: 0.7099 - learning_rate: 5.0000e-05
COLLAPSE: 99% of the validation predictions are in one class -> training is repeated once with lr 1e-05
Epoch 1/20
130/130 - 14s - 111ms/step - accuracy: 0.5484 - ce: 0.7247 - loss: 0.7792 - val_accuracy: 0.6139 - val_ce: 0.6704 - val_loss: 0.7211 - learning_rate: 1.0000e-05
Epoch 2/20
130/130 - 4s - 33ms/step - accuracy: 0.6198 - ce: 0.6509 - loss: 0.7058 - val_accuracy: 0.5583 - val_ce: 0.6764 - val_loss: 0.7266 - learning_rate: 1.0000e-05
Epoch 3/20

Epoch 3: ReduceLROnPlateau reducing learning rate to 4.999999873689376e-06.
130/130 - 4s - 33ms/step - accuracy: 0.7031 - ce: 0.5941 - loss: 0.6455 - val_accuracy: 0.5778 - val_ce: 0.7186 - val_loss: 0.7684 - learning_rate: 1.0000e-05
Epoch 4/20
130/130 - 4s - 33ms/step - accuracy: 0.7754 - ce: 0.4977 - loss: 0.5507 - val_accuracy: 0.5639 - val_ce: 0.6966 - val_loss: 0.7463 - learning_rate: 5.0000e-06
Epoch 5/20

Epoch 5: ReduceLROnPlateau reducing learning rate to 2.499999936844688e-06.
130/130 - 4s - 33ms/step - accuracy: 0.8255 - ce: 0.4365 - loss: 0.4888 - val_accuracy: 0.5861 - val_ce: 0.7203 - val_loss: 0.7699 - learning_rate: 5.0000e-06
Fold 5: accuracy=0.6096  F1(w/m)=0.5652/0.5287  CE=0.6595  epochs=5  

CV mean ± std:
  accuracy               0.6054 ± 0.0108
  balanced_accuracy      0.5523 ± 0.0058
  mcc                    0.1334 ± 0.0062
  cross_entropy          0.6711 ± 0.0104
  roc_auc                0.5937 ± 0.0243
  precision_macro        0.5865 ± 0.0151
  recall_macro           0.5523 ± 0.0058
  f1_macro               0.5288 ± 0.0215
  precision_micro        0.6054 ± 0.0108
  recall_micro           0.6054 ± 0.0108
  f1_micro               0.6054 ± 0.0108
  precision_weighted     0.5923 ± 0.0130
  recall_weighted        0.6054 ± 0.0108
  f1_weighted            0.5621 ± 0.0153

===== Final training  05:23:35 =====
Class weights (balanced): Human-written=1.214  V1=0.850
Epoch 1/20
157/157 - 15s - 97ms/step - accuracy: 0.5026 - ce: 0.7222 - loss: 0.7638 - val_accuracy: 0.5844 - val_ce: 0.6906 - val_loss: 0.7297 - learning_rate: 1.0000e-04
Epoch 2/20
157/157 - 5s - 34ms/step - accuracy: 0.5150 - ce: 0.7044 - loss: 0.7357 - val_accuracy: 0.6021 - val_ce: 0.6887 - val_loss: 0.7187 - learning_rate: 1.0000e-04
Epoch 3/20
157/157 - 5s - 34ms/step - accuracy: 0.5503 - ce: 0.6890 - loss: 0.7168 - val_accuracy: 0.5879 - val_ce: 0.6818 - val_loss: 0.7052 - learning_rate: 1.0000e-04
Epoch 4/20
157/157 - 5s - 33ms/step - accuracy: 0.5819 - ce: 0.6859 - loss: 0.7077 - val_accuracy: 0.6057 - val_ce: 0.6921 - val_loss: 0.7110 - learning_rate: 1.0000e-04
Epoch 5/20

Epoch 5: ReduceLROnPlateau reducing learning rate to 4.999999873689376e-05.
157/157 - 5s - 33ms/step - accuracy: 0.5879 - ce: 0.6840 - loss: 0.7012 - val_accuracy: 0.6021 - val_ce: 0.6843 - val_loss: 0.7000 - learning_rate: 1.0000e-04
Epoch 6/20
157/157 - 5s - 33ms/step - accuracy: 0.5991 - ce: 0.6739 - loss: 0.6912 - val_accuracy: 0.6110 - val_ce: 0.6821 - val_loss: 0.6966 - learning_rate: 5.0000e-05
Epoch 7/20

Epoch 7: ReduceLROnPlateau reducing learning rate to 2.499999936844688e-05.
157/157 - 5s - 33ms/step - accuracy: 0.6135 - ce: 0.6723 - loss: 0.6912 - val_accuracy: 0.5986 - val_ce: 0.6900 - val_loss: 0.7035 - learning_rate: 5.0000e-05
               precision    recall  f1-score   support

Human-written     0.5181    0.1946    0.2829       221
           V1     0.6053    0.8722    0.7147       313

     accuracy                         0.5918       534
    macro avg     0.5617    0.5334    0.4988       534
 weighted avg     0.5692    0.5918    0.5360       534

Class distribution all  : {'Human-written': 1482, 'V1': 2112}  ratio {'Human-written': 0.4124, 'V1': 0.5876}
Class distribution train: {'Human-written': 1028, 'V1': 1469}  ratio {'Human-written': 0.4117, 'V1': 0.5883}
Class distribution val  : {'Human-written': 233, 'V1': 330}  ratio {'Human-written': 0.4139, 'V1': 0.5861}
Class distribution test : {'Human-written': 221, 'V1': 313}  ratio {'Human-written': 0.4139, 'V1': 0.5861}

subdataset15_graph_human_vs_v1_group_cv  VGG19 (relu, dropout 0.1, lr 0.0001)
CV mean    acc=0.6054  F1 w/m/micro=0.5621/0.5288/0.6054  P_w=0.5923  R_w=0.6054  CE=0.6711  AUC=0.5937  MCC=0.1334
VALIDATION acc=0.5879  F1 w/m/micro=0.5220/0.4816/0.5879  P_w=0.5616  R_w=0.5879  CE=0.6818  AUC=0.5623  MCC=0.0739
TEST       acc=0.5918  F1 w/m/micro=0.5360/0.4988/0.5918  P_w=0.5692  R_w=0.5918  CE=0.6817  AUC=0.5254  MCC=0.0908
TEST 95% CI: accuracy=[0.5486, 0.6330]  f1_weighted=[0.4842, 0.5845]  f1_macro=[0.4544, 0.5404]  mcc=[-0.0001, 0.1748]  balanced_accuracy=[0.5000, 0.5643]
Outputs: Experiments/subdataset15/Group-Based Split/results/subdataset15_graph_human_vs_v1_group_cv
2026-10-03 05:24:36 FINISHED
