
====================================================================================================
2026-10-03 00:30:45  subdataset13_graph_human_vs_v3_snippet_cv  (config hash 534bddace957)
Data    : Data/Subdataset_13
Classes : ['Human-written', 'V3']   Split: Snippet-Level Split
Model   : VGG16  activation=tanh  dropout=0.1  lr=0.0001  trained=base from block5_* on  preprocessing=caffe  L2=0.0001
Training: at most 20 epochs, early stopping val_ce patience 4, batch 16, 320x320 (no cropping), mixed precision True
Output  : Experiments/subdataset13/Snippet-Level Split/results/subdataset13_graph_human_vs_v3_snippet_cv
Human-written (label 0): 1629 images
V3  (label 1): 1976 images
Total 3605 images
Train     :  2523 (70.0%)  Human-written=1140 V3=1383
Validation:   541 (15.0%)  Human-written=245 V3=296
Test      :   541 (15.0%)  Human-written=244 V3=297
Fold 1: train=2451 (Human-written=1108 V3=1343)  evaluation=613 (Human-written=277 V3=336)
Fold 2: train=2451 (Human-written=1108 V3=1343)  evaluation=613 (Human-written=277 V3=336)
Fold 3: train=2451 (Human-written=1108 V3=1343)  evaluation=613 (Human-written=277 V3=336)
Fold 4: train=2451 (Human-written=1108 V3=1343)  evaluation=613 (Human-written=277 V3=336)
Fold 5: train=2452 (Human-written=1108 V3=1344)  evaluation=612 (Human-written=277 V3=335)
Leakage check PASSED.
TensorFlow 2.20.0 | GPU: [PhysicalDevice(name='/physical_device:GPU:0', device_type='GPU')]
Mixed precision: mixed_float16 (output layer float32)
Images loaded: 3605, 1.1 GB, 4 s

===== Fold 1/5  00:30:53 =====
Class weights (balanced): Human-written=1.106  V3=0.913
Model: base 19 layers, trained base layers 4 (first: block5_conv1); trained parameters 7,342,593 / 14,977,857
Epoch 1/20
131/131 - 17s - 130ms/step - accuracy: 0.5132 - ce: 0.7391 - loss: 0.7858 - val_accuracy: 0.4783 - val_ce: 0.6963 - val_loss: 0.7441 - learning_rate: 1.0000e-04
Epoch 2/20
131/131 - 4s - 29ms/step - accuracy: 0.5094 - ce: 0.7263 - loss: 0.7731 - val_accuracy: 0.5489 - val_ce: 0.6958 - val_loss: 0.7405 - learning_rate: 1.0000e-04
Epoch 3/20
131/131 - 4s - 29ms/step - accuracy: 0.5007 - ce: 0.7281 - loss: 0.7673 - val_accuracy: 0.4511 - val_ce: 0.7031 - val_loss: 0.7413 - learning_rate: 1.0000e-04
Epoch 4/20
131/131 - 4s - 29ms/step - accuracy: 0.4892 - ce: 0.7315 - loss: 0.7645 - val_accuracy: 0.5489 - val_ce: 0.6910 - val_loss: 0.7214 - learning_rate: 1.0000e-04
Epoch 5/20
131/131 - 4s - 29ms/step - accuracy: 0.5118 - ce: 0.7168 - loss: 0.7436 - val_accuracy: 0.4511 - val_ce: 0.6934 - val_loss: 0.7186 - learning_rate: 1.0000e-04
Epoch 6/20

Epoch 6: ReduceLROnPlateau reducing learning rate to 4.999999873689376e-05.
131/131 - 4s - 29ms/step - accuracy: 0.5180 - ce: 0.7129 - loss: 0.7360 - val_accuracy: 0.4511 - val_ce: 0.7034 - val_loss: 0.7253 - learning_rate: 1.0000e-04
Epoch 7/20
131/131 - 4s - 29ms/step - accuracy: 0.5060 - ce: 0.7183 - loss: 0.7401 - val_accuracy: 0.5489 - val_ce: 0.6925 - val_loss: 0.7131 - learning_rate: 5.0000e-05
Epoch 8/20

Epoch 8: ReduceLROnPlateau reducing learning rate to 2.499999936844688e-05.
131/131 - 4s - 28ms/step - accuracy: 0.4830 - ce: 0.7239 - loss: 0.7420 - val_accuracy: 0.5489 - val_ce: 0.6923 - val_loss: 0.7117 - learning_rate: 5.0000e-05
COLLAPSE: 100% of the validation predictions are in one class -> training is repeated once with lr 1e-05
Epoch 1/20
131/131 - 12s - 94ms/step - accuracy: 0.5660 - ce: 0.6989 - loss: 0.7509 - val_accuracy: 0.6413 - val_ce: 0.6501 - val_loss: 0.7010 - learning_rate: 1.0000e-05
Epoch 2/20
131/131 - 4s - 29ms/step - accuracy: 0.6543 - ce: 0.6235 - loss: 0.6754 - val_accuracy: 0.6658 - val_ce: 0.6339 - val_loss: 0.6844 - learning_rate: 1.0000e-05
Epoch 3/20
131/131 - 4s - 29ms/step - accuracy: 0.7100 - ce: 0.5628 - loss: 0.6153 - val_accuracy: 0.6793 - val_ce: 0.6198 - val_loss: 0.6700 - learning_rate: 1.0000e-05
Epoch 4/20
131/131 - 4s - 29ms/step - accuracy: 0.7638 - ce: 0.4950 - loss: 0.5458 - val_accuracy: 0.6250 - val_ce: 0.6572 - val_loss: 0.7070 - learning_rate: 1.0000e-05
Epoch 5/20
131/131 - 4s - 29ms/step - accuracy: 0.8224 - ce: 0.4296 - loss: 0.4794 - val_accuracy: 0.6793 - val_ce: 0.6134 - val_loss: 0.6629 - learning_rate: 1.0000e-05
Epoch 6/20
131/131 - 4s - 29ms/step - accuracy: 0.8685 - ce: 0.3606 - loss: 0.4115 - val_accuracy: 0.6440 - val_ce: 0.6348 - val_loss: 0.6841 - learning_rate: 1.0000e-05
Epoch 7/20

Epoch 7: ReduceLROnPlateau reducing learning rate to 4.999999873689376e-06.
131/131 - 4s - 29ms/step - accuracy: 0.9016 - ce: 0.2986 - loss: 0.3482 - val_accuracy: 0.6630 - val_ce: 0.6223 - val_loss: 0.6713 - learning_rate: 1.0000e-05
Epoch 8/20
131/131 - 4s - 29ms/step - accuracy: 0.9472 - ce: 0.2258 - loss: 0.2756 - val_accuracy: 0.6332 - val_ce: 0.6496 - val_loss: 0.6985 - learning_rate: 5.0000e-06
Epoch 9/20

Epoch 9: ReduceLROnPlateau reducing learning rate to 2.499999936844688e-06.
131/131 - 4s - 29ms/step - accuracy: 0.9616 - ce: 0.1941 - loss: 0.2432 - val_accuracy: 0.6603 - val_ce: 0.6344 - val_loss: 0.6832 - learning_rate: 5.0000e-06
Fold 1: accuracy=0.6493  F1(w/m)=0.6499/0.6476  CE=0.6474  epochs=9  

===== Fold 2/5  00:32:29 =====
Class weights (balanced): Human-written=1.106  V3=0.913
Epoch 1/20
131/131 - 12s - 95ms/step - accuracy: 0.4878 - ce: 0.7564 - loss: 0.7982 - val_accuracy: 0.4511 - val_ce: 0.7049 - val_loss: 0.7513 - learning_rate: 1.0000e-04
Epoch 2/20
131/131 - 4s - 29ms/step - accuracy: 0.4887 - ce: 0.7427 - loss: 0.7784 - val_accuracy: 0.5571 - val_ce: 0.6874 - val_loss: 0.7270 - learning_rate: 1.0000e-04
Epoch 3/20
131/131 - 4s - 29ms/step - accuracy: 0.4959 - ce: 0.7238 - loss: 0.7608 - val_accuracy: 0.5489 - val_ce: 0.6884 - val_loss: 0.7181 - learning_rate: 1.0000e-04
Epoch 4/20

Epoch 4: ReduceLROnPlateau reducing learning rate to 4.999999873689376e-05.
131/131 - 4s - 29ms/step - accuracy: 0.5060 - ce: 0.7187 - loss: 0.7451 - val_accuracy: 0.5489 - val_ce: 0.6911 - val_loss: 0.7139 - learning_rate: 1.0000e-04
Epoch 5/20
131/131 - 4s - 29ms/step - accuracy: 0.4998 - ce: 0.7197 - loss: 0.7407 - val_accuracy: 0.5489 - val_ce: 0.6916 - val_loss: 0.7121 - learning_rate: 5.0000e-05
Epoch 6/20

Epoch 6: ReduceLROnPlateau reducing learning rate to 2.499999936844688e-05.
131/131 - 4s - 29ms/step - accuracy: 0.4834 - ce: 0.7232 - loss: 0.7436 - val_accuracy: 0.4511 - val_ce: 0.6987 - val_loss: 0.7174 - learning_rate: 5.0000e-05
COLLAPSE: 99% of the validation predictions are in one class -> training is repeated once with lr 1e-05
Epoch 1/20
131/131 - 13s - 96ms/step - accuracy: 0.5627 - ce: 0.7000 - loss: 0.7532 - val_accuracy: 0.5978 - val_ce: 0.6516 - val_loss: 0.7023 - learning_rate: 1.0000e-05
Epoch 2/20
131/131 - 4s - 30ms/step - accuracy: 0.6409 - ce: 0.6294 - loss: 0.6799 - val_accuracy: 0.6196 - val_ce: 0.6411 - val_loss: 0.6913 - learning_rate: 1.0000e-05
Epoch 3/20
131/131 - 4s - 29ms/step - accuracy: 0.6865 - ce: 0.5871 - loss: 0.6385 - val_accuracy: 0.6277 - val_ce: 0.6387 - val_loss: 0.6886 - learning_rate: 1.0000e-05
Epoch 4/20
131/131 - 4s - 29ms/step - accuracy: 0.7451 - ce: 0.5196 - loss: 0.5686 - val_accuracy: 0.6685 - val_ce: 0.6105 - val_loss: 0.6600 - learning_rate: 1.0000e-05
Epoch 5/20
131/131 - 4s - 30ms/step - accuracy: 0.7840 - ce: 0.4699 - loss: 0.5193 - val_accuracy: 0.6332 - val_ce: 0.6401 - val_loss: 0.6892 - learning_rate: 1.0000e-05
Epoch 6/20
131/131 - 4s - 29ms/step - accuracy: 0.8392 - ce: 0.3984 - loss: 0.4482 - val_accuracy: 0.7038 - val_ce: 0.6094 - val_loss: 0.6581 - learning_rate: 1.0000e-05
Epoch 7/20
131/131 - 4s - 29ms/step - accuracy: 0.8737 - ce: 0.3469 - loss: 0.3963 - val_accuracy: 0.6603 - val_ce: 0.6292 - val_loss: 0.6776 - learning_rate: 1.0000e-05
Epoch 8/20

Epoch 8: ReduceLROnPlateau reducing learning rate to 4.999999873689376e-06.
131/131 - 4s - 29ms/step - accuracy: 0.9011 - ce: 0.2925 - loss: 0.3408 - val_accuracy: 0.6793 - val_ce: 0.6269 - val_loss: 0.6751 - learning_rate: 1.0000e-05
Epoch 9/20
131/131 - 4s - 29ms/step - accuracy: 0.9467 - ce: 0.2251 - loss: 0.2740 - val_accuracy: 0.6875 - val_ce: 0.6350 - val_loss: 0.6830 - learning_rate: 5.0000e-06
Epoch 10/20

Epoch 10: ReduceLROnPlateau reducing learning rate to 2.499999936844688e-06.
131/131 - 4s - 29ms/step - accuracy: 0.9611 - ce: 0.1935 - loss: 0.2415 - val_accuracy: 0.6739 - val_ce: 0.6592 - val_loss: 0.7070 - learning_rate: 5.0000e-06
Fold 2: accuracy=0.6313  F1(w/m)=0.6311/0.6274  CE=0.6544  epochs=10  

===== Fold 3/5  00:33:55 =====
Class weights (balanced): Human-written=1.106  V3=0.913
Epoch 1/20
131/131 - 13s - 96ms/step - accuracy: 0.5204 - ce: 0.7283 - loss: 0.7762 - val_accuracy: 0.4592 - val_ce: 0.7179 - val_loss: 0.7657 - learning_rate: 1.0000e-04
Epoch 2/20
131/131 - 4s - 30ms/step - accuracy: 0.5127 - ce: 0.7238 - loss: 0.7725 - val_accuracy: 0.5489 - val_ce: 0.6920 - val_loss: 0.7354 - learning_rate: 1.0000e-04
Epoch 3/20
131/131 - 4s - 29ms/step - accuracy: 0.5084 - ce: 0.7187 - loss: 0.7626 - val_accuracy: 0.5489 - val_ce: 0.6920 - val_loss: 0.7275 - learning_rate: 1.0000e-04
Epoch 4/20
131/131 - 4s - 29ms/step - accuracy: 0.4878 - ce: 0.7406 - loss: 0.7681 - val_accuracy: 0.5489 - val_ce: 0.6904 - val_loss: 0.7216 - learning_rate: 1.0000e-04
Epoch 5/20
131/131 - 4s - 30ms/step - accuracy: 0.5055 - ce: 0.7217 - loss: 0.7510 - val_accuracy: 0.5815 - val_ce: 0.6920 - val_loss: 0.7197 - learning_rate: 1.0000e-04
Epoch 6/20

Epoch 6: ReduceLROnPlateau reducing learning rate to 4.999999873689376e-05.
131/131 - 4s - 29ms/step - accuracy: 0.4854 - ce: 0.7297 - loss: 0.7534 - val_accuracy: 0.5489 - val_ce: 0.6921 - val_loss: 0.7149 - learning_rate: 1.0000e-04
Epoch 7/20
131/131 - 4s - 29ms/step - accuracy: 0.5060 - ce: 0.7198 - loss: 0.7415 - val_accuracy: 0.4511 - val_ce: 0.6939 - val_loss: 0.7148 - learning_rate: 5.0000e-05
Epoch 8/20

Epoch 8: ReduceLROnPlateau reducing learning rate to 2.499999936844688e-05.
131/131 - 4s - 29ms/step - accuracy: 0.5079 - ce: 0.7107 - loss: 0.7314 - val_accuracy: 0.4511 - val_ce: 0.6939 - val_loss: 0.7132 - learning_rate: 5.0000e-05
COLLAPSE: 100% of the validation predictions are in one class -> training is repeated once with lr 1e-05
Epoch 1/20
131/131 - 13s - 96ms/step - accuracy: 0.5415 - ce: 0.7247 - loss: 0.7763 - val_accuracy: 0.5082 - val_ce: 0.7038 - val_loss: 0.7545 - learning_rate: 1.0000e-05
Epoch 2/20
131/131 - 4s - 29ms/step - accuracy: 0.6203 - ce: 0.6530 - loss: 0.7050 - val_accuracy: 0.6141 - val_ce: 0.6605 - val_loss: 0.7109 - learning_rate: 1.0000e-05
Epoch 3/20
131/131 - 4s - 29ms/step - accuracy: 0.6779 - ce: 0.5937 - loss: 0.6450 - val_accuracy: 0.5924 - val_ce: 0.6700 - val_loss: 0.7201 - learning_rate: 1.0000e-05
Epoch 4/20
131/131 - 4s - 30ms/step - accuracy: 0.7441 - ce: 0.5326 - loss: 0.5823 - val_accuracy: 0.6168 - val_ce: 0.6594 - val_loss: 0.7091 - learning_rate: 1.0000e-05
Epoch 5/20
131/131 - 4s - 29ms/step - accuracy: 0.7729 - ce: 0.4791 - loss: 0.5304 - val_accuracy: 0.6440 - val_ce: 0.6555 - val_loss: 0.7050 - learning_rate: 1.0000e-05
Epoch 6/20
131/131 - 4s - 29ms/step - accuracy: 0.8272 - ce: 0.4097 - loss: 0.4604 - val_accuracy: 0.6114 - val_ce: 0.6800 - val_loss: 0.7291 - learning_rate: 1.0000e-05
Epoch 7/20

Epoch 7: ReduceLROnPlateau reducing learning rate to 4.999999873689376e-06.
131/131 - 4s - 29ms/step - accuracy: 0.8920 - ce: 0.3392 - loss: 0.3892 - val_accuracy: 0.5978 - val_ce: 0.7361 - val_loss: 0.7849 - learning_rate: 1.0000e-05
Epoch 8/20
131/131 - 4s - 30ms/step - accuracy: 0.9280 - ce: 0.2677 - loss: 0.3166 - val_accuracy: 0.6413 - val_ce: 0.6767 - val_loss: 0.7254 - learning_rate: 5.0000e-06
Epoch 9/20

Epoch 9: ReduceLROnPlateau reducing learning rate to 2.499999936844688e-06.
131/131 - 4s - 29ms/step - accuracy: 0.9424 - ce: 0.2377 - loss: 0.2868 - val_accuracy: 0.6196 - val_ce: 0.7154 - val_loss: 0.7640 - learning_rate: 5.0000e-06
Fold 3: accuracy=0.6591  F1(w/m)=0.6571/0.6525  CE=0.6149  epochs=9  

===== Fold 4/5  00:35:26 =====
Class weights (balanced): Human-written=1.106  V3=0.913
Epoch 1/20
131/131 - 13s - 96ms/step - accuracy: 0.5055 - ce: 0.7437 - loss: 0.7869 - val_accuracy: 0.5462 - val_ce: 0.6853 - val_loss: 0.7332 - learning_rate: 1.0000e-04
Epoch 2/20
131/131 - 4s - 30ms/step - accuracy: 0.5089 - ce: 0.7328 - loss: 0.7753 - val_accuracy: 0.4511 - val_ce: 0.7284 - val_loss: 0.7714 - learning_rate: 1.0000e-04
Epoch 3/20

Epoch 3: ReduceLROnPlateau reducing learning rate to 4.999999873689376e-05.
131/131 - 4s - 29ms/step - accuracy: 0.4863 - ce: 0.7388 - loss: 0.7768 - val_accuracy: 0.5489 - val_ce: 0.6898 - val_loss: 0.7255 - learning_rate: 1.0000e-04
Epoch 4/20
131/131 - 4s - 29ms/step - accuracy: 0.5017 - ce: 0.7225 - loss: 0.7593 - val_accuracy: 0.4511 - val_ce: 0.6982 - val_loss: 0.7302 - learning_rate: 5.0000e-05
Epoch 5/20

Epoch 5: ReduceLROnPlateau reducing learning rate to 2.499999936844688e-05.
131/131 - 4s - 29ms/step - accuracy: 0.4935 - ce: 0.7252 - loss: 0.7525 - val_accuracy: 0.5489 - val_ce: 0.6920 - val_loss: 0.7211 - learning_rate: 5.0000e-05
COLLAPSE: 100% of the validation predictions are in one class -> training is repeated once with lr 1e-05
Epoch 1/20
131/131 - 13s - 96ms/step - accuracy: 0.5723 - ce: 0.7006 - loss: 0.7522 - val_accuracy: 0.6413 - val_ce: 0.6374 - val_loss: 0.6882 - learning_rate: 1.0000e-05
Epoch 2/20
131/131 - 4s - 29ms/step - accuracy: 0.6452 - ce: 0.6398 - loss: 0.6906 - val_accuracy: 0.6603 - val_ce: 0.6193 - val_loss: 0.6697 - learning_rate: 1.0000e-05
Epoch 3/20
131/131 - 4s - 29ms/step - accuracy: 0.7081 - ce: 0.5711 - loss: 0.6235 - val_accuracy: 0.6114 - val_ce: 0.6483 - val_loss: 0.6983 - learning_rate: 1.0000e-05
Epoch 4/20
131/131 - 4s - 30ms/step - accuracy: 0.7451 - ce: 0.5137 - loss: 0.5628 - val_accuracy: 0.6984 - val_ce: 0.6024 - val_loss: 0.6521 - learning_rate: 1.0000e-05
Epoch 5/20
131/131 - 4s - 29ms/step - accuracy: 0.8017 - ce: 0.4445 - loss: 0.4966 - val_accuracy: 0.6929 - val_ce: 0.6100 - val_loss: 0.6592 - learning_rate: 1.0000e-05
Epoch 6/20

Epoch 6: ReduceLROnPlateau reducing learning rate to 4.999999873689376e-06.
131/131 - 4s - 29ms/step - accuracy: 0.8517 - ce: 0.3731 - loss: 0.4232 - val_accuracy: 0.6250 - val_ce: 0.6952 - val_loss: 0.7441 - learning_rate: 1.0000e-05
Epoch 7/20
131/131 - 4s - 29ms/step - accuracy: 0.8944 - ce: 0.3104 - loss: 0.3597 - val_accuracy: 0.6929 - val_ce: 0.6103 - val_loss: 0.6591 - learning_rate: 5.0000e-06
Epoch 8/20

Epoch 8: ReduceLROnPlateau reducing learning rate to 2.499999936844688e-06.
131/131 - 4s - 29ms/step - accuracy: 0.9270 - ce: 0.2573 - loss: 0.3068 - val_accuracy: 0.6902 - val_ce: 0.6115 - val_loss: 0.6601 - learning_rate: 5.0000e-06
Fold 4: accuracy=0.6346  F1(w/m)=0.6330/0.6284  CE=0.6527  epochs=8  

===== Fold 5/5  00:36:41 =====
Class weights (balanced): Human-written=1.106  V3=0.912
Epoch 1/20
131/131 - 14s - 107ms/step - accuracy: 0.5168 - ce: 0.7570 - loss: 0.8030 - val_accuracy: 0.5462 - val_ce: 0.6878 - val_loss: 0.7364 - learning_rate: 1.0000e-04
Epoch 2/20
131/131 - 4s - 30ms/step - accuracy: 0.4746 - ce: 0.7361 - loss: 0.7797 - val_accuracy: 0.4484 - val_ce: 0.7112 - val_loss: 0.7539 - learning_rate: 1.0000e-04
Epoch 3/20

Epoch 3: ReduceLROnPlateau reducing learning rate to 4.999999873689376e-05.
131/131 - 4s - 29ms/step - accuracy: 0.4966 - ce: 0.7306 - loss: 0.7632 - val_accuracy: 0.4511 - val_ce: 0.6942 - val_loss: 0.7296 - learning_rate: 1.0000e-04
Epoch 4/20
131/131 - 4s - 29ms/step - accuracy: 0.4870 - ce: 0.7195 - loss: 0.7543 - val_accuracy: 0.5489 - val_ce: 0.6930 - val_loss: 0.7252 - learning_rate: 5.0000e-05
Epoch 5/20

Epoch 5: ReduceLROnPlateau reducing learning rate to 2.499999936844688e-05.
131/131 - 4s - 29ms/step - accuracy: 0.5024 - ce: 0.7254 - loss: 0.7555 - val_accuracy: 0.5489 - val_ce: 0.6923 - val_loss: 0.7220 - learning_rate: 5.0000e-05
COLLAPSE: 100% of the validation predictions are in one class -> training is repeated once with lr 1e-05
Epoch 1/20
131/131 - 13s - 97ms/step - accuracy: 0.5537 - ce: 0.7110 - loss: 0.7639 - val_accuracy: 0.6413 - val_ce: 0.6503 - val_loss: 0.7012 - learning_rate: 1.0000e-05
Epoch 2/20
131/131 - 4s - 29ms/step - accuracy: 0.6483 - ce: 0.6289 - loss: 0.6817 - val_accuracy: 0.6141 - val_ce: 0.6640 - val_loss: 0.7145 - learning_rate: 1.0000e-05
Epoch 3/20
131/131 - 4s - 29ms/step - accuracy: 0.7083 - ce: 0.5677 - loss: 0.6170 - val_accuracy: 0.6658 - val_ce: 0.6375 - val_loss: 0.6877 - learning_rate: 1.0000e-05
Epoch 4/20
131/131 - 4s - 30ms/step - accuracy: 0.7510 - ce: 0.5064 - loss: 0.5574 - val_accuracy: 0.6739 - val_ce: 0.6148 - val_loss: 0.6648 - learning_rate: 1.0000e-05
Epoch 5/20
131/131 - 4s - 29ms/step - accuracy: 0.8009 - ce: 0.4450 - loss: 0.4955 - val_accuracy: 0.5951 - val_ce: 0.6963 - val_loss: 0.7459 - learning_rate: 1.0000e-05
Epoch 6/20

Epoch 6: ReduceLROnPlateau reducing learning rate to 4.999999873689376e-06.
131/131 - 4s - 29ms/step - accuracy: 0.8522 - ce: 0.3862 - loss: 0.4358 - val_accuracy: 0.6658 - val_ce: 0.6319 - val_loss: 0.6813 - learning_rate: 1.0000e-05
Epoch 7/20
131/131 - 4s - 29ms/step - accuracy: 0.9107 - ce: 0.3015 - loss: 0.3521 - val_accuracy: 0.6658 - val_ce: 0.6289 - val_loss: 0.6781 - learning_rate: 5.0000e-06
Epoch 8/20

Epoch 8: ReduceLROnPlateau reducing learning rate to 2.499999936844688e-06.
131/131 - 4s - 29ms/step - accuracy: 0.9395 - ce: 0.2633 - loss: 0.3136 - val_accuracy: 0.6658 - val_ce: 0.6485 - val_loss: 0.6976 - learning_rate: 5.0000e-06
Fold 5: accuracy=0.6928  F1(w/m)=0.6900/0.6854  CE=0.5963  epochs=8  

CV mean ± std:
  accuracy               0.6534 ± 0.0247
  balanced_accuracy      0.6480 ± 0.0233
  mcc                    0.2985 ± 0.0489
  cross_entropy          0.6331 ± 0.0261
  roc_auc                0.7042 ± 0.0270
  precision_macro        0.6504 ± 0.0257
  recall_macro           0.6480 ± 0.0233
  f1_macro               0.6483 ± 0.0236
  precision_micro        0.6534 ± 0.0247
  recall_micro           0.6534 ± 0.0247
  f1_micro               0.6534 ± 0.0247
  precision_weighted     0.6529 ± 0.0247
  recall_weighted        0.6534 ± 0.0247
  f1_weighted            0.6522 ± 0.0238

===== Final training  00:37:58 =====
Class weights (balanced): Human-written=1.107  V3=0.912
Epoch 1/20
158/158 - 18s - 114ms/step - accuracy: 0.4990 - ce: 0.7474 - loss: 0.7942 - val_accuracy: 0.5508 - val_ce: 0.6878 - val_loss: 0.7337 - learning_rate: 1.0000e-04
Epoch 2/20
158/158 - 5s - 29ms/step - accuracy: 0.4847 - ce: 0.7415 - loss: 0.7785 - val_accuracy: 0.4529 - val_ce: 0.7043 - val_loss: 0.7441 - learning_rate: 1.0000e-04
Epoch 3/20

Epoch 3: ReduceLROnPlateau reducing learning rate to 4.999999873689376e-05.
158/158 - 5s - 29ms/step - accuracy: 0.5002 - ce: 0.7246 - loss: 0.7536 - val_accuracy: 0.5471 - val_ce: 0.6890 - val_loss: 0.7156 - learning_rate: 1.0000e-04
Epoch 4/20
158/158 - 5s - 30ms/step - accuracy: 0.5105 - ce: 0.7096 - loss: 0.7365 - val_accuracy: 0.5471 - val_ce: 0.6915 - val_loss: 0.7144 - learning_rate: 5.0000e-05
Epoch 5/20

Epoch 5: ReduceLROnPlateau reducing learning rate to 2.499999936844688e-05.
158/158 - 5s - 29ms/step - accuracy: 0.4935 - ce: 0.7201 - loss: 0.7423 - val_accuracy: 0.4529 - val_ce: 0.6993 - val_loss: 0.7194 - learning_rate: 5.0000e-05
               precision    recall  f1-score   support

Human-written     0.4968    0.6393    0.5591       244
           V3     0.6123    0.4680    0.5305       297

     accuracy                         0.5453       541
    macro avg     0.5546    0.5537    0.5448       541
 weighted avg     0.5602    0.5453    0.5434       541

Class distribution all  : {'Human-written': 1629, 'V3': 1976}  ratio {'Human-written': 0.4519, 'V3': 0.5481}
Class distribution train: {'Human-written': 1140, 'V3': 1383}  ratio {'Human-written': 0.4518, 'V3': 0.5482}
Class distribution val  : {'Human-written': 245, 'V3': 296}  ratio {'Human-written': 0.4529, 'V3': 0.5471}
Class distribution test : {'Human-written': 244, 'V3': 297}  ratio {'Human-written': 0.451, 'V3': 0.549}

subdataset13_graph_human_vs_v3_snippet_cv  VGG16 (tanh, dropout 0.1, lr 0.0001)
CV mean    acc=0.6534  F1 w/m/micro=0.6522/0.6483/0.6534  P_w=0.6529  R_w=0.6534  CE=0.6331  AUC=0.7042  MCC=0.2985
VALIDATION acc=0.5508  F1 w/m/micro=0.5494/0.5505/0.5508  P_w=0.5642  R_w=0.5508  CE=0.6878  AUC=0.5945  MCC=0.1172
TEST       acc=0.5453  F1 w/m/micro=0.5434/0.5448/0.5453  P_w=0.5602  R_w=0.5453  CE=0.6880  AUC=0.5970  MCC=0.1083
TEST 95% CI: accuracy=[0.5028, 0.5860]  f1_weighted=[0.5012, 0.5857]  f1_macro=[0.5027, 0.5859]  mcc=[0.0219, 0.1930]  balanced_accuracy=[0.5108, 0.5954]
Outputs: Experiments/subdataset13/Snippet-Level Split/results/subdataset13_graph_human_vs_v3_snippet_cv
2026-10-03 00:38:47 FINISHED
