
====================================================================================================
2026-10-03 08:38:21  subdataset2_graph_human_vs_v5_snippet_cv  (config hash daa80b5b8b23)
Data    : Data/Subdataset_2
Classes : ['Human-written', 'V5']   Split: Snippet-Level Split
Model   : InceptionV3  activation=sigmoid  dropout=0.1  lr=0.0001  trained=last 30 layers  preprocessing=tf  L2=0.0001
Training: at most 20 epochs, early stopping val_ce patience 4, batch 16, 320x320 (no cropping), mixed precision True
Output  : Experiments/subdataset2/Snippet-Level Split/results/subdataset2_graph_human_vs_v5_snippet_cv
Human-written (label 0): 772 images
V5  (label 1): 733 images
Total 1505 images
Train     :  1053 (70.0%)  Human-written=540 V5=513
Validation:   226 (15.0%)  Human-written=116 V5=110
Test      :   226 (15.0%)  Human-written=116 V5=110
Fold 1: train=1023 (Human-written=524 V5=499)  evaluation=256 (Human-written=132 V5=124)
Fold 2: train=1023 (Human-written=525 V5=498)  evaluation=256 (Human-written=131 V5=125)
Fold 3: train=1023 (Human-written=525 V5=498)  evaluation=256 (Human-written=131 V5=125)
Fold 4: train=1023 (Human-written=525 V5=498)  evaluation=256 (Human-written=131 V5=125)
Fold 5: train=1024 (Human-written=525 V5=499)  evaluation=255 (Human-written=131 V5=124)
Leakage check PASSED.
TensorFlow 2.20.0 | GPU: [PhysicalDevice(name='/physical_device:GPU:0', device_type='GPU')]
Mixed precision: mixed_float16 (output layer float32)
Images loaded: 1505, 0.5 GB, 10 s

===== Fold 1/5  08:38:35 =====
Class weights (balanced): Human-written=0.976  V5=1.025
Model: base 311 layers, trained base layers 30 (first: batch_normalization_89); trained parameters 6,205,633 / 22,852,385
Epoch 1/20
55/55 - 49s - 885ms/step - accuracy: 0.4787 - ce: 0.7348 - loss: 0.8164 - val_accuracy: 0.5584 - val_ce: 0.6864 - val_loss: 0.7676 - learning_rate: 1.0000e-04
Epoch 2/20
55/55 - 1s - 23ms/step - accuracy: 0.6214 - ce: 0.6447 - loss: 0.7263 - val_accuracy: 0.5000 - val_ce: 0.7567 - val_loss: 0.8372 - learning_rate: 1.0000e-04
Epoch 3/20

Epoch 3: ReduceLROnPlateau reducing learning rate to 4.999999873689376e-05.
55/55 - 1s - 22ms/step - accuracy: 0.7388 - ce: 0.5493 - loss: 0.6291 - val_accuracy: 0.5909 - val_ce: 0.6916 - val_loss: 0.7715 - learning_rate: 1.0000e-04
Epoch 4/20
55/55 - 1s - 22ms/step - accuracy: 0.8826 - ce: 0.3805 - loss: 0.4602 - val_accuracy: 0.5714 - val_ce: 0.7450 - val_loss: 0.8246 - learning_rate: 5.0000e-05
Epoch 5/20

Epoch 5: ReduceLROnPlateau reducing learning rate to 2.499999936844688e-05.
55/55 - 1s - 22ms/step - accuracy: 0.9528 - ce: 0.2446 - loss: 0.3245 - val_accuracy: 0.5584 - val_ce: 0.8097 - val_loss: 0.8891 - learning_rate: 5.0000e-05
Fold 1: accuracy=0.5117  F1(w/m)=0.4488/0.4544  CE=0.7077  epochs=5  

===== Fold 2/5  08:39:46 =====
Class weights (balanced): Human-written=0.974  V5=1.027
Epoch 1/20
55/55 - 40s - 736ms/step - accuracy: 0.4879 - ce: 0.7467 - loss: 0.8287 - val_accuracy: 0.5000 - val_ce: 0.7383 - val_loss: 0.8196 - learning_rate: 1.0000e-04
Epoch 2/20
55/55 - 1s - 26ms/step - accuracy: 0.5949 - ce: 0.6562 - loss: 0.7367 - val_accuracy: 0.5260 - val_ce: 0.7051 - val_loss: 0.7858 - learning_rate: 1.0000e-04
Epoch 3/20
55/55 - 1s - 23ms/step - accuracy: 0.7779 - ce: 0.5094 - loss: 0.5906 - val_accuracy: 0.5195 - val_ce: 0.7766 - val_loss: 0.8567 - learning_rate: 1.0000e-04
Epoch 4/20

Epoch 4: ReduceLROnPlateau reducing learning rate to 4.999999873689376e-05.
55/55 - 1s - 23ms/step - accuracy: 0.8964 - ce: 0.3179 - loss: 0.3980 - val_accuracy: 0.5325 - val_ce: 1.0307 - val_loss: 1.1104 - learning_rate: 1.0000e-04
Epoch 5/20
55/55 - 1s - 23ms/step - accuracy: 0.9620 - ce: 0.1661 - loss: 0.2456 - val_accuracy: 0.4870 - val_ce: 0.9941 - val_loss: 1.0736 - learning_rate: 5.0000e-05
Epoch 6/20

Epoch 6: ReduceLROnPlateau reducing learning rate to 2.499999936844688e-05.
55/55 - 1s - 23ms/step - accuracy: 0.9839 - ce: 0.1064 - loss: 0.1856 - val_accuracy: 0.5260 - val_ce: 1.1367 - val_loss: 1.2159 - learning_rate: 5.0000e-05
Fold 2: accuracy=0.5039  F1(w/m)=0.5035/0.5037  CE=0.7217  epochs=6  

===== Fold 3/5  08:40:50 =====
Class weights (balanced): Human-written=0.974  V5=1.027
Epoch 1/20
55/55 - 40s - 731ms/step - accuracy: 0.5190 - ce: 0.7354 - loss: 0.8175 - val_accuracy: 0.5195 - val_ce: 0.7007 - val_loss: 0.7819 - learning_rate: 1.0000e-04
Epoch 2/20
55/55 - 1s - 23ms/step - accuracy: 0.6110 - ce: 0.6545 - loss: 0.7355 - val_accuracy: 0.5065 - val_ce: 0.7269 - val_loss: 0.8073 - learning_rate: 1.0000e-04
Epoch 3/20

Epoch 3: ReduceLROnPlateau reducing learning rate to 4.999999873689376e-05.
55/55 - 1s - 23ms/step - accuracy: 0.7261 - ce: 0.5627 - loss: 0.6435 - val_accuracy: 0.4545 - val_ce: 0.8131 - val_loss: 0.8927 - learning_rate: 1.0000e-04
Epoch 4/20
55/55 - 1s - 23ms/step - accuracy: 0.8527 - ce: 0.3861 - loss: 0.4652 - val_accuracy: 0.4740 - val_ce: 0.8364 - val_loss: 0.9157 - learning_rate: 5.0000e-05
Epoch 5/20

Epoch 5: ReduceLROnPlateau reducing learning rate to 2.499999936844688e-05.
55/55 - 1s - 23ms/step - accuracy: 0.9241 - ce: 0.2697 - loss: 0.3492 - val_accuracy: 0.4935 - val_ce: 0.9378 - val_loss: 1.0169 - learning_rate: 5.0000e-05
Fold 3: accuracy=0.5156  F1(w/m)=0.4679/0.4715  CE=0.7006  epochs=5  

===== Fold 4/5  08:41:52 =====
Class weights (balanced): Human-written=0.974  V5=1.027
Epoch 1/20
55/55 - 40s - 728ms/step - accuracy: 0.4845 - ce: 0.7258 - loss: 0.8070 - val_accuracy: 0.5065 - val_ce: 0.7100 - val_loss: 0.7912 - learning_rate: 1.0000e-04
Epoch 2/20
55/55 - 1s - 23ms/step - accuracy: 0.5926 - ce: 0.6610 - loss: 0.7417 - val_accuracy: 0.5325 - val_ce: 0.7258 - val_loss: 0.8062 - learning_rate: 1.0000e-04
Epoch 3/20

Epoch 3: ReduceLROnPlateau reducing learning rate to 4.999999873689376e-05.
55/55 - 1s - 23ms/step - accuracy: 0.7181 - ce: 0.5614 - loss: 0.6414 - val_accuracy: 0.5390 - val_ce: 0.7528 - val_loss: 0.8325 - learning_rate: 1.0000e-04
Epoch 4/20
55/55 - 1s - 24ms/step - accuracy: 0.8734 - ce: 0.3889 - loss: 0.4686 - val_accuracy: 0.5065 - val_ce: 0.7895 - val_loss: 0.8689 - learning_rate: 5.0000e-05
Epoch 5/20

Epoch 5: ReduceLROnPlateau reducing learning rate to 2.499999936844688e-05.
55/55 - 1s - 24ms/step - accuracy: 0.9298 - ce: 0.2708 - loss: 0.3501 - val_accuracy: 0.5065 - val_ce: 0.8598 - val_loss: 0.9390 - learning_rate: 5.0000e-05
COLLAPSE: 99% of the validation predictions are in one class -> training is repeated once with lr 1e-05
Epoch 1/20
55/55 - 40s - 731ms/step - accuracy: 0.5006 - ce: 0.7050 - loss: 0.7856 - val_accuracy: 0.5584 - val_ce: 0.6874 - val_loss: 0.7692 - learning_rate: 1.0000e-05
Epoch 2/20
55/55 - 1s - 24ms/step - accuracy: 0.5075 - ce: 0.6916 - loss: 0.7738 - val_accuracy: 0.5584 - val_ce: 0.6885 - val_loss: 0.7702 - learning_rate: 1.0000e-05
Epoch 3/20

Epoch 3: ReduceLROnPlateau reducing learning rate to 4.999999873689376e-06.
55/55 - 1s - 23ms/step - accuracy: 0.5811 - ce: 0.6785 - loss: 0.7605 - val_accuracy: 0.5584 - val_ce: 0.6888 - val_loss: 0.7705 - learning_rate: 1.0000e-05
Epoch 4/20
55/55 - 1s - 23ms/step - accuracy: 0.5685 - ce: 0.6822 - loss: 0.7644 - val_accuracy: 0.5519 - val_ce: 0.6900 - val_loss: 0.7716 - learning_rate: 5.0000e-06
Epoch 5/20

Epoch 5: ReduceLROnPlateau reducing learning rate to 2.499999936844688e-06.
55/55 - 1s - 24ms/step - accuracy: 0.5397 - ce: 0.6855 - loss: 0.7669 - val_accuracy: 0.5390 - val_ce: 0.6907 - val_loss: 0.7722 - learning_rate: 5.0000e-06
Fold 4: accuracy=0.4961  F1(w/m)=0.4900/0.4886  CE=0.6935  epochs=5  

===== Fold 5/5  08:43:56 =====
Class weights (balanced): Human-written=0.975  V5=1.026
Epoch 1/20
55/55 - 44s - 795ms/step - accuracy: 0.5207 - ce: 0.7186 - loss: 0.8006 - val_accuracy: 0.4675 - val_ce: 0.7160 - val_loss: 0.7971 - learning_rate: 1.0000e-04
Epoch 2/20
55/55 - 1s - 24ms/step - accuracy: 0.6322 - ce: 0.6501 - loss: 0.7297 - val_accuracy: 0.4740 - val_ce: 0.7276 - val_loss: 0.8080 - learning_rate: 1.0000e-04
Epoch 3/20

Epoch 3: ReduceLROnPlateau reducing learning rate to 4.999999873689376e-05.
55/55 - 1s - 23ms/step - accuracy: 0.7345 - ce: 0.5555 - loss: 0.6358 - val_accuracy: 0.4610 - val_ce: 0.7758 - val_loss: 0.8556 - learning_rate: 1.0000e-04
Epoch 4/20
55/55 - 1s - 23ms/step - accuracy: 0.8747 - ce: 0.3820 - loss: 0.4616 - val_accuracy: 0.4545 - val_ce: 0.8556 - val_loss: 0.9352 - learning_rate: 5.0000e-05
Epoch 5/20

Epoch 5: ReduceLROnPlateau reducing learning rate to 2.499999936844688e-05.
55/55 - 1s - 23ms/step - accuracy: 0.9402 - ce: 0.2491 - loss: 0.3288 - val_accuracy: 0.4416 - val_ce: 0.8698 - val_loss: 0.9492 - learning_rate: 5.0000e-05
Fold 5: accuracy=0.5098  F1(w/m)=0.4857/0.4885  CE=0.6994  epochs=5  

CV mean ± std:
  accuracy               0.5074 ± 0.0076
  balanced_accuracy      0.5118 ± 0.0126
  mcc                    0.0298 ± 0.0316
  cross_entropy          0.7046 ± 0.0108
  roc_auc                0.5026 ± 0.0164
  precision_macro        0.5189 ± 0.0203
  recall_macro           0.5118 ± 0.0126
  f1_macro               0.4813 ± 0.0189
  precision_micro        0.5074 ± 0.0076
  recall_micro           0.5074 ± 0.0076
  f1_micro               0.5074 ± 0.0076
  precision_weighted     0.5195 ± 0.0207
  recall_weighted        0.5074 ± 0.0076
  f1_weighted            0.4792 ± 0.0212

===== Final training  08:45:09 =====
Class weights (balanced): Human-written=0.975  V5=1.026
Epoch 1/20
66/66 - 47s - 708ms/step - accuracy: 0.4938 - ce: 0.7363 - loss: 0.8178 - val_accuracy: 0.4912 - val_ce: 0.7298 - val_loss: 0.8109 - learning_rate: 1.0000e-04
Epoch 2/20
66/66 - 2s - 24ms/step - accuracy: 0.5878 - ce: 0.6626 - loss: 0.7437 - val_accuracy: 0.5133 - val_ce: 0.7312 - val_loss: 0.8115 - learning_rate: 1.0000e-04
Epoch 3/20

Epoch 3: ReduceLROnPlateau reducing learning rate to 4.999999873689376e-05.
66/66 - 2s - 24ms/step - accuracy: 0.7578 - ce: 0.5363 - loss: 0.6166 - val_accuracy: 0.5221 - val_ce: 0.8098 - val_loss: 0.8894 - learning_rate: 1.0000e-04
Epoch 4/20
66/66 - 2s - 24ms/step - accuracy: 0.8993 - ce: 0.3412 - loss: 0.4206 - val_accuracy: 0.5044 - val_ce: 0.8750 - val_loss: 0.9544 - learning_rate: 5.0000e-05
Epoch 5/20

Epoch 5: ReduceLROnPlateau reducing learning rate to 2.499999936844688e-05.
66/66 - 2s - 24ms/step - accuracy: 0.9497 - ce: 0.2220 - loss: 0.3009 - val_accuracy: 0.5221 - val_ce: 0.8888 - val_loss: 0.9679 - learning_rate: 5.0000e-05
COLLAPSE: 97% of the validation predictions are in one class -> training is repeated once with lr 1e-05
Epoch 1/20
66/66 - 41s - 621ms/step - accuracy: 0.4653 - ce: 0.7268 - loss: 0.8061 - val_accuracy: 0.5531 - val_ce: 0.6896 - val_loss: 0.7715 - learning_rate: 1.0000e-05
Epoch 2/20
66/66 - 2s - 24ms/step - accuracy: 0.5290 - ce: 0.6949 - loss: 0.7767 - val_accuracy: 0.5310 - val_ce: 0.6909 - val_loss: 0.7726 - learning_rate: 1.0000e-05
Epoch 3/20
66/66 - 2s - 26ms/step - accuracy: 0.5565 - ce: 0.6836 - loss: 0.7652 - val_accuracy: 0.5310 - val_ce: 0.6892 - val_loss: 0.7709 - learning_rate: 1.0000e-05
Epoch 4/20
66/66 - 2s - 24ms/step - accuracy: 0.5679 - ce: 0.6751 - loss: 0.7573 - val_accuracy: 0.5000 - val_ce: 0.6919 - val_loss: 0.7735 - learning_rate: 1.0000e-05
Epoch 5/20

Epoch 5: ReduceLROnPlateau reducing learning rate to 4.999999873689376e-06.
66/66 - 2s - 24ms/step - accuracy: 0.6249 - ce: 0.6616 - loss: 0.7430 - val_accuracy: 0.5133 - val_ce: 0.6963 - val_loss: 0.7778 - learning_rate: 1.0000e-05
Epoch 6/20
66/66 - 2s - 24ms/step - accuracy: 0.6125 - ce: 0.6574 - loss: 0.7389 - val_accuracy: 0.5177 - val_ce: 0.6931 - val_loss: 0.7746 - learning_rate: 5.0000e-06
Epoch 7/20

Epoch 7: ReduceLROnPlateau reducing learning rate to 2.499999936844688e-06.
66/66 - 2s - 24ms/step - accuracy: 0.6467 - ce: 0.6417 - loss: 0.7237 - val_accuracy: 0.4912 - val_ce: 0.6950 - val_loss: 0.7764 - learning_rate: 5.0000e-06
               precision    recall  f1-score   support

Human-written     0.5346    0.7328    0.6182       116
           V5     0.5373    0.3273    0.4068       110

     accuracy                         0.5354       226
    macro avg     0.5360    0.5300    0.5125       226
 weighted avg     0.5359    0.5354    0.5153       226

Class distribution all  : {'Human-written': 772, 'V5': 733}  ratio {'Human-written': 0.513, 'V5': 0.487}
Class distribution train: {'Human-written': 540, 'V5': 513}  ratio {'Human-written': 0.5128, 'V5': 0.4872}
Class distribution val  : {'Human-written': 116, 'V5': 110}  ratio {'Human-written': 0.5133, 'V5': 0.4867}
Class distribution test : {'Human-written': 116, 'V5': 110}  ratio {'Human-written': 0.5133, 'V5': 0.4867}

subdataset2_graph_human_vs_v5_snippet_cv  InceptionV3 (sigmoid, dropout 0.1, lr 0.0001)
CV mean    acc=0.5074  F1 w/m/micro=0.4792/0.4813/0.5074  P_w=0.5195  R_w=0.5074  CE=0.7046  AUC=0.5026  MCC=0.0298
VALIDATION acc=0.5310  F1 w/m/micro=0.5133/0.5107/0.5310  P_w=0.5304  R_w=0.5310  CE=0.6892  AUC=0.5542  MCC=0.0561
TEST       acc=0.5354  F1 w/m/micro=0.5153/0.5125/0.5354  P_w=0.5359  R_w=0.5354  CE=0.6915  AUC=0.5406  MCC=0.0657
TEST 95% CI: accuracy=[0.4735, 0.6062]  f1_weighted=[0.4464, 0.5864]  f1_macro=[0.4471, 0.5745]  mcc=[-0.0698, 0.1945]  balanced_accuracy=[0.4685, 0.5872]
Outputs: Experiments/subdataset2/Snippet-Level Split/results/subdataset2_graph_human_vs_v5_snippet_cv
2026-10-03 08:47:35 FINISHED
