
====================================================================================================
2026-10-02 22:12:04  subdataset10_screenshot_human_vs_v3_snippet_cv  (config hash 760a9a079994)
Data    : Data/Subdataset_10
Classes : ['Human-written', 'V3']   Split: Snippet-Level Split
Model   : VGG19  activation=tanh  dropout=0.2  lr=0.0001  trained=base from block5_* on  preprocessing=caffe  L2=0.0001
Training: at most 20 epochs, early stopping val_ce patience 4, batch 16, 320x320 (no cropping), mixed precision True
Output  : Experiments/subdataset10/Snippet-Level Split/results/subdataset10_screenshot_human_vs_v3_snippet_cv
Human-written (label 0): 2234 images
V3  (label 1): 2183 images
Total 4417 images
Train     :  3091 (70.0%)  Human-written=1564 V3=1527
Validation:   663 (15.0%)  Human-written=335 V3=328
Test      :   663 (15.0%)  Human-written=335 V3=328
Fold 1: train=3003 (Human-written=1519 V3=1484)  evaluation=751 (Human-written=380 V3=371)
Fold 2: train=3003 (Human-written=1519 V3=1484)  evaluation=751 (Human-written=380 V3=371)
Fold 3: train=3003 (Human-written=1519 V3=1484)  evaluation=751 (Human-written=380 V3=371)
Fold 4: train=3003 (Human-written=1519 V3=1484)  evaluation=751 (Human-written=380 V3=371)
Fold 5: train=3004 (Human-written=1520 V3=1484)  evaluation=750 (Human-written=379 V3=371)
Leakage check PASSED.
TensorFlow 2.20.0 | GPU: [PhysicalDevice(name='/physical_device:GPU:0', device_type='GPU')]
Mixed precision: mixed_float16 (output layer float32)
Images loaded: 4417, 1.4 GB, 18 s

===== Fold 1/5  22:12:27 =====
Class weights (balanced): Human-written=0.988  V3=1.012
Model: base 22 layers, trained base layers 5 (first: block5_conv1); trained parameters 9,702,401 / 20,287,553
Epoch 1/20
160/160 - 50s - 311ms/step - accuracy: 0.6129 - ce: 0.6672 - loss: 0.7120 - val_accuracy: 0.7095 - val_ce: 0.5559 - val_loss: 0.5949 - learning_rate: 1.0000e-04
Epoch 2/20
160/160 - 16s - 99ms/step - accuracy: 0.7453 - ce: 0.5429 - loss: 0.5779 - val_accuracy: 0.7605 - val_ce: 0.5273 - val_loss: 0.5586 - learning_rate: 1.0000e-04
Epoch 3/20
160/160 - 16s - 99ms/step - accuracy: 0.7837 - ce: 0.4877 - loss: 0.5164 - val_accuracy: 0.7517 - val_ce: 0.5575 - val_loss: 0.5838 - learning_rate: 1.0000e-04
Epoch 4/20
160/160 - 16s - 99ms/step - accuracy: 0.8013 - ce: 0.4487 - loss: 0.4732 - val_accuracy: 0.7871 - val_ce: 0.4865 - val_loss: 0.5096 - learning_rate: 1.0000e-04
Epoch 5/20
160/160 - 16s - 99ms/step - accuracy: 0.8288 - ce: 0.3835 - loss: 0.4052 - val_accuracy: 0.7960 - val_ce: 0.4840 - val_loss: 0.5047 - learning_rate: 1.0000e-04
Epoch 6/20
160/160 - 16s - 99ms/step - accuracy: 0.8734 - ce: 0.3118 - loss: 0.3315 - val_accuracy: 0.7982 - val_ce: 0.5278 - val_loss: 0.5468 - learning_rate: 1.0000e-04
Epoch 7/20

Epoch 7: ReduceLROnPlateau reducing learning rate to 4.999999873689376e-05.
160/160 - 16s - 99ms/step - accuracy: 0.8899 - ce: 0.2748 - loss: 0.2934 - val_accuracy: 0.7894 - val_ce: 0.5456 - val_loss: 0.5634 - learning_rate: 1.0000e-04
Epoch 8/20
160/160 - 16s - 99ms/step - accuracy: 0.9393 - ce: 0.1594 - loss: 0.1769 - val_accuracy: 0.7805 - val_ce: 0.6538 - val_loss: 0.6711 - learning_rate: 5.0000e-05
Epoch 9/20

Epoch 9: ReduceLROnPlateau reducing learning rate to 2.499999936844688e-05.
160/160 - 16s - 99ms/step - accuracy: 0.9510 - ce: 0.1322 - loss: 0.1491 - val_accuracy: 0.7894 - val_ce: 0.7940 - val_loss: 0.8107 - learning_rate: 5.0000e-05
Fold 1: accuracy=0.7563  F1(w/m)=0.7563/0.7563  CE=0.5226  epochs=9  

===== Fold 2/5  22:15:46 =====
Class weights (balanced): Human-written=0.988  V3=1.012
Epoch 1/20
160/160 - 27s - 168ms/step - accuracy: 0.5658 - ce: 0.7002 - loss: 0.7432 - val_accuracy: 0.6231 - val_ce: 0.6502 - val_loss: 0.6847 - learning_rate: 1.0000e-04
Epoch 2/20
160/160 - 16s - 100ms/step - accuracy: 0.7386 - ce: 0.5501 - loss: 0.5799 - val_accuracy: 0.7140 - val_ce: 0.6121 - val_loss: 0.6376 - learning_rate: 1.0000e-04
Epoch 3/20
160/160 - 16s - 100ms/step - accuracy: 0.7700 - ce: 0.4948 - loss: 0.5176 - val_accuracy: 0.7029 - val_ce: 0.6178 - val_loss: 0.6379 - learning_rate: 1.0000e-04
Epoch 4/20
160/160 - 16s - 99ms/step - accuracy: 0.7966 - ce: 0.4498 - loss: 0.4683 - val_accuracy: 0.7406 - val_ce: 0.5418 - val_loss: 0.5587 - learning_rate: 1.0000e-04
Epoch 5/20
160/160 - 16s - 99ms/step - accuracy: 0.8315 - ce: 0.3986 - loss: 0.4145 - val_accuracy: 0.7140 - val_ce: 0.5443 - val_loss: 0.5592 - learning_rate: 1.0000e-04
Epoch 6/20

Epoch 6: ReduceLROnPlateau reducing learning rate to 4.999999873689376e-05.
160/160 - 16s - 99ms/step - accuracy: 0.8480 - ce: 0.3482 - loss: 0.3624 - val_accuracy: 0.7273 - val_ce: 0.5669 - val_loss: 0.5805 - learning_rate: 1.0000e-04
Epoch 7/20
160/160 - 16s - 99ms/step - accuracy: 0.9009 - ce: 0.2493 - loss: 0.2626 - val_accuracy: 0.7206 - val_ce: 0.8215 - val_loss: 0.8346 - learning_rate: 5.0000e-05
Epoch 8/20

Epoch 8: ReduceLROnPlateau reducing learning rate to 2.499999936844688e-05.
160/160 - 16s - 99ms/step - accuracy: 0.9103 - ce: 0.2202 - loss: 0.2332 - val_accuracy: 0.7406 - val_ce: 0.9391 - val_loss: 0.9518 - learning_rate: 5.0000e-05
Fold 2: accuracy=0.8109  F1(w/m)=0.8108/0.8109  CE=0.4419  epochs=8  

===== Fold 3/5  22:18:13 =====
Class weights (balanced): Human-written=0.988  V3=1.012
Epoch 1/20
160/160 - 27s - 170ms/step - accuracy: 0.6254 - ce: 0.6791 - loss: 0.7239 - val_accuracy: 0.7539 - val_ce: 0.5311 - val_loss: 0.5698 - learning_rate: 1.0000e-04
Epoch 2/20
160/160 - 16s - 100ms/step - accuracy: 0.6983 - ce: 0.5897 - loss: 0.6236 - val_accuracy: 0.7517 - val_ce: 0.5087 - val_loss: 0.5385 - learning_rate: 1.0000e-04
Epoch 3/20
160/160 - 16s - 99ms/step - accuracy: 0.7524 - ce: 0.5144 - loss: 0.5404 - val_accuracy: 0.6851 - val_ce: 0.6086 - val_loss: 0.6319 - learning_rate: 1.0000e-04
Epoch 4/20

Epoch 4: ReduceLROnPlateau reducing learning rate to 4.999999873689376e-05.
160/160 - 16s - 99ms/step - accuracy: 0.7970 - ce: 0.4461 - loss: 0.4672 - val_accuracy: 0.7761 - val_ce: 0.5126 - val_loss: 0.5319 - learning_rate: 1.0000e-04
Epoch 5/20
160/160 - 16s - 99ms/step - accuracy: 0.8617 - ce: 0.3355 - loss: 0.3543 - val_accuracy: 0.7894 - val_ce: 0.5489 - val_loss: 0.5668 - learning_rate: 5.0000e-05
Epoch 6/20

Epoch 6: ReduceLROnPlateau reducing learning rate to 2.499999936844688e-05.
160/160 - 16s - 99ms/step - accuracy: 0.8879 - ce: 0.2784 - loss: 0.2958 - val_accuracy: 0.8027 - val_ce: 0.5667 - val_loss: 0.5835 - learning_rate: 5.0000e-05
Fold 3: accuracy=0.7204  F1(w/m)=0.7177/0.7174  CE=0.5413  epochs=6  

===== Fold 4/5  22:20:09 =====
Class weights (balanced): Human-written=0.988  V3=1.012
Epoch 1/20
160/160 - 27s - 168ms/step - accuracy: 0.6082 - ce: 0.6892 - loss: 0.7352 - val_accuracy: 0.6741 - val_ce: 0.5995 - val_loss: 0.6404 - learning_rate: 1.0000e-04
Epoch 2/20
160/160 - 16s - 99ms/step - accuracy: 0.7367 - ce: 0.5457 - loss: 0.5834 - val_accuracy: 0.6098 - val_ce: 0.8443 - val_loss: 0.8790 - learning_rate: 1.0000e-04
Epoch 3/20
160/160 - 16s - 100ms/step - accuracy: 0.7704 - ce: 0.4883 - loss: 0.5202 - val_accuracy: 0.7206 - val_ce: 0.5611 - val_loss: 0.5911 - learning_rate: 1.0000e-04
Epoch 4/20
160/160 - 16s - 99ms/step - accuracy: 0.8009 - ce: 0.4480 - loss: 0.4764 - val_accuracy: 0.7184 - val_ce: 0.6129 - val_loss: 0.6397 - learning_rate: 1.0000e-04
Epoch 5/20
160/160 - 16s - 99ms/step - accuracy: 0.8335 - ce: 0.3918 - loss: 0.4174 - val_accuracy: 0.7406 - val_ce: 0.5340 - val_loss: 0.5584 - learning_rate: 1.0000e-04
Epoch 6/20
160/160 - 16s - 99ms/step - accuracy: 0.8480 - ce: 0.3516 - loss: 0.3751 - val_accuracy: 0.7894 - val_ce: 0.5231 - val_loss: 0.5458 - learning_rate: 1.0000e-04
Epoch 7/20
160/160 - 16s - 98ms/step - accuracy: 0.8762 - ce: 0.3046 - loss: 0.3267 - val_accuracy: 0.7783 - val_ce: 0.5827 - val_loss: 0.6039 - learning_rate: 1.0000e-04
Epoch 8/20

Epoch 8: ReduceLROnPlateau reducing learning rate to 4.999999873689376e-05.
160/160 - 16s - 99ms/step - accuracy: 0.9005 - ce: 0.2481 - loss: 0.2686 - val_accuracy: 0.7783 - val_ce: 0.6157 - val_loss: 0.6357 - learning_rate: 1.0000e-04
Epoch 9/20
160/160 - 16s - 99ms/step - accuracy: 0.9471 - ce: 0.1409 - loss: 0.1605 - val_accuracy: 0.7761 - val_ce: 0.6946 - val_loss: 0.7141 - learning_rate: 5.0000e-05
Epoch 10/20

Epoch 10: ReduceLROnPlateau reducing learning rate to 2.499999936844688e-05.
160/160 - 16s - 99ms/step - accuracy: 0.9679 - ce: 0.0943 - loss: 0.1134 - val_accuracy: 0.7960 - val_ce: 0.7126 - val_loss: 0.7315 - learning_rate: 5.0000e-05
Fold 4: accuracy=0.7803  F1(w/m)=0.7803/0.7803  CE=0.5756  epochs=10  

===== Fold 5/5  22:23:08 =====
Class weights (balanced): Human-written=0.988  V3=1.012
Epoch 1/20
160/160 - 34s - 211ms/step - accuracy: 0.5374 - ce: 0.6980 - loss: 0.7406 - val_accuracy: 0.6763 - val_ce: 0.6300 - val_loss: 0.6642 - learning_rate: 1.0000e-04
Epoch 2/20
160/160 - 16s - 100ms/step - accuracy: 0.6874 - ce: 0.6032 - loss: 0.6339 - val_accuracy: 0.6608 - val_ce: 0.6112 - val_loss: 0.6382 - learning_rate: 1.0000e-04
Epoch 3/20
160/160 - 16s - 99ms/step - accuracy: 0.7622 - ce: 0.5105 - loss: 0.5347 - val_accuracy: 0.7627 - val_ce: 0.4965 - val_loss: 0.5183 - learning_rate: 1.0000e-04
Epoch 4/20
160/160 - 16s - 99ms/step - accuracy: 0.7861 - ce: 0.4580 - loss: 0.4779 - val_accuracy: 0.7561 - val_ce: 0.5149 - val_loss: 0.5330 - learning_rate: 1.0000e-04
Epoch 5/20

Epoch 5: ReduceLROnPlateau reducing learning rate to 4.999999873689376e-05.
160/160 - 16s - 99ms/step - accuracy: 0.8245 - ce: 0.4045 - loss: 0.4214 - val_accuracy: 0.7827 - val_ce: 0.5015 - val_loss: 0.5173 - learning_rate: 1.0000e-04
Epoch 6/20
160/160 - 16s - 99ms/step - accuracy: 0.8668 - ce: 0.3045 - loss: 0.3196 - val_accuracy: 0.7827 - val_ce: 0.5377 - val_loss: 0.5525 - learning_rate: 5.0000e-05
Epoch 7/20

Epoch 7: ReduceLROnPlateau reducing learning rate to 2.499999936844688e-05.
160/160 - 16s - 99ms/step - accuracy: 0.8970 - ce: 0.2598 - loss: 0.2742 - val_accuracy: 0.7561 - val_ce: 0.6556 - val_loss: 0.6697 - learning_rate: 5.0000e-05
Fold 5: accuracy=0.7627  F1(w/m)=0.7626/0.7626  CE=0.4740  epochs=7  

CV mean ± std:
  accuracy               0.7661 ± 0.0332
  balanced_accuracy      0.7660 ± 0.0337
  mcc                    0.5339 ± 0.0646
  cross_entropy          0.5111 ± 0.0533
  roc_auc                0.8498 ± 0.0269
  precision_macro        0.7679 ± 0.0310
  recall_macro           0.7660 ± 0.0337
  f1_macro               0.7655 ± 0.0342
  precision_micro        0.7661 ± 0.0332
  recall_micro           0.7661 ± 0.0332
  f1_micro               0.7661 ± 0.0332
  precision_weighted     0.7679 ± 0.0312
  recall_weighted        0.7661 ± 0.0332
  f1_weighted            0.7656 ± 0.0341

===== Final training  22:25:37 =====
Class weights (balanced): Human-written=0.988  V3=1.012
Epoch 1/20
194/194 - 37s - 190ms/step - accuracy: 0.6170 - ce: 0.6601 - loss: 0.7028 - val_accuracy: 0.6380 - val_ce: 0.6482 - val_loss: 0.6828 - learning_rate: 1.0000e-04
Epoch 2/20
194/194 - 20s - 101ms/step - accuracy: 0.7360 - ce: 0.5386 - loss: 0.5685 - val_accuracy: 0.6501 - val_ce: 0.6717 - val_loss: 0.6979 - learning_rate: 1.0000e-04
Epoch 3/20
194/194 - 20s - 101ms/step - accuracy: 0.7739 - ce: 0.4849 - loss: 0.5084 - val_accuracy: 0.7285 - val_ce: 0.5641 - val_loss: 0.5856 - learning_rate: 1.0000e-04
Epoch 4/20
194/194 - 20s - 101ms/step - accuracy: 0.8036 - ce: 0.4298 - loss: 0.4496 - val_accuracy: 0.7541 - val_ce: 0.5229 - val_loss: 0.5414 - learning_rate: 1.0000e-04
Epoch 5/20
194/194 - 19s - 100ms/step - accuracy: 0.8266 - ce: 0.3958 - loss: 0.4133 - val_accuracy: 0.7587 - val_ce: 0.5582 - val_loss: 0.5748 - learning_rate: 1.0000e-04
Epoch 6/20

Epoch 6: ReduceLROnPlateau reducing learning rate to 4.999999873689376e-05.
194/194 - 19s - 100ms/step - accuracy: 0.8551 - ce: 0.3386 - loss: 0.3547 - val_accuracy: 0.6863 - val_ce: 0.8183 - val_loss: 0.8336 - learning_rate: 1.0000e-04
Epoch 7/20
194/194 - 20s - 101ms/step - accuracy: 0.9000 - ce: 0.2445 - loss: 0.2595 - val_accuracy: 0.7406 - val_ce: 0.6909 - val_loss: 0.7056 - learning_rate: 5.0000e-05
Epoch 8/20

Epoch 8: ReduceLROnPlateau reducing learning rate to 2.499999936844688e-05.
194/194 - 20s - 101ms/step - accuracy: 0.9298 - ce: 0.1777 - loss: 0.1920 - val_accuracy: 0.7722 - val_ce: 0.6303 - val_loss: 0.6444 - learning_rate: 5.0000e-05
               precision    recall  f1-score   support

Human-written     0.8133    0.7284    0.7685       335
           V3     0.7493    0.8293    0.7873       328

     accuracy                         0.7783       663
    macro avg     0.7813    0.7788    0.7779       663
 weighted avg     0.7817    0.7783    0.7778       663

Class distribution all  : {'Human-written': 2234, 'V3': 2183}  ratio {'Human-written': 0.5058, 'V3': 0.4942}
Class distribution train: {'Human-written': 1564, 'V3': 1527}  ratio {'Human-written': 0.506, 'V3': 0.494}
Class distribution val  : {'Human-written': 335, 'V3': 328}  ratio {'Human-written': 0.5053, 'V3': 0.4947}
Class distribution test : {'Human-written': 335, 'V3': 328}  ratio {'Human-written': 0.5053, 'V3': 0.4947}

subdataset10_screenshot_human_vs_v3_snippet_cv  VGG19 (tanh, dropout 0.2, lr 0.0001)
CV mean    acc=0.7661  F1 w/m/micro=0.7656/0.7655/0.7661  P_w=0.7679  R_w=0.7661  CE=0.5111  AUC=0.8498  MCC=0.5339
VALIDATION acc=0.7541  F1 w/m/micro=0.7531/0.7532/0.7541  P_w=0.7597  R_w=0.7541  CE=0.5229  AUC=0.8541  MCC=0.5142
TEST       acc=0.7783  F1 w/m/micro=0.7778/0.7779/0.7783  P_w=0.7817  R_w=0.7783  CE=0.4728  AUC=0.8743  MCC=0.5601
TEST 95% CI: accuracy=[0.7466, 0.8115]  f1_weighted=[0.7456, 0.8109]  f1_macro=[0.7457, 0.8107]  mcc=[0.4964, 0.6255]  balanced_accuracy=[0.7470, 0.8117]
Outputs: Experiments/subdataset10/Snippet-Level Split/results/subdataset10_screenshot_human_vs_v3_snippet_cv
2026-10-02 22:28:47 FINISHED
