
====================================================================================================
2026-10-03 08:07:04  subdataset10_screenshot_6class_group_cv  (config hash 03f490c10ca2)
Data    : Data/Subdataset_10
Classes : ['Human-written', 'V1', 'V2', 'V3', 'V4', 'V5']   Split: Group-Based Split
Model   : VGG19  activation=sigmoid  dropout=0.1  lr=0.0001  trained=base from block5_* on  preprocessing=caffe  L2=0.0001
Training: at most 20 epochs, early stopping val_ce patience 4, batch 16, 320x320 (no cropping), mixed precision True
Output  : Experiments/subdataset10/Group-Based Split/results/subdataset10_screenshot_6class_group_cv
Human-written (label 0): 2234 images
V1  (label 1): 2513 images
V2  (label 2): 2428 images
V3  (label 3): 2183 images
V4  (label 4): 2118 images
V5  (label 5): 1985 images
Total 13461 images
Groups: {'n_groups': 2294, 'groups_with_human_and_version': 2199, 'groups_with_all_classes': 1571, 'human_only_groups': 7, 'groups_without_human': 88, 'match_ratio': 0.9585876198779425, 'groups_merged_by_content': 9}
CHECK 4: human/version pairs found with the simple rule 10467, in different groups 0
Files whose folder and version tag in the name do not match (data unchanged): 312
Train     :  9396 (69.8%)  Human-written=1560 V1=1754 V2=1702 V3=1513 V4=1480 V5=1387
Validation:  1992 (14.8%)  Human-written=332 V1=366 V2=354 V3=326 V4=320 V5=294
Test      :  2073 (15.4%)  Human-written=342 V1=393 V2=372 V3=344 V4=318 V5=304
Fold 1: train=9111 (Human-written=1513 V1=1697 V2=1644 V3=1472 V4=1440 V5=1345)  evaluation=2277 (Human-written=379 V1=423 V2=412 V3=367 V4=360 V5=336)
Fold 2: train=9111 (Human-written=1514 V1=1695 V2=1645 V3=1472 V4=1440 V5=1345)  evaluation=2277 (Human-written=378 V1=425 V2=411 V3=367 V4=360 V5=336)
Fold 3: train=9112 (Human-written=1513 V1=1698 V2=1646 V3=1471 V4=1439 V5=1345)  evaluation=2276 (Human-written=379 V1=422 V2=410 V3=368 V4=361 V5=336)
Fold 4: train=9110 (Human-written=1515 V1=1696 V2=1645 V3=1470 V4=1440 V5=1344)  evaluation=2278 (Human-written=377 V1=424 V2=411 V3=369 V4=360 V5=337)
Fold 5: train=9108 (Human-written=1513 V1=1694 V2=1644 V3=1471 V4=1441 V5=1345)  evaluation=2280 (Human-written=379 V1=426 V2=412 V3=368 V4=359 V5=336)
Leakage check PASSED.
TensorFlow 2.21.0 | GPU: [PhysicalDevice(name='/physical_device:GPU:0', device_type='GPU')]
Mixed precision: mixed_float16 (output layer float32)
Images loaded: 13461, 4.1 GB, 30 s

===== Fold 1/5  08:07:39 =====
Class weights (balanced): Human-written=1.009  V1=0.893  V2=0.919  V3=1.039  V4=1.050  V5=1.129
Model: base 22 layers, trained base layers 5 (first: block5_conv1); trained parameters 9,704,966 / 20,290,118
<venv>/lib/python3.13/site-packages/keras/src/trainers/epoch_iterator.py:74: UserWarning: `shuffle=True` was passed, but will be ignored since the data `x` was provided as a tf.data.Dataset. The Dataset is expected to already be shuffled (via `.shuffle(buffer_size)`).
  self.data_adapter = data_adapters.get_data_adapter(
Epoch 1/20
486/486 - 142s - 292ms/step - accuracy: 0.1870 - ce: 1.8197 - loss: 1.8573 - val_accuracy: 0.2433 - val_ce: 1.7351 - val_loss: 1.7625 - learning_rate: 1.0000e-04
Epoch 2/20
486/486 - 36s - 74ms/step - accuracy: 0.2219 - ce: 1.7627 - loss: 1.7850 - val_accuracy: 0.2791 - val_ce: 1.6854 - val_loss: 1.7062 - learning_rate: 1.0000e-04
Epoch 3/20
486/486 - 36s - 74ms/step - accuracy: 0.2401 - ce: 1.7232 - loss: 1.7414 - val_accuracy: 0.2813 - val_ce: 1.6839 - val_loss: 1.7013 - learning_rate: 1.0000e-04
Epoch 4/20
486/486 - 36s - 74ms/step - accuracy: 0.2580 - ce: 1.6940 - loss: 1.7082 - val_accuracy: 0.2358 - val_ce: 1.7045 - val_loss: 1.7194 - learning_rate: 1.0000e-04
Epoch 5/20
486/486 - 36s - 74ms/step - accuracy: 0.2760 - ce: 1.6544 - loss: 1.6661 - val_accuracy: 0.2515 - val_ce: 1.6818 - val_loss: 1.6949 - learning_rate: 1.0000e-04
Epoch 6/20
486/486 - 36s - 74ms/step - accuracy: 0.2973 - ce: 1.6140 - loss: 1.6242 - val_accuracy: 0.2813 - val_ce: 1.6475 - val_loss: 1.6592 - learning_rate: 1.0000e-04
Epoch 7/20
486/486 - 36s - 74ms/step - accuracy: 0.3169 - ce: 1.5767 - loss: 1.5855 - val_accuracy: 0.2993 - val_ce: 1.6819 - val_loss: 1.6924 - learning_rate: 1.0000e-04
Epoch 8/20

Epoch 8: ReduceLROnPlateau reducing learning rate to 4.999999873689376e-05.
486/486 - 36s - 74ms/step - accuracy: 0.3339 - ce: 1.5191 - loss: 1.5261 - val_accuracy: 0.2746 - val_ce: 1.6928 - val_loss: 1.7025 - learning_rate: 1.0000e-04
Epoch 9/20
486/486 - 36s - 74ms/step - accuracy: 0.3842 - ce: 1.3989 - loss: 1.4054 - val_accuracy: 0.2821 - val_ce: 1.7956 - val_loss: 1.8049 - learning_rate: 5.0000e-05
Epoch 10/20

Epoch 10: ReduceLROnPlateau reducing learning rate to 2.499999936844688e-05.
486/486 - 36s - 74ms/step - accuracy: 0.4272 - ce: 1.3127 - loss: 1.3192 - val_accuracy: 0.2993 - val_ce: 1.8270 - val_loss: 1.8360 - learning_rate: 5.0000e-05
<venv>/lib/python3.13/site-packages/sklearn/metrics/_classification.py:304: UserWarning: The y_prob values do not sum to one. Make sure to pass probabilities.
  warnings.warn(
<venv>/lib/python3.13/site-packages/sklearn/metrics/_classification.py:304: UserWarning: The y_prob values do not sum to one. Make sure to pass probabilities.
  warnings.warn(
Fold 1: accuracy=0.2806  F1(w/m)=0.2333/0.2292  CE=1.6691  epochs=10  

===== Fold 2/5  08:16:10 =====
Class weights (balanced): Human-written=1.003  V1=0.890  V2=0.925  V3=1.035  V4=1.057  V5=1.128
<venv>/lib/python3.13/site-packages/keras/src/trainers/epoch_iterator.py:74: UserWarning: `shuffle=True` was passed, but will be ignored since the data `x` was provided as a tf.data.Dataset. The Dataset is expected to already be shuffled (via `.shuffle(buffer_size)`).
  self.data_adapter = data_adapters.get_data_adapter(
Epoch 1/20
484/484 - 106s - 219ms/step - accuracy: 0.1711 - ce: 1.8332 - loss: 1.8706 - val_accuracy: 0.2257 - val_ce: 1.7648 - val_loss: 1.7902 - learning_rate: 1.0000e-04
Epoch 2/20
484/484 - 36s - 74ms/step - accuracy: 0.2236 - ce: 1.7622 - loss: 1.7815 - val_accuracy: 0.2403 - val_ce: 1.7163 - val_loss: 1.7336 - learning_rate: 1.0000e-04
Epoch 3/20
484/484 - 36s - 74ms/step - accuracy: 0.2550 - ce: 1.7093 - loss: 1.7239 - val_accuracy: 0.2615 - val_ce: 1.7072 - val_loss: 1.7211 - learning_rate: 1.0000e-04
Epoch 4/20
484/484 - 36s - 74ms/step - accuracy: 0.2657 - ce: 1.6790 - loss: 1.6898 - val_accuracy: 0.2659 - val_ce: 1.6928 - val_loss: 1.7046 - learning_rate: 1.0000e-04
Epoch 5/20
484/484 - 36s - 74ms/step - accuracy: 0.2835 - ce: 1.6416 - loss: 1.6512 - val_accuracy: 0.2900 - val_ce: 1.6897 - val_loss: 1.7002 - learning_rate: 1.0000e-04
Epoch 6/20
484/484 - 36s - 74ms/step - accuracy: 0.2896 - ce: 1.6158 - loss: 1.6246 - val_accuracy: 0.2579 - val_ce: 1.7007 - val_loss: 1.7101 - learning_rate: 1.0000e-04
Epoch 7/20

Epoch 7: ReduceLROnPlateau reducing learning rate to 4.999999873689376e-05.
484/484 - 36s - 74ms/step - accuracy: 0.3119 - ce: 1.5693 - loss: 1.5765 - val_accuracy: 0.2542 - val_ce: 1.7201 - val_loss: 1.7288 - learning_rate: 1.0000e-04
Epoch 8/20
484/484 - 36s - 74ms/step - accuracy: 0.3524 - ce: 1.4736 - loss: 1.4804 - val_accuracy: 0.2790 - val_ce: 1.7969 - val_loss: 1.8052 - learning_rate: 5.0000e-05
Epoch 9/20

Epoch 9: ReduceLROnPlateau reducing learning rate to 2.499999936844688e-05.
484/484 - 36s - 74ms/step - accuracy: 0.3909 - ce: 1.4036 - loss: 1.4105 - val_accuracy: 0.2688 - val_ce: 1.7927 - val_loss: 1.8007 - learning_rate: 5.0000e-05
<venv>/lib/python3.13/site-packages/sklearn/metrics/_classification.py:304: UserWarning: The y_prob values do not sum to one. Make sure to pass probabilities.
  warnings.warn(
<venv>/lib/python3.13/site-packages/sklearn/metrics/_classification.py:304: UserWarning: The y_prob values do not sum to one. Make sure to pass probabilities.
  warnings.warn(
Fold 2: accuracy=0.2925  F1(w/m)=0.2492/0.2448  CE=1.6972  epochs=9  

===== Fold 3/5  08:22:57 =====
Class weights (balanced): Human-written=0.993  V1=0.901  V2=0.935  V3=1.042  V4=1.048  V5=1.111
<venv>/lib/python3.13/site-packages/keras/src/trainers/epoch_iterator.py:74: UserWarning: `shuffle=True` was passed, but will be ignored since the data `x` was provided as a tf.data.Dataset. The Dataset is expected to already be shuffled (via `.shuffle(buffer_size)`).
  self.data_adapter = data_adapters.get_data_adapter(
Epoch 1/20
481/481 - 74s - 155ms/step - accuracy: 0.1778 - ce: 1.8185 - loss: 1.8559 - val_accuracy: 0.2174 - val_ce: 1.7589 - val_loss: 1.7870 - learning_rate: 1.0000e-04
Epoch 2/20
481/481 - 36s - 74ms/step - accuracy: 0.2259 - ce: 1.7631 - loss: 1.7868 - val_accuracy: 0.2068 - val_ce: 1.8267 - val_loss: 1.8479 - learning_rate: 1.0000e-04
Epoch 3/20
481/481 - 36s - 74ms/step - accuracy: 0.2535 - ce: 1.7092 - loss: 1.7279 - val_accuracy: 0.2675 - val_ce: 1.7107 - val_loss: 1.7284 - learning_rate: 1.0000e-04
Epoch 4/20
481/481 - 36s - 75ms/step - accuracy: 0.2797 - ce: 1.6709 - loss: 1.6873 - val_accuracy: 0.2364 - val_ce: 1.7549 - val_loss: 1.7706 - learning_rate: 1.0000e-04
Epoch 5/20

Epoch 5: ReduceLROnPlateau reducing learning rate to 4.999999873689376e-05.
481/481 - 36s - 74ms/step - accuracy: 0.2769 - ce: 1.6446 - loss: 1.6595 - val_accuracy: 0.2653 - val_ce: 1.7195 - val_loss: 1.7338 - learning_rate: 1.0000e-04
Epoch 6/20
481/481 - 36s - 75ms/step - accuracy: 0.3218 - ce: 1.5719 - loss: 1.5854 - val_accuracy: 0.2534 - val_ce: 1.7117 - val_loss: 1.7253 - learning_rate: 5.0000e-05
Epoch 7/20

Epoch 7: ReduceLROnPlateau reducing learning rate to 2.499999936844688e-05.
481/481 - 36s - 74ms/step - accuracy: 0.3302 - ce: 1.5225 - loss: 1.5365 - val_accuracy: 0.2456 - val_ce: 1.9839 - val_loss: 1.9971 - learning_rate: 5.0000e-05
<venv>/lib/python3.13/site-packages/sklearn/metrics/_classification.py:304: UserWarning: The y_prob values do not sum to one. Make sure to pass probabilities.
  warnings.warn(
<venv>/lib/python3.13/site-packages/sklearn/metrics/_classification.py:304: UserWarning: The y_prob values do not sum to one. Make sure to pass probabilities.
  warnings.warn(
Fold 3: accuracy=0.2619  F1(w/m)=0.2137/0.2115  CE=1.6852  epochs=7  

===== Fold 4/5  08:28:32 =====
Class weights (balanced): Human-written=1.005  V1=0.890  V2=0.920  V3=1.030  V4=1.062  V5=1.134
<venv>/lib/python3.13/site-packages/keras/src/trainers/epoch_iterator.py:74: UserWarning: `shuffle=True` was passed, but will be ignored since the data `x` was provided as a tf.data.Dataset. The Dataset is expected to already be shuffled (via `.shuffle(buffer_size)`).
  self.data_adapter = data_adapters.get_data_adapter(
Epoch 1/20
485/485 - 75s - 154ms/step - accuracy: 0.1827 - ce: 1.8142 - loss: 1.8494 - val_accuracy: 0.2393 - val_ce: 1.7380 - val_loss: 1.7622 - learning_rate: 1.0000e-04
Epoch 2/20
485/485 - 36s - 74ms/step - accuracy: 0.2394 - ce: 1.7363 - loss: 1.7555 - val_accuracy: 0.2548 - val_ce: 1.7210 - val_loss: 1.7379 - learning_rate: 1.0000e-04
Epoch 3/20
485/485 - 36s - 74ms/step - accuracy: 0.2579 - ce: 1.7094 - loss: 1.7225 - val_accuracy: 0.2401 - val_ce: 1.8212 - val_loss: 1.8347 - learning_rate: 1.0000e-04
Epoch 4/20

Epoch 4: ReduceLROnPlateau reducing learning rate to 4.999999873689376e-05.
485/485 - 36s - 74ms/step - accuracy: 0.2719 - ce: 1.6647 - loss: 1.6760 - val_accuracy: 0.2231 - val_ce: 1.9261 - val_loss: 1.9377 - learning_rate: 1.0000e-04
Epoch 5/20
485/485 - 36s - 74ms/step - accuracy: 0.2970 - ce: 1.6052 - loss: 1.6148 - val_accuracy: 0.2725 - val_ce: 1.7368 - val_loss: 1.7475 - learning_rate: 5.0000e-05
Epoch 6/20

Epoch 6: ReduceLROnPlateau reducing learning rate to 2.499999936844688e-05.
485/485 - 36s - 74ms/step - accuracy: 0.3158 - ce: 1.5628 - loss: 1.5708 - val_accuracy: 0.2725 - val_ce: 1.7549 - val_loss: 1.7649 - learning_rate: 5.0000e-05
<venv>/lib/python3.13/site-packages/sklearn/metrics/_classification.py:304: UserWarning: The y_prob values do not sum to one. Make sure to pass probabilities.
  warnings.warn(
<venv>/lib/python3.13/site-packages/sklearn/metrics/_classification.py:304: UserWarning: The y_prob values do not sum to one. Make sure to pass probabilities.
  warnings.warn(
Fold 4: accuracy=0.2493  F1(w/m)=0.1918/0.1933  CE=1.7160  epochs=6  

===== Fold 5/5  08:33:33 =====
Class weights (balanced): Human-written=1.009  V1=0.886  V2=0.918  V3=1.038  V4=1.054  V5=1.138
<venv>/lib/python3.13/site-packages/keras/src/trainers/epoch_iterator.py:74: UserWarning: `shuffle=True` was passed, but will be ignored since the data `x` was provided as a tf.data.Dataset. The Dataset is expected to already be shuffled (via `.shuffle(buffer_size)`).
  self.data_adapter = data_adapters.get_data_adapter(
Epoch 1/20
486/486 - 39s - 81ms/step - accuracy: 0.1920 - ce: 1.8198 - loss: 1.8603 - val_accuracy: 0.2177 - val_ce: 1.7524 - val_loss: 1.7826 - learning_rate: 1.0000e-04
Epoch 2/20
486/486 - 36s - 74ms/step - accuracy: 0.2257 - ce: 1.7566 - loss: 1.7814 - val_accuracy: 0.2440 - val_ce: 1.7017 - val_loss: 1.7244 - learning_rate: 1.0000e-04
Epoch 3/20
486/486 - 36s - 74ms/step - accuracy: 0.2495 - ce: 1.7109 - loss: 1.7304 - val_accuracy: 0.2455 - val_ce: 1.7053 - val_loss: 1.7238 - learning_rate: 1.0000e-04
Epoch 4/20
486/486 - 36s - 74ms/step - accuracy: 0.2632 - ce: 1.6814 - loss: 1.6971 - val_accuracy: 0.2703 - val_ce: 1.6801 - val_loss: 1.6960 - learning_rate: 1.0000e-04
Epoch 5/20
486/486 - 36s - 74ms/step - accuracy: 0.2828 - ce: 1.6423 - loss: 1.6555 - val_accuracy: 0.2830 - val_ce: 1.6671 - val_loss: 1.6813 - learning_rate: 1.0000e-04
Epoch 6/20
486/486 - 36s - 74ms/step - accuracy: 0.3047 - ce: 1.5930 - loss: 1.6041 - val_accuracy: 0.2905 - val_ce: 1.6790 - val_loss: 1.6917 - learning_rate: 1.0000e-04
Epoch 7/20

Epoch 7: ReduceLROnPlateau reducing learning rate to 4.999999873689376e-05.
486/486 - 36s - 74ms/step - accuracy: 0.3192 - ce: 1.5465 - loss: 1.5566 - val_accuracy: 0.2875 - val_ce: 1.6675 - val_loss: 1.6791 - learning_rate: 1.0000e-04
Epoch 8/20
486/486 - 36s - 74ms/step - accuracy: 0.3687 - ce: 1.4405 - loss: 1.4491 - val_accuracy: 0.2845 - val_ce: 1.7183 - val_loss: 1.7294 - learning_rate: 5.0000e-05
Epoch 9/20

Epoch 9: ReduceLROnPlateau reducing learning rate to 2.499999936844688e-05.
486/486 - 36s - 74ms/step - accuracy: 0.4052 - ce: 1.3636 - loss: 1.3731 - val_accuracy: 0.2988 - val_ce: 1.8872 - val_loss: 1.8979 - learning_rate: 5.0000e-05
<venv>/lib/python3.13/site-packages/sklearn/metrics/_classification.py:304: UserWarning: The y_prob values do not sum to one. Make sure to pass probabilities.
  warnings.warn(
<venv>/lib/python3.13/site-packages/sklearn/metrics/_classification.py:304: UserWarning: The y_prob values do not sum to one. Make sure to pass probabilities.
  warnings.warn(
Fold 5: accuracy=0.2798  F1(w/m)=0.2021/0.1992  CE=1.6809  epochs=9  

CV mean ± std:
  accuracy               0.2728 ± 0.0171
  balanced_accuracy      0.2718 ± 0.0141
  mcc                    0.1358 ± 0.0180
  cross_entropy          1.6897 ± 0.0178
  roc_auc                0.6318 ± 0.0104
  precision_macro        0.2473 ± 0.0506
  recall_macro           0.2718 ± 0.0141
  f1_macro               0.2156 ± 0.0213
  precision_micro        0.2728 ± 0.0171
  recall_micro           0.2728 ± 0.0171
  f1_micro               0.2728 ± 0.0171
  precision_weighted     0.2472 ± 0.0474
  recall_weighted        0.2728 ± 0.0171
  f1_weighted            0.2180 ± 0.0233

===== Final training  08:39:15 =====
Class weights (balanced): Human-written=1.004  V1=0.893  V2=0.920  V3=1.035  V4=1.058  V5=1.129
<venv>/lib/python3.13/site-packages/keras/src/trainers/epoch_iterator.py:74: UserWarning: `shuffle=True` was passed, but will be ignored since the data `x` was provided as a tf.data.Dataset. The Dataset is expected to already be shuffled (via `.shuffle(buffer_size)`).
  self.data_adapter = data_adapters.get_data_adapter(
Epoch 1/20
588/588 - 51s - 86ms/step - accuracy: 0.1882 - ce: 1.8141 - loss: 1.8521 - val_accuracy: 0.2068 - val_ce: 1.7557 - val_loss: 1.7849 - learning_rate: 1.0000e-04
Epoch 2/20
588/588 - 45s - 76ms/step - accuracy: 0.2321 - ce: 1.7466 - loss: 1.7709 - val_accuracy: 0.2540 - val_ce: 1.7097 - val_loss: 1.7320 - learning_rate: 1.0000e-04
Epoch 3/20
588/588 - 45s - 76ms/step - accuracy: 0.2573 - ce: 1.6958 - loss: 1.7145 - val_accuracy: 0.2565 - val_ce: 1.6926 - val_loss: 1.7112 - learning_rate: 1.0000e-04
Epoch 4/20
588/588 - 45s - 76ms/step - accuracy: 0.2719 - ce: 1.6633 - loss: 1.6792 - val_accuracy: 0.2585 - val_ce: 1.6808 - val_loss: 1.6968 - learning_rate: 1.0000e-04
Epoch 5/20
588/588 - 45s - 76ms/step - accuracy: 0.2946 - ce: 1.6243 - loss: 1.6378 - val_accuracy: 0.2721 - val_ce: 1.6834 - val_loss: 1.6974 - learning_rate: 1.0000e-04
Epoch 6/20

Epoch 6: ReduceLROnPlateau reducing learning rate to 4.999999873689376e-05.
588/588 - 45s - 76ms/step - accuracy: 0.3029 - ce: 1.5877 - loss: 1.5995 - val_accuracy: 0.2585 - val_ce: 1.7209 - val_loss: 1.7334 - learning_rate: 1.0000e-04
Epoch 7/20
588/588 - 45s - 76ms/step - accuracy: 0.3412 - ce: 1.4957 - loss: 1.5066 - val_accuracy: 0.2756 - val_ce: 1.7300 - val_loss: 1.7419 - learning_rate: 5.0000e-05
Epoch 8/20

Epoch 8: ReduceLROnPlateau reducing learning rate to 2.499999936844688e-05.
588/588 - 45s - 76ms/step - accuracy: 0.3770 - ce: 1.4214 - loss: 1.4313 - val_accuracy: 0.2671 - val_ce: 1.8471 - val_loss: 1.8584 - learning_rate: 5.0000e-05
<venv>/lib/python3.13/site-packages/sklearn/metrics/_classification.py:304: UserWarning: The y_prob values do not sum to one. Make sure to pass probabilities.
  warnings.warn(
<venv>/lib/python3.13/site-packages/sklearn/metrics/_classification.py:304: UserWarning: The y_prob values do not sum to one. Make sure to pass probabilities.
  warnings.warn(
               precision    recall  f1-score   support

Human-written     0.3744    0.7193    0.4925       342
           V1     0.2311    0.1323    0.1683       393
           V2     0.6667    0.0054    0.0107       372
           V3     0.3333    0.0262    0.0485       344
           V4     0.1429    0.2642    0.1854       318
           V5     0.1990    0.3750    0.2600       304

     accuracy                         0.2446      2073
    macro avg     0.3246    0.2537    0.1942      2073
 weighted avg     0.3316    0.2446    0.1897      2073

Class distribution all  : {'Human-written': 2234, 'V1': 2513, 'V2': 2428, 'V3': 2183, 'V4': 2118, 'V5': 1985}  ratio {'Human-written': 0.166, 'V1': 0.1867, 'V2': 0.1804, 'V3': 0.1622, 'V4': 0.1573, 'V5': 0.1475}
Class distribution train: {'Human-written': 1560, 'V1': 1754, 'V2': 1702, 'V3': 1513, 'V4': 1480, 'V5': 1387}  ratio {'Human-written': 0.166, 'V1': 0.1867, 'V2': 0.1811, 'V3': 0.161, 'V4': 0.1575, 'V5': 0.1476}
Class distribution val  : {'Human-written': 332, 'V1': 366, 'V2': 354, 'V3': 326, 'V4': 320, 'V5': 294}  ratio {'Human-written': 0.1667, 'V1': 0.1837, 'V2': 0.1777, 'V3': 0.1637, 'V4': 0.1606, 'V5': 0.1476}
Class distribution test : {'Human-written': 342, 'V1': 393, 'V2': 372, 'V3': 344, 'V4': 318, 'V5': 304}  ratio {'Human-written': 0.165, 'V1': 0.1896, 'V2': 0.1795, 'V3': 0.1659, 'V4': 0.1534, 'V5': 0.1466}

subdataset10_screenshot_6class_group_cv  VGG19 (sigmoid, dropout 0.1, lr 0.0001)
CV mean    acc=0.2728  F1 w/m/micro=0.2180/0.2156/0.2728  P_w=0.2472  R_w=0.2728  CE=1.6897  AUC=0.6318  MCC=0.1358
VALIDATION acc=0.2585  F1 w/m/micro=0.2039/0.2072/0.2585  P_w=0.2188  R_w=0.2585  CE=1.6808  AUC=0.6364  MCC=0.1222
TEST       acc=0.2446  F1 w/m/micro=0.1897/0.1942/0.2446  P_w=0.3316  R_w=0.2446  CE=1.6742  AUC=0.6410  MCC=0.1093
TEST 95% CI: accuracy=[0.2248, 0.2624]  f1_weighted=[0.1708, 0.2064]  f1_macro=[0.1787, 0.2082]  mcc=[0.0879, 0.1297]  balanced_accuracy=[0.2379, 0.2690]
Outputs: Experiments/subdataset10/Group-Based Split/results/subdataset10_screenshot_6class_group_cv
2026-10-03 08:45:39 FINISHED
