
====================================================================================================
2026-10-02 21:25:27  subdataset12_screenshot_human_vs_v4_snippet_cv  (config hash f19eee364193)
Data    : Data/Subdataset_12
Classes : ['Human-written', 'V4']   Split: Snippet-Level Split
Model   : VGG19  activation=tanh  dropout=0.2  lr=0.0001  trained=base from block5_* on  preprocessing=caffe  L2=0.0001
Training: at most 20 epochs, early stopping val_ce patience 4, batch 16, 320x320 (no cropping), mixed precision True
Output  : Experiments/subdataset12/Snippet-Level Split/results/subdataset12_screenshot_human_vs_v4_snippet_cv
Human-written (label 0): 2236 images
V4  (label 1): 2115 images
Total 4351 images
Train     :  3045 (70.0%)  Human-written=1564 V4=1481
Validation:   653 (15.0%)  Human-written=336 V4=317
Test      :   653 (15.0%)  Human-written=336 V4=317
Fold 1: train=2958 (Human-written=1520 V4=1438)  evaluation=740 (Human-written=380 V4=360)
Fold 2: train=2958 (Human-written=1520 V4=1438)  evaluation=740 (Human-written=380 V4=360)
Fold 3: train=2958 (Human-written=1520 V4=1438)  evaluation=740 (Human-written=380 V4=360)
Fold 4: train=2959 (Human-written=1520 V4=1439)  evaluation=739 (Human-written=380 V4=359)
Fold 5: train=2959 (Human-written=1520 V4=1439)  evaluation=739 (Human-written=380 V4=359)
Leakage check PASSED.
TensorFlow 2.20.0 | GPU: [PhysicalDevice(name='/physical_device:GPU:0', device_type='GPU')]
Mixed precision: mixed_float16 (output layer float32)
Images loaded: 4351, 1.3 GB, 19 s

===== Fold 1/5  21:25:50 =====
Class weights (balanced): Human-written=0.973  V4=1.029
Model: base 22 layers, trained base layers 5 (first: block5_conv1); trained parameters 9,702,401 / 20,287,553
Epoch 1/20
158/158 - 22s - 138ms/step - accuracy: 0.5831 - ce: 0.6909 - loss: 0.7347 - val_accuracy: 0.6577 - val_ce: 0.6259 - val_loss: 0.6615 - learning_rate: 1.0000e-04
Epoch 2/20
158/158 - 5s - 33ms/step - accuracy: 0.6420 - ce: 0.6485 - loss: 0.6793 - val_accuracy: 0.6532 - val_ce: 0.6277 - val_loss: 0.6537 - learning_rate: 1.0000e-04
Epoch 3/20
158/158 - 5s - 34ms/step - accuracy: 0.6862 - ce: 0.5965 - loss: 0.6188 - val_accuracy: 0.6712 - val_ce: 0.5911 - val_loss: 0.6111 - learning_rate: 1.0000e-04
Epoch 4/20
158/158 - 5s - 32ms/step - accuracy: 0.7060 - ce: 0.5680 - loss: 0.5856 - val_accuracy: 0.6892 - val_ce: 0.5978 - val_loss: 0.6140 - learning_rate: 1.0000e-04
Epoch 5/20

Epoch 5: ReduceLROnPlateau reducing learning rate to 4.999999873689376e-05.
158/158 - 5s - 33ms/step - accuracy: 0.7430 - ce: 0.5077 - loss: 0.5226 - val_accuracy: 0.6532 - val_ce: 0.7053 - val_loss: 0.7193 - learning_rate: 1.0000e-04
Epoch 6/20
158/158 - 5s - 33ms/step - accuracy: 0.7780 - ce: 0.4524 - loss: 0.4654 - val_accuracy: 0.7275 - val_ce: 0.5851 - val_loss: 0.5982 - learning_rate: 5.0000e-05
Epoch 7/20
158/158 - 5s - 32ms/step - accuracy: 0.8079 - ce: 0.3939 - loss: 0.4059 - val_accuracy: 0.7185 - val_ce: 0.6765 - val_loss: 0.6890 - learning_rate: 5.0000e-05
Epoch 8/20

Epoch 8: ReduceLROnPlateau reducing learning rate to 2.499999936844688e-05.
158/158 - 5s - 33ms/step - accuracy: 0.8425 - ce: 0.3312 - loss: 0.3429 - val_accuracy: 0.6396 - val_ce: 1.1520 - val_loss: 1.1639 - learning_rate: 5.0000e-05
Epoch 9/20
158/158 - 5s - 32ms/step - accuracy: 0.8902 - ce: 0.2500 - loss: 0.2618 - val_accuracy: 0.6959 - val_ce: 0.8290 - val_loss: 0.8406 - learning_rate: 2.5000e-05
Epoch 10/20

Epoch 10: ReduceLROnPlateau reducing learning rate to 1.249999968422344e-05.
158/158 - 5s - 33ms/step - accuracy: 0.9196 - ce: 0.1801 - loss: 0.1915 - val_accuracy: 0.6937 - val_ce: 1.0154 - val_loss: 1.0269 - learning_rate: 2.5000e-05
Fold 1: accuracy=0.6689  F1(w/m)=0.6687/0.6683  CE=0.6366  epochs=10  

===== Fold 2/5  21:27:07 =====
Class weights (balanced): Human-written=0.973  V4=1.029
Epoch 1/20
158/158 - 15s - 97ms/step - accuracy: 0.5632 - ce: 0.7073 - loss: 0.7520 - val_accuracy: 0.5135 - val_ce: 0.6930 - val_loss: 0.7311 - learning_rate: 1.0000e-04
Epoch 2/20
158/158 - 5s - 33ms/step - accuracy: 0.5927 - ce: 0.6738 - loss: 0.7061 - val_accuracy: 0.6194 - val_ce: 0.6876 - val_loss: 0.7154 - learning_rate: 1.0000e-04
Epoch 3/20
158/158 - 5s - 33ms/step - accuracy: 0.6555 - ce: 0.6217 - loss: 0.6459 - val_accuracy: 0.6734 - val_ce: 0.6097 - val_loss: 0.6320 - learning_rate: 1.0000e-04
Epoch 4/20
158/158 - 5s - 33ms/step - accuracy: 0.7068 - ce: 0.5621 - loss: 0.5824 - val_accuracy: 0.6509 - val_ce: 0.7011 - val_loss: 0.7199 - learning_rate: 1.0000e-04
Epoch 5/20

Epoch 5: ReduceLROnPlateau reducing learning rate to 4.999999873689376e-05.
158/158 - 5s - 33ms/step - accuracy: 0.7263 - ce: 0.5390 - loss: 0.5563 - val_accuracy: 0.6509 - val_ce: 0.6486 - val_loss: 0.6652 - learning_rate: 1.0000e-04
Epoch 6/20
158/158 - 5s - 32ms/step - accuracy: 0.7737 - ce: 0.4628 - loss: 0.4786 - val_accuracy: 0.6667 - val_ce: 0.6792 - val_loss: 0.6949 - learning_rate: 5.0000e-05
Epoch 7/20

Epoch 7: ReduceLROnPlateau reducing learning rate to 2.499999936844688e-05.
158/158 - 5s - 33ms/step - accuracy: 0.8031 - ce: 0.4073 - loss: 0.4226 - val_accuracy: 0.6194 - val_ce: 0.7900 - val_loss: 0.8051 - learning_rate: 5.0000e-05
Fold 2: accuracy=0.6824  F1(w/m)=0.6807/0.6800  CE=0.6112  epochs=7  

===== Fold 3/5  21:27:59 =====
Class weights (balanced): Human-written=0.973  V4=1.029
Epoch 1/20
158/158 - 15s - 97ms/step - accuracy: 0.5696 - ce: 0.7061 - loss: 0.7484 - val_accuracy: 0.6126 - val_ce: 0.6604 - val_loss: 0.6953 - learning_rate: 1.0000e-04
Epoch 2/20
158/158 - 5s - 33ms/step - accuracy: 0.6563 - ce: 0.6272 - loss: 0.6574 - val_accuracy: 0.6374 - val_ce: 0.6768 - val_loss: 0.7016 - learning_rate: 1.0000e-04
Epoch 3/20

Epoch 3: ReduceLROnPlateau reducing learning rate to 4.999999873689376e-05.
158/158 - 5s - 33ms/step - accuracy: 0.6778 - ce: 0.6000 - loss: 0.6218 - val_accuracy: 0.6149 - val_ce: 0.7263 - val_loss: 0.7452 - learning_rate: 1.0000e-04
Epoch 4/20
158/158 - 5s - 33ms/step - accuracy: 0.7355 - ce: 0.5301 - loss: 0.5479 - val_accuracy: 0.6532 - val_ce: 0.6876 - val_loss: 0.7044 - learning_rate: 5.0000e-05
Epoch 5/20
158/158 - 5s - 33ms/step - accuracy: 0.7625 - ce: 0.4971 - loss: 0.5128 - val_accuracy: 0.6396 - val_ce: 0.6524 - val_loss: 0.6677 - learning_rate: 5.0000e-05
Epoch 6/20
158/158 - 5s - 32ms/step - accuracy: 0.7761 - ce: 0.4602 - loss: 0.4752 - val_accuracy: 0.6779 - val_ce: 0.7049 - val_loss: 0.7190 - learning_rate: 5.0000e-05
Epoch 7/20

Epoch 7: ReduceLROnPlateau reducing learning rate to 2.499999936844688e-05.
158/158 - 5s - 33ms/step - accuracy: 0.8103 - ce: 0.4135 - loss: 0.4269 - val_accuracy: 0.6532 - val_ce: 0.7910 - val_loss: 0.8042 - learning_rate: 5.0000e-05
Epoch 8/20
158/158 - 5s - 32ms/step - accuracy: 0.8576 - ce: 0.3022 - loss: 0.3150 - val_accuracy: 0.6689 - val_ce: 1.0877 - val_loss: 1.1006 - learning_rate: 2.5000e-05
Epoch 9/20

Epoch 9: ReduceLROnPlateau reducing learning rate to 1.249999968422344e-05.
158/158 - 5s - 33ms/step - accuracy: 0.8898 - ce: 0.2420 - loss: 0.2548 - val_accuracy: 0.6419 - val_ce: 1.0854 - val_loss: 1.0980 - learning_rate: 2.5000e-05
Fold 3: accuracy=0.6622  F1(w/m)=0.6554/0.6539  CE=0.5981  epochs=9  

===== Fold 4/5  21:29:02 =====
Class weights (balanced): Human-written=0.973  V4=1.028
Epoch 1/20
158/158 - 17s - 105ms/step - accuracy: 0.5801 - ce: 0.6860 - loss: 0.7295 - val_accuracy: 0.5180 - val_ce: 0.6776 - val_loss: 0.7148 - learning_rate: 1.0000e-04
Epoch 2/20
158/158 - 5s - 33ms/step - accuracy: 0.6509 - ce: 0.6388 - loss: 0.6713 - val_accuracy: 0.6937 - val_ce: 0.5879 - val_loss: 0.6164 - learning_rate: 1.0000e-04
Epoch 3/20
158/158 - 5s - 32ms/step - accuracy: 0.6998 - ce: 0.5816 - loss: 0.6069 - val_accuracy: 0.6689 - val_ce: 0.5937 - val_loss: 0.6164 - learning_rate: 1.0000e-04
Epoch 4/20

Epoch 4: ReduceLROnPlateau reducing learning rate to 4.999999873689376e-05.
158/158 - 5s - 33ms/step - accuracy: 0.7245 - ce: 0.5527 - loss: 0.5727 - val_accuracy: 0.6667 - val_ce: 0.5949 - val_loss: 0.6138 - learning_rate: 1.0000e-04
Epoch 5/20
158/158 - 5s - 33ms/step - accuracy: 0.7765 - ce: 0.4720 - loss: 0.4907 - val_accuracy: 0.7005 - val_ce: 0.6118 - val_loss: 0.6294 - learning_rate: 5.0000e-05
Epoch 6/20

Epoch 6: ReduceLROnPlateau reducing learning rate to 2.499999936844688e-05.
158/158 - 5s - 32ms/step - accuracy: 0.8207 - ce: 0.4154 - loss: 0.4325 - val_accuracy: 0.7230 - val_ce: 0.6181 - val_loss: 0.6346 - learning_rate: 5.0000e-05
Fold 4: accuracy=0.6779  F1(w/m)=0.6777/0.6772  CE=0.6083  epochs=6  

===== Fold 5/5  21:29:50 =====
Class weights (balanced): Human-written=0.973  V4=1.028
Epoch 1/20
158/158 - 15s - 98ms/step - accuracy: 0.5722 - ce: 0.7088 - loss: 0.7545 - val_accuracy: 0.5180 - val_ce: 0.7122 - val_loss: 0.7514 - learning_rate: 1.0000e-04
Epoch 2/20
158/158 - 5s - 33ms/step - accuracy: 0.6505 - ce: 0.6363 - loss: 0.6711 - val_accuracy: 0.6014 - val_ce: 0.6459 - val_loss: 0.6761 - learning_rate: 1.0000e-04
Epoch 3/20
158/158 - 5s - 33ms/step - accuracy: 0.6907 - ce: 0.5874 - loss: 0.6151 - val_accuracy: 0.6239 - val_ce: 0.6537 - val_loss: 0.6782 - learning_rate: 1.0000e-04
Epoch 4/20

Epoch 4: ReduceLROnPlateau reducing learning rate to 4.999999873689376e-05.
158/158 - 5s - 33ms/step - accuracy: 0.7264 - ce: 0.5515 - loss: 0.5741 - val_accuracy: 0.6216 - val_ce: 0.6458 - val_loss: 0.6668 - learning_rate: 1.0000e-04
Epoch 5/20
158/158 - 5s - 32ms/step - accuracy: 0.7738 - ce: 0.4750 - loss: 0.4950 - val_accuracy: 0.6284 - val_ce: 0.7076 - val_loss: 0.7271 - learning_rate: 5.0000e-05
Epoch 6/20

Epoch 6: ReduceLROnPlateau reducing learning rate to 2.499999936844688e-05.
158/158 - 5s - 33ms/step - accuracy: 0.7913 - ce: 0.4308 - loss: 0.4491 - val_accuracy: 0.6644 - val_ce: 0.7161 - val_loss: 0.7344 - learning_rate: 5.0000e-05
Epoch 7/20
158/158 - 5s - 32ms/step - accuracy: 0.8497 - ce: 0.3356 - loss: 0.3532 - val_accuracy: 0.6419 - val_ce: 0.9874 - val_loss: 1.0052 - learning_rate: 2.5000e-05
Epoch 8/20

Epoch 8: ReduceLROnPlateau reducing learning rate to 1.249999968422344e-05.
158/158 - 5s - 33ms/step - accuracy: 0.8863 - ce: 0.2815 - loss: 0.2985 - val_accuracy: 0.6599 - val_ce: 1.3639 - val_loss: 1.3812 - learning_rate: 2.5000e-05
Fold 5: accuracy=0.6428  F1(w/m)=0.6403/0.6411  CE=0.6142  epochs=8  

CV mean ± std:
  accuracy               0.6668 ± 0.0156
  balanced_accuracy      0.6659 ± 0.0144
  mcc                    0.3363 ± 0.0272
  cross_entropy          0.6137 ± 0.0142
  roc_auc                0.7410 ± 0.0135
  precision_macro        0.6704 ± 0.0133
  recall_macro           0.6659 ± 0.0144
  f1_macro               0.6641 ± 0.0164
  precision_micro        0.6668 ± 0.0156
  recall_micro           0.6668 ± 0.0156
  f1_micro               0.6668 ± 0.0156
  precision_weighted     0.6704 ± 0.0127
  recall_weighted        0.6668 ± 0.0156
  f1_weighted            0.6646 ± 0.0167

===== Final training  21:30:47 =====
Class weights (balanced): Human-written=0.973  V4=1.028
Epoch 1/20
191/191 - 20s - 104ms/step - accuracy: 0.5695 - ce: 0.7022 - loss: 0.7436 - val_accuracy: 0.5804 - val_ce: 0.6737 - val_loss: 0.7081 - learning_rate: 1.0000e-04
Epoch 2/20
191/191 - 6s - 33ms/step - accuracy: 0.6440 - ce: 0.6367 - loss: 0.6645 - val_accuracy: 0.6738 - val_ce: 0.5996 - val_loss: 0.6225 - learning_rate: 1.0000e-04
Epoch 3/20
191/191 - 6s - 33ms/step - accuracy: 0.6995 - ce: 0.5871 - loss: 0.6068 - val_accuracy: 0.6217 - val_ce: 0.7180 - val_loss: 0.7345 - learning_rate: 1.0000e-04
Epoch 4/20

Epoch 4: ReduceLROnPlateau reducing learning rate to 4.999999873689376e-05.
191/191 - 6s - 33ms/step - accuracy: 0.7182 - ce: 0.5558 - loss: 0.5703 - val_accuracy: 0.6830 - val_ce: 0.6018 - val_loss: 0.6151 - learning_rate: 1.0000e-04
Epoch 5/20
191/191 - 6s - 33ms/step - accuracy: 0.7501 - ce: 0.4887 - loss: 0.5013 - val_accuracy: 0.6907 - val_ce: 0.6370 - val_loss: 0.6491 - learning_rate: 5.0000e-05
Epoch 6/20

Epoch 6: ReduceLROnPlateau reducing learning rate to 2.499999936844688e-05.
191/191 - 6s - 33ms/step - accuracy: 0.7898 - ce: 0.4433 - loss: 0.4551 - val_accuracy: 0.7075 - val_ce: 0.6681 - val_loss: 0.6793 - learning_rate: 5.0000e-05
               precision    recall  f1-score   support

Human-written     0.7281    0.6935    0.7104       336
           V4     0.6907    0.7256    0.7077       317

     accuracy                         0.7090       653
    macro avg     0.7094    0.7095    0.7090       653
 weighted avg     0.7100    0.7090    0.7091       653

Class distribution all  : {'Human-written': 2236, 'V4': 2115}  ratio {'Human-written': 0.5139, 'V4': 0.4861}
Class distribution train: {'Human-written': 1564, 'V4': 1481}  ratio {'Human-written': 0.5136, 'V4': 0.4864}
Class distribution val  : {'Human-written': 336, 'V4': 317}  ratio {'Human-written': 0.5145, 'V4': 0.4855}
Class distribution test : {'Human-written': 336, 'V4': 317}  ratio {'Human-written': 0.5145, 'V4': 0.4855}

subdataset12_screenshot_human_vs_v4_snippet_cv  VGG19 (tanh, dropout 0.2, lr 0.0001)
CV mean    acc=0.6668  F1 w/m/micro=0.6646/0.6641/0.6668  P_w=0.6704  R_w=0.6668  CE=0.6137  AUC=0.7410  MCC=0.3363
VALIDATION acc=0.6738  F1 w/m/micro=0.6737/0.6738/0.6738  P_w=0.6753  R_w=0.6738  CE=0.5996  AUC=0.7404  MCC=0.3493
TEST       acc=0.7090  F1 w/m/micro=0.7091/0.7090/0.7090  P_w=0.7100  R_w=0.7090  CE=0.5792  AUC=0.7745  MCC=0.4189
TEST 95% CI: accuracy=[0.6723, 0.7397]  f1_weighted=[0.6723, 0.7399]  f1_macro=[0.6722, 0.7397]  mcc=[0.3488, 0.4816]  balanced_accuracy=[0.6740, 0.7408]
Outputs: Experiments/subdataset12/Snippet-Level Split/results/subdataset12_screenshot_human_vs_v4_snippet_cv
2026-10-02 21:31:51 FINISHED
