
====================================================================================================
2026-10-03 06:23:44  subdataset15_graph_human_vs_v5_snippet_cv  (config hash b902cd00399d)
Data    : Data/Subdataset_15
Classes : ['Human-written', 'V5']   Split: Snippet-Level Split
Model   : VGG19  activation=relu  dropout=0.1  lr=0.0001  trained=base from block5_* on  preprocessing=caffe  L2=0.0001
Training: at most 20 epochs, early stopping val_ce patience 4, batch 16, 320x320 (no cropping), mixed precision True
Output  : Experiments/subdataset15/Snippet-Level Split/results/subdataset15_graph_human_vs_v5_snippet_cv
Human-written (label 0): 1482 images
V5  (label 1): 1584 images
Total 3066 images
Train     :  2146 (70.0%)  Human-written=1038 V5=1108
Validation:   460 (15.0%)  Human-written=222 V5=238
Test      :   460 (15.0%)  Human-written=222 V5=238
Fold 1: train=2084 (Human-written=1008 V5=1076)  evaluation=522 (Human-written=252 V5=270)
Fold 2: train=2085 (Human-written=1008 V5=1077)  evaluation=521 (Human-written=252 V5=269)
Fold 3: train=2085 (Human-written=1008 V5=1077)  evaluation=521 (Human-written=252 V5=269)
Fold 4: train=2085 (Human-written=1008 V5=1077)  evaluation=521 (Human-written=252 V5=269)
Fold 5: train=2085 (Human-written=1008 V5=1077)  evaluation=521 (Human-written=252 V5=269)
Leakage check PASSED.
TensorFlow 2.20.0 | GPU: [PhysicalDevice(name='/physical_device:GPU:0', device_type='GPU')]
Mixed precision: mixed_float16 (output layer float32)
Images loaded: 3066, 0.9 GB, 4 s

===== Fold 1/5  06:23:52 =====
Class weights (balanced): Human-written=1.033  V5=0.969
Model: base 22 layers, trained base layers 5 (first: block5_conv1); trained parameters 9,702,401 / 20,287,553
Epoch 1/20
111/111 - 21s - 187ms/step - accuracy: 0.4992 - ce: 0.7362 - loss: 0.7819 - val_accuracy: 0.4696 - val_ce: 0.6835 - val_loss: 0.7261 - learning_rate: 1.0000e-04
Epoch 2/20
111/111 - 4s - 34ms/step - accuracy: 0.5579 - ce: 0.7264 - loss: 0.7659 - val_accuracy: 0.4824 - val_ce: 0.6861 - val_loss: 0.7216 - learning_rate: 1.0000e-04
Epoch 3/20

Epoch 3: ReduceLROnPlateau reducing learning rate to 4.999999873689376e-05.
111/111 - 4s - 34ms/step - accuracy: 0.5223 - ce: 0.7084 - loss: 0.7396 - val_accuracy: 0.5176 - val_ce: 0.6927 - val_loss: 0.7224 - learning_rate: 1.0000e-04
Epoch 4/20
111/111 - 4s - 33ms/step - accuracy: 0.5161 - ce: 0.6929 - loss: 0.7216 - val_accuracy: 0.5176 - val_ce: 0.6928 - val_loss: 0.7198 - learning_rate: 5.0000e-05
Epoch 5/20

Epoch 5: ReduceLROnPlateau reducing learning rate to 2.499999936844688e-05.
111/111 - 4s - 33ms/step - accuracy: 0.5025 - ce: 0.6931 - loss: 0.7191 - val_accuracy: 0.5176 - val_ce: 0.6928 - val_loss: 0.7174 - learning_rate: 5.0000e-05
COLLAPSE: 96% of the validation predictions are in one class -> training is repeated once with lr 1e-05
Epoch 1/20
111/111 - 14s - 125ms/step - accuracy: 0.5438 - ce: 0.7450 - loss: 0.7964 - val_accuracy: 0.5942 - val_ce: 0.6608 - val_loss: 0.7117 - learning_rate: 1.0000e-05
Epoch 2/20
111/111 - 4s - 33ms/step - accuracy: 0.6635 - ce: 0.6104 - loss: 0.6614 - val_accuracy: 0.5942 - val_ce: 0.6761 - val_loss: 0.7268 - learning_rate: 1.0000e-05
Epoch 3/20

Epoch 3: ReduceLROnPlateau reducing learning rate to 4.999999873689376e-06.
111/111 - 4s - 33ms/step - accuracy: 0.7284 - ce: 0.5209 - loss: 0.5716 - val_accuracy: 0.5974 - val_ce: 0.7120 - val_loss: 0.7624 - learning_rate: 1.0000e-05
Epoch 4/20
111/111 - 4s - 34ms/step - accuracy: 0.8154 - ce: 0.4155 - loss: 0.4658 - val_accuracy: 0.6581 - val_ce: 0.6574 - val_loss: 0.7078 - learning_rate: 5.0000e-06
Epoch 5/20
111/111 - 4s - 33ms/step - accuracy: 0.8645 - ce: 0.3593 - loss: 0.4099 - val_accuracy: 0.6486 - val_ce: 0.6788 - val_loss: 0.7291 - learning_rate: 5.0000e-06
Epoch 6/20

Epoch 6: ReduceLROnPlateau reducing learning rate to 2.499999936844688e-06.
111/111 - 4s - 33ms/step - accuracy: 0.8859 - ce: 0.3072 - loss: 0.3579 - val_accuracy: 0.6581 - val_ce: 0.6735 - val_loss: 0.7237 - learning_rate: 5.0000e-06
Epoch 7/20
111/111 - 4s - 33ms/step - accuracy: 0.9260 - ce: 0.2444 - loss: 0.2943 - val_accuracy: 0.6741 - val_ce: 0.7039 - val_loss: 0.7542 - learning_rate: 2.5000e-06
Epoch 8/20

Epoch 8: ReduceLROnPlateau reducing learning rate to 1.249999968422344e-06.
111/111 - 4s - 34ms/step - accuracy: 0.9401 - ce: 0.2175 - loss: 0.2680 - val_accuracy: 0.6709 - val_ce: 0.7187 - val_loss: 0.7688 - learning_rate: 2.5000e-06
Fold 1: accuracy=0.6360  F1(w/m)=0.6332/0.6341  CE=0.6814  epochs=8  

===== Fold 2/5  06:25:19 =====
Class weights (balanced): Human-written=1.034  V5=0.968
Epoch 1/20
111/111 - 16s - 145ms/step - accuracy: 0.5158 - ce: 0.7409 - loss: 0.7864 - val_accuracy: 0.4824 - val_ce: 0.6935 - val_loss: 0.7348 - learning_rate: 1.0000e-04
Epoch 2/20
111/111 - 4s - 34ms/step - accuracy: 0.5062 - ce: 0.6938 - loss: 0.7300 - val_accuracy: 0.5176 - val_ce: 0.6929 - val_loss: 0.7246 - learning_rate: 1.0000e-04
Epoch 3/20
111/111 - 4s - 34ms/step - accuracy: 0.5158 - ce: 0.6930 - loss: 0.7214 - val_accuracy: 0.5176 - val_ce: 0.6929 - val_loss: 0.7179 - learning_rate: 1.0000e-04
Epoch 4/20

Epoch 4: ReduceLROnPlateau reducing learning rate to 4.999999873689376e-05.
111/111 - 4s - 34ms/step - accuracy: 0.5164 - ce: 0.6930 - loss: 0.7156 - val_accuracy: 0.5176 - val_ce: 0.6929 - val_loss: 0.7130 - learning_rate: 1.0000e-04
Epoch 5/20
111/111 - 4s - 33ms/step - accuracy: 0.5164 - ce: 0.6930 - loss: 0.7123 - val_accuracy: 0.5176 - val_ce: 0.6930 - val_loss: 0.7111 - learning_rate: 5.0000e-05
Epoch 6/20

Epoch 6: ReduceLROnPlateau reducing learning rate to 2.499999936844688e-05.
111/111 - 4s - 33ms/step - accuracy: 0.5164 - ce: 0.6930 - loss: 0.7104 - val_accuracy: 0.5176 - val_ce: 0.6930 - val_loss: 0.7094 - learning_rate: 5.0000e-05
COLLAPSE: 100% of the validation predictions are in one class -> training is repeated once with lr 1e-05
Epoch 1/20
111/111 - 14s - 126ms/step - accuracy: 0.5728 - ce: 0.7165 - loss: 0.7674 - val_accuracy: 0.6965 - val_ce: 0.6332 - val_loss: 0.6840 - learning_rate: 1.0000e-05
Epoch 2/20
111/111 - 4s - 34ms/step - accuracy: 0.6699 - ce: 0.6024 - loss: 0.6544 - val_accuracy: 0.6837 - val_ce: 0.6193 - val_loss: 0.6698 - learning_rate: 1.0000e-05
Epoch 3/20
111/111 - 4s - 34ms/step - accuracy: 0.7500 - ce: 0.5177 - loss: 0.5681 - val_accuracy: 0.6741 - val_ce: 0.6346 - val_loss: 0.6848 - learning_rate: 1.0000e-05
Epoch 4/20

Epoch 4: ReduceLROnPlateau reducing learning rate to 4.999999873689376e-06.
111/111 - 4s - 33ms/step - accuracy: 0.8036 - ce: 0.4264 - loss: 0.4770 - val_accuracy: 0.6837 - val_ce: 0.6393 - val_loss: 0.6893 - learning_rate: 1.0000e-05
Epoch 5/20
111/111 - 4s - 34ms/step - accuracy: 0.8770 - ce: 0.3201 - loss: 0.3698 - val_accuracy: 0.6837 - val_ce: 0.6644 - val_loss: 0.7142 - learning_rate: 5.0000e-06
Epoch 6/20

Epoch 6: ReduceLROnPlateau reducing learning rate to 2.499999936844688e-06.
111/111 - 4s - 33ms/step - accuracy: 0.9103 - ce: 0.2601 - loss: 0.3100 - val_accuracy: 0.6709 - val_ce: 0.7243 - val_loss: 0.7741 - learning_rate: 5.0000e-06
Fold 2: accuracy=0.6180  F1(w/m)=0.6075/0.6052  CE=0.6915  epochs=6  

===== Fold 3/5  06:26:35 =====
Class weights (balanced): Human-written=1.034  V5=0.968
Epoch 1/20
111/111 - 14s - 126ms/step - accuracy: 0.5017 - ce: 0.7411 - loss: 0.7878 - val_accuracy: 0.5272 - val_ce: 0.6904 - val_loss: 0.7322 - learning_rate: 1.0000e-04
Epoch 2/20
111/111 - 4s - 34ms/step - accuracy: 0.5226 - ce: 0.6867 - loss: 0.7234 - val_accuracy: 0.5208 - val_ce: 0.6926 - val_loss: 0.7258 - learning_rate: 1.0000e-04
Epoch 3/20
111/111 - 4s - 34ms/step - accuracy: 0.5423 - ce: 0.6870 - loss: 0.7163 - val_accuracy: 0.5559 - val_ce: 0.6898 - val_loss: 0.7167 - learning_rate: 1.0000e-04
Epoch 4/20
111/111 - 4s - 34ms/step - accuracy: 0.5401 - ce: 0.6907 - loss: 0.7140 - val_accuracy: 0.5399 - val_ce: 0.6898 - val_loss: 0.7121 - learning_rate: 1.0000e-04
Epoch 5/20

Epoch 5: ReduceLROnPlateau reducing learning rate to 4.999999873689376e-05.
111/111 - 4s - 34ms/step - accuracy: 0.5463 - ce: 0.6837 - loss: 0.7034 - val_accuracy: 0.5176 - val_ce: 0.6965 - val_loss: 0.7154 - learning_rate: 1.0000e-04
Epoch 6/20
111/111 - 4s - 33ms/step - accuracy: 0.5666 - ce: 0.6778 - loss: 0.6948 - val_accuracy: 0.5176 - val_ce: 0.6904 - val_loss: 0.7078 - learning_rate: 5.0000e-05
Epoch 7/20

Epoch 7: ReduceLROnPlateau reducing learning rate to 2.499999936844688e-05.
111/111 - 4s - 33ms/step - accuracy: 0.5683 - ce: 0.6752 - loss: 0.6909 - val_accuracy: 0.5272 - val_ce: 0.6925 - val_loss: 0.7086 - learning_rate: 5.0000e-05
Epoch 8/20
111/111 - 4s - 33ms/step - accuracy: 0.5767 - ce: 0.6702 - loss: 0.6849 - val_accuracy: 0.4952 - val_ce: 0.7123 - val_loss: 0.7278 - learning_rate: 2.5000e-05
Fold 3: accuracy=0.5298  F1(w/m)=0.4377/0.4299  CE=0.6973  epochs=8  

===== Fold 4/5  06:27:20 =====
Class weights (balanced): Human-written=1.034  V5=0.968
Epoch 1/20
111/111 - 14s - 126ms/step - accuracy: 0.5322 - ce: 0.7451 - loss: 0.7908 - val_accuracy: 0.5208 - val_ce: 0.6924 - val_loss: 0.7341 - learning_rate: 1.0000e-04
Epoch 2/20
111/111 - 4s - 33ms/step - accuracy: 0.5045 - ce: 0.6960 - loss: 0.7320 - val_accuracy: 0.5112 - val_ce: 0.6930 - val_loss: 0.7256 - learning_rate: 1.0000e-04
Epoch 3/20

Epoch 3: ReduceLROnPlateau reducing learning rate to 4.999999873689376e-05.
111/111 - 4s - 34ms/step - accuracy: 0.5107 - ce: 0.6935 - loss: 0.7228 - val_accuracy: 0.5176 - val_ce: 0.6929 - val_loss: 0.7188 - learning_rate: 1.0000e-04
Epoch 4/20
111/111 - 4s - 34ms/step - accuracy: 0.5124 - ce: 0.6930 - loss: 0.7176 - val_accuracy: 0.5176 - val_ce: 0.6930 - val_loss: 0.7161 - learning_rate: 5.0000e-05
Epoch 5/20

Epoch 5: ReduceLROnPlateau reducing learning rate to 2.499999936844688e-05.
111/111 - 4s - 33ms/step - accuracy: 0.5198 - ce: 0.6930 - loss: 0.7145 - val_accuracy: 0.5176 - val_ce: 0.6929 - val_loss: 0.7137 - learning_rate: 5.0000e-05
COLLAPSE: 100% of the validation predictions are in one class -> training is repeated once with lr 1e-05
Epoch 1/20
111/111 - 14s - 127ms/step - accuracy: 0.5801 - ce: 0.7219 - loss: 0.7744 - val_accuracy: 0.5687 - val_ce: 0.6659 - val_loss: 0.7166 - learning_rate: 1.0000e-05
Epoch 2/20
111/111 - 4s - 35ms/step - accuracy: 0.6495 - ce: 0.6329 - loss: 0.6840 - val_accuracy: 0.6198 - val_ce: 0.6600 - val_loss: 0.7104 - learning_rate: 1.0000e-05
Epoch 3/20
111/111 - 4s - 33ms/step - accuracy: 0.7269 - ce: 0.5522 - loss: 0.6025 - val_accuracy: 0.6358 - val_ce: 0.6688 - val_loss: 0.7189 - learning_rate: 1.0000e-05
Epoch 4/20

Epoch 4: ReduceLROnPlateau reducing learning rate to 4.999999873689376e-06.
111/111 - 4s - 33ms/step - accuracy: 0.7635 - ce: 0.4778 - loss: 0.5280 - val_accuracy: 0.6038 - val_ce: 0.6958 - val_loss: 0.7455 - learning_rate: 1.0000e-05
Epoch 5/20
111/111 - 4s - 34ms/step - accuracy: 0.8567 - ce: 0.3777 - loss: 0.4275 - val_accuracy: 0.6358 - val_ce: 0.6966 - val_loss: 0.7463 - learning_rate: 5.0000e-06
Epoch 6/20

Epoch 6: ReduceLROnPlateau reducing learning rate to 2.499999936844688e-06.
111/111 - 4s - 33ms/step - accuracy: 0.8804 - ce: 0.3255 - loss: 0.3752 - val_accuracy: 0.6262 - val_ce: 0.7543 - val_loss: 0.8038 - learning_rate: 5.0000e-06
Fold 4: accuracy=0.6449  F1(w/m)=0.6448/0.6443  CE=0.6298  epochs=6  

===== Fold 5/5  06:28:30 =====
Class weights (balanced): Human-written=1.034  V5=0.968
Epoch 1/20
111/111 - 14s - 127ms/step - accuracy: 0.5350 - ce: 0.7372 - loss: 0.7878 - val_accuracy: 0.5815 - val_ce: 0.6858 - val_loss: 0.7318 - learning_rate: 1.0000e-04
Epoch 2/20
111/111 - 4s - 34ms/step - accuracy: 0.4983 - ce: 0.6945 - loss: 0.7371 - val_accuracy: 0.4824 - val_ce: 0.6693 - val_loss: 0.7079 - learning_rate: 1.0000e-04
Epoch 3/20
111/111 - 4s - 33ms/step - accuracy: 0.5209 - ce: 0.6893 - loss: 0.7238 - val_accuracy: 0.5272 - val_ce: 0.6924 - val_loss: 0.7258 - learning_rate: 1.0000e-04
Epoch 4/20

Epoch 4: ReduceLROnPlateau reducing learning rate to 4.999999873689376e-05.
111/111 - 4s - 33ms/step - accuracy: 0.5243 - ce: 0.6928 - loss: 0.7240 - val_accuracy: 0.5272 - val_ce: 0.6928 - val_loss: 0.7219 - learning_rate: 1.0000e-04
Epoch 5/20
111/111 - 4s - 34ms/step - accuracy: 0.5350 - ce: 0.6917 - loss: 0.7196 - val_accuracy: 0.4824 - val_ce: 0.6825 - val_loss: 0.7098 - learning_rate: 5.0000e-05
Epoch 6/20
111/111 - 4s - 34ms/step - accuracy: 0.5621 - ce: 0.6855 - loss: 0.7113 - val_accuracy: 0.6230 - val_ce: 0.6581 - val_loss: 0.6838 - learning_rate: 5.0000e-05
Epoch 7/20
111/111 - 4s - 34ms/step - accuracy: 0.5705 - ce: 0.6758 - loss: 0.6997 - val_accuracy: 0.6422 - val_ce: 0.6440 - val_loss: 0.6682 - learning_rate: 5.0000e-05
Epoch 8/20
111/111 - 4s - 34ms/step - accuracy: 0.5875 - ce: 0.6677 - loss: 0.6911 - val_accuracy: 0.6454 - val_ce: 0.6365 - val_loss: 0.6593 - learning_rate: 5.0000e-05
Epoch 9/20
111/111 - 4s - 34ms/step - accuracy: 0.6106 - ce: 0.6629 - loss: 0.6852 - val_accuracy: 0.5942 - val_ce: 0.6524 - val_loss: 0.6740 - learning_rate: 5.0000e-05
Epoch 10/20
111/111 - 4s - 34ms/step - accuracy: 0.6535 - ce: 0.6298 - loss: 0.6513 - val_accuracy: 0.6645 - val_ce: 0.5964 - val_loss: 0.6173 - learning_rate: 5.0000e-05
Epoch 11/20
111/111 - 4s - 34ms/step - accuracy: 0.7020 - ce: 0.5789 - loss: 0.5989 - val_accuracy: 0.6709 - val_ce: 0.6118 - val_loss: 0.6319 - learning_rate: 5.0000e-05
Epoch 12/20

Epoch 12: ReduceLROnPlateau reducing learning rate to 2.499999936844688e-05.
111/111 - 4s - 34ms/step - accuracy: 0.7720 - ce: 0.4796 - loss: 0.5001 - val_accuracy: 0.6454 - val_ce: 0.6501 - val_loss: 0.6696 - learning_rate: 5.0000e-05
Epoch 13/20
111/111 - 4s - 33ms/step - accuracy: 0.8747 - ce: 0.2932 - loss: 0.3129 - val_accuracy: 0.6677 - val_ce: 0.7481 - val_loss: 0.7673 - learning_rate: 2.5000e-05
Epoch 14/20

Epoch 14: ReduceLROnPlateau reducing learning rate to 1.249999968422344e-05.
111/111 - 4s - 33ms/step - accuracy: 0.9362 - ce: 0.1572 - loss: 0.1763 - val_accuracy: 0.6965 - val_ce: 1.1316 - val_loss: 1.1504 - learning_rate: 2.5000e-05
Fold 5: accuracy=0.5931  F1(w/m)=0.5739/0.5707  CE=0.6851  epochs=14  

CV mean ± std:
  accuracy               0.6044 ± 0.0462
  balanced_accuracy      0.5998 ± 0.0520
  mcc                    0.2114 ± 0.0954
  cross_entropy          0.6770 ± 0.0271
  roc_auc                0.6420 ± 0.0718
  precision_macro        0.6133 ± 0.0404
  recall_macro           0.5998 ± 0.0520
  f1_macro               0.5768 ± 0.0870
  precision_micro        0.6044 ± 0.0462
  recall_micro           0.6044 ± 0.0462
  f1_micro               0.6044 ± 0.0462
  precision_weighted     0.6132 ± 0.0410
  recall_weighted        0.6044 ± 0.0462
  f1_weighted            0.5794 ± 0.0837

===== Final training  06:29:38 =====
Class weights (balanced): Human-written=1.034  V5=0.968
Epoch 1/20
135/135 - 16s - 117ms/step - accuracy: 0.5349 - ce: 0.7321 - loss: 0.7769 - val_accuracy: 0.4891 - val_ce: 0.6943 - val_loss: 0.7352 - learning_rate: 1.0000e-04
Epoch 2/20
135/135 - 5s - 33ms/step - accuracy: 0.5191 - ce: 0.6935 - loss: 0.7296 - val_accuracy: 0.4804 - val_ce: 0.7028 - val_loss: 0.7343 - learning_rate: 1.0000e-04
Epoch 3/20
135/135 - 5s - 34ms/step - accuracy: 0.5266 - ce: 0.6942 - loss: 0.7219 - val_accuracy: 0.5261 - val_ce: 0.6904 - val_loss: 0.7152 - learning_rate: 1.0000e-04
Epoch 4/20
135/135 - 4s - 33ms/step - accuracy: 0.5419 - ce: 0.7155 - loss: 0.7361 - val_accuracy: 0.5478 - val_ce: 0.6925 - val_loss: 0.7127 - learning_rate: 1.0000e-04
Epoch 5/20
135/135 - 5s - 34ms/step - accuracy: 0.5573 - ce: 0.6851 - loss: 0.7029 - val_accuracy: 0.5478 - val_ce: 0.6882 - val_loss: 0.7053 - learning_rate: 1.0000e-04
Epoch 6/20
135/135 - 5s - 33ms/step - accuracy: 0.5694 - ce: 0.6786 - loss: 0.6935 - val_accuracy: 0.5304 - val_ce: 0.6916 - val_loss: 0.7062 - learning_rate: 1.0000e-04
Epoch 7/20

Epoch 7: ReduceLROnPlateau reducing learning rate to 4.999999873689376e-05.
135/135 - 4s - 33ms/step - accuracy: 0.5899 - ce: 0.6685 - loss: 0.6808 - val_accuracy: 0.5478 - val_ce: 0.7011 - val_loss: 0.7139 - learning_rate: 1.0000e-04
Epoch 8/20
135/135 - 4s - 33ms/step - accuracy: 0.5974 - ce: 0.6538 - loss: 0.6653 - val_accuracy: 0.5370 - val_ce: 0.7766 - val_loss: 0.7886 - learning_rate: 5.0000e-05
Epoch 9/20

Epoch 9: ReduceLROnPlateau reducing learning rate to 2.499999936844688e-05.
135/135 - 5s - 33ms/step - accuracy: 0.6179 - ce: 0.6440 - loss: 0.6538 - val_accuracy: 0.5522 - val_ce: 0.7687 - val_loss: 0.7800 - learning_rate: 5.0000e-05
               precision    recall  f1-score   support

Human-written     0.5862    0.0766    0.1355       222
           V5     0.5244    0.9496    0.6756       238

     accuracy                         0.5283       460
    macro avg     0.5553    0.5131    0.4055       460
 weighted avg     0.5542    0.5283    0.4149       460

Class distribution all  : {'Human-written': 1482, 'V5': 1584}  ratio {'Human-written': 0.4834, 'V5': 0.5166}
Class distribution train: {'Human-written': 1038, 'V5': 1108}  ratio {'Human-written': 0.4837, 'V5': 0.5163}
Class distribution val  : {'Human-written': 222, 'V5': 238}  ratio {'Human-written': 0.4826, 'V5': 0.5174}
Class distribution test : {'Human-written': 222, 'V5': 238}  ratio {'Human-written': 0.4826, 'V5': 0.5174}

subdataset15_graph_human_vs_v5_snippet_cv  VGG19 (relu, dropout 0.1, lr 0.0001)
CV mean    acc=0.6044  F1 w/m/micro=0.5794/0.5768/0.6044  P_w=0.6132  R_w=0.6044  CE=0.6770  AUC=0.6420  MCC=0.2114
VALIDATION acc=0.5478  F1 w/m/micro=0.4533/0.4450/0.5478  P_w=0.6029  R_w=0.5478  CE=0.6882  AUC=0.5278  MCC=0.1188
TEST       acc=0.5283  F1 w/m/micro=0.4149/0.4055/0.5283  P_w=0.5542  R_w=0.5283  CE=0.7015  AUC=0.5117  MCC=0.0538
TEST 95% CI: accuracy=[0.4826, 0.5740]  f1_weighted=[0.3596, 0.4706]  f1_macro=[0.3668, 0.4479]  mcc=[-0.0379, 0.1417]  balanced_accuracy=[0.4908, 0.5360]
Outputs: Experiments/subdataset15/Snippet-Level Split/results/subdataset15_graph_human_vs_v5_snippet_cv
2026-10-03 06:30:42 FINISHED
