
====================================================================================================
2026-10-02 20:57:14  subdataset10_screenshot_human_vs_v1_snippet_cv  (config hash 582585199f4a)
Data    : Data/Subdataset_10
Classes : ['Human-written', 'V1']   Split: Snippet-Level Split
Model   : VGG19  activation=sigmoid  dropout=0.1  lr=0.0001  trained=base from block5_* on  preprocessing=caffe  L2=0.0001
Training: at most 20 epochs, early stopping val_ce patience 4, batch 16, 320x320 (no cropping), mixed precision True
Output  : Experiments/subdataset10/Snippet-Level Split/results/subdataset10_screenshot_human_vs_v1_snippet_cv
Human-written (label 0): 2234 images
V1  (label 1): 2513 images
Total 4747 images
Train     :  3322 (70.0%)  Human-written=1563 V1=1759
Validation:   712 (15.0%)  Human-written=335 V1=377
Test      :   713 (15.0%)  Human-written=336 V1=377
Fold 1: train=3227 (Human-written=1519 V1=1708)  evaluation=807 (Human-written=379 V1=428)
Fold 2: train=3227 (Human-written=1518 V1=1709)  evaluation=807 (Human-written=380 V1=427)
Fold 3: train=3227 (Human-written=1518 V1=1709)  evaluation=807 (Human-written=380 V1=427)
Fold 4: train=3227 (Human-written=1518 V1=1709)  evaluation=807 (Human-written=380 V1=427)
Fold 5: train=3228 (Human-written=1519 V1=1709)  evaluation=806 (Human-written=379 V1=427)
Leakage check PASSED.
TensorFlow 2.20.0 | GPU: [PhysicalDevice(name='/physical_device:GPU:0', device_type='GPU')]
Mixed precision: mixed_float16 (output layer float32)
Images loaded: 4747, 1.5 GB, 20 s

===== Fold 1/5  20:57:38 =====
Class weights (balanced): Human-written=1.062  V1=0.945
Model: base 22 layers, trained base layers 5 (first: block5_conv1); trained parameters 9,702,401 / 20,287,553
Epoch 1/20
172/172 - 51s - 299ms/step - accuracy: 0.5255 - ce: 0.6997 - loss: 0.7435 - val_accuracy: 0.6082 - val_ce: 0.6746 - val_loss: 0.7105 - learning_rate: 1.0000e-04
Epoch 2/20
172/172 - 17s - 100ms/step - accuracy: 0.6047 - ce: 0.6620 - loss: 0.6936 - val_accuracy: 0.5835 - val_ce: 0.6684 - val_loss: 0.6945 - learning_rate: 1.0000e-04
Epoch 3/20
172/172 - 17s - 99ms/step - accuracy: 0.6426 - ce: 0.6361 - loss: 0.6603 - val_accuracy: 0.5794 - val_ce: 0.7675 - val_loss: 0.7878 - learning_rate: 1.0000e-04
Epoch 4/20
172/172 - 17s - 99ms/step - accuracy: 0.6769 - ce: 0.6090 - loss: 0.6267 - val_accuracy: 0.6784 - val_ce: 0.5925 - val_loss: 0.6094 - learning_rate: 1.0000e-04
Epoch 5/20
172/172 - 17s - 99ms/step - accuracy: 0.7068 - ce: 0.5713 - loss: 0.5881 - val_accuracy: 0.6845 - val_ce: 0.6093 - val_loss: 0.6240 - learning_rate: 1.0000e-04
Epoch 6/20

Epoch 6: ReduceLROnPlateau reducing learning rate to 4.999999873689376e-05.
172/172 - 17s - 99ms/step - accuracy: 0.7454 - ce: 0.5117 - loss: 0.5259 - val_accuracy: 0.7031 - val_ce: 0.5986 - val_loss: 0.6117 - learning_rate: 1.0000e-04
Epoch 7/20
172/172 - 17s - 99ms/step - accuracy: 0.8016 - ce: 0.4339 - loss: 0.4462 - val_accuracy: 0.7113 - val_ce: 0.6036 - val_loss: 0.6161 - learning_rate: 5.0000e-05
Epoch 8/20

Epoch 8: ReduceLROnPlateau reducing learning rate to 2.499999936844688e-05.
172/172 - 17s - 99ms/step - accuracy: 0.8414 - ce: 0.3695 - loss: 0.3818 - val_accuracy: 0.6948 - val_ce: 0.7125 - val_loss: 0.7245 - learning_rate: 5.0000e-05
Fold 1: accuracy=0.6543  F1(w/m)=0.6537/0.6519  CE=0.6293  epochs=8  

===== Fold 2/5  21:00:46 =====
Class weights (balanced): Human-written=1.063  V1=0.944
Epoch 1/20
172/172 - 28s - 165ms/step - accuracy: 0.5102 - ce: 0.7055 - loss: 0.7462 - val_accuracy: 0.4701 - val_ce: 0.7219 - val_loss: 0.7552 - learning_rate: 1.0000e-04
Epoch 2/20
172/172 - 17s - 100ms/step - accuracy: 0.5449 - ce: 0.6929 - loss: 0.7222 - val_accuracy: 0.5072 - val_ce: 0.6977 - val_loss: 0.7205 - learning_rate: 1.0000e-04
Epoch 3/20
172/172 - 17s - 100ms/step - accuracy: 0.6244 - ce: 0.6561 - loss: 0.6766 - val_accuracy: 0.6309 - val_ce: 0.6408 - val_loss: 0.6575 - learning_rate: 1.0000e-04
Epoch 4/20
172/172 - 17s - 99ms/step - accuracy: 0.6572 - ce: 0.6171 - loss: 0.6327 - val_accuracy: 0.6928 - val_ce: 0.6009 - val_loss: 0.6141 - learning_rate: 1.0000e-04
Epoch 5/20
172/172 - 17s - 99ms/step - accuracy: 0.6958 - ce: 0.5794 - loss: 0.5916 - val_accuracy: 0.6000 - val_ce: 0.6441 - val_loss: 0.6551 - learning_rate: 1.0000e-04
Epoch 6/20
172/172 - 17s - 99ms/step - accuracy: 0.7283 - ce: 0.5435 - loss: 0.5547 - val_accuracy: 0.6948 - val_ce: 0.5854 - val_loss: 0.5950 - learning_rate: 1.0000e-04
Epoch 7/20
172/172 - 17s - 99ms/step - accuracy: 0.7651 - ce: 0.4872 - loss: 0.4967 - val_accuracy: 0.6763 - val_ce: 0.6850 - val_loss: 0.6935 - learning_rate: 1.0000e-04
Epoch 8/20

Epoch 8: ReduceLROnPlateau reducing learning rate to 4.999999873689376e-05.
172/172 - 17s - 99ms/step - accuracy: 0.7983 - ce: 0.4354 - loss: 0.4431 - val_accuracy: 0.6577 - val_ce: 0.6428 - val_loss: 0.6506 - learning_rate: 1.0000e-04
Epoch 9/20
172/172 - 17s - 99ms/step - accuracy: 0.8592 - ce: 0.3222 - loss: 0.3300 - val_accuracy: 0.6474 - val_ce: 0.7306 - val_loss: 0.7381 - learning_rate: 5.0000e-05
Epoch 10/20

Epoch 10: ReduceLROnPlateau reducing learning rate to 2.499999936844688e-05.
172/172 - 17s - 99ms/step - accuracy: 0.8884 - ce: 0.2529 - loss: 0.2602 - val_accuracy: 0.6474 - val_ce: 0.9858 - val_loss: 0.9930 - learning_rate: 5.0000e-05
Fold 2: accuracy=0.6741  F1(w/m)=0.6728/0.6709  CE=0.6206  epochs=10  

===== Fold 3/5  21:03:58 =====
Class weights (balanced): Human-written=1.063  V1=0.944
Epoch 1/20
172/172 - 28s - 166ms/step - accuracy: 0.5255 - ce: 0.7120 - loss: 0.7582 - val_accuracy: 0.4722 - val_ce: 0.7055 - val_loss: 0.7483 - learning_rate: 1.0000e-04
Epoch 2/20
172/172 - 17s - 100ms/step - accuracy: 0.5806 - ce: 0.6883 - loss: 0.7271 - val_accuracy: 0.5340 - val_ce: 0.7014 - val_loss: 0.7384 - learning_rate: 1.0000e-04
Epoch 3/20
172/172 - 17s - 100ms/step - accuracy: 0.6123 - ce: 0.6613 - loss: 0.6940 - val_accuracy: 0.6351 - val_ce: 0.6638 - val_loss: 0.6952 - learning_rate: 1.0000e-04
Epoch 4/20
172/172 - 17s - 99ms/step - accuracy: 0.6612 - ce: 0.6297 - loss: 0.6590 - val_accuracy: 0.6186 - val_ce: 0.6904 - val_loss: 0.7173 - learning_rate: 1.0000e-04
Epoch 5/20

Epoch 5: ReduceLROnPlateau reducing learning rate to 4.999999873689376e-05.
172/172 - 17s - 99ms/step - accuracy: 0.6871 - ce: 0.5922 - loss: 0.6171 - val_accuracy: 0.6021 - val_ce: 0.6992 - val_loss: 0.7231 - learning_rate: 1.0000e-04
Epoch 6/20
172/172 - 17s - 99ms/step - accuracy: 0.7498 - ce: 0.5242 - loss: 0.5478 - val_accuracy: 0.6825 - val_ce: 0.6418 - val_loss: 0.6645 - learning_rate: 5.0000e-05
Epoch 7/20
172/172 - 17s - 99ms/step - accuracy: 0.7830 - ce: 0.4621 - loss: 0.4856 - val_accuracy: 0.6598 - val_ce: 0.6796 - val_loss: 0.7011 - learning_rate: 5.0000e-05
Epoch 8/20

Epoch 8: ReduceLROnPlateau reducing learning rate to 2.499999936844688e-05.
172/172 - 17s - 99ms/step - accuracy: 0.8297 - ce: 0.3981 - loss: 0.4190 - val_accuracy: 0.6619 - val_ce: 0.7230 - val_loss: 0.7435 - learning_rate: 5.0000e-05
Epoch 9/20
172/172 - 17s - 99ms/step - accuracy: 0.8837 - ce: 0.2987 - loss: 0.3195 - val_accuracy: 0.6577 - val_ce: 0.8221 - val_loss: 0.8421 - learning_rate: 2.5000e-05
Epoch 10/20

Epoch 10: ReduceLROnPlateau reducing learning rate to 1.249999968422344e-05.
172/172 - 17s - 100ms/step - accuracy: 0.9103 - ce: 0.2292 - loss: 0.2498 - val_accuracy: 0.6495 - val_ce: 1.0397 - val_loss: 1.0592 - learning_rate: 2.5000e-05
Fold 3: accuracy=0.6568  F1(w/m)=0.6570/0.6566  CE=0.6704  epochs=10  

===== Fold 4/5  21:07:11 =====
Class weights (balanced): Human-written=1.063  V1=0.944
Epoch 1/20
172/172 - 28s - 164ms/step - accuracy: 0.5044 - ce: 0.7109 - loss: 0.7535 - val_accuracy: 0.5299 - val_ce: 0.6887 - val_loss: 0.7250 - learning_rate: 1.0000e-04
Epoch 2/20
172/172 - 17s - 100ms/step - accuracy: 0.5467 - ce: 0.6936 - loss: 0.7274 - val_accuracy: 0.6268 - val_ce: 0.6410 - val_loss: 0.6694 - learning_rate: 1.0000e-04
Epoch 3/20
172/172 - 17s - 100ms/step - accuracy: 0.5970 - ce: 0.6611 - loss: 0.6858 - val_accuracy: 0.6660 - val_ce: 0.6181 - val_loss: 0.6407 - learning_rate: 1.0000e-04
Epoch 4/20
172/172 - 17s - 100ms/step - accuracy: 0.6495 - ce: 0.6316 - loss: 0.6536 - val_accuracy: 0.6598 - val_ce: 0.6067 - val_loss: 0.6251 - learning_rate: 1.0000e-04
Epoch 5/20
172/172 - 17s - 99ms/step - accuracy: 0.6904 - ce: 0.5861 - loss: 0.6035 - val_accuracy: 0.6103 - val_ce: 0.7192 - val_loss: 0.7349 - learning_rate: 1.0000e-04
Epoch 6/20

Epoch 6: ReduceLROnPlateau reducing learning rate to 4.999999873689376e-05.
172/172 - 17s - 99ms/step - accuracy: 0.7195 - ce: 0.5453 - loss: 0.5599 - val_accuracy: 0.6701 - val_ce: 0.6199 - val_loss: 0.6338 - learning_rate: 1.0000e-04
Epoch 7/20
172/172 - 17s - 99ms/step - accuracy: 0.7673 - ce: 0.4783 - loss: 0.4913 - val_accuracy: 0.6763 - val_ce: 0.6666 - val_loss: 0.6798 - learning_rate: 5.0000e-05
Epoch 8/20

Epoch 8: ReduceLROnPlateau reducing learning rate to 2.499999936844688e-05.
172/172 - 17s - 99ms/step - accuracy: 0.8034 - ce: 0.4233 - loss: 0.4364 - val_accuracy: 0.6598 - val_ce: 0.6953 - val_loss: 0.7079 - learning_rate: 5.0000e-05
Fold 4: accuracy=0.6753  F1(w/m)=0.6753/0.6742  CE=0.6089  epochs=8  

===== Fold 5/5  21:09:49 =====
Class weights (balanced): Human-written=1.062  V1=0.945
Epoch 1/20
172/172 - 29s - 168ms/step - accuracy: 0.5166 - ce: 0.7103 - loss: 0.7574 - val_accuracy: 0.4680 - val_ce: 0.6961 - val_loss: 0.7356 - learning_rate: 1.0000e-04
Epoch 2/20
172/172 - 17s - 100ms/step - accuracy: 0.5188 - ce: 0.7061 - loss: 0.7429 - val_accuracy: 0.5423 - val_ce: 0.6871 - val_loss: 0.7198 - learning_rate: 1.0000e-04
Epoch 3/20
172/172 - 17s - 100ms/step - accuracy: 0.5778 - ce: 0.6860 - loss: 0.7166 - val_accuracy: 0.5959 - val_ce: 0.6663 - val_loss: 0.6950 - learning_rate: 1.0000e-04
Epoch 4/20
172/172 - 17s - 100ms/step - accuracy: 0.6369 - ce: 0.6526 - loss: 0.6787 - val_accuracy: 0.6701 - val_ce: 0.6314 - val_loss: 0.6555 - learning_rate: 1.0000e-04
Epoch 5/20
172/172 - 17s - 99ms/step - accuracy: 0.6788 - ce: 0.6056 - loss: 0.6291 - val_accuracy: 0.6144 - val_ce: 0.6573 - val_loss: 0.6769 - learning_rate: 1.0000e-04
Epoch 6/20

Epoch 6: ReduceLROnPlateau reducing learning rate to 4.999999873689376e-05.
172/172 - 17s - 99ms/step - accuracy: 0.7186 - ce: 0.5494 - loss: 0.5670 - val_accuracy: 0.6495 - val_ce: 0.6335 - val_loss: 0.6497 - learning_rate: 1.0000e-04
Epoch 7/20
172/172 - 17s - 99ms/step - accuracy: 0.7754 - ce: 0.4701 - loss: 0.4859 - val_accuracy: 0.6825 - val_ce: 0.6564 - val_loss: 0.6713 - learning_rate: 5.0000e-05
Epoch 8/20

Epoch 8: ReduceLROnPlateau reducing learning rate to 2.499999936844688e-05.
172/172 - 17s - 99ms/step - accuracy: 0.8009 - ce: 0.4189 - loss: 0.4337 - val_accuracy: 0.6907 - val_ce: 0.6605 - val_loss: 0.6744 - learning_rate: 5.0000e-05
Fold 5: accuracy=0.6563  F1(w/m)=0.6447/0.6401  CE=0.6282  epochs=8  

CV mean ± std:
  accuracy               0.6634 ± 0.0104
  balanced_accuracy      0.6601 ± 0.0121
  mcc                    0.3250 ± 0.0198
  cross_entropy          0.6315 ± 0.0232
  roc_auc                0.7224 ± 0.0144
  precision_macro        0.6651 ± 0.0096
  recall_macro           0.6601 ± 0.0121
  f1_macro               0.6588 ± 0.0140
  precision_micro        0.6634 ± 0.0104
  recall_micro           0.6634 ± 0.0104
  f1_micro               0.6634 ± 0.0104
  precision_weighted     0.6656 ± 0.0093
  recall_weighted        0.6634 ± 0.0104
  f1_weighted            0.6607 ± 0.0130

===== Final training  21:12:28 =====
Class weights (balanced): Human-written=1.063  V1=0.944
Epoch 1/20
208/208 - 46s - 219ms/step - accuracy: 0.5087 - ce: 0.7095 - loss: 0.7528 - val_accuracy: 0.5997 - val_ce: 0.6813 - val_loss: 0.7193 - learning_rate: 1.0000e-04
Epoch 2/20
208/208 - 21s - 102ms/step - accuracy: 0.5783 - ce: 0.6805 - loss: 0.7129 - val_accuracy: 0.5014 - val_ce: 0.7955 - val_loss: 0.8238 - learning_rate: 1.0000e-04
Epoch 3/20
208/208 - 21s - 102ms/step - accuracy: 0.6186 - ce: 0.6570 - loss: 0.6808 - val_accuracy: 0.6601 - val_ce: 0.6175 - val_loss: 0.6383 - learning_rate: 1.0000e-04
Epoch 4/20
208/208 - 21s - 101ms/step - accuracy: 0.6782 - ce: 0.6061 - loss: 0.6254 - val_accuracy: 0.6166 - val_ce: 0.6634 - val_loss: 0.6798 - learning_rate: 1.0000e-04
Epoch 5/20

Epoch 5: ReduceLROnPlateau reducing learning rate to 4.999999873689376e-05.
208/208 - 21s - 101ms/step - accuracy: 0.7113 - ce: 0.5665 - loss: 0.5823 - val_accuracy: 0.6587 - val_ce: 0.6285 - val_loss: 0.6425 - learning_rate: 1.0000e-04
Epoch 6/20
208/208 - 21s - 102ms/step - accuracy: 0.7550 - ce: 0.5082 - loss: 0.5224 - val_accuracy: 0.6742 - val_ce: 0.6532 - val_loss: 0.6663 - learning_rate: 5.0000e-05
Epoch 7/20

Epoch 7: ReduceLROnPlateau reducing learning rate to 2.499999936844688e-05.
208/208 - 21s - 102ms/step - accuracy: 0.7887 - ce: 0.4525 - loss: 0.4652 - val_accuracy: 0.6713 - val_ce: 0.6485 - val_loss: 0.6608 - learning_rate: 5.0000e-05
               precision    recall  f1-score   support

Human-written     0.7049    0.5119    0.5931       336
           V1     0.6503    0.8090    0.7210       377

     accuracy                         0.6690       713
    macro avg     0.6776    0.6605    0.6571       713
 weighted avg     0.6760    0.6690    0.6608       713

Class distribution all  : {'Human-written': 2234, 'V1': 2513}  ratio {'Human-written': 0.4706, 'V1': 0.5294}
Class distribution train: {'Human-written': 1563, 'V1': 1759}  ratio {'Human-written': 0.4705, 'V1': 0.5295}
Class distribution val  : {'Human-written': 335, 'V1': 377}  ratio {'Human-written': 0.4705, 'V1': 0.5295}
Class distribution test : {'Human-written': 336, 'V1': 377}  ratio {'Human-written': 0.4712, 'V1': 0.5288}

subdataset10_screenshot_human_vs_v1_snippet_cv  VGG19 (sigmoid, dropout 0.1, lr 0.0001)
CV mean    acc=0.6634  F1 w/m/micro=0.6607/0.6588/0.6634  P_w=0.6656  R_w=0.6634  CE=0.6315  AUC=0.7224  MCC=0.3250
VALIDATION acc=0.6601  F1 w/m/micro=0.6502/0.6460/0.6601  P_w=0.6680  R_w=0.6601  CE=0.6175  AUC=0.7220  MCC=0.3197
TEST       acc=0.6690  F1 w/m/micro=0.6608/0.6571/0.6690  P_w=0.6760  R_w=0.6690  CE=0.6121  AUC=0.7294  MCC=0.3376
TEST 95% CI: accuracy=[0.6367, 0.7055]  f1_weighted=[0.6262, 0.6979]  f1_macro=[0.6222, 0.6925]  mcc=[0.2712, 0.4043]  balanced_accuracy=[0.6285, 0.6937]
Outputs: Experiments/subdataset10/Snippet-Level Split/results/subdataset10_screenshot_human_vs_v1_snippet_cv
2026-10-02 21:15:45 FINISHED
