
====================================================================================================
2026-10-02 20:50:40  subdataset14_screenshot_6class_snippet_cv  (config hash c98a39d9814f)
Data    : Data/Subdataset_14
Classes : ['Human-written', 'V1', 'V2', 'V3', 'V4', 'V5']   Split: Snippet-Level Split
Model   : VGG19  activation=relu  dropout=0.2  lr=0.0001  trained=base from block5_* on  preprocessing=caffe  L2=0.0001
Training: at most 20 epochs, early stopping val_ce patience 4, batch 16, 320x320 (no cropping), mixed precision True
Output  : Experiments/subdataset14/Snippet-Level Split/results/subdataset14_screenshot_6class_snippet_cv
Human-written (label 0): 1218 images
V1  (label 1): 1433 images
V2  (label 2): 1350 images
V3  (label 3): 1157 images
V4  (label 4): 1019 images
V5  (label 5): 999 images
Total 7176 images
Train     :  5022 (70.0%)  Human-written=852 V1=1003 V2=945 V3=810 V4=713 V5=699
Validation:  1077 (15.0%)  Human-written=183 V1=215 V2=203 V3=173 V4=153 V5=150
Test      :  1077 (15.0%)  Human-written=183 V1=215 V2=202 V3=174 V4=153 V5=150
Fold 1: train=4879 (Human-written=828 V1=974 V2=919 V3=787 V4=692 V5=679)  evaluation=1220 (Human-written=207 V1=244 V2=229 V3=196 V4=174 V5=170)
Fold 2: train=4879 (Human-written=828 V1=975 V2=918 V3=786 V4=693 V5=679)  evaluation=1220 (Human-written=207 V1=243 V2=230 V3=197 V4=173 V5=170)
Fold 3: train=4879 (Human-written=828 V1=975 V2=918 V3=786 V4=693 V5=679)  evaluation=1220 (Human-written=207 V1=243 V2=230 V3=197 V4=173 V5=170)
Fold 4: train=4879 (Human-written=828 V1=974 V2=918 V3=786 V4=693 V5=680)  evaluation=1220 (Human-written=207 V1=244 V2=230 V3=197 V4=173 V5=169)
Fold 5: train=4880 (Human-written=828 V1=974 V2=919 V3=787 V4=693 V5=679)  evaluation=1219 (Human-written=207 V1=244 V2=229 V3=196 V4=173 V5=170)
Leakage check PASSED.
TensorFlow 2.20.0 | GPU: [PhysicalDevice(name='/physical_device:GPU:0', device_type='GPU')]
Mixed precision: mixed_float16 (output layer float32)
Images loaded: 7176, 2.2 GB, 6 s

===== Fold 1/5  20:50:48 =====
Class weights (balanced): Human-written=0.982  V1=0.835  V2=0.885  V3=1.033  V4=1.175  V5=1.198
Fold 1: accuracy=nan  F1(w/m)=nan/nan  CE=nan  epochs=-  InternalError: {{function_node __wrapped__Cast_device_/job:localhost/replica:0/task:0/device:GPU:0}} 'cuLaunchKernel(function, gridX, gridY, gridZ, blockX, blockY, blockZ, 0, reinterpret_cast<CUstream>(stream), params, nullptr)' failed with 'CUDA_ERROR_INVALID_HANDLE' [Op:Cast] name: 

===== Fold 2/5  20:50:48 =====
Class weights (balanced): Human-written=0.982  V1=0.834  V2=0.886  V3=1.035  V4=1.173  V5=1.198
Fold 2: accuracy=nan  F1(w/m)=nan/nan  CE=nan  epochs=-  InternalError: {{function_node __wrapped__Cast_device_/job:localhost/replica:0/task:0/device:GPU:0}} 'cuLaunchKernel(function, gridX, gridY, gridZ, blockX, blockY, blockZ, 0, reinterpret_cast<CUstream>(stream), params, nullptr)' failed with 'CUDA_ERROR_INVALID_HANDLE' [Op:Cast] name: 

===== Fold 3/5  20:50:49 =====
Class weights (balanced): Human-written=0.982  V1=0.834  V2=0.886  V3=1.035  V4=1.173  V5=1.198
Fold 3: accuracy=nan  F1(w/m)=nan/nan  CE=nan  epochs=-  InternalError: {{function_node __wrapped__Cast_device_/job:localhost/replica:0/task:0/device:GPU:0}} 'cuLaunchKernel(function, gridX, gridY, gridZ, blockX, blockY, blockZ, 0, reinterpret_cast<CUstream>(stream), params, nullptr)' failed with 'CUDA_ERROR_INVALID_HANDLE' [Op:Cast] name: 

===== Fold 4/5  20:50:49 =====
Class weights (balanced): Human-written=0.982  V1=0.835  V2=0.886  V3=1.035  V4=1.173  V5=1.196
Fold 4: accuracy=nan  F1(w/m)=nan/nan  CE=nan  epochs=-  InternalError: {{function_node __wrapped__Cast_device_/job:localhost/replica:0/task:0/device:GPU:0}} 'cuLaunchKernel(function, gridX, gridY, gridZ, blockX, blockY, blockZ, 0, reinterpret_cast<CUstream>(stream), params, nullptr)' failed with 'CUDA_ERROR_INVALID_HANDLE' [Op:Cast] name: 

===== Fold 5/5  20:50:50 =====
Class weights (balanced): Human-written=0.982  V1=0.835  V2=0.885  V3=1.033  V4=1.174  V5=1.198
Fold 5: accuracy=nan  F1(w/m)=nan/nan  CE=nan  epochs=-  InternalError: {{function_node __wrapped__Cast_device_/job:localhost/replica:0/task:0/device:GPU:0}} 'cuLaunchKernel(function, gridX, gridY, gridZ, blockX, blockY, blockZ, 0, reinterpret_cast<CUstream>(stream), params, nullptr)' failed with 'CUDA_ERROR_INVALID_HANDLE' [Op:Cast] name: 
Traceback (most recent call last):
  File "Experiments/subdataset14/Snippet-Level Split/subdataset14_screenshot_6class_snippet_cv.py", line 653, in <module>
    assert len(cv) == CV_FOLDS, f"not all {CV_FOLDS} folds are complete ({len(cv)}); run the script again (it resumes from the missing fold)."
           ^^^^^^^^^^^^^^^^^^^
AssertionError: not all 5 folds are complete (0); run the script again (it resumes from the missing fold).

====================================================================================================
2026-10-02 20:50:52  subdataset14_screenshot_6class_snippet_cv  (config hash c98a39d9814f)
Data    : Data/Subdataset_14
Classes : ['Human-written', 'V1', 'V2', 'V3', 'V4', 'V5']   Split: Snippet-Level Split
Model   : VGG19  activation=relu  dropout=0.2  lr=0.0001  trained=base from block5_* on  preprocessing=caffe  L2=0.0001
Training: at most 20 epochs, early stopping val_ce patience 4, batch 16, 320x320 (no cropping), mixed precision True
Output  : Experiments/subdataset14/Snippet-Level Split/results/subdataset14_screenshot_6class_snippet_cv
Human-written (label 0): 1218 images
V1  (label 1): 1433 images
V2  (label 2): 1350 images
V3  (label 3): 1157 images
V4  (label 4): 1019 images
V5  (label 5): 999 images
Total 7176 images
Train     :  5022 (70.0%)  Human-written=852 V1=1003 V2=945 V3=810 V4=713 V5=699
Validation:  1077 (15.0%)  Human-written=183 V1=215 V2=203 V3=173 V4=153 V5=150
Test      :  1077 (15.0%)  Human-written=183 V1=215 V2=202 V3=174 V4=153 V5=150
Fold 1: train=4879 (Human-written=828 V1=974 V2=919 V3=787 V4=692 V5=679)  evaluation=1220 (Human-written=207 V1=244 V2=229 V3=196 V4=174 V5=170)
Fold 2: train=4879 (Human-written=828 V1=975 V2=918 V3=786 V4=693 V5=679)  evaluation=1220 (Human-written=207 V1=243 V2=230 V3=197 V4=173 V5=170)
Fold 3: train=4879 (Human-written=828 V1=975 V2=918 V3=786 V4=693 V5=679)  evaluation=1220 (Human-written=207 V1=243 V2=230 V3=197 V4=173 V5=170)
Fold 4: train=4879 (Human-written=828 V1=974 V2=918 V3=786 V4=693 V5=680)  evaluation=1220 (Human-written=207 V1=244 V2=230 V3=197 V4=173 V5=169)
Fold 5: train=4880 (Human-written=828 V1=974 V2=919 V3=787 V4=693 V5=679)  evaluation=1219 (Human-written=207 V1=244 V2=229 V3=196 V4=173 V5=170)
Leakage check PASSED.
TensorFlow 2.20.0 | GPU: [PhysicalDevice(name='/physical_device:GPU:0', device_type='GPU')]
Mixed precision: mixed_float16 (output layer float32)
Images loaded: 7176, 2.2 GB, 6 s
Previously completed folds: [] (will be skipped)

===== Fold 1/5  20:51:00 =====
Class weights (balanced): Human-written=0.982  V1=0.835  V2=0.885  V3=1.033  V4=1.175  V5=1.198
Fold 1: accuracy=nan  F1(w/m)=nan/nan  CE=nan  epochs=-  InternalError: {{function_node __wrapped__Cast_device_/job:localhost/replica:0/task:0/device:GPU:0}} 'cuLaunchKernel(function, gridX, gridY, gridZ, blockX, blockY, blockZ, 0, reinterpret_cast<CUstream>(stream), params, nullptr)' failed with 'CUDA_ERROR_INVALID_HANDLE' [Op:Cast] name: 

===== Fold 2/5  20:51:01 =====
Class weights (balanced): Human-written=0.982  V1=0.834  V2=0.886  V3=1.035  V4=1.173  V5=1.198
Fold 2: accuracy=nan  F1(w/m)=nan/nan  CE=nan  epochs=-  InternalError: {{function_node __wrapped__Cast_device_/job:localhost/replica:0/task:0/device:GPU:0}} 'cuLaunchKernel(function, gridX, gridY, gridZ, blockX, blockY, blockZ, 0, reinterpret_cast<CUstream>(stream), params, nullptr)' failed with 'CUDA_ERROR_INVALID_HANDLE' [Op:Cast] name: 

===== Fold 3/5  20:51:01 =====
Class weights (balanced): Human-written=0.982  V1=0.834  V2=0.886  V3=1.035  V4=1.173  V5=1.198
Fold 3: accuracy=nan  F1(w/m)=nan/nan  CE=nan  epochs=-  InternalError: {{function_node __wrapped__Cast_device_/job:localhost/replica:0/task:0/device:GPU:0}} 'cuLaunchKernel(function, gridX, gridY, gridZ, blockX, blockY, blockZ, 0, reinterpret_cast<CUstream>(stream), params, nullptr)' failed with 'CUDA_ERROR_INVALID_HANDLE' [Op:Cast] name: 

===== Fold 4/5  20:51:02 =====
Class weights (balanced): Human-written=0.982  V1=0.835  V2=0.886  V3=1.035  V4=1.173  V5=1.196
Fold 4: accuracy=nan  F1(w/m)=nan/nan  CE=nan  epochs=-  InternalError: {{function_node __wrapped__Cast_device_/job:localhost/replica:0/task:0/device:GPU:0}} 'cuLaunchKernel(function, gridX, gridY, gridZ, blockX, blockY, blockZ, 0, reinterpret_cast<CUstream>(stream), params, nullptr)' failed with 'CUDA_ERROR_INVALID_HANDLE' [Op:Cast] name: 

===== Fold 5/5  20:51:03 =====
Class weights (balanced): Human-written=0.982  V1=0.835  V2=0.885  V3=1.033  V4=1.174  V5=1.198
Fold 5: accuracy=nan  F1(w/m)=nan/nan  CE=nan  epochs=-  InternalError: {{function_node __wrapped__Cast_device_/job:localhost/replica:0/task:0/device:GPU:0}} 'cuLaunchKernel(function, gridX, gridY, gridZ, blockX, blockY, blockZ, 0, reinterpret_cast<CUstream>(stream), params, nullptr)' failed with 'CUDA_ERROR_INVALID_HANDLE' [Op:Cast] name: 
Traceback (most recent call last):
  File "Experiments/subdataset14/Snippet-Level Split/subdataset14_screenshot_6class_snippet_cv.py", line 653, in <module>
    assert len(cv) == CV_FOLDS, f"not all {CV_FOLDS} folds are complete ({len(cv)}); run the script again (it resumes from the missing fold)."
           ^^^^^^^^^^^^^^^^^^^
AssertionError: not all 5 folds are complete (0); run the script again (it resumes from the missing fold).

====================================================================================================
2026-10-02 20:51:05  subdataset14_screenshot_6class_snippet_cv  (config hash c98a39d9814f)
Data    : Data/Subdataset_14
Classes : ['Human-written', 'V1', 'V2', 'V3', 'V4', 'V5']   Split: Snippet-Level Split
Model   : VGG19  activation=relu  dropout=0.2  lr=0.0001  trained=base from block5_* on  preprocessing=caffe  L2=0.0001
Training: at most 20 epochs, early stopping val_ce patience 4, batch 16, 320x320 (no cropping), mixed precision True
Output  : Experiments/subdataset14/Snippet-Level Split/results/subdataset14_screenshot_6class_snippet_cv
Human-written (label 0): 1218 images
V1  (label 1): 1433 images
V2  (label 2): 1350 images
V3  (label 3): 1157 images
V4  (label 4): 1019 images
V5  (label 5): 999 images
Total 7176 images
Train     :  5022 (70.0%)  Human-written=852 V1=1003 V2=945 V3=810 V4=713 V5=699
Validation:  1077 (15.0%)  Human-written=183 V1=215 V2=203 V3=173 V4=153 V5=150
Test      :  1077 (15.0%)  Human-written=183 V1=215 V2=202 V3=174 V4=153 V5=150
Fold 1: train=4879 (Human-written=828 V1=974 V2=919 V3=787 V4=692 V5=679)  evaluation=1220 (Human-written=207 V1=244 V2=229 V3=196 V4=174 V5=170)
Fold 2: train=4879 (Human-written=828 V1=975 V2=918 V3=786 V4=693 V5=679)  evaluation=1220 (Human-written=207 V1=243 V2=230 V3=197 V4=173 V5=170)
Fold 3: train=4879 (Human-written=828 V1=975 V2=918 V3=786 V4=693 V5=679)  evaluation=1220 (Human-written=207 V1=243 V2=230 V3=197 V4=173 V5=170)
Fold 4: train=4879 (Human-written=828 V1=974 V2=918 V3=786 V4=693 V5=680)  evaluation=1220 (Human-written=207 V1=244 V2=230 V3=197 V4=173 V5=169)
Fold 5: train=4880 (Human-written=828 V1=974 V2=919 V3=787 V4=693 V5=679)  evaluation=1219 (Human-written=207 V1=244 V2=229 V3=196 V4=173 V5=170)
Leakage check PASSED.
TensorFlow 2.20.0 | GPU: [PhysicalDevice(name='/physical_device:GPU:0', device_type='GPU')]
Mixed precision: mixed_float16 (output layer float32)
Images loaded: 7176, 2.2 GB, 6 s
Previously completed folds: [] (will be skipped)

===== Fold 1/5  20:51:13 =====
Class weights (balanced): Human-written=0.982  V1=0.835  V2=0.885  V3=1.033  V4=1.175  V5=1.198
Fold 1: accuracy=nan  F1(w/m)=nan/nan  CE=nan  epochs=-  InternalError: {{function_node __wrapped__Cast_device_/job:localhost/replica:0/task:0/device:GPU:0}} 'cuLaunchKernel(function, gridX, gridY, gridZ, blockX, blockY, blockZ, 0, reinterpret_cast<CUstream>(stream), params, nullptr)' failed with 'CUDA_ERROR_INVALID_HANDLE' [Op:Cast] name: 

===== Fold 2/5  20:51:14 =====
Class weights (balanced): Human-written=0.982  V1=0.834  V2=0.886  V3=1.035  V4=1.173  V5=1.198
Fold 2: accuracy=nan  F1(w/m)=nan/nan  CE=nan  epochs=-  InternalError: {{function_node __wrapped__Cast_device_/job:localhost/replica:0/task:0/device:GPU:0}} 'cuLaunchKernel(function, gridX, gridY, gridZ, blockX, blockY, blockZ, 0, reinterpret_cast<CUstream>(stream), params, nullptr)' failed with 'CUDA_ERROR_INVALID_HANDLE' [Op:Cast] name: 

===== Fold 3/5  20:51:14 =====
Class weights (balanced): Human-written=0.982  V1=0.834  V2=0.886  V3=1.035  V4=1.173  V5=1.198
Fold 3: accuracy=nan  F1(w/m)=nan/nan  CE=nan  epochs=-  InternalError: {{function_node __wrapped__Cast_device_/job:localhost/replica:0/task:0/device:GPU:0}} 'cuLaunchKernel(function, gridX, gridY, gridZ, blockX, blockY, blockZ, 0, reinterpret_cast<CUstream>(stream), params, nullptr)' failed with 'CUDA_ERROR_INVALID_HANDLE' [Op:Cast] name: 

===== Fold 4/5  20:51:15 =====
Class weights (balanced): Human-written=0.982  V1=0.835  V2=0.886  V3=1.035  V4=1.173  V5=1.196
Fold 4: accuracy=nan  F1(w/m)=nan/nan  CE=nan  epochs=-  InternalError: {{function_node __wrapped__Cast_device_/job:localhost/replica:0/task:0/device:GPU:0}} 'cuLaunchKernel(function, gridX, gridY, gridZ, blockX, blockY, blockZ, 0, reinterpret_cast<CUstream>(stream), params, nullptr)' failed with 'CUDA_ERROR_INVALID_HANDLE' [Op:Cast] name: 

===== Fold 5/5  20:51:15 =====
Class weights (balanced): Human-written=0.982  V1=0.835  V2=0.885  V3=1.033  V4=1.174  V5=1.198
Fold 5: accuracy=nan  F1(w/m)=nan/nan  CE=nan  epochs=-  InternalError: {{function_node __wrapped__Cast_device_/job:localhost/replica:0/task:0/device:GPU:0}} 'cuLaunchKernel(function, gridX, gridY, gridZ, blockX, blockY, blockZ, 0, reinterpret_cast<CUstream>(stream), params, nullptr)' failed with 'CUDA_ERROR_INVALID_HANDLE' [Op:Cast] name: 
Traceback (most recent call last):
  File "Experiments/subdataset14/Snippet-Level Split/subdataset14_screenshot_6class_snippet_cv.py", line 653, in <module>
    assert len(cv) == CV_FOLDS, f"not all {CV_FOLDS} folds are complete ({len(cv)}); run the script again (it resumes from the missing fold)."
           ^^^^^^^^^^^^^^^^^^^
AssertionError: not all 5 folds are complete (0); run the script again (it resumes from the missing fold).

====================================================================================================
2026-10-02 23:10:28  subdataset14_screenshot_6class_snippet_cv  (config hash c98a39d9814f)
Data    : Data/Subdataset_14
Classes : ['Human-written', 'V1', 'V2', 'V3', 'V4', 'V5']   Split: Snippet-Level Split
Model   : VGG19  activation=relu  dropout=0.2  lr=0.0001  trained=base from block5_* on  preprocessing=caffe  L2=0.0001
Training: at most 20 epochs, early stopping val_ce patience 4, batch 16, 320x320 (no cropping), mixed precision True
Output  : Experiments/subdataset14/Snippet-Level Split/results/subdataset14_screenshot_6class_snippet_cv
Human-written (label 0): 1218 images
V1  (label 1): 1433 images
V2  (label 2): 1350 images
V3  (label 3): 1157 images
V4  (label 4): 1019 images
V5  (label 5): 999 images
Total 7176 images
Train     :  5022 (70.0%)  Human-written=852 V1=1003 V2=945 V3=810 V4=713 V5=699
Validation:  1077 (15.0%)  Human-written=183 V1=215 V2=203 V3=173 V4=153 V5=150
Test      :  1077 (15.0%)  Human-written=183 V1=215 V2=202 V3=174 V4=153 V5=150
Fold 1: train=4879 (Human-written=828 V1=974 V2=919 V3=787 V4=692 V5=679)  evaluation=1220 (Human-written=207 V1=244 V2=229 V3=196 V4=174 V5=170)
Fold 2: train=4879 (Human-written=828 V1=975 V2=918 V3=786 V4=693 V5=679)  evaluation=1220 (Human-written=207 V1=243 V2=230 V3=197 V4=173 V5=170)
Fold 3: train=4879 (Human-written=828 V1=975 V2=918 V3=786 V4=693 V5=679)  evaluation=1220 (Human-written=207 V1=243 V2=230 V3=197 V4=173 V5=170)
Fold 4: train=4879 (Human-written=828 V1=974 V2=918 V3=786 V4=693 V5=680)  evaluation=1220 (Human-written=207 V1=244 V2=230 V3=197 V4=173 V5=169)
Fold 5: train=4880 (Human-written=828 V1=974 V2=919 V3=787 V4=693 V5=679)  evaluation=1219 (Human-written=207 V1=244 V2=229 V3=196 V4=173 V5=170)
Leakage check PASSED.
TensorFlow 2.20.0 | GPU: [PhysicalDevice(name='/physical_device:GPU:0', device_type='GPU')]
Mixed precision: mixed_float16 (output layer float32)
Images loaded: 7176, 2.2 GB, 34 s
Previously completed folds: [] (will be skipped)

===== Fold 1/5  23:11:10 =====
Class weights (balanced): Human-written=0.982  V1=0.835  V2=0.885  V3=1.033  V4=1.175  V5=1.198
Model: base 22 layers, trained base layers 5 (first: block5_conv1); trained parameters 9,704,966 / 20,290,118
Epoch 1/20
260/260 - 28s - 109ms/step - accuracy: 0.2484 - ce: 1.7430 - loss: 1.7830 - val_accuracy: 0.2391 - val_ce: 1.7094 - val_loss: 1.7376 - learning_rate: 1.0000e-04
Epoch 2/20
260/260 - 9s - 33ms/step - accuracy: 0.2877 - ce: 1.6541 - loss: 1.6780 - val_accuracy: 0.3183 - val_ce: 1.5881 - val_loss: 1.6065 - learning_rate: 1.0000e-04
Epoch 3/20
260/260 - 8s - 32ms/step - accuracy: 0.3185 - ce: 1.5669 - loss: 1.5852 - val_accuracy: 0.3333 - val_ce: 1.6418 - val_loss: 1.6557 - learning_rate: 1.0000e-04
Epoch 4/20
260/260 - 8s - 32ms/step - accuracy: 0.3374 - ce: 1.5195 - loss: 1.5351 - val_accuracy: 0.3347 - val_ce: 1.5399 - val_loss: 1.5517 - learning_rate: 1.0000e-04
Epoch 5/20
260/260 - 8s - 32ms/step - accuracy: 0.3472 - ce: 1.4898 - loss: 1.5026 - val_accuracy: 0.3429 - val_ce: 1.5782 - val_loss: 1.5888 - learning_rate: 1.0000e-04
Epoch 6/20
260/260 - 8s - 32ms/step - accuracy: 0.3653 - ce: 1.4565 - loss: 1.4706 - val_accuracy: 0.3402 - val_ce: 1.5107 - val_loss: 1.5205 - learning_rate: 1.0000e-04
Epoch 7/20
260/260 - 8s - 32ms/step - accuracy: 0.3786 - ce: 1.4137 - loss: 1.4276 - val_accuracy: 0.3484 - val_ce: 1.5232 - val_loss: 1.5326 - learning_rate: 1.0000e-04
Epoch 8/20

Epoch 8: ReduceLROnPlateau reducing learning rate to 4.999999873689376e-05.
260/260 - 8s - 32ms/step - accuracy: 0.3984 - ce: 1.3763 - loss: 1.3912 - val_accuracy: 0.3060 - val_ce: 1.5563 - val_loss: 1.5652 - learning_rate: 1.0000e-04
Epoch 9/20
260/260 - 8s - 32ms/step - accuracy: 0.4345 - ce: 1.2939 - loss: 1.3095 - val_accuracy: 0.3306 - val_ce: 1.6076 - val_loss: 1.6164 - learning_rate: 5.0000e-05
Epoch 10/20

Epoch 10: ReduceLROnPlateau reducing learning rate to 2.499999936844688e-05.
260/260 - 8s - 32ms/step - accuracy: 0.4603 - ce: 1.2274 - loss: 1.2453 - val_accuracy: 0.2760 - val_ce: 1.6766 - val_loss: 1.6853 - learning_rate: 5.0000e-05
/usr/local/lib/python3.13/dist-packages/sklearn/metrics/_classification.py:3001: UserWarning: The y_pred values do not sum to one. Make sure to pass probabilities.
  warnings.warn(
/usr/local/lib/python3.13/dist-packages/sklearn/metrics/_classification.py:3001: UserWarning: The y_pred values do not sum to one. Make sure to pass probabilities.
  warnings.warn(
Fold 1: accuracy=0.3361  F1(w/m)=0.3062/0.2996  CE=1.5055  epochs=10  

===== Fold 2/5  23:13:04 =====
Class weights (balanced): Human-written=0.982  V1=0.834  V2=0.886  V3=1.035  V4=1.173  V5=1.198
Epoch 1/20
260/260 - 21s - 80ms/step - accuracy: 0.2122 - ce: 1.7717 - loss: 1.8070 - val_accuracy: 0.2227 - val_ce: 1.7553 - val_loss: 1.7830 - learning_rate: 1.0000e-04
Epoch 2/20
260/260 - 8s - 32ms/step - accuracy: 0.2636 - ce: 1.6922 - loss: 1.7162 - val_accuracy: 0.2923 - val_ce: 1.5999 - val_loss: 1.6186 - learning_rate: 1.0000e-04
Epoch 3/20
260/260 - 8s - 32ms/step - accuracy: 0.3082 - ce: 1.5788 - loss: 1.5966 - val_accuracy: 0.3197 - val_ce: 1.5635 - val_loss: 1.5791 - learning_rate: 1.0000e-04
Epoch 4/20
260/260 - 8s - 32ms/step - accuracy: 0.3236 - ce: 1.5256 - loss: 1.5420 - val_accuracy: 0.3484 - val_ce: 1.5183 - val_loss: 1.5320 - learning_rate: 1.0000e-04
Epoch 5/20
260/260 - 8s - 32ms/step - accuracy: 0.3270 - ce: 1.4884 - loss: 1.5038 - val_accuracy: 0.3415 - val_ce: 1.4687 - val_loss: 1.4814 - learning_rate: 1.0000e-04
Epoch 6/20
260/260 - 8s - 32ms/step - accuracy: 0.3610 - ce: 1.4624 - loss: 1.4784 - val_accuracy: 0.3046 - val_ce: 1.5005 - val_loss: 1.5125 - learning_rate: 1.0000e-04
Epoch 7/20

Epoch 7: ReduceLROnPlateau reducing learning rate to 4.999999873689376e-05.
260/260 - 8s - 32ms/step - accuracy: 0.3697 - ce: 1.4215 - loss: 1.4355 - val_accuracy: 0.3484 - val_ce: 1.4911 - val_loss: 1.5026 - learning_rate: 1.0000e-04
Epoch 8/20
260/260 - 8s - 32ms/step - accuracy: 0.4056 - ce: 1.3368 - loss: 1.3526 - val_accuracy: 0.3374 - val_ce: 1.4749 - val_loss: 1.4862 - learning_rate: 5.0000e-05
Epoch 9/20

Epoch 9: ReduceLROnPlateau reducing learning rate to 2.499999936844688e-05.
260/260 - 8s - 32ms/step - accuracy: 0.4422 - ce: 1.2778 - loss: 1.2957 - val_accuracy: 0.3251 - val_ce: 1.5773 - val_loss: 1.5885 - learning_rate: 5.0000e-05
/usr/local/lib/python3.13/dist-packages/sklearn/metrics/_classification.py:3001: UserWarning: The y_pred values do not sum to one. Make sure to pass probabilities.
  warnings.warn(
/usr/local/lib/python3.13/dist-packages/sklearn/metrics/_classification.py:3001: UserWarning: The y_pred values do not sum to one. Make sure to pass probabilities.
  warnings.warn(
Fold 2: accuracy=0.3590  F1(w/m)=0.3180/0.3146  CE=1.4923  epochs=9  

===== Fold 3/5  23:14:40 =====
Class weights (balanced): Human-written=0.982  V1=0.834  V2=0.886  V3=1.035  V4=1.173  V5=1.198
Epoch 1/20
260/260 - 21s - 79ms/step - accuracy: 0.2300 - ce: 1.7651 - loss: 1.8060 - val_accuracy: 0.2568 - val_ce: 1.6690 - val_loss: 1.6974 - learning_rate: 1.0000e-04
Epoch 2/20
260/260 - 8s - 32ms/step - accuracy: 0.2657 - ce: 1.6704 - loss: 1.6945 - val_accuracy: 0.3128 - val_ce: 1.6059 - val_loss: 1.6253 - learning_rate: 1.0000e-04
Epoch 3/20
260/260 - 8s - 32ms/step - accuracy: 0.2942 - ce: 1.6170 - loss: 1.6362 - val_accuracy: 0.3060 - val_ce: 1.5728 - val_loss: 1.5877 - learning_rate: 1.0000e-04
Epoch 4/20
260/260 - 8s - 32ms/step - accuracy: 0.3106 - ce: 1.5694 - loss: 1.5857 - val_accuracy: 0.3361 - val_ce: 1.5522 - val_loss: 1.5649 - learning_rate: 1.0000e-04
Epoch 5/20
260/260 - 8s - 32ms/step - accuracy: 0.3181 - ce: 1.5302 - loss: 1.5447 - val_accuracy: 0.3115 - val_ce: 1.5559 - val_loss: 1.5675 - learning_rate: 1.0000e-04
Epoch 6/20
260/260 - 8s - 32ms/step - accuracy: 0.3388 - ce: 1.4857 - loss: 1.5006 - val_accuracy: 0.3347 - val_ce: 1.5066 - val_loss: 1.5176 - learning_rate: 1.0000e-04
Epoch 7/20
260/260 - 8s - 32ms/step - accuracy: 0.3641 - ce: 1.4407 - loss: 1.4542 - val_accuracy: 0.3361 - val_ce: 1.4934 - val_loss: 1.5039 - learning_rate: 1.0000e-04
Epoch 8/20
260/260 - 8s - 32ms/step - accuracy: 0.3791 - ce: 1.4000 - loss: 1.4153 - val_accuracy: 0.3333 - val_ce: 1.4818 - val_loss: 1.4919 - learning_rate: 1.0000e-04
Epoch 9/20
260/260 - 8s - 32ms/step - accuracy: 0.3986 - ce: 1.3698 - loss: 1.3852 - val_accuracy: 0.2992 - val_ce: 1.5392 - val_loss: 1.5490 - learning_rate: 1.0000e-04
Epoch 10/20

Epoch 10: ReduceLROnPlateau reducing learning rate to 4.999999873689376e-05.
260/260 - 8s - 32ms/step - accuracy: 0.4230 - ce: 1.3235 - loss: 1.3394 - val_accuracy: 0.3115 - val_ce: 1.5205 - val_loss: 1.5300 - learning_rate: 1.0000e-04
Epoch 11/20
260/260 - 8s - 32ms/step - accuracy: 0.4782 - ce: 1.1972 - loss: 1.2146 - val_accuracy: 0.3306 - val_ce: 1.6778 - val_loss: 1.6872 - learning_rate: 5.0000e-05
Epoch 12/20

Epoch 12: ReduceLROnPlateau reducing learning rate to 2.499999936844688e-05.
260/260 - 8s - 32ms/step - accuracy: 0.5206 - ce: 1.1121 - loss: 1.1303 - val_accuracy: 0.3279 - val_ce: 1.8239 - val_loss: 1.8332 - learning_rate: 5.0000e-05
/usr/local/lib/python3.13/dist-packages/sklearn/metrics/_classification.py:3001: UserWarning: The y_pred values do not sum to one. Make sure to pass probabilities.
  warnings.warn(
/usr/local/lib/python3.13/dist-packages/sklearn/metrics/_classification.py:3001: UserWarning: The y_pred values do not sum to one. Make sure to pass probabilities.
  warnings.warn(
Fold 3: accuracy=0.3139  F1(w/m)=0.3007/0.2945  CE=1.4985  epochs=12  

===== Fold 4/5  23:16:39 =====
Class weights (balanced): Human-written=0.982  V1=0.835  V2=0.886  V3=1.035  V4=1.173  V5=1.196
Epoch 1/20
260/260 - 20s - 78ms/step - accuracy: 0.2522 - ce: 1.7474 - loss: 1.7876 - val_accuracy: 0.2486 - val_ce: 1.6522 - val_loss: 1.6824 - learning_rate: 1.0000e-04
Epoch 2/20
260/260 - 8s - 33ms/step - accuracy: 0.2689 - ce: 1.6613 - loss: 1.6881 - val_accuracy: 0.3019 - val_ce: 1.5977 - val_loss: 1.6165 - learning_rate: 1.0000e-04
Epoch 3/20
260/260 - 8s - 32ms/step - accuracy: 0.2848 - ce: 1.6244 - loss: 1.6394 - val_accuracy: 0.2964 - val_ce: 1.5944 - val_loss: 1.6081 - learning_rate: 1.0000e-04
Epoch 4/20
260/260 - 8s - 32ms/step - accuracy: 0.3053 - ce: 1.5754 - loss: 1.5913 - val_accuracy: 0.3128 - val_ce: 1.5638 - val_loss: 1.5753 - learning_rate: 1.0000e-04
Epoch 5/20
260/260 - 8s - 32ms/step - accuracy: 0.3171 - ce: 1.5392 - loss: 1.5529 - val_accuracy: 0.2732 - val_ce: 1.6195 - val_loss: 1.6297 - learning_rate: 1.0000e-04
Epoch 6/20
260/260 - 8s - 32ms/step - accuracy: 0.3395 - ce: 1.4970 - loss: 1.5112 - val_accuracy: 0.3306 - val_ce: 1.5367 - val_loss: 1.5463 - learning_rate: 1.0000e-04
Epoch 7/20
260/260 - 8s - 32ms/step - accuracy: 0.3598 - ce: 1.4555 - loss: 1.4703 - val_accuracy: 0.3361 - val_ce: 1.5177 - val_loss: 1.5268 - learning_rate: 1.0000e-04
Epoch 8/20
260/260 - 8s - 32ms/step - accuracy: 0.3824 - ce: 1.3961 - loss: 1.4101 - val_accuracy: 0.3251 - val_ce: 1.5163 - val_loss: 1.5250 - learning_rate: 1.0000e-04
Epoch 9/20
260/260 - 8s - 32ms/step - accuracy: 0.4123 - ce: 1.3538 - loss: 1.3694 - val_accuracy: 0.3183 - val_ce: 1.5545 - val_loss: 1.5629 - learning_rate: 1.0000e-04
Epoch 10/20

Epoch 10: ReduceLROnPlateau reducing learning rate to 4.999999873689376e-05.
260/260 - 8s - 32ms/step - accuracy: 0.4394 - ce: 1.2792 - loss: 1.2959 - val_accuracy: 0.3251 - val_ce: 1.6007 - val_loss: 1.6089 - learning_rate: 1.0000e-04
Epoch 11/20
260/260 - 8s - 32ms/step - accuracy: 0.5131 - ce: 1.1214 - loss: 1.1410 - val_accuracy: 0.2842 - val_ce: 1.7550 - val_loss: 1.7631 - learning_rate: 5.0000e-05
Epoch 12/20

Epoch 12: ReduceLROnPlateau reducing learning rate to 2.499999936844688e-05.
260/260 - 8s - 32ms/step - accuracy: 0.5756 - ce: 1.0089 - loss: 1.0311 - val_accuracy: 0.3046 - val_ce: 1.8626 - val_loss: 1.8707 - learning_rate: 5.0000e-05
/usr/local/lib/python3.13/dist-packages/sklearn/metrics/_classification.py:3001: UserWarning: The y_pred values do not sum to one. Make sure to pass probabilities.
  warnings.warn(
/usr/local/lib/python3.13/dist-packages/sklearn/metrics/_classification.py:3001: UserWarning: The y_pred values do not sum to one. Make sure to pass probabilities.
  warnings.warn(
Fold 4: accuracy=0.3090  F1(w/m)=0.2713/0.2692  CE=1.5291  epochs=12  

===== Fold 5/5  23:18:39 =====
Class weights (balanced): Human-written=0.982  V1=0.835  V2=0.885  V3=1.033  V4=1.174  V5=1.198
Epoch 1/20
260/260 - 21s - 81ms/step - accuracy: 0.2469 - ce: 1.7478 - loss: 1.7925 - val_accuracy: 0.2336 - val_ce: 1.7849 - val_loss: 1.8168 - learning_rate: 1.0000e-04
Epoch 2/20
260/260 - 8s - 32ms/step - accuracy: 0.2729 - ce: 1.6619 - loss: 1.6901 - val_accuracy: 0.2664 - val_ce: 1.6766 - val_loss: 1.7005 - learning_rate: 1.0000e-04
Epoch 3/20
260/260 - 8s - 32ms/step - accuracy: 0.3045 - ce: 1.5861 - loss: 1.6079 - val_accuracy: 0.3279 - val_ce: 1.5813 - val_loss: 1.6019 - learning_rate: 1.0000e-04
Epoch 4/20
260/260 - 8s - 32ms/step - accuracy: 0.3276 - ce: 1.5319 - loss: 1.5549 - val_accuracy: 0.3456 - val_ce: 1.5788 - val_loss: 1.5975 - learning_rate: 1.0000e-04
Epoch 5/20
260/260 - 8s - 32ms/step - accuracy: 0.3443 - ce: 1.4897 - loss: 1.5102 - val_accuracy: 0.3333 - val_ce: 1.5356 - val_loss: 1.5532 - learning_rate: 1.0000e-04
Epoch 6/20
260/260 - 8s - 32ms/step - accuracy: 0.3592 - ce: 1.4459 - loss: 1.4671 - val_accuracy: 0.3115 - val_ce: 1.5550 - val_loss: 1.5719 - learning_rate: 1.0000e-04
Epoch 7/20

Epoch 7: ReduceLROnPlateau reducing learning rate to 4.999999873689376e-05.
260/260 - 8s - 32ms/step - accuracy: 0.3799 - ce: 1.4086 - loss: 1.4282 - val_accuracy: 0.3238 - val_ce: 1.5412 - val_loss: 1.5574 - learning_rate: 1.0000e-04
Epoch 8/20
260/260 - 8s - 32ms/step - accuracy: 0.4154 - ce: 1.3162 - loss: 1.3408 - val_accuracy: 0.3169 - val_ce: 1.5854 - val_loss: 1.6013 - learning_rate: 5.0000e-05
Epoch 9/20

Epoch 9: ReduceLROnPlateau reducing learning rate to 2.499999936844688e-05.
260/260 - 8s - 32ms/step - accuracy: 0.4518 - ce: 1.2351 - loss: 1.2602 - val_accuracy: 0.3033 - val_ce: 1.6534 - val_loss: 1.6691 - learning_rate: 5.0000e-05
/usr/local/lib/python3.13/dist-packages/sklearn/metrics/_classification.py:3001: UserWarning: The y_pred values do not sum to one. Make sure to pass probabilities.
  warnings.warn(
/usr/local/lib/python3.13/dist-packages/sklearn/metrics/_classification.py:3001: UserWarning: The y_pred values do not sum to one. Make sure to pass probabilities.
  warnings.warn(
Fold 5: accuracy=0.3199  F1(w/m)=0.2816/0.2754  CE=1.5094  epochs=9  

CV mean ± std:
  accuracy               0.3276 ± 0.0203
  balanced_accuracy      0.3230 ± 0.0185
  mcc                    0.1980 ± 0.0252
  cross_entropy          1.5069 ± 0.0140
  roc_auc                0.6909 ± 0.0067
  precision_macro        0.2932 ± 0.0093
  recall_macro           0.3230 ± 0.0185
  f1_macro               0.2906 ± 0.0184
  precision_micro        0.3276 ± 0.0203
  recall_micro           0.3276 ± 0.0203
  f1_micro               0.3276 ± 0.0203
  precision_weighted     0.2985 ± 0.0085
  recall_weighted        0.3276 ± 0.0203
  f1_weighted            0.2955 ± 0.0189

===== Final training  23:20:14 =====
Class weights (balanced): Human-written=0.982  V1=0.834  V2=0.886  V3=1.033  V4=1.174  V5=1.197
Epoch 1/20
314/314 - 26s - 83ms/step - accuracy: 0.2461 - ce: 1.7395 - loss: 1.7784 - val_accuracy: 0.2823 - val_ce: 1.6303 - val_loss: 1.6574 - learning_rate: 1.0000e-04
Epoch 2/20
314/314 - 10s - 33ms/step - accuracy: 0.2772 - ce: 1.6449 - loss: 1.6704 - val_accuracy: 0.2860 - val_ce: 1.5906 - val_loss: 1.6097 - learning_rate: 1.0000e-04
Epoch 3/20
314/314 - 10s - 33ms/step - accuracy: 0.2947 - ce: 1.5773 - loss: 1.5956 - val_accuracy: 0.2860 - val_ce: 1.5457 - val_loss: 1.5615 - learning_rate: 1.0000e-04
Epoch 4/20
314/314 - 10s - 33ms/step - accuracy: 0.3250 - ce: 1.5290 - loss: 1.5454 - val_accuracy: 0.3185 - val_ce: 1.5288 - val_loss: 1.5431 - learning_rate: 1.0000e-04
Epoch 5/20
314/314 - 10s - 33ms/step - accuracy: 0.3353 - ce: 1.4951 - loss: 1.5127 - val_accuracy: 0.3528 - val_ce: 1.4563 - val_loss: 1.4696 - learning_rate: 1.0000e-04
Epoch 6/20
314/314 - 10s - 33ms/step - accuracy: 0.3554 - ce: 1.4503 - loss: 1.4683 - val_accuracy: 0.3389 - val_ce: 1.4540 - val_loss: 1.4667 - learning_rate: 1.0000e-04
Epoch 7/20
314/314 - 10s - 32ms/step - accuracy: 0.3746 - ce: 1.4247 - loss: 1.4422 - val_accuracy: 0.3315 - val_ce: 1.4559 - val_loss: 1.4681 - learning_rate: 1.0000e-04
Epoch 8/20
314/314 - 10s - 32ms/step - accuracy: 0.3955 - ce: 1.3788 - loss: 1.3962 - val_accuracy: 0.3426 - val_ce: 1.4431 - val_loss: 1.4548 - learning_rate: 1.0000e-04
Epoch 9/20
314/314 - 10s - 32ms/step - accuracy: 0.4204 - ce: 1.3210 - loss: 1.3385 - val_accuracy: 0.3482 - val_ce: 1.4464 - val_loss: 1.4578 - learning_rate: 1.0000e-04
Epoch 10/20

Epoch 10: ReduceLROnPlateau reducing learning rate to 4.999999873689376e-05.
314/314 - 10s - 32ms/step - accuracy: 0.4468 - ce: 1.2693 - loss: 1.2913 - val_accuracy: 0.3500 - val_ce: 1.5006 - val_loss: 1.5117 - learning_rate: 1.0000e-04
Epoch 11/20
314/314 - 10s - 32ms/step - accuracy: 0.5115 - ce: 1.1295 - loss: 1.1515 - val_accuracy: 0.3213 - val_ce: 1.6134 - val_loss: 1.6244 - learning_rate: 5.0000e-05
Epoch 12/20

Epoch 12: ReduceLROnPlateau reducing learning rate to 2.499999936844688e-05.
314/314 - 10s - 32ms/step - accuracy: 0.5609 - ce: 1.0153 - loss: 1.0387 - val_accuracy: 0.3018 - val_ce: 1.6660 - val_loss: 1.6769 - learning_rate: 5.0000e-05
/usr/local/lib/python3.13/dist-packages/sklearn/metrics/_classification.py:3001: UserWarning: The y_pred values do not sum to one. Make sure to pass probabilities.
  warnings.warn(
/usr/local/lib/python3.13/dist-packages/sklearn/metrics/_classification.py:3001: UserWarning: The y_pred values do not sum to one. Make sure to pass probabilities.
  warnings.warn(
               precision    recall  f1-score   support

Human-written     0.7255    0.8087    0.7649       183
           V1     0.3349    0.3395    0.3372       215
           V2     0.2326    0.1485    0.1813       202
           V3     0.2609    0.0345    0.0609       174
           V4     0.4000    0.0261    0.0491       153
           V5     0.2069    0.6800    0.3173       150

     accuracy                         0.3370      1077
    macro avg     0.3601    0.3396    0.2851      1077
 weighted avg     0.3615    0.3370    0.2923      1077

Class distribution all  : {'Human-written': 1218, 'V1': 1433, 'V2': 1350, 'V3': 1157, 'V4': 1019, 'V5': 999}  ratio {'Human-written': 0.1697, 'V1': 0.1997, 'V2': 0.1881, 'V3': 0.1612, 'V4': 0.142, 'V5': 0.1392}
Class distribution train: {'Human-written': 852, 'V1': 1003, 'V2': 945, 'V3': 810, 'V4': 713, 'V5': 699}  ratio {'Human-written': 0.1697, 'V1': 0.1997, 'V2': 0.1882, 'V3': 0.1613, 'V4': 0.142, 'V5': 0.1392}
Class distribution val  : {'Human-written': 183, 'V1': 215, 'V2': 203, 'V3': 173, 'V4': 153, 'V5': 150}  ratio {'Human-written': 0.1699, 'V1': 0.1996, 'V2': 0.1885, 'V3': 0.1606, 'V4': 0.1421, 'V5': 0.1393}
Class distribution test : {'Human-written': 183, 'V1': 215, 'V2': 202, 'V3': 174, 'V4': 153, 'V5': 150}  ratio {'Human-written': 0.1699, 'V1': 0.1996, 'V2': 0.1876, 'V3': 0.1616, 'V4': 0.1421, 'V5': 0.1393}

subdataset14_screenshot_6class_snippet_cv  VGG19 (relu, dropout 0.2, lr 0.0001)
CV mean    acc=0.3276  F1 w/m/micro=0.2955/0.2906/0.3276  P_w=0.2985  R_w=0.3276  CE=1.5069  AUC=0.6909  MCC=0.1980
VALIDATION acc=0.3426  F1 w/m/micro=0.2868/0.2800/0.3426  P_w=0.3388  R_w=0.3426  CE=1.4431  AUC=0.7126  MCC=0.2374
TEST       acc=0.3370  F1 w/m/micro=0.2923/0.2851/0.3370  P_w=0.3615  R_w=0.3370  CE=1.4579  AUC=0.7074  MCC=0.2277
TEST 95% CI: accuracy=[0.3092, 0.3658]  f1_weighted=[0.2637, 0.3221]  f1_macro=[0.2627, 0.3068]  mcc=[0.1941, 0.2603]  balanced_accuracy=[0.3175, 0.3595]
Outputs: Experiments/subdataset14/Snippet-Level Split/results/subdataset14_screenshot_6class_snippet_cv
2026-10-02 23:22:48 FINISHED
