
====================================================================================================
2026-10-02 21:36:52  subdataset10_screenshot_human_vs_v2_snippet_cv  (config hash b36370465503)
Data    : Data/Subdataset_10
Classes : ['Human-written', 'V2']   Split: Snippet-Level Split
Model   : VGG19  activation=sigmoid  dropout=0.1  lr=0.0001  trained=base from block5_* on  preprocessing=caffe  L2=0.0001
Training: at most 20 epochs, early stopping val_ce patience 4, batch 16, 320x320 (no cropping), mixed precision True
Output  : Experiments/subdataset10/Snippet-Level Split/results/subdataset10_screenshot_human_vs_v2_snippet_cv
Human-written (label 0): 2234 images
V2  (label 1): 2428 images
Total 4662 images
Train     :  3262 (70.0%)  Human-written=1563 V2=1699
Validation:   700 (15.0%)  Human-written=336 V2=364
Test      :   700 (15.0%)  Human-written=335 V2=365
Fold 1: train=3169 (Human-written=1519 V2=1650)  evaluation=793 (Human-written=380 V2=413)
Fold 2: train=3169 (Human-written=1519 V2=1650)  evaluation=793 (Human-written=380 V2=413)
Fold 3: train=3170 (Human-written=1520 V2=1650)  evaluation=792 (Human-written=379 V2=413)
Fold 4: train=3170 (Human-written=1519 V2=1651)  evaluation=792 (Human-written=380 V2=412)
Fold 5: train=3170 (Human-written=1519 V2=1651)  evaluation=792 (Human-written=380 V2=412)
Leakage check PASSED.
TensorFlow 2.20.0 | GPU: [PhysicalDevice(name='/physical_device:GPU:0', device_type='GPU')]
Mixed precision: mixed_float16 (output layer float32)
Images loaded: 4662, 1.4 GB, 19 s

===== Fold 1/5  21:37:16 =====
Class weights (balanced): Human-written=1.043  V2=0.960
Model: base 22 layers, trained base layers 5 (first: block5_conv1); trained parameters 9,702,401 / 20,287,553
Epoch 1/20
169/169 - 55s - 324ms/step - accuracy: 0.5745 - ce: 0.6819 - loss: 0.7262 - val_accuracy: 0.5252 - val_ce: 0.7482 - val_loss: 0.7844 - learning_rate: 1.0000e-04
Epoch 2/20
169/169 - 17s - 99ms/step - accuracy: 0.6751 - ce: 0.6151 - loss: 0.6460 - val_accuracy: 0.6555 - val_ce: 0.6255 - val_loss: 0.6513 - learning_rate: 1.0000e-04
Epoch 3/20
169/169 - 17s - 99ms/step - accuracy: 0.7297 - ce: 0.5444 - loss: 0.5670 - val_accuracy: 0.7122 - val_ce: 0.5853 - val_loss: 0.6047 - learning_rate: 1.0000e-04
Epoch 4/20
169/169 - 17s - 99ms/step - accuracy: 0.7642 - ce: 0.5057 - loss: 0.5226 - val_accuracy: 0.6933 - val_ce: 0.5736 - val_loss: 0.5892 - learning_rate: 1.0000e-04
Epoch 5/20
169/169 - 17s - 99ms/step - accuracy: 0.7898 - ce: 0.4559 - loss: 0.4706 - val_accuracy: 0.7311 - val_ce: 0.5693 - val_loss: 0.5825 - learning_rate: 1.0000e-04
Epoch 6/20
169/169 - 17s - 99ms/step - accuracy: 0.8303 - ce: 0.3995 - loss: 0.4124 - val_accuracy: 0.7038 - val_ce: 0.5883 - val_loss: 0.5999 - learning_rate: 1.0000e-04
Epoch 7/20

Epoch 7: ReduceLROnPlateau reducing learning rate to 4.999999873689376e-05.
169/169 - 17s - 99ms/step - accuracy: 0.8530 - ce: 0.3551 - loss: 0.3660 - val_accuracy: 0.7353 - val_ce: 0.7055 - val_loss: 0.7161 - learning_rate: 1.0000e-04
Epoch 8/20
169/169 - 17s - 99ms/step - accuracy: 0.9064 - ce: 0.2384 - loss: 0.2486 - val_accuracy: 0.7542 - val_ce: 0.6856 - val_loss: 0.6957 - learning_rate: 5.0000e-05
Epoch 9/20

Epoch 9: ReduceLROnPlateau reducing learning rate to 2.499999936844688e-05.
169/169 - 17s - 99ms/step - accuracy: 0.9157 - ce: 0.2107 - loss: 0.2209 - val_accuracy: 0.7122 - val_ce: 0.8241 - val_loss: 0.8338 - learning_rate: 5.0000e-05
Fold 1: accuracy=0.7301  F1(w/m)=0.7290/0.7280  CE=0.5420  epochs=9  

===== Fold 2/5  21:40:42 =====
Class weights (balanced): Human-written=1.043  V2=0.960
Epoch 1/20
169/169 - 28s - 164ms/step - accuracy: 0.5447 - ce: 0.6937 - loss: 0.7376 - val_accuracy: 0.6155 - val_ce: 0.6604 - val_loss: 0.6978 - learning_rate: 1.0000e-04
Epoch 2/20
169/169 - 17s - 100ms/step - accuracy: 0.6502 - ce: 0.6346 - loss: 0.6670 - val_accuracy: 0.6576 - val_ce: 0.6333 - val_loss: 0.6600 - learning_rate: 1.0000e-04
Epoch 3/20
169/169 - 17s - 99ms/step - accuracy: 0.7055 - ce: 0.5769 - loss: 0.6006 - val_accuracy: 0.6366 - val_ce: 0.6575 - val_loss: 0.6779 - learning_rate: 1.0000e-04
Epoch 4/20

Epoch 4: ReduceLROnPlateau reducing learning rate to 4.999999873689376e-05.
169/169 - 17s - 99ms/step - accuracy: 0.7486 - ce: 0.5246 - loss: 0.5430 - val_accuracy: 0.6807 - val_ce: 0.7117 - val_loss: 0.7282 - learning_rate: 1.0000e-04
Epoch 5/20
169/169 - 17s - 99ms/step - accuracy: 0.7965 - ce: 0.4534 - loss: 0.4692 - val_accuracy: 0.7122 - val_ce: 0.6108 - val_loss: 0.6258 - learning_rate: 5.0000e-05
Epoch 6/20
169/169 - 17s - 98ms/step - accuracy: 0.8288 - ce: 0.3935 - loss: 0.4080 - val_accuracy: 0.7311 - val_ce: 0.6470 - val_loss: 0.6608 - learning_rate: 5.0000e-05
Epoch 7/20

Epoch 7: ReduceLROnPlateau reducing learning rate to 2.499999936844688e-05.
169/169 - 17s - 99ms/step - accuracy: 0.8600 - ce: 0.3410 - loss: 0.3543 - val_accuracy: 0.7164 - val_ce: 0.6685 - val_loss: 0.6814 - learning_rate: 5.0000e-05
Epoch 8/20
169/169 - 17s - 99ms/step - accuracy: 0.9057 - ce: 0.2515 - loss: 0.2638 - val_accuracy: 0.7248 - val_ce: 0.6904 - val_loss: 0.7029 - learning_rate: 2.5000e-05
Epoch 9/20

Epoch 9: ReduceLROnPlateau reducing learning rate to 1.249999968422344e-05.
169/169 - 17s - 99ms/step - accuracy: 0.9261 - ce: 0.1998 - loss: 0.2120 - val_accuracy: 0.7227 - val_ce: 0.8065 - val_loss: 0.8185 - learning_rate: 2.5000e-05
Fold 2: accuracy=0.7453  F1(w/m)=0.7451/0.7446  CE=0.5548  epochs=9  

===== Fold 3/5  21:43:33 =====
Class weights (balanced): Human-written=1.043  V2=0.961
Epoch 1/20
169/169 - 34s - 200ms/step - accuracy: 0.5820 - ce: 0.6918 - loss: 0.7373 - val_accuracy: 0.6513 - val_ce: 0.6416 - val_loss: 0.6819 - learning_rate: 1.0000e-04
Epoch 2/20
169/169 - 17s - 100ms/step - accuracy: 0.6604 - ce: 0.6260 - loss: 0.6621 - val_accuracy: 0.7122 - val_ce: 0.5668 - val_loss: 0.5993 - learning_rate: 1.0000e-04
Epoch 3/20
169/169 - 17s - 100ms/step - accuracy: 0.7123 - ce: 0.5692 - loss: 0.5989 - val_accuracy: 0.7185 - val_ce: 0.5498 - val_loss: 0.5774 - learning_rate: 1.0000e-04
Epoch 4/20
169/169 - 17s - 99ms/step - accuracy: 0.7576 - ce: 0.5061 - loss: 0.5322 - val_accuracy: 0.7248 - val_ce: 0.5219 - val_loss: 0.5463 - learning_rate: 1.0000e-04
Epoch 5/20
169/169 - 17s - 99ms/step - accuracy: 0.7996 - ce: 0.4435 - loss: 0.4671 - val_accuracy: 0.7836 - val_ce: 0.4855 - val_loss: 0.5078 - learning_rate: 1.0000e-04
Epoch 6/20
169/169 - 17s - 99ms/step - accuracy: 0.8170 - ce: 0.4076 - loss: 0.4297 - val_accuracy: 0.7521 - val_ce: 0.5153 - val_loss: 0.5360 - learning_rate: 1.0000e-04
Epoch 7/20

Epoch 7: ReduceLROnPlateau reducing learning rate to 4.999999873689376e-05.
169/169 - 17s - 99ms/step - accuracy: 0.8575 - ce: 0.3400 - loss: 0.3599 - val_accuracy: 0.7941 - val_ce: 0.5716 - val_loss: 0.5910 - learning_rate: 1.0000e-04
Epoch 8/20
169/169 - 17s - 99ms/step - accuracy: 0.9131 - ce: 0.2133 - loss: 0.2322 - val_accuracy: 0.7059 - val_ce: 0.7942 - val_loss: 0.8131 - learning_rate: 5.0000e-05
Epoch 9/20

Epoch 9: ReduceLROnPlateau reducing learning rate to 2.499999936844688e-05.
169/169 - 17s - 99ms/step - accuracy: 0.9428 - ce: 0.1506 - loss: 0.1694 - val_accuracy: 0.7542 - val_ce: 0.7566 - val_loss: 0.7750 - learning_rate: 5.0000e-05
Fold 3: accuracy=0.7298  F1(w/m)=0.7299/0.7297  CE=0.5689  epochs=9  

===== Fold 4/5  21:46:36 =====
Class weights (balanced): Human-written=1.043  V2=0.960
Epoch 1/20
169/169 - 28s - 166ms/step - accuracy: 0.5728 - ce: 0.6781 - loss: 0.7217 - val_accuracy: 0.6429 - val_ce: 0.6310 - val_loss: 0.6661 - learning_rate: 1.0000e-04
Epoch 2/20
169/169 - 17s - 100ms/step - accuracy: 0.6834 - ce: 0.6025 - loss: 0.6324 - val_accuracy: 0.7017 - val_ce: 0.5772 - val_loss: 0.6035 - learning_rate: 1.0000e-04
Epoch 3/20
169/169 - 17s - 100ms/step - accuracy: 0.7405 - ce: 0.5371 - loss: 0.5603 - val_accuracy: 0.6975 - val_ce: 0.5695 - val_loss: 0.5900 - learning_rate: 1.0000e-04
Epoch 4/20
169/169 - 17s - 99ms/step - accuracy: 0.7721 - ce: 0.4990 - loss: 0.5171 - val_accuracy: 0.7269 - val_ce: 0.5371 - val_loss: 0.5542 - learning_rate: 1.0000e-04
Epoch 5/20
169/169 - 17s - 99ms/step - accuracy: 0.7958 - ce: 0.4485 - loss: 0.4641 - val_accuracy: 0.7143 - val_ce: 0.6104 - val_loss: 0.6255 - learning_rate: 1.0000e-04
Epoch 6/20

Epoch 6: ReduceLROnPlateau reducing learning rate to 4.999999873689376e-05.
169/169 - 17s - 99ms/step - accuracy: 0.8099 - ce: 0.4153 - loss: 0.4301 - val_accuracy: 0.7332 - val_ce: 0.5563 - val_loss: 0.5700 - learning_rate: 1.0000e-04
Epoch 7/20
169/169 - 17s - 99ms/step - accuracy: 0.8627 - ce: 0.3173 - loss: 0.3312 - val_accuracy: 0.7458 - val_ce: 0.6801 - val_loss: 0.6932 - learning_rate: 5.0000e-05
Epoch 8/20

Epoch 8: ReduceLROnPlateau reducing learning rate to 2.499999936844688e-05.
169/169 - 17s - 99ms/step - accuracy: 0.8972 - ce: 0.2493 - loss: 0.2619 - val_accuracy: 0.7437 - val_ce: 0.6480 - val_loss: 0.6607 - learning_rate: 5.0000e-05
Fold 4: accuracy=0.7399  F1(w/m)=0.7386/0.7376  CE=0.5362  epochs=8  

===== Fold 5/5  21:49:11 =====
Class weights (balanced): Human-written=1.043  V2=0.960
Epoch 1/20
169/169 - 28s - 166ms/step - accuracy: 0.5249 - ce: 0.7102 - loss: 0.7564 - val_accuracy: 0.6387 - val_ce: 0.6675 - val_loss: 0.7088 - learning_rate: 1.0000e-04
Epoch 2/20
169/169 - 17s - 100ms/step - accuracy: 0.6592 - ce: 0.6265 - loss: 0.6641 - val_accuracy: 0.6471 - val_ce: 0.6220 - val_loss: 0.6570 - learning_rate: 1.0000e-04
Epoch 3/20
169/169 - 17s - 100ms/step - accuracy: 0.7134 - ce: 0.5584 - loss: 0.5910 - val_accuracy: 0.7059 - val_ce: 0.5709 - val_loss: 0.6013 - learning_rate: 1.0000e-04
Epoch 4/20
169/169 - 17s - 99ms/step - accuracy: 0.7591 - ce: 0.5032 - loss: 0.5318 - val_accuracy: 0.7395 - val_ce: 0.5203 - val_loss: 0.5474 - learning_rate: 1.0000e-04
Epoch 5/20
169/169 - 17s - 99ms/step - accuracy: 0.7973 - ce: 0.4472 - loss: 0.4731 - val_accuracy: 0.7227 - val_ce: 0.5886 - val_loss: 0.6132 - learning_rate: 1.0000e-04
Epoch 6/20

Epoch 6: ReduceLROnPlateau reducing learning rate to 4.999999873689376e-05.
169/169 - 17s - 98ms/step - accuracy: 0.8133 - ce: 0.4028 - loss: 0.4264 - val_accuracy: 0.7311 - val_ce: 0.6083 - val_loss: 0.6310 - learning_rate: 1.0000e-04
Epoch 7/20
169/169 - 17s - 99ms/step - accuracy: 0.8782 - ce: 0.2888 - loss: 0.3119 - val_accuracy: 0.7332 - val_ce: 0.6267 - val_loss: 0.6486 - learning_rate: 5.0000e-05
Epoch 8/20

Epoch 8: ReduceLROnPlateau reducing learning rate to 2.499999936844688e-05.
169/169 - 17s - 99ms/step - accuracy: 0.9001 - ce: 0.2436 - loss: 0.2655 - val_accuracy: 0.7374 - val_ce: 0.5959 - val_loss: 0.6170 - learning_rate: 5.0000e-05
Fold 5: accuracy=0.7146  F1(w/m)=0.7146/0.7141  CE=0.5538  epochs=8  

CV mean ± std:
  accuracy               0.7320 ± 0.0117
  balanced_accuracy      0.7308 ± 0.0114
  mcc                    0.4633 ± 0.0234
  cross_entropy          0.5512 ± 0.0127
  roc_auc                0.8085 ± 0.0105
  precision_macro        0.7325 ± 0.0122
  recall_macro           0.7308 ± 0.0114
  f1_macro               0.7308 ± 0.0114
  precision_micro        0.7320 ± 0.0117
  recall_micro           0.7320 ± 0.0117
  f1_micro               0.7320 ± 0.0117
  precision_weighted     0.7327 ± 0.0119
  recall_weighted        0.7320 ± 0.0117
  f1_weighted            0.7314 ± 0.0115

===== Final training  21:51:47 =====
Class weights (balanced): Human-written=1.044  V2=0.960
Epoch 1/20
204/204 - 43s - 209ms/step - accuracy: 0.5708 - ce: 0.6865 - loss: 0.7295 - val_accuracy: 0.5686 - val_ce: 0.6634 - val_loss: 0.7005 - learning_rate: 1.0000e-04
Epoch 2/20
204/204 - 21s - 102ms/step - accuracy: 0.6858 - ce: 0.5944 - loss: 0.6265 - val_accuracy: 0.6857 - val_ce: 0.5898 - val_loss: 0.6172 - learning_rate: 1.0000e-04
Epoch 3/20
204/204 - 21s - 101ms/step - accuracy: 0.7262 - ce: 0.5449 - loss: 0.5695 - val_accuracy: 0.7014 - val_ce: 0.5945 - val_loss: 0.6163 - learning_rate: 1.0000e-04
Epoch 4/20
204/204 - 21s - 101ms/step - accuracy: 0.7759 - ce: 0.4789 - loss: 0.4989 - val_accuracy: 0.7257 - val_ce: 0.5548 - val_loss: 0.5736 - learning_rate: 1.0000e-04
Epoch 5/20
204/204 - 21s - 101ms/step - accuracy: 0.7937 - ce: 0.4406 - loss: 0.4583 - val_accuracy: 0.7157 - val_ce: 0.5687 - val_loss: 0.5855 - learning_rate: 1.0000e-04
Epoch 6/20

Epoch 6: ReduceLROnPlateau reducing learning rate to 4.999999873689376e-05.
204/204 - 21s - 101ms/step - accuracy: 0.8271 - ce: 0.3956 - loss: 0.4118 - val_accuracy: 0.7314 - val_ce: 0.6279 - val_loss: 0.6434 - learning_rate: 1.0000e-04
Epoch 7/20
204/204 - 21s - 101ms/step - accuracy: 0.8737 - ce: 0.3031 - loss: 0.3186 - val_accuracy: 0.7229 - val_ce: 0.6115 - val_loss: 0.6263 - learning_rate: 5.0000e-05
Epoch 8/20

Epoch 8: ReduceLROnPlateau reducing learning rate to 2.499999936844688e-05.
204/204 - 21s - 102ms/step - accuracy: 0.9175 - ce: 0.2189 - loss: 0.2329 - val_accuracy: 0.7386 - val_ce: 0.6846 - val_loss: 0.6989 - learning_rate: 5.0000e-05
               precision    recall  f1-score   support

Human-written     0.7960    0.7104    0.7508       335
           V2     0.7581    0.8329    0.7937       365

     accuracy                         0.7743       700
    macro avg     0.7770    0.7717    0.7723       700
 weighted avg     0.7762    0.7743    0.7732       700

Class distribution all  : {'Human-written': 2234, 'V2': 2428}  ratio {'Human-written': 0.4792, 'V2': 0.5208}
Class distribution train: {'Human-written': 1563, 'V2': 1699}  ratio {'Human-written': 0.4792, 'V2': 0.5208}
Class distribution val  : {'Human-written': 336, 'V2': 364}  ratio {'Human-written': 0.48, 'V2': 0.52}
Class distribution test : {'Human-written': 335, 'V2': 365}  ratio {'Human-written': 0.4786, 'V2': 0.5214}

subdataset10_screenshot_human_vs_v2_snippet_cv  VGG19 (sigmoid, dropout 0.1, lr 0.0001)
CV mean    acc=0.7320  F1 w/m/micro=0.7314/0.7308/0.7320  P_w=0.7327  R_w=0.7320  CE=0.5512  AUC=0.8085  MCC=0.4633
VALIDATION acc=0.7257  F1 w/m/micro=0.7236/0.7224/0.7257  P_w=0.7285  R_w=0.7257  CE=0.5548  AUC=0.8127  MCC=0.4518
TEST       acc=0.7743  F1 w/m/micro=0.7732/0.7723/0.7743  P_w=0.7762  R_w=0.7743  CE=0.4999  AUC=0.8456  MCC=0.5487
TEST 95% CI: accuracy=[0.7429, 0.8057]  f1_weighted=[0.7423, 0.8045]  f1_macro=[0.7398, 0.8029]  mcc=[0.4856, 0.6092]  balanced_accuracy=[0.7397, 0.8021]
Outputs: Experiments/subdataset10/Snippet-Level Split/results/subdataset10_screenshot_human_vs_v2_snippet_cv
2026-10-02 21:55:11 FINISHED
