
====================================================================================================
2026-10-02 20:46:46  subdataset14_screenshot_human_vs_v2_snippet_cv  (config hash da37f4ed966d)
Data    : Data/Subdataset_14
Classes : ['Human-written', 'V2']   Split: Snippet-Level Split
Model   : VGG19  activation=tanh  dropout=0.2  lr=0.0001  trained=base from block5_* on  preprocessing=caffe  L2=0.0001
Training: at most 20 epochs, early stopping val_ce patience 4, batch 16, 320x320 (no cropping), mixed precision True
Output  : Experiments/subdataset14/Snippet-Level Split/results/subdataset14_screenshot_human_vs_v2_snippet_cv
Human-written (label 0): 1218 images
V2  (label 1): 1350 images
Total 2568 images
Train     :  1796 (69.9%)  Human-written=852 V2=944
Validation:   386 (15.0%)  Human-written=183 V2=203
Test      :   386 (15.0%)  Human-written=183 V2=203
Fold 1: train=1745 (Human-written=828 V2=917)  evaluation=437 (Human-written=207 V2=230)
Fold 2: train=1745 (Human-written=828 V2=917)  evaluation=437 (Human-written=207 V2=230)
Fold 3: train=1746 (Human-written=828 V2=918)  evaluation=436 (Human-written=207 V2=229)
Fold 4: train=1746 (Human-written=828 V2=918)  evaluation=436 (Human-written=207 V2=229)
Fold 5: train=1746 (Human-written=828 V2=918)  evaluation=436 (Human-written=207 V2=229)
Leakage check PASSED.
TensorFlow 2.20.0 | GPU: [PhysicalDevice(name='/physical_device:GPU:0', device_type='GPU')]
Mixed precision: mixed_float16 (output layer float32)
Images loaded: 2568, 0.8 GB, 2 s

===== Fold 1/5  20:46:50 =====
Class weights (balanced): Human-written=1.053  V2=0.952
Fold 1: accuracy=nan  F1(w/m)=nan/nan  CE=nan  epochs=-  InternalError: {{function_node __wrapped__Cast_device_/job:localhost/replica:0/task:0/device:GPU:0}} 'cuLaunchKernel(function, gridX, gridY, gridZ, blockX, blockY, blockZ, 0, reinterpret_cast<CUstream>(stream), params, nullptr)' failed with 'CUDA_ERROR_INVALID_HANDLE' [Op:Cast] name: 

===== Fold 2/5  20:46:51 =====
Class weights (balanced): Human-written=1.053  V2=0.952
Fold 2: accuracy=nan  F1(w/m)=nan/nan  CE=nan  epochs=-  InternalError: {{function_node __wrapped__Cast_device_/job:localhost/replica:0/task:0/device:GPU:0}} 'cuLaunchKernel(function, gridX, gridY, gridZ, blockX, blockY, blockZ, 0, reinterpret_cast<CUstream>(stream), params, nullptr)' failed with 'CUDA_ERROR_INVALID_HANDLE' [Op:Cast] name: 

===== Fold 3/5  20:46:51 =====
Class weights (balanced): Human-written=1.054  V2=0.951
Fold 3: accuracy=nan  F1(w/m)=nan/nan  CE=nan  epochs=-  InternalError: {{function_node __wrapped__Cast_device_/job:localhost/replica:0/task:0/device:GPU:0}} 'cuLaunchKernel(function, gridX, gridY, gridZ, blockX, blockY, blockZ, 0, reinterpret_cast<CUstream>(stream), params, nullptr)' failed with 'CUDA_ERROR_INVALID_HANDLE' [Op:Cast] name: 

===== Fold 4/5  20:46:52 =====
Class weights (balanced): Human-written=1.054  V2=0.951
Fold 4: accuracy=nan  F1(w/m)=nan/nan  CE=nan  epochs=-  InternalError: {{function_node __wrapped__Cast_device_/job:localhost/replica:0/task:0/device:GPU:0}} 'cuLaunchKernel(function, gridX, gridY, gridZ, blockX, blockY, blockZ, 0, reinterpret_cast<CUstream>(stream), params, nullptr)' failed with 'CUDA_ERROR_INVALID_HANDLE' [Op:Cast] name: 

===== Fold 5/5  20:46:53 =====
Class weights (balanced): Human-written=1.054  V2=0.951
Fold 5: accuracy=nan  F1(w/m)=nan/nan  CE=nan  epochs=-  InternalError: {{function_node __wrapped__Cast_device_/job:localhost/replica:0/task:0/device:GPU:0}} 'cuLaunchKernel(function, gridX, gridY, gridZ, blockX, blockY, blockZ, 0, reinterpret_cast<CUstream>(stream), params, nullptr)' failed with 'CUDA_ERROR_INVALID_HANDLE' [Op:Cast] name: 
Traceback (most recent call last):
  File "Experiments/subdataset14/Snippet-Level Split/subdataset14_screenshot_human_vs_v2_snippet_cv.py", line 653, in <module>
    assert len(cv) == CV_FOLDS, f"not all {CV_FOLDS} folds are complete ({len(cv)}); run the script again (it resumes from the missing fold)."
           ^^^^^^^^^^^^^^^^^^^
AssertionError: not all 5 folds are complete (0); run the script again (it resumes from the missing fold).

====================================================================================================
2026-10-02 20:46:55  subdataset14_screenshot_human_vs_v2_snippet_cv  (config hash da37f4ed966d)
Data    : Data/Subdataset_14
Classes : ['Human-written', 'V2']   Split: Snippet-Level Split
Model   : VGG19  activation=tanh  dropout=0.2  lr=0.0001  trained=base from block5_* on  preprocessing=caffe  L2=0.0001
Training: at most 20 epochs, early stopping val_ce patience 4, batch 16, 320x320 (no cropping), mixed precision True
Output  : Experiments/subdataset14/Snippet-Level Split/results/subdataset14_screenshot_human_vs_v2_snippet_cv
Human-written (label 0): 1218 images
V2  (label 1): 1350 images
Total 2568 images
Train     :  1796 (69.9%)  Human-written=852 V2=944
Validation:   386 (15.0%)  Human-written=183 V2=203
Test      :   386 (15.0%)  Human-written=183 V2=203
Fold 1: train=1745 (Human-written=828 V2=917)  evaluation=437 (Human-written=207 V2=230)
Fold 2: train=1745 (Human-written=828 V2=917)  evaluation=437 (Human-written=207 V2=230)
Fold 3: train=1746 (Human-written=828 V2=918)  evaluation=436 (Human-written=207 V2=229)
Fold 4: train=1746 (Human-written=828 V2=918)  evaluation=436 (Human-written=207 V2=229)
Fold 5: train=1746 (Human-written=828 V2=918)  evaluation=436 (Human-written=207 V2=229)
Leakage check PASSED.
TensorFlow 2.20.0 | GPU: [PhysicalDevice(name='/physical_device:GPU:0', device_type='GPU')]
Mixed precision: mixed_float16 (output layer float32)
Images loaded: 2568, 0.8 GB, 2 s
Previously completed folds: [] (will be skipped)

===== Fold 1/5  20:46:59 =====
Class weights (balanced): Human-written=1.053  V2=0.952
Fold 1: accuracy=nan  F1(w/m)=nan/nan  CE=nan  epochs=-  InternalError: {{function_node __wrapped__Cast_device_/job:localhost/replica:0/task:0/device:GPU:0}} 'cuLaunchKernel(function, gridX, gridY, gridZ, blockX, blockY, blockZ, 0, reinterpret_cast<CUstream>(stream), params, nullptr)' failed with 'CUDA_ERROR_INVALID_HANDLE' [Op:Cast] name: 

===== Fold 2/5  20:47:00 =====
Class weights (balanced): Human-written=1.053  V2=0.952
Fold 2: accuracy=nan  F1(w/m)=nan/nan  CE=nan  epochs=-  InternalError: {{function_node __wrapped__Cast_device_/job:localhost/replica:0/task:0/device:GPU:0}} 'cuLaunchKernel(function, gridX, gridY, gridZ, blockX, blockY, blockZ, 0, reinterpret_cast<CUstream>(stream), params, nullptr)' failed with 'CUDA_ERROR_INVALID_HANDLE' [Op:Cast] name: 

===== Fold 3/5  20:47:00 =====
Class weights (balanced): Human-written=1.054  V2=0.951
Fold 3: accuracy=nan  F1(w/m)=nan/nan  CE=nan  epochs=-  InternalError: {{function_node __wrapped__Cast_device_/job:localhost/replica:0/task:0/device:GPU:0}} 'cuLaunchKernel(function, gridX, gridY, gridZ, blockX, blockY, blockZ, 0, reinterpret_cast<CUstream>(stream), params, nullptr)' failed with 'CUDA_ERROR_INVALID_HANDLE' [Op:Cast] name: 

===== Fold 4/5  20:47:01 =====
Class weights (balanced): Human-written=1.054  V2=0.951
Fold 4: accuracy=nan  F1(w/m)=nan/nan  CE=nan  epochs=-  InternalError: {{function_node __wrapped__Cast_device_/job:localhost/replica:0/task:0/device:GPU:0}} 'cuLaunchKernel(function, gridX, gridY, gridZ, blockX, blockY, blockZ, 0, reinterpret_cast<CUstream>(stream), params, nullptr)' failed with 'CUDA_ERROR_INVALID_HANDLE' [Op:Cast] name: 

===== Fold 5/5  20:47:01 =====
Class weights (balanced): Human-written=1.054  V2=0.951
Fold 5: accuracy=nan  F1(w/m)=nan/nan  CE=nan  epochs=-  InternalError: {{function_node __wrapped__Cast_device_/job:localhost/replica:0/task:0/device:GPU:0}} 'cuLaunchKernel(function, gridX, gridY, gridZ, blockX, blockY, blockZ, 0, reinterpret_cast<CUstream>(stream), params, nullptr)' failed with 'CUDA_ERROR_INVALID_HANDLE' [Op:Cast] name: 
Traceback (most recent call last):
  File "Experiments/subdataset14/Snippet-Level Split/subdataset14_screenshot_human_vs_v2_snippet_cv.py", line 653, in <module>
    assert len(cv) == CV_FOLDS, f"not all {CV_FOLDS} folds are complete ({len(cv)}); run the script again (it resumes from the missing fold)."
           ^^^^^^^^^^^^^^^^^^^
AssertionError: not all 5 folds are complete (0); run the script again (it resumes from the missing fold).

====================================================================================================
2026-10-02 20:47:03  subdataset14_screenshot_human_vs_v2_snippet_cv  (config hash da37f4ed966d)
Data    : Data/Subdataset_14
Classes : ['Human-written', 'V2']   Split: Snippet-Level Split
Model   : VGG19  activation=tanh  dropout=0.2  lr=0.0001  trained=base from block5_* on  preprocessing=caffe  L2=0.0001
Training: at most 20 epochs, early stopping val_ce patience 4, batch 16, 320x320 (no cropping), mixed precision True
Output  : Experiments/subdataset14/Snippet-Level Split/results/subdataset14_screenshot_human_vs_v2_snippet_cv
Human-written (label 0): 1218 images
V2  (label 1): 1350 images
Total 2568 images
Train     :  1796 (69.9%)  Human-written=852 V2=944
Validation:   386 (15.0%)  Human-written=183 V2=203
Test      :   386 (15.0%)  Human-written=183 V2=203
Fold 1: train=1745 (Human-written=828 V2=917)  evaluation=437 (Human-written=207 V2=230)
Fold 2: train=1745 (Human-written=828 V2=917)  evaluation=437 (Human-written=207 V2=230)
Fold 3: train=1746 (Human-written=828 V2=918)  evaluation=436 (Human-written=207 V2=229)
Fold 4: train=1746 (Human-written=828 V2=918)  evaluation=436 (Human-written=207 V2=229)
Fold 5: train=1746 (Human-written=828 V2=918)  evaluation=436 (Human-written=207 V2=229)
Leakage check PASSED.
TensorFlow 2.20.0 | GPU: [PhysicalDevice(name='/physical_device:GPU:0', device_type='GPU')]
Mixed precision: mixed_float16 (output layer float32)
Images loaded: 2568, 0.8 GB, 2 s
Previously completed folds: [] (will be skipped)

===== Fold 1/5  20:47:08 =====
Class weights (balanced): Human-written=1.053  V2=0.952
Fold 1: accuracy=nan  F1(w/m)=nan/nan  CE=nan  epochs=-  InternalError: {{function_node __wrapped__Cast_device_/job:localhost/replica:0/task:0/device:GPU:0}} 'cuLaunchKernel(function, gridX, gridY, gridZ, blockX, blockY, blockZ, 0, reinterpret_cast<CUstream>(stream), params, nullptr)' failed with 'CUDA_ERROR_INVALID_HANDLE' [Op:Cast] name: 

===== Fold 2/5  20:47:08 =====
Class weights (balanced): Human-written=1.053  V2=0.952
Fold 2: accuracy=nan  F1(w/m)=nan/nan  CE=nan  epochs=-  InternalError: {{function_node __wrapped__Cast_device_/job:localhost/replica:0/task:0/device:GPU:0}} 'cuLaunchKernel(function, gridX, gridY, gridZ, blockX, blockY, blockZ, 0, reinterpret_cast<CUstream>(stream), params, nullptr)' failed with 'CUDA_ERROR_INVALID_HANDLE' [Op:Cast] name: 

===== Fold 3/5  20:47:09 =====
Class weights (balanced): Human-written=1.054  V2=0.951
Fold 3: accuracy=nan  F1(w/m)=nan/nan  CE=nan  epochs=-  InternalError: {{function_node __wrapped__Cast_device_/job:localhost/replica:0/task:0/device:GPU:0}} 'cuLaunchKernel(function, gridX, gridY, gridZ, blockX, blockY, blockZ, 0, reinterpret_cast<CUstream>(stream), params, nullptr)' failed with 'CUDA_ERROR_INVALID_HANDLE' [Op:Cast] name: 

===== Fold 4/5  20:47:09 =====
Class weights (balanced): Human-written=1.054  V2=0.951
Fold 4: accuracy=nan  F1(w/m)=nan/nan  CE=nan  epochs=-  InternalError: {{function_node __wrapped__Cast_device_/job:localhost/replica:0/task:0/device:GPU:0}} 'cuLaunchKernel(function, gridX, gridY, gridZ, blockX, blockY, blockZ, 0, reinterpret_cast<CUstream>(stream), params, nullptr)' failed with 'CUDA_ERROR_INVALID_HANDLE' [Op:Cast] name: 

===== Fold 5/5  20:47:10 =====
Class weights (balanced): Human-written=1.054  V2=0.951
Fold 5: accuracy=nan  F1(w/m)=nan/nan  CE=nan  epochs=-  InternalError: {{function_node __wrapped__Cast_device_/job:localhost/replica:0/task:0/device:GPU:0}} 'cuLaunchKernel(function, gridX, gridY, gridZ, blockX, blockY, blockZ, 0, reinterpret_cast<CUstream>(stream), params, nullptr)' failed with 'CUDA_ERROR_INVALID_HANDLE' [Op:Cast] name: 
Traceback (most recent call last):
  File "Experiments/subdataset14/Snippet-Level Split/subdataset14_screenshot_human_vs_v2_snippet_cv.py", line 653, in <module>
    assert len(cv) == CV_FOLDS, f"not all {CV_FOLDS} folds are complete ({len(cv)}); run the script again (it resumes from the missing fold)."
           ^^^^^^^^^^^^^^^^^^^
AssertionError: not all 5 folds are complete (0); run the script again (it resumes from the missing fold).

====================================================================================================
2026-10-02 22:19:35  subdataset14_screenshot_human_vs_v2_snippet_cv  (config hash da37f4ed966d)
Data    : Data/Subdataset_14
Classes : ['Human-written', 'V2']   Split: Snippet-Level Split
Model   : VGG19  activation=tanh  dropout=0.2  lr=0.0001  trained=base from block5_* on  preprocessing=caffe  L2=0.0001
Training: at most 20 epochs, early stopping val_ce patience 4, batch 16, 320x320 (no cropping), mixed precision True
Output  : Experiments/subdataset14/Snippet-Level Split/results/subdataset14_screenshot_human_vs_v2_snippet_cv
Human-written (label 0): 1218 images
V2  (label 1): 1350 images
Total 2568 images
Train     :  1796 (69.9%)  Human-written=852 V2=944
Validation:   386 (15.0%)  Human-written=183 V2=203
Test      :   386 (15.0%)  Human-written=183 V2=203
Fold 1: train=1745 (Human-written=828 V2=917)  evaluation=437 (Human-written=207 V2=230)
Fold 2: train=1745 (Human-written=828 V2=917)  evaluation=437 (Human-written=207 V2=230)
Fold 3: train=1746 (Human-written=828 V2=918)  evaluation=436 (Human-written=207 V2=229)
Fold 4: train=1746 (Human-written=828 V2=918)  evaluation=436 (Human-written=207 V2=229)
Fold 5: train=1746 (Human-written=828 V2=918)  evaluation=436 (Human-written=207 V2=229)
Leakage check PASSED.
TensorFlow 2.20.0 | GPU: [PhysicalDevice(name='/physical_device:GPU:0', device_type='GPU')]
Mixed precision: mixed_float16 (output layer float32)
Images loaded: 2568, 0.8 GB, 12 s
Previously completed folds: [] (will be skipped)

===== Fold 1/5  22:19:54 =====
Class weights (balanced): Human-written=1.053  V2=0.952
Model: base 22 layers, trained base layers 5 (first: block5_conv1); trained parameters 9,702,401 / 20,287,553
Epoch 1/20
93/93 - 20s - 218ms/step - accuracy: 0.7202 - ce: 0.5570 - loss: 0.6041 - val_accuracy: 0.7748 - val_ce: 0.5719 - val_loss: 0.6168 - learning_rate: 1.0000e-04
Epoch 2/20
93/93 - 3s - 35ms/step - accuracy: 0.8011 - ce: 0.4471 - loss: 0.4887 - val_accuracy: 0.8015 - val_ce: 0.5469 - val_loss: 0.5866 - learning_rate: 1.0000e-04
Epoch 3/20
93/93 - 3s - 36ms/step - accuracy: 0.8024 - ce: 0.4399 - loss: 0.4793 - val_accuracy: 0.8282 - val_ce: 0.3806 - val_loss: 0.4167 - learning_rate: 1.0000e-04
Epoch 4/20
93/93 - 3s - 35ms/step - accuracy: 0.8402 - ce: 0.3833 - loss: 0.4194 - val_accuracy: 0.8435 - val_ce: 0.3707 - val_loss: 0.4038 - learning_rate: 1.0000e-04
Epoch 5/20
93/93 - 3s - 34ms/step - accuracy: 0.8402 - ce: 0.4031 - loss: 0.4352 - val_accuracy: 0.7977 - val_ce: 0.4609 - val_loss: 0.4916 - learning_rate: 1.0000e-04
Epoch 6/20

Epoch 6: ReduceLROnPlateau reducing learning rate to 4.999999873689376e-05.
93/93 - 3s - 35ms/step - accuracy: 0.8773 - ce: 0.3114 - loss: 0.3400 - val_accuracy: 0.8397 - val_ce: 0.5204 - val_loss: 0.5486 - learning_rate: 1.0000e-04
Epoch 7/20
93/93 - 3s - 35ms/step - accuracy: 0.9083 - ce: 0.2508 - loss: 0.2770 - val_accuracy: 0.8893 - val_ce: 0.3340 - val_loss: 0.3609 - learning_rate: 5.0000e-05
Epoch 8/20
93/93 - 3s - 35ms/step - accuracy: 0.9305 - ce: 0.1856 - loss: 0.2126 - val_accuracy: 0.8779 - val_ce: 0.3625 - val_loss: 0.3881 - learning_rate: 5.0000e-05
Epoch 9/20

Epoch 9: ReduceLROnPlateau reducing learning rate to 2.499999936844688e-05.
93/93 - 3s - 35ms/step - accuracy: 0.9380 - ce: 0.1777 - loss: 0.2029 - val_accuracy: 0.8969 - val_ce: 0.4064 - val_loss: 0.4308 - learning_rate: 5.0000e-05
Epoch 10/20
93/93 - 3s - 35ms/step - accuracy: 0.9629 - ce: 0.1108 - loss: 0.1355 - val_accuracy: 0.8969 - val_ce: 0.3860 - val_loss: 0.4098 - learning_rate: 2.5000e-05
Epoch 11/20

Epoch 11: ReduceLROnPlateau reducing learning rate to 1.249999968422344e-05.
93/93 - 3s - 35ms/step - accuracy: 0.9676 - ce: 0.0814 - loss: 0.1054 - val_accuracy: 0.8779 - val_ce: 0.3985 - val_loss: 0.4218 - learning_rate: 2.5000e-05
Fold 1: accuracy=0.8787  F1(w/m)=0.8787/0.8784  CE=0.3502  epochs=11  

===== Fold 2/5  22:20:55 =====
Class weights (balanced): Human-written=1.053  V2=0.952
Epoch 1/20
93/93 - 14s - 150ms/step - accuracy: 0.7350 - ce: 0.5761 - loss: 0.6267 - val_accuracy: 0.8168 - val_ce: 0.4083 - val_loss: 0.4514 - learning_rate: 1.0000e-04
Epoch 2/20
93/93 - 3s - 36ms/step - accuracy: 0.8220 - ce: 0.4444 - loss: 0.4851 - val_accuracy: 0.8511 - val_ce: 0.3464 - val_loss: 0.3828 - learning_rate: 1.0000e-04
Epoch 3/20
93/93 - 3s - 35ms/step - accuracy: 0.8429 - ce: 0.3934 - loss: 0.4275 - val_accuracy: 0.8511 - val_ce: 0.3578 - val_loss: 0.3890 - learning_rate: 1.0000e-04
Epoch 4/20
93/93 - 3s - 36ms/step - accuracy: 0.8780 - ce: 0.3090 - loss: 0.3384 - val_accuracy: 0.8740 - val_ce: 0.2910 - val_loss: 0.3180 - learning_rate: 1.0000e-04
Epoch 5/20
93/93 - 3s - 36ms/step - accuracy: 0.9022 - ce: 0.2728 - loss: 0.2988 - val_accuracy: 0.9160 - val_ce: 0.2667 - val_loss: 0.2908 - learning_rate: 1.0000e-04
Epoch 6/20
93/93 - 3s - 36ms/step - accuracy: 0.9150 - ce: 0.2500 - loss: 0.2729 - val_accuracy: 0.8969 - val_ce: 0.2744 - val_loss: 0.2964 - learning_rate: 1.0000e-04
Epoch 7/20

Epoch 7: ReduceLROnPlateau reducing learning rate to 4.999999873689376e-05.
93/93 - 3s - 36ms/step - accuracy: 0.9339 - ce: 0.1795 - loss: 0.2012 - val_accuracy: 0.8626 - val_ce: 0.4638 - val_loss: 0.4841 - learning_rate: 1.0000e-04
Epoch 8/20
93/93 - 3s - 36ms/step - accuracy: 0.9555 - ce: 0.1148 - loss: 0.1355 - val_accuracy: 0.8817 - val_ce: 0.3877 - val_loss: 0.4074 - learning_rate: 5.0000e-05
Epoch 9/20

Epoch 9: ReduceLROnPlateau reducing learning rate to 2.499999936844688e-05.
93/93 - 3s - 35ms/step - accuracy: 0.9771 - ce: 0.0646 - loss: 0.0845 - val_accuracy: 0.8969 - val_ce: 0.3971 - val_loss: 0.4161 - learning_rate: 5.0000e-05
Fold 2: accuracy=0.8947  F1(w/m)=0.8945/0.8941  CE=0.2492  epochs=9  

===== Fold 3/5  22:21:41 =====
Class weights (balanced): Human-written=1.054  V2=0.951
Epoch 1/20
93/93 - 16s - 173ms/step - accuracy: 0.7075 - ce: 0.5855 - loss: 0.6301 - val_accuracy: 0.6756 - val_ce: 0.6631 - val_loss: 0.7067 - learning_rate: 1.0000e-04
Epoch 2/20
93/93 - 3s - 36ms/step - accuracy: 0.7857 - ce: 0.4690 - loss: 0.5063 - val_accuracy: 0.7939 - val_ce: 0.4647 - val_loss: 0.5000 - learning_rate: 1.0000e-04
Epoch 3/20
93/93 - 3s - 36ms/step - accuracy: 0.8073 - ce: 0.4587 - loss: 0.4925 - val_accuracy: 0.7061 - val_ce: 0.6055 - val_loss: 0.6360 - learning_rate: 1.0000e-04
Epoch 4/20
93/93 - 3s - 36ms/step - accuracy: 0.8261 - ce: 0.4183 - loss: 0.4455 - val_accuracy: 0.8626 - val_ce: 0.3458 - val_loss: 0.3731 - learning_rate: 1.0000e-04
Epoch 5/20
93/93 - 3s - 36ms/step - accuracy: 0.8814 - ce: 0.2943 - loss: 0.3193 - val_accuracy: 0.8702 - val_ce: 0.2984 - val_loss: 0.3223 - learning_rate: 1.0000e-04
Epoch 6/20
93/93 - 3s - 35ms/step - accuracy: 0.8733 - ce: 0.3091 - loss: 0.3308 - val_accuracy: 0.8435 - val_ce: 0.4130 - val_loss: 0.4344 - learning_rate: 1.0000e-04
Epoch 7/20

Epoch 7: ReduceLROnPlateau reducing learning rate to 4.999999873689376e-05.
93/93 - 3s - 36ms/step - accuracy: 0.9090 - ce: 0.2360 - loss: 0.2566 - val_accuracy: 0.8779 - val_ce: 0.2996 - val_loss: 0.3187 - learning_rate: 1.0000e-04
Epoch 8/20
93/93 - 3s - 35ms/step - accuracy: 0.9447 - ce: 0.1496 - loss: 0.1679 - val_accuracy: 0.8817 - val_ce: 0.3865 - val_loss: 0.4044 - learning_rate: 5.0000e-05
Epoch 9/20

Epoch 9: ReduceLROnPlateau reducing learning rate to 2.499999936844688e-05.
93/93 - 3s - 35ms/step - accuracy: 0.9454 - ce: 0.1356 - loss: 0.1540 - val_accuracy: 0.8321 - val_ce: 0.6627 - val_loss: 0.6796 - learning_rate: 5.0000e-05
Fold 3: accuracy=0.8899  F1(w/m)=0.8898/0.8895  CE=0.2602  epochs=9  

===== Fold 4/5  22:22:30 =====
Class weights (balanced): Human-written=1.054  V2=0.951
Epoch 1/20
93/93 - 14s - 149ms/step - accuracy: 0.7439 - ce: 0.5467 - loss: 0.5916 - val_accuracy: 0.7634 - val_ce: 0.4678 - val_loss: 0.5108 - learning_rate: 1.0000e-04
Epoch 2/20
93/93 - 3s - 35ms/step - accuracy: 0.8201 - ce: 0.4165 - loss: 0.4558 - val_accuracy: 0.8740 - val_ce: 0.3460 - val_loss: 0.3826 - learning_rate: 1.0000e-04
Epoch 3/20
93/93 - 3s - 35ms/step - accuracy: 0.8558 - ce: 0.3512 - loss: 0.3855 - val_accuracy: 0.7863 - val_ce: 0.4075 - val_loss: 0.4387 - learning_rate: 1.0000e-04
Epoch 4/20

Epoch 4: ReduceLROnPlateau reducing learning rate to 4.999999873689376e-05.
93/93 - 3s - 35ms/step - accuracy: 0.8787 - ce: 0.3138 - loss: 0.3421 - val_accuracy: 0.8702 - val_ce: 0.3564 - val_loss: 0.3840 - learning_rate: 1.0000e-04
Epoch 5/20
93/93 - 3s - 35ms/step - accuracy: 0.9171 - ce: 0.2257 - loss: 0.2531 - val_accuracy: 0.8740 - val_ce: 0.4097 - val_loss: 0.4354 - learning_rate: 5.0000e-05
Epoch 6/20
93/93 - 3s - 36ms/step - accuracy: 0.9252 - ce: 0.1918 - loss: 0.2159 - val_accuracy: 0.8626 - val_ce: 0.3136 - val_loss: 0.3375 - learning_rate: 5.0000e-05
Epoch 7/20
93/93 - 3s - 35ms/step - accuracy: 0.9528 - ce: 0.1384 - loss: 0.1621 - val_accuracy: 0.9046 - val_ce: 0.3924 - val_loss: 0.4145 - learning_rate: 5.0000e-05
Epoch 8/20

Epoch 8: ReduceLROnPlateau reducing learning rate to 2.499999936844688e-05.
93/93 - 3s - 35ms/step - accuracy: 0.9549 - ce: 0.1307 - loss: 0.1518 - val_accuracy: 0.8702 - val_ce: 0.5427 - val_loss: 0.5631 - learning_rate: 5.0000e-05
Epoch 9/20
93/93 - 3s - 35ms/step - accuracy: 0.9771 - ce: 0.0738 - loss: 0.0936 - val_accuracy: 0.8893 - val_ce: 0.4502 - val_loss: 0.4700 - learning_rate: 2.5000e-05
Epoch 10/20

Epoch 10: ReduceLROnPlateau reducing learning rate to 1.249999968422344e-05.
93/93 - 3s - 35ms/step - accuracy: 0.9832 - ce: 0.0530 - loss: 0.0722 - val_accuracy: 0.8817 - val_ce: 0.4543 - val_loss: 0.4733 - learning_rate: 2.5000e-05
Fold 4: accuracy=0.8761  F1(w/m)=0.8760/0.8761  CE=0.2913  epochs=10  

===== Fold 5/5  22:23:19 =====
Class weights (balanced): Human-written=1.054  V2=0.951
Epoch 1/20
93/93 - 14s - 150ms/step - accuracy: 0.7251 - ce: 0.5532 - loss: 0.6002 - val_accuracy: 0.7939 - val_ce: 0.4270 - val_loss: 0.4700 - learning_rate: 1.0000e-04
Epoch 2/20
93/93 - 3s - 36ms/step - accuracy: 0.8026 - ce: 0.4454 - loss: 0.4834 - val_accuracy: 0.8206 - val_ce: 0.3921 - val_loss: 0.4286 - learning_rate: 1.0000e-04
Epoch 3/20
93/93 - 3s - 35ms/step - accuracy: 0.8504 - ce: 0.3880 - loss: 0.4221 - val_accuracy: 0.9046 - val_ce: 0.2369 - val_loss: 0.2688 - learning_rate: 1.0000e-04
Epoch 4/20
93/93 - 3s - 35ms/step - accuracy: 0.8881 - ce: 0.2801 - loss: 0.3106 - val_accuracy: 0.8893 - val_ce: 0.2730 - val_loss: 0.3007 - learning_rate: 1.0000e-04
Epoch 5/20

Epoch 5: ReduceLROnPlateau reducing learning rate to 4.999999873689376e-05.
93/93 - 3s - 35ms/step - accuracy: 0.9104 - ce: 0.2321 - loss: 0.2565 - val_accuracy: 0.8321 - val_ce: 0.4251 - val_loss: 0.4495 - learning_rate: 1.0000e-04
Epoch 6/20
93/93 - 3s - 35ms/step - accuracy: 0.9407 - ce: 0.1625 - loss: 0.1871 - val_accuracy: 0.9008 - val_ce: 0.3017 - val_loss: 0.3247 - learning_rate: 5.0000e-05
Epoch 7/20

Epoch 7: ReduceLROnPlateau reducing learning rate to 2.499999936844688e-05.
93/93 - 3s - 35ms/step - accuracy: 0.9650 - ce: 0.0945 - loss: 0.1175 - val_accuracy: 0.9008 - val_ce: 0.3059 - val_loss: 0.3275 - learning_rate: 5.0000e-05
Fold 5: accuracy=0.9060  F1(w/m)=0.9059/0.9057  CE=0.2297  epochs=7  

CV mean ± std:
  accuracy               0.8891 ± 0.0122
  balanced_accuracy      0.8890 ± 0.0110
  mcc                    0.7795 ± 0.0223
  cross_entropy          0.2761 ± 0.0471
  roc_auc                0.9594 ± 0.0098
  precision_macro        0.8905 ± 0.0113
  recall_macro           0.8890 ± 0.0110
  f1_macro               0.8887 ± 0.0121
  precision_micro        0.8891 ± 0.0122
  recall_micro           0.8891 ± 0.0122
  f1_micro               0.8891 ± 0.0122
  precision_weighted     0.8909 ± 0.0105
  recall_weighted        0.8891 ± 0.0122
  f1_weighted            0.8890 ± 0.0122

===== Final training  22:23:57 =====
Class weights (balanced): Human-written=1.054  V2=0.951
Epoch 1/20
113/113 - 16s - 138ms/step - accuracy: 0.7350 - ce: 0.5523 - loss: 0.5979 - val_accuracy: 0.7772 - val_ce: 0.4713 - val_loss: 0.5128 - learning_rate: 1.0000e-04
Epoch 2/20
113/113 - 4s - 35ms/step - accuracy: 0.8124 - ce: 0.4581 - loss: 0.4974 - val_accuracy: 0.8187 - val_ce: 0.4280 - val_loss: 0.4596 - learning_rate: 1.0000e-04
Epoch 3/20
113/113 - 4s - 35ms/step - accuracy: 0.8229 - ce: 0.3969 - loss: 0.4250 - val_accuracy: 0.6813 - val_ce: 0.9981 - val_loss: 1.0226 - learning_rate: 1.0000e-04
Epoch 4/20
113/113 - 4s - 35ms/step - accuracy: 0.8424 - ce: 0.4097 - loss: 0.4326 - val_accuracy: 0.8420 - val_ce: 0.3567 - val_loss: 0.3757 - learning_rate: 1.0000e-04
Epoch 5/20
113/113 - 4s - 35ms/step - accuracy: 0.8981 - ce: 0.2888 - loss: 0.3049 - val_accuracy: 0.8834 - val_ce: 0.3419 - val_loss: 0.3564 - learning_rate: 1.0000e-04
Epoch 6/20
113/113 - 4s - 34ms/step - accuracy: 0.9026 - ce: 0.2640 - loss: 0.2772 - val_accuracy: 0.7927 - val_ce: 0.6324 - val_loss: 0.6444 - learning_rate: 1.0000e-04
Epoch 7/20

Epoch 7: ReduceLROnPlateau reducing learning rate to 4.999999873689376e-05.
113/113 - 4s - 35ms/step - accuracy: 0.9026 - ce: 0.2793 - loss: 0.2912 - val_accuracy: 0.8627 - val_ce: 0.3808 - val_loss: 0.3913 - learning_rate: 1.0000e-04
Epoch 8/20
113/113 - 4s - 35ms/step - accuracy: 0.9465 - ce: 0.1494 - loss: 0.1600 - val_accuracy: 0.8886 - val_ce: 0.3637 - val_loss: 0.3735 - learning_rate: 5.0000e-05
Epoch 9/20

Epoch 9: ReduceLROnPlateau reducing learning rate to 2.499999936844688e-05.
113/113 - 4s - 34ms/step - accuracy: 0.9605 - ce: 0.1065 - loss: 0.1162 - val_accuracy: 0.8964 - val_ce: 0.4114 - val_loss: 0.4206 - learning_rate: 5.0000e-05
               precision    recall  f1-score   support

Human-written     0.8925    0.9071    0.8997       183
           V2     0.9150    0.9015    0.9082       203

     accuracy                         0.9041       386
    macro avg     0.9037    0.9043    0.9040       386
 weighted avg     0.9043    0.9041    0.9042       386

Class distribution all  : {'Human-written': 1218, 'V2': 1350}  ratio {'Human-written': 0.4743, 'V2': 0.5257}
Class distribution train: {'Human-written': 852, 'V2': 944}  ratio {'Human-written': 0.4744, 'V2': 0.5256}
Class distribution val  : {'Human-written': 183, 'V2': 203}  ratio {'Human-written': 0.4741, 'V2': 0.5259}
Class distribution test : {'Human-written': 183, 'V2': 203}  ratio {'Human-written': 0.4741, 'V2': 0.5259}

subdataset14_screenshot_human_vs_v2_snippet_cv  VGG19 (tanh, dropout 0.2, lr 0.0001)
CV mean    acc=0.8891  F1 w/m/micro=0.8890/0.8887/0.8891  P_w=0.8909  R_w=0.8891  CE=0.2761  AUC=0.9594  MCC=0.7795
VALIDATION acc=0.8834  F1 w/m/micro=0.8832/0.8828/0.8834  P_w=0.8840  R_w=0.8834  CE=0.3419  AUC=0.9451  MCC=0.7665
TEST       acc=0.9041  F1 w/m/micro=0.9042/0.9040/0.9041  P_w=0.9043  R_w=0.9041  CE=0.2681  AUC=0.9616  MCC=0.8080
TEST 95% CI: accuracy=[0.8731, 0.9301]  f1_weighted=[0.8729, 0.9301]  f1_macro=[0.8723, 0.9300]  mcc=[0.7449, 0.8604]  balanced_accuracy=[0.8718, 0.9310]
Outputs: Experiments/subdataset14/Snippet-Level Split/results/subdataset14_screenshot_human_vs_v2_snippet_cv
2026-10-02 22:24:57 FINISHED
