
====================================================================================================
2026-10-03 06:16:54  subdataset15_graph_human_vs_v5_group_cv  (config hash 0e521d17d33b)
Data    : Data/Subdataset_15
Classes : ['Human-written', 'V5']   Split: Group-Based Split
Model   : VGG19  activation=relu  dropout=0.1  lr=0.0001  trained=base from block5_* on  preprocessing=caffe  L2=0.0001
Training: at most 20 epochs, early stopping val_ce patience 4, batch 16, 320x320 (no cropping), mixed precision True
Output  : Experiments/subdataset15/Group-Based Split/results/subdataset15_graph_human_vs_v5_group_cv
Human-written (label 0): 1482 images
V5  (label 1): 1584 images
Total 3066 images
Groups: {'n_groups': 1835, 'groups_with_human_and_version': 1170, 'groups_with_all_classes': 1170, 'human_only_groups': 296, 'groups_without_human': 369, 'match_ratio': 0.6376021798365122, 'groups_merged_by_content': 0}
CHECK 4: human/version pairs found with the simple rule 1190, in different groups 0
Files whose folder and version tag in the name do not match (data unchanged): 0
Train     :  2141 (69.8%)  Human-written=1029 V5=1112
Validation:   468 (15.3%)  Human-written=231 V5=237
Test      :   457 (14.9%)  Human-written=222 V5=235
Fold 1: train=2100 (Human-written=1014 V5=1086)  evaluation=509 (Human-written=246 V5=263)
Fold 2: train=2079 (Human-written=1008 V5=1071)  evaluation=530 (Human-written=252 V5=278)
Fold 3: train=2077 (Human-written=1007 V5=1070)  evaluation=532 (Human-written=253 V5=279)
Fold 4: train=2078 (Human-written=1002 V5=1076)  evaluation=531 (Human-written=258 V5=273)
Fold 5: train=2102 (Human-written=1009 V5=1093)  evaluation=507 (Human-written=251 V5=256)
Leakage check PASSED.
TensorFlow 2.20.0 | GPU: [PhysicalDevice(name='/physical_device:GPU:0', device_type='GPU')]
Mixed precision: mixed_float16 (output layer float32)
Images loaded: 3066, 0.9 GB, 4 s

===== Fold 1/5  06:17:03 =====
Class weights (balanced): Human-written=1.028  V5=0.973
Model: base 22 layers, trained base layers 5 (first: block5_conv1); trained parameters 9,702,401 / 20,287,553
Epoch 1/20
112/112 - 21s - 184ms/step - accuracy: 0.4969 - ce: 0.7492 - loss: 0.7952 - val_accuracy: 0.4635 - val_ce: 0.6900 - val_loss: 0.7326 - learning_rate: 1.0000e-04
Epoch 2/20
112/112 - 4s - 33ms/step - accuracy: 0.5176 - ce: 0.6993 - loss: 0.7372 - val_accuracy: 0.5397 - val_ce: 0.6902 - val_loss: 0.7250 - learning_rate: 1.0000e-04
Epoch 3/20

Epoch 3: ReduceLROnPlateau reducing learning rate to 4.999999873689376e-05.
112/112 - 4s - 34ms/step - accuracy: 0.5395 - ce: 0.7044 - loss: 0.7360 - val_accuracy: 0.5365 - val_ce: 0.6924 - val_loss: 0.7215 - learning_rate: 1.0000e-04
Epoch 4/20
112/112 - 4s - 33ms/step - accuracy: 0.5176 - ce: 0.6928 - loss: 0.7209 - val_accuracy: 0.5365 - val_ce: 0.6927 - val_loss: 0.7192 - learning_rate: 5.0000e-05
Epoch 5/20

Epoch 5: ReduceLROnPlateau reducing learning rate to 2.499999936844688e-05.
112/112 - 4s - 33ms/step - accuracy: 0.5261 - ce: 0.6926 - loss: 0.7180 - val_accuracy: 0.5714 - val_ce: 0.6905 - val_loss: 0.7146 - learning_rate: 5.0000e-05
COLLAPSE: 100% of the validation predictions are in one class -> training is repeated once with lr 1e-05
Epoch 1/20
112/112 - 14s - 125ms/step - accuracy: 0.5395 - ce: 0.7577 - loss: 0.8090 - val_accuracy: 0.5937 - val_ce: 0.6700 - val_loss: 0.7209 - learning_rate: 1.0000e-05
Epoch 2/20
112/112 - 4s - 33ms/step - accuracy: 0.6689 - ce: 0.6137 - loss: 0.6647 - val_accuracy: 0.5683 - val_ce: 0.6842 - val_loss: 0.7349 - learning_rate: 1.0000e-05
Epoch 3/20
112/112 - 4s - 34ms/step - accuracy: 0.7535 - ce: 0.5246 - loss: 0.5755 - val_accuracy: 0.6317 - val_ce: 0.6697 - val_loss: 0.7202 - learning_rate: 1.0000e-05
Epoch 4/20
112/112 - 4s - 34ms/step - accuracy: 0.8207 - ce: 0.4187 - loss: 0.4689 - val_accuracy: 0.6063 - val_ce: 0.6736 - val_loss: 0.7240 - learning_rate: 1.0000e-05
Epoch 5/20

Epoch 5: ReduceLROnPlateau reducing learning rate to 4.999999873689376e-06.
112/112 - 4s - 34ms/step - accuracy: 0.8874 - ce: 0.3117 - loss: 0.3619 - val_accuracy: 0.6000 - val_ce: 0.7369 - val_loss: 0.7871 - learning_rate: 1.0000e-05
Epoch 6/20
112/112 - 4s - 33ms/step - accuracy: 0.9406 - ce: 0.2118 - loss: 0.2622 - val_accuracy: 0.6063 - val_ce: 0.7654 - val_loss: 0.8156 - learning_rate: 5.0000e-06
Epoch 7/20

Epoch 7: ReduceLROnPlateau reducing learning rate to 2.499999936844688e-06.
112/112 - 4s - 33ms/step - accuracy: 0.9557 - ce: 0.1592 - loss: 0.2093 - val_accuracy: 0.6063 - val_ce: 0.7904 - val_loss: 0.8405 - learning_rate: 5.0000e-06
Fold 1: accuracy=0.6621  F1(w/m)=0.6585/0.6572  CE=0.6336  epochs=7  

===== Fold 2/5  06:18:27 =====
Class weights (balanced): Human-written=1.025  V5=0.976
Epoch 1/20
111/111 - 16s - 140ms/step - accuracy: 0.5420 - ce: 0.7544 - loss: 0.8034 - val_accuracy: 0.5719 - val_ce: 0.6864 - val_loss: 0.7288 - learning_rate: 1.0000e-04
Epoch 2/20
111/111 - 4s - 34ms/step - accuracy: 0.6142 - ce: 0.6726 - loss: 0.7126 - val_accuracy: 0.5850 - val_ce: 0.6748 - val_loss: 0.7103 - learning_rate: 1.0000e-04
Epoch 3/20
111/111 - 4s - 35ms/step - accuracy: 0.6650 - ce: 0.6446 - loss: 0.6784 - val_accuracy: 0.6209 - val_ce: 0.6676 - val_loss: 0.6978 - learning_rate: 1.0000e-04
Epoch 4/20
111/111 - 4s - 34ms/step - accuracy: 0.7056 - ce: 0.5826 - loss: 0.6111 - val_accuracy: 0.6438 - val_ce: 0.7230 - val_loss: 0.7495 - learning_rate: 1.0000e-04
Epoch 5/20

Epoch 5: ReduceLROnPlateau reducing learning rate to 4.999999873689376e-05.
111/111 - 4s - 33ms/step - accuracy: 0.7857 - ce: 0.4740 - loss: 0.4992 - val_accuracy: 0.6275 - val_ce: 0.7732 - val_loss: 0.7966 - learning_rate: 1.0000e-04
Epoch 6/20
111/111 - 4s - 33ms/step - accuracy: 0.9143 - ce: 0.2466 - loss: 0.2687 - val_accuracy: 0.6536 - val_ce: 1.0729 - val_loss: 1.0946 - learning_rate: 5.0000e-05
Epoch 7/20

Epoch 7: ReduceLROnPlateau reducing learning rate to 2.499999936844688e-05.
111/111 - 4s - 34ms/step - accuracy: 0.9464 - ce: 0.1527 - loss: 0.1725 - val_accuracy: 0.6373 - val_ce: 1.2930 - val_loss: 1.3131 - learning_rate: 5.0000e-05
Fold 2: accuracy=0.6075  F1(w/m)=0.6044/0.6057  CE=0.6725  epochs=7  

===== Fold 3/5  06:19:10 =====
Class weights (balanced): Human-written=1.035  V5=0.967
Epoch 1/20
111/111 - 14s - 129ms/step - accuracy: 0.4955 - ce: 0.7428 - loss: 0.7890 - val_accuracy: 0.5810 - val_ce: 0.6915 - val_loss: 0.7335 - learning_rate: 1.0000e-04
Epoch 2/20
111/111 - 4s - 34ms/step - accuracy: 0.5045 - ce: 0.6936 - loss: 0.7308 - val_accuracy: 0.5048 - val_ce: 0.6931 - val_loss: 0.7265 - learning_rate: 1.0000e-04
Epoch 3/20

Epoch 3: ReduceLROnPlateau reducing learning rate to 4.999999873689376e-05.
111/111 - 4s - 34ms/step - accuracy: 0.4909 - ce: 0.6933 - loss: 0.7235 - val_accuracy: 0.5048 - val_ce: 0.6931 - val_loss: 0.7202 - learning_rate: 1.0000e-04
Epoch 4/20
111/111 - 4s - 33ms/step - accuracy: 0.5199 - ce: 0.6930 - loss: 0.7190 - val_accuracy: 0.5175 - val_ce: 0.6930 - val_loss: 0.7175 - learning_rate: 5.0000e-05
Epoch 5/20

Epoch 5: ReduceLROnPlateau reducing learning rate to 2.499999936844688e-05.
111/111 - 4s - 33ms/step - accuracy: 0.5011 - ce: 0.6931 - loss: 0.7165 - val_accuracy: 0.5365 - val_ce: 0.6929 - val_loss: 0.7151 - learning_rate: 5.0000e-05
Fold 3: accuracy=0.5432  F1(w/m)=0.5384/0.5354  CE=0.6919  epochs=5  

===== Fold 4/5  06:19:45 =====
Class weights (balanced): Human-written=1.045  V5=0.959
Epoch 1/20
111/111 - 16s - 142ms/step - accuracy: 0.5260 - ce: 0.7603 - loss: 0.8062 - val_accuracy: 0.4968 - val_ce: 0.6957 - val_loss: 0.7373 - learning_rate: 1.0000e-04
Epoch 2/20
111/111 - 4s - 34ms/step - accuracy: 0.4881 - ce: 0.6945 - loss: 0.7314 - val_accuracy: 0.5032 - val_ce: 0.6931 - val_loss: 0.7253 - learning_rate: 1.0000e-04
Epoch 3/20
111/111 - 4s - 34ms/step - accuracy: 0.4774 - ce: 0.6935 - loss: 0.7218 - val_accuracy: 0.5032 - val_ce: 0.6931 - val_loss: 0.7183 - learning_rate: 1.0000e-04
Epoch 4/20

Epoch 4: ReduceLROnPlateau reducing learning rate to 4.999999873689376e-05.
111/111 - 4s - 34ms/step - accuracy: 0.4768 - ce: 0.6933 - loss: 0.7158 - val_accuracy: 0.5032 - val_ce: 0.6931 - val_loss: 0.7133 - learning_rate: 1.0000e-04
Epoch 5/20
111/111 - 4s - 34ms/step - accuracy: 0.4768 - ce: 0.6932 - loss: 0.7123 - val_accuracy: 0.5032 - val_ce: 0.6931 - val_loss: 0.7112 - learning_rate: 5.0000e-05
Epoch 6/20

Epoch 6: ReduceLROnPlateau reducing learning rate to 2.499999936844688e-05.
111/111 - 4s - 34ms/step - accuracy: 0.4757 - ce: 0.6932 - loss: 0.7104 - val_accuracy: 0.5032 - val_ce: 0.6931 - val_loss: 0.7094 - learning_rate: 5.0000e-05
COLLAPSE: 100% of the validation predictions are in one class -> training is repeated once with lr 1e-05
Epoch 1/20
111/111 - 14s - 125ms/step - accuracy: 0.5661 - ce: 0.7266 - loss: 0.7796 - val_accuracy: 0.5325 - val_ce: 0.7030 - val_loss: 0.7538 - learning_rate: 1.0000e-05
Epoch 2/20
111/111 - 4s - 34ms/step - accuracy: 0.6531 - ce: 0.6216 - loss: 0.6730 - val_accuracy: 0.6494 - val_ce: 0.6519 - val_loss: 0.7022 - learning_rate: 1.0000e-05
Epoch 3/20
111/111 - 4s - 34ms/step - accuracy: 0.7282 - ce: 0.5415 - loss: 0.5919 - val_accuracy: 0.6331 - val_ce: 0.6577 - val_loss: 0.7077 - learning_rate: 1.0000e-05
Epoch 4/20

Epoch 4: ReduceLROnPlateau reducing learning rate to 4.999999873689376e-06.
111/111 - 4s - 33ms/step - accuracy: 0.7814 - ce: 0.4618 - loss: 0.5124 - val_accuracy: 0.6429 - val_ce: 0.6791 - val_loss: 0.7289 - learning_rate: 1.0000e-05
Epoch 5/20
111/111 - 4s - 34ms/step - accuracy: 0.8435 - ce: 0.3768 - loss: 0.4268 - val_accuracy: 0.6104 - val_ce: 0.6974 - val_loss: 0.7470 - learning_rate: 5.0000e-06
Epoch 6/20

Epoch 6: ReduceLROnPlateau reducing learning rate to 2.499999936844688e-06.
111/111 - 4s - 34ms/step - accuracy: 0.8701 - ce: 0.3267 - loss: 0.3761 - val_accuracy: 0.6234 - val_ce: 0.7539 - val_loss: 0.8034 - learning_rate: 5.0000e-06
Fold 4: accuracy=0.6403  F1(w/m)=0.6403/0.6403  CE=0.6351  epochs=6  

===== Fold 5/5  06:21:02 =====
Class weights (balanced): Human-written=1.041  V5=0.962
Epoch 1/20
111/111 - 12s - 109ms/step - accuracy: 0.4831 - ce: 0.7517 - loss: 0.7972 - val_accuracy: 0.5215 - val_ce: 0.6931 - val_loss: 0.7350 - learning_rate: 1.0000e-04
Epoch 2/20
111/111 - 4s - 34ms/step - accuracy: 0.4831 - ce: 0.6932 - loss: 0.7307 - val_accuracy: 0.4785 - val_ce: 0.6932 - val_loss: 0.7266 - learning_rate: 1.0000e-04
Epoch 3/20

Epoch 3: ReduceLROnPlateau reducing learning rate to 4.999999873689376e-05.
111/111 - 4s - 34ms/step - accuracy: 0.4848 - ce: 0.6932 - loss: 0.7234 - val_accuracy: 0.5215 - val_ce: 0.6931 - val_loss: 0.7203 - learning_rate: 1.0000e-04
Epoch 4/20
111/111 - 4s - 34ms/step - accuracy: 0.5231 - ce: 0.6931 - loss: 0.7190 - val_accuracy: 0.5215 - val_ce: 0.6931 - val_loss: 0.7177 - learning_rate: 5.0000e-05
Epoch 5/20

Epoch 5: ReduceLROnPlateau reducing learning rate to 2.499999936844688e-05.
111/111 - 4s - 34ms/step - accuracy: 0.4741 - ce: 0.6932 - loss: 0.7166 - val_accuracy: 0.4785 - val_ce: 0.6931 - val_loss: 0.7154 - learning_rate: 5.0000e-05
Epoch 6/20
111/111 - 4s - 34ms/step - accuracy: 0.4707 - ce: 0.6932 - loss: 0.7149 - val_accuracy: 0.5215 - val_ce: 0.6931 - val_loss: 0.7143 - learning_rate: 2.5000e-05
Epoch 7/20

Epoch 7: ReduceLROnPlateau reducing learning rate to 1.249999968422344e-05.
111/111 - 4s - 34ms/step - accuracy: 0.5186 - ce: 0.6931 - loss: 0.7138 - val_accuracy: 0.5215 - val_ce: 0.6931 - val_loss: 0.7132 - learning_rate: 2.5000e-05
Epoch 8/20
111/111 - 4s - 34ms/step - accuracy: 0.5130 - ce: 0.6931 - loss: 0.7130 - val_accuracy: 0.5215 - val_ce: 0.6931 - val_loss: 0.7127 - learning_rate: 1.2500e-05
COLLAPSE: 100% of the validation predictions are in one class -> training is repeated once with lr 1e-05
Epoch 1/20
111/111 - 11s - 98ms/step - accuracy: 0.5709 - ce: 0.7184 - loss: 0.7696 - val_accuracy: 0.6227 - val_ce: 0.6514 - val_loss: 0.7022 - learning_rate: 1.0000e-05
Epoch 2/20
111/111 - 4s - 34ms/step - accuracy: 0.6864 - ce: 0.6057 - loss: 0.6576 - val_accuracy: 0.6472 - val_ce: 0.6422 - val_loss: 0.6927 - learning_rate: 1.0000e-05
Epoch 3/20
111/111 - 4s - 34ms/step - accuracy: 0.7342 - ce: 0.5244 - loss: 0.5748 - val_accuracy: 0.6656 - val_ce: 0.6207 - val_loss: 0.6710 - learning_rate: 1.0000e-05
Epoch 4/20
111/111 - 4s - 33ms/step - accuracy: 0.8091 - ce: 0.4334 - loss: 0.4840 - val_accuracy: 0.6564 - val_ce: 0.6646 - val_loss: 0.7146 - learning_rate: 1.0000e-05
Epoch 5/20

Epoch 5: ReduceLROnPlateau reducing learning rate to 4.999999873689376e-06.
111/111 - 4s - 34ms/step - accuracy: 0.8666 - ce: 0.3344 - loss: 0.3845 - val_accuracy: 0.6503 - val_ce: 0.7410 - val_loss: 0.7909 - learning_rate: 1.0000e-05
Epoch 6/20
111/111 - 4s - 34ms/step - accuracy: 0.9223 - ce: 0.2362 - loss: 0.2862 - val_accuracy: 0.6350 - val_ce: 0.7243 - val_loss: 0.7741 - learning_rate: 5.0000e-06
Epoch 7/20

Epoch 7: ReduceLROnPlateau reducing learning rate to 2.499999936844688e-06.
111/111 - 4s - 34ms/step - accuracy: 0.9527 - ce: 0.1797 - loss: 0.2298 - val_accuracy: 0.6380 - val_ce: 0.7829 - val_loss: 0.8326 - learning_rate: 5.0000e-06
Fold 5: accuracy=0.6371  F1(w/m)=0.6367/0.6368  CE=0.6400  epochs=7  

CV mean ± std:
  accuracy               0.6180 ± 0.0461
  balanced_accuracy      0.6175 ± 0.0474
  mcc                    0.2376 ± 0.0955
  cross_entropy          0.6546 ± 0.0262
  roc_auc                0.6636 ± 0.0669
  precision_macro        0.6201 ± 0.0482
  recall_macro           0.6175 ± 0.0474
  f1_macro               0.6151 ± 0.0482
  precision_micro        0.6180 ± 0.0461
  recall_micro           0.6180 ± 0.0461
  f1_micro               0.6180 ± 0.0461
  precision_weighted     0.6208 ± 0.0478
  recall_weighted        0.6180 ± 0.0461
  f1_weighted            0.6156 ± 0.0474

===== Final training  06:22:24 =====
Class weights (balanced): Human-written=1.040  V5=0.963
Epoch 1/20
134/134 - 15s - 111ms/step - accuracy: 0.5413 - ce: 0.7335 - loss: 0.7783 - val_accuracy: 0.5064 - val_ce: 0.6928 - val_loss: 0.7332 - learning_rate: 1.0000e-04
Epoch 2/20
134/134 - 5s - 34ms/step - accuracy: 0.5367 - ce: 0.6938 - loss: 0.7297 - val_accuracy: 0.5577 - val_ce: 0.6865 - val_loss: 0.7181 - learning_rate: 1.0000e-04
Epoch 3/20
134/134 - 4s - 34ms/step - accuracy: 0.5624 - ce: 0.6885 - loss: 0.7167 - val_accuracy: 0.5000 - val_ce: 0.6899 - val_loss: 0.7149 - learning_rate: 1.0000e-04
Epoch 4/20

Epoch 4: ReduceLROnPlateau reducing learning rate to 4.999999873689376e-05.
134/134 - 5s - 34ms/step - accuracy: 0.5586 - ce: 0.6946 - loss: 0.7167 - val_accuracy: 0.5769 - val_ce: 0.6873 - val_loss: 0.7077 - learning_rate: 1.0000e-04
Epoch 5/20
134/134 - 5s - 34ms/step - accuracy: 0.5866 - ce: 0.6706 - loss: 0.6903 - val_accuracy: 0.5962 - val_ce: 0.6771 - val_loss: 0.6959 - learning_rate: 5.0000e-05
Epoch 6/20
134/134 - 5s - 34ms/step - accuracy: 0.6175 - ce: 0.6535 - loss: 0.6708 - val_accuracy: 0.6261 - val_ce: 0.6787 - val_loss: 0.6961 - learning_rate: 5.0000e-05
Epoch 7/20
134/134 - 5s - 34ms/step - accuracy: 0.6226 - ce: 0.6440 - loss: 0.6612 - val_accuracy: 0.5812 - val_ce: 0.6679 - val_loss: 0.6841 - learning_rate: 5.0000e-05
Epoch 8/20
134/134 - 5s - 34ms/step - accuracy: 0.7020 - ce: 0.5734 - loss: 0.5889 - val_accuracy: 0.6090 - val_ce: 0.7037 - val_loss: 0.7190 - learning_rate: 5.0000e-05
Epoch 9/20

Epoch 9: ReduceLROnPlateau reducing learning rate to 2.499999936844688e-05.
134/134 - 5s - 34ms/step - accuracy: 0.7814 - ce: 0.4688 - loss: 0.4836 - val_accuracy: 0.6218 - val_ce: 0.6943 - val_loss: 0.7089 - learning_rate: 5.0000e-05
Epoch 10/20
134/134 - 5s - 34ms/step - accuracy: 0.8846 - ce: 0.2756 - loss: 0.2902 - val_accuracy: 0.6175 - val_ce: 1.1431 - val_loss: 1.1574 - learning_rate: 2.5000e-05
Epoch 11/20

Epoch 11: ReduceLROnPlateau reducing learning rate to 1.249999968422344e-05.
134/134 - 5s - 34ms/step - accuracy: 0.9430 - ce: 0.1427 - loss: 0.1565 - val_accuracy: 0.6004 - val_ce: 1.6039 - val_loss: 1.6178 - learning_rate: 2.5000e-05
               precision    recall  f1-score   support

Human-written     0.5365    0.7613    0.6294       222
           V5     0.6268    0.3787    0.4721       235

     accuracy                         0.5646       457
    macro avg     0.5816    0.5700    0.5508       457
 weighted avg     0.5829    0.5646    0.5485       457

Class distribution all  : {'Human-written': 1482, 'V5': 1584}  ratio {'Human-written': 0.4834, 'V5': 0.5166}
Class distribution train: {'Human-written': 1029, 'V5': 1112}  ratio {'Human-written': 0.4806, 'V5': 0.5194}
Class distribution val  : {'Human-written': 231, 'V5': 237}  ratio {'Human-written': 0.4936, 'V5': 0.5064}
Class distribution test : {'Human-written': 222, 'V5': 235}  ratio {'Human-written': 0.4858, 'V5': 0.5142}

subdataset15_graph_human_vs_v5_group_cv  VGG19 (relu, dropout 0.1, lr 0.0001)
CV mean    acc=0.6180  F1 w/m/micro=0.6156/0.6151/0.6180  P_w=0.6208  R_w=0.6180  CE=0.6546  AUC=0.6636  MCC=0.2376
VALIDATION acc=0.5812  F1 w/m/micro=0.5655/0.5666/0.5812  P_w=0.5983  R_w=0.5812  CE=0.6679  AUC=0.6508  MCC=0.1809
TEST       acc=0.5646  F1 w/m/micro=0.5485/0.5508/0.5646  P_w=0.5829  R_w=0.5646  CE=0.6659  AUC=0.6573  MCC=0.1512
TEST 95% CI: accuracy=[0.5185, 0.6062]  f1_weighted=[0.4996, 0.5931]  f1_macro=[0.5030, 0.5946]  mcc=[0.0583, 0.2396]  balanced_accuracy=[0.5268, 0.6124]
Outputs: Experiments/subdataset15/Group-Based Split/results/subdataset15_graph_human_vs_v5_group_cv
2026-10-03 06:23:37 FINISHED
