
====================================================================================================
2026-10-03 05:24:41  subdataset15_graph_human_vs_v1_snippet_cv  (config hash 0167bc3dc438)
Data    : Data/Subdataset_15
Classes : ['Human-written', 'V1']   Split: Snippet-Level Split
Model   : VGG19  activation=relu  dropout=0.1  lr=0.0001  trained=base from block5_* on  preprocessing=caffe  L2=0.0001
Training: at most 20 epochs, early stopping val_ce patience 4, batch 16, 320x320 (no cropping), mixed precision True
Output  : Experiments/subdataset15/Snippet-Level Split/results/subdataset15_graph_human_vs_v1_snippet_cv
Human-written (label 0): 1482 images
V1  (label 1): 2112 images
Total 3594 images
Train     :  2515 (70.0%)  Human-written=1037 V1=1478
Validation:   539 (15.0%)  Human-written=222 V1=317
Test      :   540 (15.0%)  Human-written=223 V1=317
Fold 1: train=2443 (Human-written=1007 V1=1436)  evaluation=611 (Human-written=252 V1=359)
Fold 2: train=2443 (Human-written=1007 V1=1436)  evaluation=611 (Human-written=252 V1=359)
Fold 3: train=2443 (Human-written=1007 V1=1436)  evaluation=611 (Human-written=252 V1=359)
Fold 4: train=2443 (Human-written=1007 V1=1436)  evaluation=611 (Human-written=252 V1=359)
Fold 5: train=2444 (Human-written=1008 V1=1436)  evaluation=610 (Human-written=251 V1=359)
Leakage check PASSED.
TensorFlow 2.20.0 | GPU: [PhysicalDevice(name='/physical_device:GPU:0', device_type='GPU')]
Mixed precision: mixed_float16 (output layer float32)
Images loaded: 3594, 1.1 GB, 4 s

===== Fold 1/5  05:24:49 =====
Class weights (balanced): Human-written=1.213  V1=0.851
Model: base 22 layers, trained base layers 5 (first: block5_conv1); trained parameters 9,702,401 / 20,287,553
Epoch 1/20
130/130 - 21s - 165ms/step - accuracy: 0.4937 - ce: 0.7395 - loss: 0.7769 - val_accuracy: 0.5886 - val_ce: 0.6926 - val_loss: 0.7333 - learning_rate: 1.0000e-04
Epoch 2/20
130/130 - 4s - 33ms/step - accuracy: 0.4894 - ce: 0.6936 - loss: 0.7297 - val_accuracy: 0.5886 - val_ce: 0.6923 - val_loss: 0.7242 - learning_rate: 1.0000e-04
Epoch 3/20
130/130 - 4s - 33ms/step - accuracy: 0.5742 - ce: 0.6929 - loss: 0.7217 - val_accuracy: 0.5886 - val_ce: 0.6927 - val_loss: 0.7181 - learning_rate: 1.0000e-04
Epoch 4/20

Epoch 4: ReduceLROnPlateau reducing learning rate to 4.999999873689376e-05.
130/130 - 4s - 33ms/step - accuracy: 0.5877 - ce: 0.6927 - loss: 0.7161 - val_accuracy: 0.5886 - val_ce: 0.6928 - val_loss: 0.7135 - learning_rate: 1.0000e-04
Epoch 5/20
130/130 - 4s - 33ms/step - accuracy: 0.5877 - ce: 0.6928 - loss: 0.7129 - val_accuracy: 0.5886 - val_ce: 0.6928 - val_loss: 0.7116 - learning_rate: 5.0000e-05
Epoch 6/20

Epoch 6: ReduceLROnPlateau reducing learning rate to 2.499999936844688e-05.
130/130 - 4s - 33ms/step - accuracy: 0.5877 - ce: 0.6927 - loss: 0.7111 - val_accuracy: 0.5886 - val_ce: 0.6927 - val_loss: 0.7098 - learning_rate: 5.0000e-05
COLLAPSE: 100% of the validation predictions are in one class -> training is repeated once with lr 1e-05
Epoch 1/20
130/130 - 14s - 109ms/step - accuracy: 0.5361 - ce: 0.7563 - loss: 0.8090 - val_accuracy: 0.5886 - val_ce: 0.6799 - val_loss: 0.7307 - learning_rate: 1.0000e-05
Epoch 2/20
130/130 - 4s - 34ms/step - accuracy: 0.6248 - ce: 0.6513 - loss: 0.7030 - val_accuracy: 0.6213 - val_ce: 0.6586 - val_loss: 0.7089 - learning_rate: 1.0000e-05
Epoch 3/20
130/130 - 4s - 32ms/step - accuracy: 0.7066 - ce: 0.5835 - loss: 0.6344 - val_accuracy: 0.6267 - val_ce: 0.6645 - val_loss: 0.7146 - learning_rate: 1.0000e-05
Epoch 4/20

Epoch 4: ReduceLROnPlateau reducing learning rate to 4.999999873689376e-06.
130/130 - 4s - 33ms/step - accuracy: 0.7784 - ce: 0.4960 - loss: 0.5477 - val_accuracy: 0.6267 - val_ce: 0.6772 - val_loss: 0.7271 - learning_rate: 1.0000e-05
Epoch 5/20
130/130 - 4s - 33ms/step - accuracy: 0.8584 - ce: 0.3810 - loss: 0.4319 - val_accuracy: 0.6240 - val_ce: 0.7048 - val_loss: 0.7546 - learning_rate: 5.0000e-06
Epoch 6/20

Epoch 6: ReduceLROnPlateau reducing learning rate to 2.499999936844688e-06.
130/130 - 4s - 33ms/step - accuracy: 0.8960 - ce: 0.3222 - loss: 0.3746 - val_accuracy: 0.5668 - val_ce: 0.7460 - val_loss: 0.7957 - learning_rate: 5.0000e-06
Fold 1: accuracy=0.5827  F1(w/m)=0.5624/0.5369  CE=0.6671  epochs=6  

===== Fold 2/5  05:26:19 =====
Class weights (balanced): Human-written=1.213  V1=0.851
Epoch 1/20
130/130 - 14s - 110ms/step - accuracy: 0.5241 - ce: 0.7315 - loss: 0.7743 - val_accuracy: 0.5886 - val_ce: 0.6902 - val_loss: 0.7302 - learning_rate: 1.0000e-04
Epoch 2/20
130/130 - 4s - 33ms/step - accuracy: 0.5328 - ce: 0.6958 - loss: 0.7288 - val_accuracy: 0.5967 - val_ce: 0.6888 - val_loss: 0.7192 - learning_rate: 1.0000e-04
Epoch 3/20
130/130 - 4s - 33ms/step - accuracy: 0.5862 - ce: 0.6913 - loss: 0.7211 - val_accuracy: 0.5886 - val_ce: 0.6925 - val_loss: 0.7162 - learning_rate: 1.0000e-04
Epoch 4/20

Epoch 4: ReduceLROnPlateau reducing learning rate to 4.999999873689376e-05.
130/130 - 4s - 33ms/step - accuracy: 0.5718 - ce: 0.6926 - loss: 0.7144 - val_accuracy: 0.5886 - val_ce: 0.6927 - val_loss: 0.7116 - learning_rate: 1.0000e-04
Epoch 5/20
130/130 - 4s - 32ms/step - accuracy: 0.5872 - ce: 0.6926 - loss: 0.7111 - val_accuracy: 0.5886 - val_ce: 0.6927 - val_loss: 0.7096 - learning_rate: 5.0000e-05
Epoch 6/20

Epoch 6: ReduceLROnPlateau reducing learning rate to 2.499999936844688e-05.
130/130 - 4s - 33ms/step - accuracy: 0.5848 - ce: 0.6929 - loss: 0.7093 - val_accuracy: 0.5886 - val_ce: 0.6929 - val_loss: 0.7082 - learning_rate: 5.0000e-05
Fold 2: accuracy=0.6105  F1(w/m)=0.5726/0.5415  CE=0.6881  epochs=6  

===== Fold 3/5  05:27:00 =====
Class weights (balanced): Human-written=1.213  V1=0.851
Epoch 1/20
130/130 - 14s - 109ms/step - accuracy: 0.4441 - ce: 0.7223 - loss: 0.7667 - val_accuracy: 0.5477 - val_ce: 0.6931 - val_loss: 0.7338 - learning_rate: 1.0000e-04
Epoch 2/20
130/130 - 4s - 33ms/step - accuracy: 0.5405 - ce: 0.6979 - loss: 0.7314 - val_accuracy: 0.5913 - val_ce: 0.6919 - val_loss: 0.7239 - learning_rate: 1.0000e-04
Epoch 3/20
130/130 - 4s - 33ms/step - accuracy: 0.4841 - ce: 0.6953 - loss: 0.7211 - val_accuracy: 0.6076 - val_ce: 0.6913 - val_loss: 0.7167 - learning_rate: 1.0000e-04
Epoch 4/20
130/130 - 4s - 33ms/step - accuracy: 0.5434 - ce: 0.6939 - loss: 0.7170 - val_accuracy: 0.5886 - val_ce: 0.6916 - val_loss: 0.7122 - learning_rate: 1.0000e-04
Epoch 5/20

Epoch 5: ReduceLROnPlateau reducing learning rate to 4.999999873689376e-05.
130/130 - 4s - 33ms/step - accuracy: 0.5877 - ce: 0.6916 - loss: 0.7121 - val_accuracy: 0.5886 - val_ce: 0.6914 - val_loss: 0.7085 - learning_rate: 1.0000e-04
Epoch 6/20
130/130 - 4s - 33ms/step - accuracy: 0.5877 - ce: 0.6915 - loss: 0.7096 - val_accuracy: 0.5886 - val_ce: 0.6917 - val_loss: 0.7074 - learning_rate: 5.0000e-05
Epoch 7/20

Epoch 7: ReduceLROnPlateau reducing learning rate to 2.499999936844688e-05.
130/130 - 4s - 32ms/step - accuracy: 0.5877 - ce: 0.6917 - loss: 0.7083 - val_accuracy: 0.5886 - val_ce: 0.6918 - val_loss: 0.7063 - learning_rate: 5.0000e-05
Fold 3: accuracy=0.5892  F1(w/m)=0.4879/0.4366  CE=0.6915  epochs=7  

===== Fold 4/5  05:27:45 =====
Class weights (balanced): Human-written=1.213  V1=0.851
Epoch 1/20
130/130 - 14s - 110ms/step - accuracy: 0.5173 - ce: 0.7216 - loss: 0.7700 - val_accuracy: 0.5886 - val_ce: 0.6925 - val_loss: 0.7317 - learning_rate: 1.0000e-04
Epoch 2/20
130/130 - 4s - 33ms/step - accuracy: 0.4668 - ce: 0.6933 - loss: 0.7273 - val_accuracy: 0.4114 - val_ce: 0.6934 - val_loss: 0.7226 - learning_rate: 1.0000e-04
Epoch 3/20

Epoch 3: ReduceLROnPlateau reducing learning rate to 4.999999873689376e-05.
130/130 - 4s - 33ms/step - accuracy: 0.4619 - ce: 0.6936 - loss: 0.7187 - val_accuracy: 0.5886 - val_ce: 0.6929 - val_loss: 0.7151 - learning_rate: 1.0000e-04
Epoch 4/20
130/130 - 4s - 33ms/step - accuracy: 0.5159 - ce: 0.6930 - loss: 0.7142 - val_accuracy: 0.4114 - val_ce: 0.6939 - val_loss: 0.7133 - learning_rate: 5.0000e-05
Epoch 5/20

Epoch 5: ReduceLROnPlateau reducing learning rate to 2.499999936844688e-05.
130/130 - 4s - 33ms/step - accuracy: 0.4330 - ce: 0.6936 - loss: 0.7114 - val_accuracy: 0.4087 - val_ce: 0.6932 - val_loss: 0.7102 - learning_rate: 5.0000e-05
COLLAPSE: 99% of the validation predictions are in one class -> training is repeated once with lr 1e-05
Epoch 1/20
130/130 - 14s - 110ms/step - accuracy: 0.5299 - ce: 0.7535 - loss: 0.8093 - val_accuracy: 0.6049 - val_ce: 0.6603 - val_loss: 0.7109 - learning_rate: 1.0000e-05
Epoch 2/20
130/130 - 4s - 33ms/step - accuracy: 0.6281 - ce: 0.6467 - loss: 0.7020 - val_accuracy: 0.6131 - val_ce: 0.6523 - val_loss: 0.7025 - learning_rate: 1.0000e-05
Epoch 3/20
130/130 - 4s - 33ms/step - accuracy: 0.7047 - ce: 0.5884 - loss: 0.6410 - val_accuracy: 0.6213 - val_ce: 0.6636 - val_loss: 0.7134 - learning_rate: 1.0000e-05
Epoch 4/20

Epoch 4: ReduceLROnPlateau reducing learning rate to 4.999999873689376e-06.
130/130 - 4s - 33ms/step - accuracy: 0.7582 - ce: 0.5010 - loss: 0.5510 - val_accuracy: 0.6213 - val_ce: 0.6561 - val_loss: 0.7056 - learning_rate: 1.0000e-05
Epoch 5/20
130/130 - 4s - 33ms/step - accuracy: 0.8406 - ce: 0.4002 - loss: 0.4509 - val_accuracy: 0.6512 - val_ce: 0.6772 - val_loss: 0.7266 - learning_rate: 5.0000e-06
Epoch 6/20

Epoch 6: ReduceLROnPlateau reducing learning rate to 2.499999936844688e-06.
130/130 - 4s - 33ms/step - accuracy: 0.8858 - ce: 0.3413 - loss: 0.3916 - val_accuracy: 0.6567 - val_ce: 0.7112 - val_loss: 0.7605 - learning_rate: 5.0000e-06
Fold 4: accuracy=0.6007  F1(w/m)=0.5216/0.4771  CE=0.6861  epochs=6  

===== Fold 5/5  05:29:01 =====
Class weights (balanced): Human-written=1.212  V1=0.851
Epoch 1/20
130/130 - 17s - 128ms/step - accuracy: 0.4993 - ce: 0.7633 - loss: 0.7993 - val_accuracy: 0.5886 - val_ce: 0.6859 - val_loss: 0.7267 - learning_rate: 1.0000e-04
Epoch 2/20
130/130 - 4s - 33ms/step - accuracy: 0.5614 - ce: 0.6893 - loss: 0.7293 - val_accuracy: 0.4114 - val_ce: 0.6938 - val_loss: 0.7255 - learning_rate: 1.0000e-04
Epoch 3/20

Epoch 3: ReduceLROnPlateau reducing learning rate to 4.999999873689376e-05.
130/130 - 4s - 33ms/step - accuracy: 0.4959 - ce: 0.6932 - loss: 0.7214 - val_accuracy: 0.5886 - val_ce: 0.6908 - val_loss: 0.7160 - learning_rate: 1.0000e-04
Epoch 4/20
130/130 - 4s - 34ms/step - accuracy: 0.5301 - ce: 0.6930 - loss: 0.7174 - val_accuracy: 0.5886 - val_ce: 0.6923 - val_loss: 0.7149 - learning_rate: 5.0000e-05
Epoch 5/20

Epoch 5: ReduceLROnPlateau reducing learning rate to 2.499999936844688e-05.
130/130 - 4s - 33ms/step - accuracy: 0.5787 - ce: 0.6920 - loss: 0.7145 - val_accuracy: 0.5749 - val_ce: 0.6920 - val_loss: 0.7124 - learning_rate: 5.0000e-05
COLLAPSE: 100% of the validation predictions are in one class -> training is repeated once with lr 1e-05
Epoch 1/20
130/130 - 15s - 112ms/step - accuracy: 0.5546 - ce: 0.7238 - loss: 0.7784 - val_accuracy: 0.5913 - val_ce: 0.6679 - val_loss: 0.7187 - learning_rate: 1.0000e-05
Epoch 2/20
130/130 - 4s - 33ms/step - accuracy: 0.6143 - ce: 0.6568 - loss: 0.7103 - val_accuracy: 0.5722 - val_ce: 0.6734 - val_loss: 0.7238 - learning_rate: 1.0000e-05
Epoch 3/20

Epoch 3: ReduceLROnPlateau reducing learning rate to 4.999999873689376e-06.
130/130 - 4s - 33ms/step - accuracy: 0.6784 - ce: 0.6048 - loss: 0.6561 - val_accuracy: 0.6022 - val_ce: 0.6768 - val_loss: 0.7269 - learning_rate: 1.0000e-05
Epoch 4/20
130/130 - 4s - 33ms/step - accuracy: 0.7699 - ce: 0.5082 - loss: 0.5608 - val_accuracy: 0.5749 - val_ce: 0.6861 - val_loss: 0.7361 - learning_rate: 5.0000e-06
Epoch 5/20

Epoch 5: ReduceLROnPlateau reducing learning rate to 2.499999936844688e-06.
130/130 - 4s - 33ms/step - accuracy: 0.8257 - ce: 0.4335 - loss: 0.4846 - val_accuracy: 0.5804 - val_ce: 0.7050 - val_loss: 0.7549 - learning_rate: 5.0000e-06
Fold 5: accuracy=0.6000  F1(w/m)=0.5658/0.5350  CE=0.6651  epochs=5  

CV mean ± std:
  accuracy               0.5966 ± 0.0108
  balanced_accuracy      0.5402 ± 0.0179
  mcc                    0.1051 ± 0.0342
  cross_entropy          0.6796 ± 0.0125
  roc_auc                0.5622 ± 0.0309
  precision_macro        0.5712 ± 0.0171
  recall_macro           0.5402 ± 0.0179
  f1_macro               0.5054 ± 0.0467
  precision_micro        0.5966 ± 0.0108
  recall_micro           0.5966 ± 0.0108
  f1_micro               0.5966 ± 0.0108
  precision_weighted     0.5784 ± 0.0152
  recall_weighted        0.5966 ± 0.0108
  f1_weighted            0.5421 ± 0.0363

===== Final training  05:30:17 =====
Class weights (balanced): Human-written=1.213  V1=0.851
Epoch 1/20
158/158 - 18s - 111ms/step - accuracy: 0.4835 - ce: 0.7347 - loss: 0.7711 - val_accuracy: 0.5881 - val_ce: 0.6915 - val_loss: 0.7293 - learning_rate: 1.0000e-04
Epoch 2/20
158/158 - 5s - 33ms/step - accuracy: 0.5877 - ce: 0.6920 - loss: 0.7258 - val_accuracy: 0.5937 - val_ce: 0.6927 - val_loss: 0.7203 - learning_rate: 1.0000e-04
Epoch 3/20

Epoch 3: ReduceLROnPlateau reducing learning rate to 4.999999873689376e-05.
158/158 - 5s - 33ms/step - accuracy: 0.5320 - ce: 0.6940 - loss: 0.7173 - val_accuracy: 0.5937 - val_ce: 0.6922 - val_loss: 0.7131 - learning_rate: 1.0000e-04
Epoch 4/20
158/158 - 5s - 33ms/step - accuracy: 0.5523 - ce: 0.6950 - loss: 0.7131 - val_accuracy: 0.6030 - val_ce: 0.6924 - val_loss: 0.7107 - learning_rate: 5.0000e-05
Epoch 5/20
158/158 - 5s - 33ms/step - accuracy: 0.5296 - ce: 0.7001 - loss: 0.7132 - val_accuracy: 0.5955 - val_ce: 0.6905 - val_loss: 0.7067 - learning_rate: 5.0000e-05
Epoch 6/20
158/158 - 5s - 33ms/step - accuracy: 0.5765 - ce: 0.6904 - loss: 0.7080 - val_accuracy: 0.4824 - val_ce: 0.6930 - val_loss: 0.7074 - learning_rate: 5.0000e-05
Epoch 7/20
158/158 - 5s - 33ms/step - accuracy: 0.4839 - ce: 0.6951 - loss: 0.7035 - val_accuracy: 0.6030 - val_ce: 0.6882 - val_loss: 0.7010 - learning_rate: 5.0000e-05
Epoch 8/20
158/158 - 5s - 33ms/step - accuracy: 0.5905 - ce: 0.6902 - loss: 0.6991 - val_accuracy: 0.6085 - val_ce: 0.6827 - val_loss: 0.6942 - learning_rate: 5.0000e-05
Epoch 9/20
158/158 - 5s - 33ms/step - accuracy: 0.5757 - ce: 0.6846 - loss: 0.6899 - val_accuracy: 0.6067 - val_ce: 0.6972 - val_loss: 0.7076 - learning_rate: 5.0000e-05
Epoch 10/20
158/158 - 5s - 34ms/step - accuracy: 0.6068 - ce: 0.6845 - loss: 0.6919 - val_accuracy: 0.6030 - val_ce: 0.6817 - val_loss: 0.6912 - learning_rate: 5.0000e-05
Epoch 11/20
158/158 - 5s - 33ms/step - accuracy: 0.5992 - ce: 0.6797 - loss: 0.6896 - val_accuracy: 0.6104 - val_ce: 0.6870 - val_loss: 0.6956 - learning_rate: 5.0000e-05
Epoch 12/20

Epoch 12: ReduceLROnPlateau reducing learning rate to 2.499999936844688e-05.
158/158 - 5s - 33ms/step - accuracy: 0.6076 - ce: 0.6743 - loss: 0.6821 - val_accuracy: 0.6160 - val_ce: 0.6838 - val_loss: 0.6917 - learning_rate: 5.0000e-05
Epoch 13/20
158/158 - 5s - 33ms/step - accuracy: 0.6294 - ce: 0.6555 - loss: 0.6664 - val_accuracy: 0.5714 - val_ce: 0.7057 - val_loss: 0.7133 - learning_rate: 2.5000e-05
Epoch 14/20

Epoch 14: ReduceLROnPlateau reducing learning rate to 1.249999968422344e-05.
158/158 - 5s - 33ms/step - accuracy: 0.6314 - ce: 0.6445 - loss: 0.6511 - val_accuracy: 0.5937 - val_ce: 0.8412 - val_loss: 0.8485 - learning_rate: 2.5000e-05
               precision    recall  f1-score   support

Human-written     0.5814    0.1121    0.1880       223
           V1     0.6016    0.9432    0.7346       317

     accuracy                         0.6000       540
    macro avg     0.5915    0.5277    0.4613       540
 weighted avg     0.5933    0.6000    0.5089       540

Class distribution all  : {'Human-written': 1482, 'V1': 2112}  ratio {'Human-written': 0.4124, 'V1': 0.5876}
Class distribution train: {'Human-written': 1037, 'V1': 1478}  ratio {'Human-written': 0.4123, 'V1': 0.5877}
Class distribution val  : {'Human-written': 222, 'V1': 317}  ratio {'Human-written': 0.4119, 'V1': 0.5881}
Class distribution test : {'Human-written': 223, 'V1': 317}  ratio {'Human-written': 0.413, 'V1': 0.587}

subdataset15_graph_human_vs_v1_snippet_cv  VGG19 (relu, dropout 0.1, lr 0.0001)
CV mean    acc=0.5966  F1 w/m/micro=0.5421/0.5054/0.5966  P_w=0.5784  R_w=0.5966  CE=0.6796  AUC=0.5622  MCC=0.1051
VALIDATION acc=0.6030  F1 w/m/micro=0.5136/0.4660/0.6030  P_w=0.5986  R_w=0.6030  CE=0.6817  AUC=0.5565  MCC=0.1085
TEST       acc=0.6000  F1 w/m/micro=0.5089/0.4613/0.6000  P_w=0.5933  R_w=0.6000  CE=0.6802  AUC=0.5503  MCC=0.1006
TEST 95% CI: accuracy=[0.5611, 0.6407]  f1_weighted=[0.4615, 0.5560]  f1_macro=[0.4255, 0.4981]  mcc=[0.0215, 0.1853]  balanced_accuracy=[0.5058, 0.5514]
Outputs: Experiments/subdataset15/Snippet-Level Split/results/subdataset15_graph_human_vs_v1_snippet_cv
2026-10-03 05:31:56 FINISHED
