
====================================================================================================
2026-10-03 05:54:43  subdataset15_graph_human_vs_v3_snippet_cv  (config hash 8b7e68688887)
Data    : Data/Subdataset_15
Classes : ['Human-written', 'V3']   Split: Snippet-Level Split
Model   : VGG19  activation=relu  dropout=0.1  lr=0.0001  trained=base from block5_* on  preprocessing=caffe  L2=0.0001
Training: at most 20 epochs, early stopping val_ce patience 4, batch 16, 320x320 (no cropping), mixed precision True
Output  : Experiments/subdataset15/Snippet-Level Split/results/subdataset15_graph_human_vs_v3_snippet_cv
Human-written (label 0): 1482 images
V3  (label 1): 1799 images
Total 3281 images
Train     :  2295 (69.9%)  Human-written=1036 V3=1259
Validation:   493 (15.0%)  Human-written=223 V3=270
Test      :   493 (15.0%)  Human-written=223 V3=270
Fold 1: train=2230 (Human-written=1007 V3=1223)  evaluation=558 (Human-written=252 V3=306)
Fold 2: train=2230 (Human-written=1007 V3=1223)  evaluation=558 (Human-written=252 V3=306)
Fold 3: train=2230 (Human-written=1007 V3=1223)  evaluation=558 (Human-written=252 V3=306)
Fold 4: train=2231 (Human-written=1008 V3=1223)  evaluation=557 (Human-written=251 V3=306)
Fold 5: train=2231 (Human-written=1007 V3=1224)  evaluation=557 (Human-written=252 V3=305)
Leakage check PASSED.
TensorFlow 2.20.0 | GPU: [PhysicalDevice(name='/physical_device:GPU:0', device_type='GPU')]
Mixed precision: mixed_float16 (output layer float32)
Images loaded: 3281, 1.0 GB, 4 s

===== Fold 1/5  05:54:51 =====
Class weights (balanced): Human-written=1.107  V3=0.912
Model: base 22 layers, trained base layers 5 (first: block5_conv1); trained parameters 9,702,401 / 20,287,553
Epoch 1/20
119/119 - 21s - 177ms/step - accuracy: 0.5404 - ce: 0.7615 - loss: 0.8030 - val_accuracy: 0.6239 - val_ce: 0.6558 - val_loss: 0.6996 - learning_rate: 1.0000e-04
Epoch 2/20
119/119 - 4s - 33ms/step - accuracy: 0.5836 - ce: 0.6907 - loss: 0.7257 - val_accuracy: 0.6209 - val_ce: 0.6630 - val_loss: 0.6997 - learning_rate: 1.0000e-04
Epoch 3/20

Epoch 3: ReduceLROnPlateau reducing learning rate to 4.999999873689376e-05.
119/119 - 4s - 33ms/step - accuracy: 0.6026 - ce: 0.6797 - loss: 0.7073 - val_accuracy: 0.6030 - val_ce: 0.6737 - val_loss: 0.7050 - learning_rate: 1.0000e-04
Epoch 4/20
119/119 - 4s - 33ms/step - accuracy: 0.6385 - ce: 0.6494 - loss: 0.6743 - val_accuracy: 0.6478 - val_ce: 0.6640 - val_loss: 0.6931 - learning_rate: 5.0000e-05
Epoch 5/20

Epoch 5: ReduceLROnPlateau reducing learning rate to 2.499999936844688e-05.
119/119 - 4s - 33ms/step - accuracy: 0.6681 - ce: 0.6105 - loss: 0.6388 - val_accuracy: 0.6209 - val_ce: 0.6627 - val_loss: 0.6900 - learning_rate: 5.0000e-05
Fold 1: accuracy=0.5699  F1(w/m)=0.5260/0.5094  CE=0.6943  epochs=5  

===== Fold 2/5  05:55:36 =====
Class weights (balanced): Human-written=1.107  V3=0.912
Epoch 1/20
119/119 - 14s - 119ms/step - accuracy: 0.5493 - ce: 0.7146 - loss: 0.7652 - val_accuracy: 0.4507 - val_ce: 0.6945 - val_loss: 0.7358 - learning_rate: 1.0000e-04
Epoch 2/20
119/119 - 4s - 33ms/step - accuracy: 0.4517 - ce: 0.6945 - loss: 0.7301 - val_accuracy: 0.4507 - val_ce: 0.6938 - val_loss: 0.7258 - learning_rate: 1.0000e-04
Epoch 3/20
119/119 - 4s - 34ms/step - accuracy: 0.4633 - ce: 0.6953 - loss: 0.7226 - val_accuracy: 0.4507 - val_ce: 0.6932 - val_loss: 0.7188 - learning_rate: 1.0000e-04
Epoch 4/20
119/119 - 4s - 33ms/step - accuracy: 0.4512 - ce: 0.6933 - loss: 0.7163 - val_accuracy: 0.4507 - val_ce: 0.6932 - val_loss: 0.7141 - learning_rate: 1.0000e-04
Epoch 5/20
119/119 - 4s - 33ms/step - accuracy: 0.5435 - ce: 0.6930 - loss: 0.7123 - val_accuracy: 0.5493 - val_ce: 0.6930 - val_loss: 0.7104 - learning_rate: 1.0000e-04
Epoch 6/20
119/119 - 4s - 33ms/step - accuracy: 0.4960 - ce: 0.6931 - loss: 0.7092 - val_accuracy: 0.5493 - val_ce: 0.6931 - val_loss: 0.7079 - learning_rate: 1.0000e-04
Epoch 7/20

Epoch 7: ReduceLROnPlateau reducing learning rate to 4.999999873689376e-05.
119/119 - 4s - 33ms/step - accuracy: 0.4633 - ce: 0.6932 - loss: 0.7070 - val_accuracy: 0.5493 - val_ce: 0.6931 - val_loss: 0.7060 - learning_rate: 1.0000e-04
Epoch 8/20
119/119 - 4s - 33ms/step - accuracy: 0.5245 - ce: 0.6931 - loss: 0.7056 - val_accuracy: 0.5493 - val_ce: 0.6931 - val_loss: 0.7051 - learning_rate: 5.0000e-05
Epoch 9/20

Epoch 9: ReduceLROnPlateau reducing learning rate to 2.499999936844688e-05.
119/119 - 4s - 33ms/step - accuracy: 0.4871 - ce: 0.6932 - loss: 0.7048 - val_accuracy: 0.5493 - val_ce: 0.6931 - val_loss: 0.7044 - learning_rate: 5.0000e-05
COLLAPSE: 100% of the validation predictions are in one class -> training is repeated once with lr 1e-05
Epoch 1/20
119/119 - 14s - 119ms/step - accuracy: 0.5731 - ce: 0.7110 - loss: 0.7632 - val_accuracy: 0.6299 - val_ce: 0.6435 - val_loss: 0.6942 - learning_rate: 1.0000e-05
Epoch 2/20
119/119 - 4s - 34ms/step - accuracy: 0.6786 - ce: 0.6084 - loss: 0.6603 - val_accuracy: 0.6597 - val_ce: 0.6014 - val_loss: 0.6517 - learning_rate: 1.0000e-05
Epoch 3/20
119/119 - 4s - 33ms/step - accuracy: 0.7520 - ce: 0.5193 - loss: 0.5712 - val_accuracy: 0.7254 - val_ce: 0.5900 - val_loss: 0.6399 - learning_rate: 1.0000e-05
Epoch 4/20
119/119 - 4s - 33ms/step - accuracy: 0.8032 - ce: 0.4391 - loss: 0.4888 - val_accuracy: 0.6627 - val_ce: 0.6154 - val_loss: 0.6651 - learning_rate: 1.0000e-05
Epoch 5/20

Epoch 5: ReduceLROnPlateau reducing learning rate to 4.999999873689376e-06.
119/119 - 4s - 33ms/step - accuracy: 0.8591 - ce: 0.3565 - loss: 0.4072 - val_accuracy: 0.6806 - val_ce: 0.6200 - val_loss: 0.6694 - learning_rate: 1.0000e-05
Epoch 6/20
119/119 - 4s - 33ms/step - accuracy: 0.9066 - ce: 0.2558 - loss: 0.3059 - val_accuracy: 0.6955 - val_ce: 0.6389 - val_loss: 0.6883 - learning_rate: 5.0000e-06
Epoch 7/20

Epoch 7: ReduceLROnPlateau reducing learning rate to 2.499999936844688e-06.
119/119 - 4s - 33ms/step - accuracy: 0.9388 - ce: 0.1991 - loss: 0.2496 - val_accuracy: 0.6687 - val_ce: 0.6711 - val_loss: 0.7203 - learning_rate: 5.0000e-06
Fold 2: accuracy=0.6792  F1(w/m)=0.6728/0.6665  CE=0.5843  epochs=7  

===== Fold 3/5  05:57:09 =====
Class weights (balanced): Human-written=1.107  V3=0.912
Epoch 1/20
119/119 - 14s - 119ms/step - accuracy: 0.5182 - ce: 0.7391 - loss: 0.7824 - val_accuracy: 0.5552 - val_ce: 0.6895 - val_loss: 0.7317 - learning_rate: 1.0000e-04
Epoch 2/20
119/119 - 4s - 34ms/step - accuracy: 0.5768 - ce: 0.6926 - loss: 0.7265 - val_accuracy: 0.6209 - val_ce: 0.6782 - val_loss: 0.7132 - learning_rate: 1.0000e-04
Epoch 3/20
119/119 - 4s - 33ms/step - accuracy: 0.5847 - ce: 0.6867 - loss: 0.7116 - val_accuracy: 0.6239 - val_ce: 0.6629 - val_loss: 0.6913 - learning_rate: 1.0000e-04
Epoch 4/20
119/119 - 4s - 33ms/step - accuracy: 0.6111 - ce: 0.6686 - loss: 0.6902 - val_accuracy: 0.6657 - val_ce: 0.6529 - val_loss: 0.6762 - learning_rate: 1.0000e-04
Epoch 5/20
119/119 - 4s - 33ms/step - accuracy: 0.6633 - ce: 0.6443 - loss: 0.6632 - val_accuracy: 0.6328 - val_ce: 0.6535 - val_loss: 0.6738 - learning_rate: 1.0000e-04
Epoch 6/20

Epoch 6: ReduceLROnPlateau reducing learning rate to 4.999999873689376e-05.
119/119 - 4s - 33ms/step - accuracy: 0.7203 - ce: 0.5688 - loss: 0.5871 - val_accuracy: 0.6418 - val_ce: 0.6542 - val_loss: 0.6723 - learning_rate: 1.0000e-04
Epoch 7/20
119/119 - 4s - 34ms/step - accuracy: 0.7784 - ce: 0.4555 - loss: 0.4763 - val_accuracy: 0.7433 - val_ce: 0.6410 - val_loss: 0.6582 - learning_rate: 5.0000e-05
Epoch 8/20
119/119 - 4s - 33ms/step - accuracy: 0.8607 - ce: 0.3246 - loss: 0.3454 - val_accuracy: 0.7045 - val_ce: 0.7289 - val_loss: 0.7451 - learning_rate: 5.0000e-05
Epoch 9/20

Epoch 9: ReduceLROnPlateau reducing learning rate to 2.499999936844688e-05.
119/119 - 4s - 33ms/step - accuracy: 0.9203 - ce: 0.1998 - loss: 0.2192 - val_accuracy: 0.7493 - val_ce: 0.9381 - val_loss: 0.9536 - learning_rate: 5.0000e-05
Epoch 10/20
119/119 - 4s - 33ms/step - accuracy: 0.9778 - ce: 0.0615 - loss: 0.0787 - val_accuracy: 0.7403 - val_ce: 2.1075 - val_loss: 2.1226 - learning_rate: 2.5000e-05
Epoch 11/20

Epoch 11: ReduceLROnPlateau reducing learning rate to 1.249999968422344e-05.
119/119 - 4s - 33ms/step - accuracy: 0.9884 - ce: 0.0362 - loss: 0.0516 - val_accuracy: 0.7403 - val_ce: 1.7484 - val_loss: 1.7629 - learning_rate: 2.5000e-05
Fold 3: accuracy=0.6452  F1(w/m)=0.6457/0.6431  CE=0.8022  epochs=11  

===== Fold 4/5  05:58:08 =====
Class weights (balanced): Human-written=1.106  V3=0.912
Epoch 1/20
119/119 - 16s - 135ms/step - accuracy: 0.5359 - ce: 0.7363 - loss: 0.7803 - val_accuracy: 0.6119 - val_ce: 0.7472 - val_loss: 0.7886 - learning_rate: 1.0000e-04
Epoch 2/20
119/119 - 4s - 34ms/step - accuracy: 0.5390 - ce: 0.6922 - loss: 0.7285 - val_accuracy: 0.6179 - val_ce: 0.6941 - val_loss: 0.7274 - learning_rate: 1.0000e-04
Epoch 3/20
119/119 - 4s - 33ms/step - accuracy: 0.5928 - ce: 0.6869 - loss: 0.7129 - val_accuracy: 0.4507 - val_ce: 0.8057 - val_loss: 0.8318 - learning_rate: 1.0000e-04
Epoch 4/20
119/119 - 4s - 33ms/step - accuracy: 0.6002 - ce: 0.6773 - loss: 0.6982 - val_accuracy: 0.6060 - val_ce: 0.6738 - val_loss: 0.6954 - learning_rate: 1.0000e-04
Epoch 5/20
119/119 - 4s - 34ms/step - accuracy: 0.6261 - ce: 0.6689 - loss: 0.6884 - val_accuracy: 0.6567 - val_ce: 0.6523 - val_loss: 0.6704 - learning_rate: 1.0000e-04
Epoch 6/20
119/119 - 4s - 34ms/step - accuracy: 0.6445 - ce: 0.6403 - loss: 0.6545 - val_accuracy: 0.6299 - val_ce: 0.6418 - val_loss: 0.6576 - learning_rate: 1.0000e-04
Epoch 7/20
119/119 - 4s - 33ms/step - accuracy: 0.6862 - ce: 0.6049 - loss: 0.6166 - val_accuracy: 0.6119 - val_ce: 0.6688 - val_loss: 0.6830 - learning_rate: 1.0000e-04
Epoch 8/20

Epoch 8: ReduceLROnPlateau reducing learning rate to 4.999999873689376e-05.
119/119 - 4s - 33ms/step - accuracy: 0.7627 - ce: 0.5121 - loss: 0.5232 - val_accuracy: 0.6567 - val_ce: 0.6566 - val_loss: 0.6695 - learning_rate: 1.0000e-04
Epoch 9/20
119/119 - 4s - 33ms/step - accuracy: 0.8887 - ce: 0.2948 - loss: 0.3103 - val_accuracy: 0.6776 - val_ce: 0.9048 - val_loss: 0.9171 - learning_rate: 5.0000e-05
Epoch 10/20

Epoch 10: ReduceLROnPlateau reducing learning rate to 2.499999936844688e-05.
119/119 - 4s - 33ms/step - accuracy: 0.9478 - ce: 0.1587 - loss: 0.1747 - val_accuracy: 0.6388 - val_ce: 1.3109 - val_loss: 1.3226 - learning_rate: 5.0000e-05
Fold 4: accuracy=0.6140  F1(w/m)=0.6136/0.6095  CE=0.6501  epochs=10  

===== Fold 5/5  05:59:07 =====
Class weights (balanced): Human-written=1.107  V3=0.912
Epoch 1/20
119/119 - 14s - 120ms/step - accuracy: 0.5216 - ce: 0.7319 - loss: 0.7772 - val_accuracy: 0.4478 - val_ce: 0.7033 - val_loss: 0.7445 - learning_rate: 1.0000e-04
Epoch 2/20
119/119 - 4s - 33ms/step - accuracy: 0.5322 - ce: 0.6955 - loss: 0.7312 - val_accuracy: 0.5104 - val_ce: 0.6846 - val_loss: 0.7171 - learning_rate: 1.0000e-04
Epoch 3/20
119/119 - 4s - 33ms/step - accuracy: 0.5501 - ce: 0.7183 - loss: 0.7459 - val_accuracy: 0.5672 - val_ce: 0.6803 - val_loss: 0.7068 - learning_rate: 1.0000e-04
Epoch 4/20
119/119 - 4s - 34ms/step - accuracy: 0.5628 - ce: 0.6932 - loss: 0.7149 - val_accuracy: 0.5701 - val_ce: 0.6943 - val_loss: 0.7165 - learning_rate: 1.0000e-04
Epoch 5/20
119/119 - 4s - 33ms/step - accuracy: 0.5854 - ce: 0.6809 - loss: 0.6985 - val_accuracy: 0.5910 - val_ce: 0.6770 - val_loss: 0.6958 - learning_rate: 1.0000e-04
Epoch 6/20
119/119 - 4s - 34ms/step - accuracy: 0.6134 - ce: 0.6616 - loss: 0.6770 - val_accuracy: 0.6149 - val_ce: 0.6721 - val_loss: 0.6882 - learning_rate: 1.0000e-04
Epoch 7/20
119/119 - 4s - 33ms/step - accuracy: 0.6181 - ce: 0.6618 - loss: 0.6737 - val_accuracy: 0.6149 - val_ce: 0.8056 - val_loss: 0.8197 - learning_rate: 1.0000e-04
Epoch 8/20

Epoch 8: ReduceLROnPlateau reducing learning rate to 4.999999873689376e-05.
119/119 - 4s - 33ms/step - accuracy: 0.6440 - ce: 0.6540 - loss: 0.6657 - val_accuracy: 0.5970 - val_ce: 0.7620 - val_loss: 0.7746 - learning_rate: 1.0000e-04
Epoch 9/20
119/119 - 4s - 33ms/step - accuracy: 0.6809 - ce: 0.5926 - loss: 0.6052 - val_accuracy: 0.6030 - val_ce: 0.7061 - val_loss: 0.7181 - learning_rate: 5.0000e-05
Epoch 10/20

Epoch 10: ReduceLROnPlateau reducing learning rate to 2.499999936844688e-05.
119/119 - 4s - 33ms/step - accuracy: 0.7389 - ce: 0.5127 - loss: 0.5286 - val_accuracy: 0.5970 - val_ce: 0.8166 - val_loss: 0.8281 - learning_rate: 5.0000e-05
Fold 5: accuracy=0.5871  F1(w/m)=0.5680/0.5571  CE=0.6759  epochs=10  

CV mean ± std:
  accuracy               0.6191 ± 0.0441
  balanced_accuracy      0.6056 ± 0.0520
  mcc                    0.2207 ± 0.0994
  cross_entropy          0.6814 ± 0.0794
  roc_auc                0.6624 ± 0.0746
  precision_macro        0.6158 ± 0.0469
  recall_macro           0.6056 ± 0.0520
  f1_macro               0.5971 ± 0.0640
  precision_micro        0.6191 ± 0.0441
  recall_micro           0.6191 ± 0.0441
  f1_micro               0.6191 ± 0.0441
  precision_weighted     0.6177 ± 0.0468
  recall_weighted        0.6191 ± 0.0441
  f1_weighted            0.6052 ± 0.0590

===== Final training  06:00:02 =====
Class weights (balanced): Human-written=1.108  V3=0.911
Epoch 1/20
144/144 - 15s - 105ms/step - accuracy: 0.5054 - ce: 0.7418 - loss: 0.7828 - val_accuracy: 0.5152 - val_ce: 0.6742 - val_loss: 0.7137 - learning_rate: 1.0000e-04
Epoch 2/20
144/144 - 5s - 33ms/step - accuracy: 0.5595 - ce: 0.6900 - loss: 0.7242 - val_accuracy: 0.5477 - val_ce: 0.6921 - val_loss: 0.7220 - learning_rate: 1.0000e-04
Epoch 3/20

Epoch 3: ReduceLROnPlateau reducing learning rate to 4.999999873689376e-05.
144/144 - 5s - 34ms/step - accuracy: 0.5486 - ce: 0.6922 - loss: 0.7196 - val_accuracy: 0.5477 - val_ce: 0.6924 - val_loss: 0.7155 - learning_rate: 1.0000e-04
Epoch 4/20
144/144 - 5s - 33ms/step - accuracy: 0.5486 - ce: 0.6924 - loss: 0.7149 - val_accuracy: 0.5477 - val_ce: 0.6924 - val_loss: 0.7128 - learning_rate: 5.0000e-05
Epoch 5/20

Epoch 5: ReduceLROnPlateau reducing learning rate to 2.499999936844688e-05.
144/144 - 5s - 34ms/step - accuracy: 0.5486 - ce: 0.6924 - loss: 0.7124 - val_accuracy: 0.5477 - val_ce: 0.6926 - val_loss: 0.7106 - learning_rate: 5.0000e-05
               precision    recall  f1-score   support

Human-written     0.4819    0.7758    0.5945       223
           V3     0.6269    0.3111    0.4158       270

     accuracy                         0.5213       493
    macro avg     0.5544    0.5434    0.5052       493
 weighted avg     0.5613    0.5213    0.4967       493

Class distribution all  : {'Human-written': 1482, 'V3': 1799}  ratio {'Human-written': 0.4517, 'V3': 0.5483}
Class distribution train: {'Human-written': 1036, 'V3': 1259}  ratio {'Human-written': 0.4514, 'V3': 0.5486}
Class distribution val  : {'Human-written': 223, 'V3': 270}  ratio {'Human-written': 0.4523, 'V3': 0.5477}
Class distribution test : {'Human-written': 223, 'V3': 270}  ratio {'Human-written': 0.4523, 'V3': 0.5477}

subdataset15_graph_human_vs_v3_snippet_cv  VGG19 (relu, dropout 0.1, lr 0.0001)
CV mean    acc=0.6191  F1 w/m/micro=0.6052/0.5971/0.6191  P_w=0.6177  R_w=0.6191  CE=0.6814  AUC=0.6624  MCC=0.2207
VALIDATION acc=0.5152  F1 w/m/micro=0.4878/0.4969/0.5152  P_w=0.5559  R_w=0.5152  CE=0.6742  AUC=0.6357  MCC=0.0867
TEST       acc=0.5213  F1 w/m/micro=0.4967/0.5052/0.5213  P_w=0.5613  R_w=0.5213  CE=0.6890  AUC=0.5934  MCC=0.0972
TEST 95% CI: accuracy=[0.4767, 0.5659]  f1_weighted=[0.4505, 0.5429]  f1_macro=[0.4616, 0.5479]  mcc=[0.0117, 0.1836]  balanced_accuracy=[0.5054, 0.5831]
Outputs: Experiments/subdataset15/Snippet-Level Split/results/subdataset15_graph_human_vs_v3_snippet_cv
2026-10-03 06:00:49 FINISHED
