
====================================================================================================
2026-10-02 21:15:50  subdataset10_screenshot_human_vs_v2_group_cv  (config hash 05f2855d748a)
Data    : Data/Subdataset_10
Classes : ['Human-written', 'V2']   Split: Group-Based Split
Model   : VGG19  activation=sigmoid  dropout=0.1  lr=0.0001  trained=base from block5_* on  preprocessing=caffe  L2=0.0001
Training: at most 20 epochs, early stopping val_ce patience 4, batch 16, 320x320 (no cropping), mixed precision True
Output  : Experiments/subdataset10/Group-Based Split/results/subdataset10_screenshot_human_vs_v2_group_cv
Human-written (label 0): 2234 images
V2  (label 1): 2428 images
Total 4662 images
Groups: {'n_groups': 2291, 'groups_with_human_and_version': 2121, 'groups_with_all_classes': 2121, 'human_only_groups': 87, 'groups_without_human': 83, 'match_ratio': 0.9257965953731995, 'groups_merged_by_content': 2}
CHECK 4: human/version pairs found with the simple rule 2200, in different groups 0
Files whose folder and version tag in the name do not match (data unchanged): 91
Train     :  3277 (70.3%)  Human-written=1565 V2=1712
Validation:   682 (14.6%)  Human-written=329 V2=353
Test      :   703 (15.1%)  Human-written=340 V2=363
Fold 1: train=3169 (Human-written=1518 V2=1651)  evaluation=790 (Human-written=376 V2=414)
Fold 2: train=3165 (Human-written=1514 V2=1651)  evaluation=794 (Human-written=380 V2=414)
Fold 3: train=3155 (Human-written=1516 V2=1639)  evaluation=804 (Human-written=378 V2=426)
Fold 4: train=3163 (Human-written=1512 V2=1651)  evaluation=796 (Human-written=382 V2=414)
Fold 5: train=3184 (Human-written=1516 V2=1668)  evaluation=775 (Human-written=378 V2=397)
Leakage check PASSED.
TensorFlow 2.20.0 | GPU: [PhysicalDevice(name='/physical_device:GPU:0', device_type='GPU')]
Mixed precision: mixed_float16 (output layer float32)
Images loaded: 4662, 1.4 GB, 20 s

===== Fold 1/5  21:16:14 =====
Class weights (balanced): Human-written=1.046  V2=0.958
Model: base 22 layers, trained base layers 5 (first: block5_conv1); trained parameters 9,702,401 / 20,287,553
Epoch 1/20
169/169 - 39s - 233ms/step - accuracy: 0.5895 - ce: 0.6794 - loss: 0.7247 - val_accuracy: 0.6366 - val_ce: 0.6201 - val_loss: 0.6610 - learning_rate: 1.0000e-04
Epoch 2/20
169/169 - 17s - 100ms/step - accuracy: 0.6524 - ce: 0.6317 - loss: 0.6687 - val_accuracy: 0.7075 - val_ce: 0.5739 - val_loss: 0.6085 - learning_rate: 1.0000e-04
Epoch 3/20
169/169 - 17s - 99ms/step - accuracy: 0.7197 - ce: 0.5594 - loss: 0.5917 - val_accuracy: 0.7118 - val_ce: 0.5505 - val_loss: 0.5807 - learning_rate: 1.0000e-04
Epoch 4/20
169/169 - 17s - 98ms/step - accuracy: 0.7496 - ce: 0.5240 - loss: 0.5530 - val_accuracy: 0.7054 - val_ce: 0.5782 - val_loss: 0.6053 - learning_rate: 1.0000e-04
Epoch 5/20

Epoch 5: ReduceLROnPlateau reducing learning rate to 4.999999873689376e-05.
169/169 - 17s - 98ms/step - accuracy: 0.7888 - ce: 0.4584 - loss: 0.4845 - val_accuracy: 0.7011 - val_ce: 0.6217 - val_loss: 0.6464 - learning_rate: 1.0000e-04
Epoch 6/20
169/169 - 17s - 99ms/step - accuracy: 0.8399 - ce: 0.3777 - loss: 0.4025 - val_accuracy: 0.7591 - val_ce: 0.5486 - val_loss: 0.5723 - learning_rate: 5.0000e-05
Epoch 7/20
169/169 - 17s - 99ms/step - accuracy: 0.8750 - ce: 0.3135 - loss: 0.3370 - val_accuracy: 0.7591 - val_ce: 0.6148 - val_loss: 0.6376 - learning_rate: 5.0000e-05
Epoch 8/20

Epoch 8: ReduceLROnPlateau reducing learning rate to 2.499999936844688e-05.
169/169 - 17s - 99ms/step - accuracy: 0.8957 - ce: 0.2632 - loss: 0.2861 - val_accuracy: 0.7398 - val_ce: 0.6452 - val_loss: 0.6673 - learning_rate: 5.0000e-05
Epoch 9/20
169/169 - 17s - 99ms/step - accuracy: 0.9368 - ce: 0.1797 - loss: 0.2021 - val_accuracy: 0.7333 - val_ce: 0.7522 - val_loss: 0.7739 - learning_rate: 2.5000e-05
Epoch 10/20

Epoch 10: ReduceLROnPlateau reducing learning rate to 1.249999968422344e-05.
169/169 - 17s - 99ms/step - accuracy: 0.9471 - ce: 0.1418 - loss: 0.1640 - val_accuracy: 0.7441 - val_ce: 0.8798 - val_loss: 0.9011 - learning_rate: 2.5000e-05
Fold 1: accuracy=0.7848  F1(w/m)=0.7849/0.7846  CE=0.4991  epochs=10  

===== Fold 2/5  21:19:41 =====
Class weights (balanced): Human-written=1.041  V2=0.962
Epoch 1/20
168/168 - 37s - 223ms/step - accuracy: 0.5156 - ce: 0.7125 - loss: 0.7568 - val_accuracy: 0.4678 - val_ce: 0.7651 - val_loss: 0.8034 - learning_rate: 1.0000e-04
Epoch 2/20
168/168 - 17s - 100ms/step - accuracy: 0.5160 - ce: 0.7094 - loss: 0.7422 - val_accuracy: 0.5988 - val_ce: 0.6832 - val_loss: 0.7127 - learning_rate: 1.0000e-04
Epoch 3/20
168/168 - 17s - 100ms/step - accuracy: 0.5801 - ce: 0.6788 - loss: 0.7054 - val_accuracy: 0.6923 - val_ce: 0.6246 - val_loss: 0.6489 - learning_rate: 1.0000e-04
Epoch 4/20
168/168 - 17s - 99ms/step - accuracy: 0.6788 - ce: 0.6002 - loss: 0.6213 - val_accuracy: 0.7152 - val_ce: 0.5881 - val_loss: 0.6077 - learning_rate: 1.0000e-04
Epoch 5/20
168/168 - 17s - 99ms/step - accuracy: 0.7135 - ce: 0.5617 - loss: 0.5795 - val_accuracy: 0.6195 - val_ce: 0.6444 - val_loss: 0.6606 - learning_rate: 1.0000e-04
Epoch 6/20

Epoch 6: ReduceLROnPlateau reducing learning rate to 4.999999873689376e-05.
168/168 - 17s - 99ms/step - accuracy: 0.7604 - ce: 0.4993 - loss: 0.5138 - val_accuracy: 0.6778 - val_ce: 0.6444 - val_loss: 0.6579 - learning_rate: 1.0000e-04
Epoch 7/20
168/168 - 17s - 99ms/step - accuracy: 0.8048 - ce: 0.4295 - loss: 0.4424 - val_accuracy: 0.7568 - val_ce: 0.5679 - val_loss: 0.5802 - learning_rate: 5.0000e-05
Epoch 8/20
168/168 - 17s - 99ms/step - accuracy: 0.8476 - ce: 0.3666 - loss: 0.3788 - val_accuracy: 0.7526 - val_ce: 0.5747 - val_loss: 0.5862 - learning_rate: 5.0000e-05
Epoch 9/20

Epoch 9: ReduceLROnPlateau reducing learning rate to 2.499999936844688e-05.
168/168 - 17s - 100ms/step - accuracy: 0.8685 - ce: 0.3161 - loss: 0.3278 - val_accuracy: 0.7526 - val_ce: 0.6077 - val_loss: 0.6184 - learning_rate: 5.0000e-05
Epoch 10/20
168/168 - 17s - 99ms/step - accuracy: 0.9177 - ce: 0.2251 - loss: 0.2361 - val_accuracy: 0.7401 - val_ce: 0.7087 - val_loss: 0.7190 - learning_rate: 2.5000e-05
Epoch 11/20

Epoch 11: ReduceLROnPlateau reducing learning rate to 1.249999968422344e-05.
168/168 - 17s - 99ms/step - accuracy: 0.9355 - ce: 0.1870 - loss: 0.1978 - val_accuracy: 0.7588 - val_ce: 0.7521 - val_loss: 0.7621 - learning_rate: 2.5000e-05
Fold 2: accuracy=0.7443  F1(w/m)=0.7444/0.7443  CE=0.5789  epochs=11  

===== Fold 3/5  21:23:23 =====
Class weights (balanced): Human-written=1.037  V2=0.966
Epoch 1/20
168/168 - 34s - 203ms/step - accuracy: 0.5823 - ce: 0.6843 - loss: 0.7296 - val_accuracy: 0.6387 - val_ce: 0.6266 - val_loss: 0.6669 - learning_rate: 1.0000e-04
Epoch 2/20
168/168 - 17s - 100ms/step - accuracy: 0.6667 - ce: 0.6155 - loss: 0.6518 - val_accuracy: 0.7458 - val_ce: 0.5434 - val_loss: 0.5756 - learning_rate: 1.0000e-04
Epoch 3/20
168/168 - 17s - 99ms/step - accuracy: 0.7159 - ce: 0.5565 - loss: 0.5863 - val_accuracy: 0.7458 - val_ce: 0.5192 - val_loss: 0.5461 - learning_rate: 1.0000e-04
Epoch 4/20
168/168 - 17s - 99ms/step - accuracy: 0.7563 - ce: 0.5099 - loss: 0.5356 - val_accuracy: 0.7626 - val_ce: 0.4965 - val_loss: 0.5199 - learning_rate: 1.0000e-04
Epoch 5/20
168/168 - 17s - 99ms/step - accuracy: 0.7727 - ce: 0.4779 - loss: 0.5003 - val_accuracy: 0.7710 - val_ce: 0.4858 - val_loss: 0.5067 - learning_rate: 1.0000e-04
Epoch 6/20
168/168 - 17s - 99ms/step - accuracy: 0.8130 - ce: 0.4151 - loss: 0.4353 - val_accuracy: 0.7437 - val_ce: 0.5424 - val_loss: 0.5615 - learning_rate: 1.0000e-04
Epoch 7/20

Epoch 7: ReduceLROnPlateau reducing learning rate to 4.999999873689376e-05.
168/168 - 17s - 99ms/step - accuracy: 0.8492 - ce: 0.3662 - loss: 0.3843 - val_accuracy: 0.7248 - val_ce: 0.6429 - val_loss: 0.6604 - learning_rate: 1.0000e-04
Epoch 8/20
168/168 - 17s - 99ms/step - accuracy: 0.8929 - ce: 0.2641 - loss: 0.2810 - val_accuracy: 0.7668 - val_ce: 0.5670 - val_loss: 0.5839 - learning_rate: 5.0000e-05
Epoch 9/20

Epoch 9: ReduceLROnPlateau reducing learning rate to 2.499999936844688e-05.
168/168 - 17s - 99ms/step - accuracy: 0.9250 - ce: 0.2037 - loss: 0.2206 - val_accuracy: 0.7500 - val_ce: 0.6680 - val_loss: 0.6842 - learning_rate: 5.0000e-05
Fold 3: accuracy=0.7649  F1(w/m)=0.7650/0.7649  CE=0.4964  epochs=9  

===== Fold 4/5  21:26:24 =====
Class weights (balanced): Human-written=1.040  V2=0.963
Epoch 1/20
168/168 - 48s - 285ms/step - accuracy: 0.5149 - ce: 0.7098 - loss: 0.7509 - val_accuracy: 0.5618 - val_ce: 0.7651 - val_loss: 0.7986 - learning_rate: 1.0000e-04
Epoch 2/20
168/168 - 17s - 100ms/step - accuracy: 0.5782 - ce: 0.6879 - loss: 0.7170 - val_accuracy: 0.5744 - val_ce: 0.6667 - val_loss: 0.6913 - learning_rate: 1.0000e-04
Epoch 3/20
168/168 - 17s - 99ms/step - accuracy: 0.6564 - ce: 0.6243 - loss: 0.6463 - val_accuracy: 0.6960 - val_ce: 0.5798 - val_loss: 0.5991 - learning_rate: 1.0000e-04
Epoch 4/20
168/168 - 17s - 99ms/step - accuracy: 0.7264 - ce: 0.5491 - loss: 0.5664 - val_accuracy: 0.7128 - val_ce: 0.5429 - val_loss: 0.5589 - learning_rate: 1.0000e-04
Epoch 5/20
168/168 - 17s - 99ms/step - accuracy: 0.7621 - ce: 0.5056 - loss: 0.5207 - val_accuracy: 0.7107 - val_ce: 0.5720 - val_loss: 0.5860 - learning_rate: 1.0000e-04
Epoch 6/20
168/168 - 17s - 99ms/step - accuracy: 0.7803 - ce: 0.4625 - loss: 0.4749 - val_accuracy: 0.7317 - val_ce: 0.5379 - val_loss: 0.5505 - learning_rate: 1.0000e-04
Epoch 7/20
168/168 - 17s - 99ms/step - accuracy: 0.8109 - ce: 0.4112 - loss: 0.4235 - val_accuracy: 0.7589 - val_ce: 0.5300 - val_loss: 0.5415 - learning_rate: 1.0000e-04
Epoch 8/20
168/168 - 17s - 99ms/step - accuracy: 0.8488 - ce: 0.3653 - loss: 0.3760 - val_accuracy: 0.7254 - val_ce: 0.5895 - val_loss: 0.6002 - learning_rate: 1.0000e-04
Epoch 9/20

Epoch 9: ReduceLROnPlateau reducing learning rate to 4.999999873689376e-05.
168/168 - 17s - 99ms/step - accuracy: 0.8690 - ce: 0.3115 - loss: 0.3217 - val_accuracy: 0.7505 - val_ce: 0.6241 - val_loss: 0.6341 - learning_rate: 1.0000e-04
Epoch 10/20
168/168 - 17s - 99ms/step - accuracy: 0.9110 - ce: 0.2219 - loss: 0.2314 - val_accuracy: 0.7631 - val_ce: 0.6105 - val_loss: 0.6202 - learning_rate: 5.0000e-05
Epoch 11/20

Epoch 11: ReduceLROnPlateau reducing learning rate to 2.499999936844688e-05.
168/168 - 17s - 99ms/step - accuracy: 0.9348 - ce: 0.1628 - loss: 0.1726 - val_accuracy: 0.7526 - val_ce: 0.7005 - val_loss: 0.7099 - learning_rate: 5.0000e-05
Fold 4: accuracy=0.7261  F1(w/m)=0.7257/0.7250  CE=0.5748  epochs=11  

===== Fold 5/5  21:30:08 =====
Class weights (balanced): Human-written=1.056  V2=0.950
Epoch 1/20
170/170 - 39s - 227ms/step - accuracy: 0.5712 - ce: 0.6873 - loss: 0.7324 - val_accuracy: 0.6576 - val_ce: 0.6232 - val_loss: 0.6629 - learning_rate: 1.0000e-04
Epoch 2/20
170/170 - 17s - 100ms/step - accuracy: 0.6880 - ce: 0.5887 - loss: 0.6253 - val_accuracy: 0.6660 - val_ce: 0.6715 - val_loss: 0.7044 - learning_rate: 1.0000e-04
Epoch 3/20

Epoch 3: ReduceLROnPlateau reducing learning rate to 4.999999873689376e-05.
170/170 - 17s - 99ms/step - accuracy: 0.7349 - ce: 0.5325 - loss: 0.5633 - val_accuracy: 0.6347 - val_ce: 0.7170 - val_loss: 0.7452 - learning_rate: 1.0000e-04
Epoch 4/20
170/170 - 17s - 99ms/step - accuracy: 0.7745 - ce: 0.4696 - loss: 0.4978 - val_accuracy: 0.7411 - val_ce: 0.5642 - val_loss: 0.5906 - learning_rate: 5.0000e-05
Epoch 5/20
170/170 - 17s - 99ms/step - accuracy: 0.8129 - ce: 0.4183 - loss: 0.4441 - val_accuracy: 0.7620 - val_ce: 0.5519 - val_loss: 0.5767 - learning_rate: 5.0000e-05
Epoch 6/20
170/170 - 17s - 99ms/step - accuracy: 0.8340 - ce: 0.3746 - loss: 0.3985 - val_accuracy: 0.7474 - val_ce: 0.6563 - val_loss: 0.6796 - learning_rate: 5.0000e-05
Epoch 7/20

Epoch 7: ReduceLROnPlateau reducing learning rate to 2.499999936844688e-05.
170/170 - 17s - 99ms/step - accuracy: 0.8540 - ce: 0.3340 - loss: 0.3557 - val_accuracy: 0.7474 - val_ce: 0.6114 - val_loss: 0.6336 - learning_rate: 5.0000e-05
Epoch 8/20
170/170 - 17s - 99ms/step - accuracy: 0.9065 - ce: 0.2310 - loss: 0.2537 - val_accuracy: 0.7641 - val_ce: 0.7281 - val_loss: 0.7498 - learning_rate: 2.5000e-05
Epoch 9/20

Epoch 9: ReduceLROnPlateau reducing learning rate to 1.249999968422344e-05.
170/170 - 17s - 99ms/step - accuracy: 0.9246 - ce: 0.1926 - loss: 0.2139 - val_accuracy: 0.7683 - val_ce: 0.7223 - val_loss: 0.7435 - learning_rate: 2.5000e-05
Fold 5: accuracy=0.7277  F1(w/m)=0.7265/0.7269  CE=0.5778  epochs=9  

CV mean ± std:
  accuracy               0.7496 ± 0.0252
  balanced_accuracy      0.7504 ± 0.0255
  mcc                    0.5017 ± 0.0495
  cross_entropy          0.5454 ± 0.0435
  roc_auc                0.8258 ± 0.0216
  precision_macro        0.7513 ± 0.0240
  recall_macro           0.7504 ± 0.0255
  f1_macro               0.7491 ± 0.0255
  precision_micro        0.7496 ± 0.0252
  recall_micro           0.7496 ± 0.0252
  f1_micro               0.7496 ± 0.0252
  precision_weighted     0.7525 ± 0.0245
  recall_weighted        0.7496 ± 0.0252
  f1_weighted            0.7493 ± 0.0256

===== Final training  21:33:11 =====
Class weights (balanced): Human-written=1.047  V2=0.957
Epoch 1/20
205/205 - 33s - 159ms/step - accuracy: 0.5874 - ce: 0.6821 - loss: 0.7249 - val_accuracy: 0.6598 - val_ce: 0.6228 - val_loss: 0.6604 - learning_rate: 1.0000e-04
Epoch 2/20
205/205 - 21s - 102ms/step - accuracy: 0.7037 - ce: 0.5877 - loss: 0.6212 - val_accuracy: 0.6877 - val_ce: 0.5815 - val_loss: 0.6117 - learning_rate: 1.0000e-04
Epoch 3/20
205/205 - 21s - 101ms/step - accuracy: 0.7357 - ce: 0.5399 - loss: 0.5676 - val_accuracy: 0.7097 - val_ce: 0.5988 - val_loss: 0.6246 - learning_rate: 1.0000e-04
Epoch 4/20
205/205 - 21s - 101ms/step - accuracy: 0.7720 - ce: 0.4864 - loss: 0.5107 - val_accuracy: 0.7317 - val_ce: 0.5451 - val_loss: 0.5679 - learning_rate: 1.0000e-04
Epoch 5/20
205/205 - 21s - 101ms/step - accuracy: 0.7885 - ce: 0.4596 - loss: 0.4816 - val_accuracy: 0.7434 - val_ce: 0.5365 - val_loss: 0.5571 - learning_rate: 1.0000e-04
Epoch 6/20
205/205 - 21s - 101ms/step - accuracy: 0.8291 - ce: 0.3894 - loss: 0.4090 - val_accuracy: 0.7463 - val_ce: 0.5482 - val_loss: 0.5671 - learning_rate: 1.0000e-04
Epoch 7/20

Epoch 7: ReduceLROnPlateau reducing learning rate to 4.999999873689376e-05.
205/205 - 21s - 101ms/step - accuracy: 0.8514 - ce: 0.3470 - loss: 0.3656 - val_accuracy: 0.6848 - val_ce: 0.8151 - val_loss: 0.8326 - learning_rate: 1.0000e-04
Epoch 8/20
205/205 - 21s - 101ms/step - accuracy: 0.9020 - ce: 0.2485 - loss: 0.2653 - val_accuracy: 0.7493 - val_ce: 0.6671 - val_loss: 0.6840 - learning_rate: 5.0000e-05
Epoch 9/20

Epoch 9: ReduceLROnPlateau reducing learning rate to 2.499999936844688e-05.
205/205 - 21s - 101ms/step - accuracy: 0.9173 - ce: 0.2128 - loss: 0.2293 - val_accuracy: 0.7493 - val_ce: 0.8100 - val_loss: 0.8264 - learning_rate: 5.0000e-05
               precision    recall  f1-score   support

Human-written     0.7685    0.7324    0.7500       340
           V2     0.7599    0.7934    0.7763       363

     accuracy                         0.7639       703
    macro avg     0.7642    0.7629    0.7631       703
 weighted avg     0.7641    0.7639    0.7636       703

Class distribution all  : {'Human-written': 2234, 'V2': 2428}  ratio {'Human-written': 0.4792, 'V2': 0.5208}
Class distribution train: {'Human-written': 1565, 'V2': 1712}  ratio {'Human-written': 0.4776, 'V2': 0.5224}
Class distribution val  : {'Human-written': 329, 'V2': 353}  ratio {'Human-written': 0.4824, 'V2': 0.5176}
Class distribution test : {'Human-written': 340, 'V2': 363}  ratio {'Human-written': 0.4836, 'V2': 0.5164}

subdataset10_screenshot_human_vs_v2_group_cv  VGG19 (sigmoid, dropout 0.1, lr 0.0001)
CV mean    acc=0.7496  F1 w/m/micro=0.7493/0.7491/0.7496  P_w=0.7525  R_w=0.7496  CE=0.5454  AUC=0.8258  MCC=0.5017
VALIDATION acc=0.7434  F1 w/m/micro=0.7434/0.7432/0.7434  P_w=0.7435  R_w=0.7434  CE=0.5365  AUC=0.8107  MCC=0.4863
TEST       acc=0.7639  F1 w/m/micro=0.7636/0.7631/0.7639  P_w=0.7641  R_w=0.7639  CE=0.5028  AUC=0.8377  MCC=0.5271
TEST 95% CI: accuracy=[0.7297, 0.7938]  f1_weighted=[0.7299, 0.7935]  f1_macro=[0.7289, 0.7923]  mcc=[0.4592, 0.5859]  balanced_accuracy=[0.7290, 0.7926]
Outputs: Experiments/subdataset10/Group-Based Split/results/subdataset10_screenshot_human_vs_v2_group_cv
2026-10-02 21:36:47 FINISHED
