
====================================================================================================
2026-10-03 06:08:50  subdataset15_graph_human_vs_v4_snippet_cv  (config hash 0a0bba9af6b5)
Data    : Data/Subdataset_15
Classes : ['Human-written', 'V4']   Split: Snippet-Level Split
Model   : VGG19  activation=relu  dropout=0.1  lr=0.0001  trained=base from block5_* on  preprocessing=caffe  L2=0.0001
Training: at most 20 epochs, early stopping val_ce patience 4, batch 16, 320x320 (no cropping), mixed precision True
Output  : Experiments/subdataset15/Snippet-Level Split/results/subdataset15_graph_human_vs_v4_snippet_cv
Human-written (label 0): 1482 images
V4  (label 1): 1693 images
Total 3175 images
Train     :  2221 (70.0%)  Human-written=1036 V4=1185
Validation:   477 (15.0%)  Human-written=223 V4=254
Test      :   477 (15.0%)  Human-written=223 V4=254
Fold 1: train=2158 (Human-written=1007 V4=1151)  evaluation=540 (Human-written=252 V4=288)
Fold 2: train=2158 (Human-written=1007 V4=1151)  evaluation=540 (Human-written=252 V4=288)
Fold 3: train=2158 (Human-written=1007 V4=1151)  evaluation=540 (Human-written=252 V4=288)
Fold 4: train=2159 (Human-written=1008 V4=1151)  evaluation=539 (Human-written=251 V4=288)
Fold 5: train=2159 (Human-written=1007 V4=1152)  evaluation=539 (Human-written=252 V4=287)
Leakage check PASSED.
TensorFlow 2.20.0 | GPU: [PhysicalDevice(name='/physical_device:GPU:0', device_type='GPU')]
Mixed precision: mixed_float16 (output layer float32)
Images loaded: 3175, 1.0 GB, 4 s

===== Fold 1/5  06:08:57 =====
Class weights (balanced): Human-written=1.071  V4=0.938
Model: base 22 layers, trained base layers 5 (first: block5_conv1); trained parameters 9,702,401 / 20,287,553
Epoch 1/20
115/115 - 20s - 176ms/step - accuracy: 0.4924 - ce: 0.7445 - loss: 0.7891 - val_accuracy: 0.5340 - val_ce: 0.7397 - val_loss: 0.7820 - learning_rate: 1.0000e-04
Epoch 2/20
115/115 - 4s - 34ms/step - accuracy: 0.5000 - ce: 0.6941 - loss: 0.7331 - val_accuracy: 0.5340 - val_ce: 0.6930 - val_loss: 0.7274 - learning_rate: 1.0000e-04
Epoch 3/20
115/115 - 4s - 33ms/step - accuracy: 0.5027 - ce: 0.6932 - loss: 0.7245 - val_accuracy: 0.5340 - val_ce: 0.6929 - val_loss: 0.7211 - learning_rate: 1.0000e-04
Epoch 4/20
115/115 - 4s - 33ms/step - accuracy: 0.4760 - ce: 0.6935 - loss: 0.7191 - val_accuracy: 0.5340 - val_ce: 0.6931 - val_loss: 0.7166 - learning_rate: 1.0000e-04
Epoch 5/20

Epoch 5: ReduceLROnPlateau reducing learning rate to 4.999999873689376e-05.
115/115 - 4s - 34ms/step - accuracy: 0.5131 - ce: 0.6931 - loss: 0.7149 - val_accuracy: 0.5340 - val_ce: 0.6931 - val_loss: 0.7130 - learning_rate: 1.0000e-04
Epoch 6/20
115/115 - 4s - 33ms/step - accuracy: 0.5125 - ce: 0.6931 - loss: 0.7123 - val_accuracy: 0.5340 - val_ce: 0.6931 - val_loss: 0.7115 - learning_rate: 5.0000e-05
Epoch 7/20

Epoch 7: ReduceLROnPlateau reducing learning rate to 2.499999936844688e-05.
115/115 - 4s - 33ms/step - accuracy: 0.4782 - ce: 0.6932 - loss: 0.7109 - val_accuracy: 0.5340 - val_ce: 0.6931 - val_loss: 0.7100 - learning_rate: 5.0000e-05
COLLAPSE: 100% of the validation predictions are in one class -> training is repeated once with lr 1e-05
Epoch 1/20
115/115 - 14s - 121ms/step - accuracy: 0.5147 - ce: 0.7711 - loss: 0.8218 - val_accuracy: 0.5247 - val_ce: 0.6845 - val_loss: 0.7353 - learning_rate: 1.0000e-05
Epoch 2/20
115/115 - 4s - 34ms/step - accuracy: 0.6200 - ce: 0.6527 - loss: 0.7047 - val_accuracy: 0.6049 - val_ce: 0.6766 - val_loss: 0.7270 - learning_rate: 1.0000e-05
Epoch 3/20
115/115 - 4s - 34ms/step - accuracy: 0.7001 - ce: 0.5794 - loss: 0.6307 - val_accuracy: 0.6019 - val_ce: 0.6716 - val_loss: 0.7219 - learning_rate: 1.0000e-05
Epoch 4/20
115/115 - 4s - 35ms/step - accuracy: 0.7623 - ce: 0.5021 - loss: 0.5517 - val_accuracy: 0.6019 - val_ce: 0.6705 - val_loss: 0.7206 - learning_rate: 1.0000e-05
Epoch 5/20
115/115 - 4s - 33ms/step - accuracy: 0.8359 - ce: 0.4060 - loss: 0.4570 - val_accuracy: 0.6111 - val_ce: 0.6982 - val_loss: 0.7482 - learning_rate: 1.0000e-05
Epoch 6/20

Epoch 6: ReduceLROnPlateau reducing learning rate to 4.999999873689376e-06.
115/115 - 4s - 33ms/step - accuracy: 0.8964 - ce: 0.3057 - loss: 0.3548 - val_accuracy: 0.6049 - val_ce: 0.8020 - val_loss: 0.8519 - learning_rate: 1.0000e-05
Epoch 7/20
115/115 - 4s - 33ms/step - accuracy: 0.9460 - ce: 0.2149 - loss: 0.2655 - val_accuracy: 0.5957 - val_ce: 0.7781 - val_loss: 0.8279 - learning_rate: 5.0000e-06
Epoch 8/20

Epoch 8: ReduceLROnPlateau reducing learning rate to 2.499999936844688e-06.
115/115 - 4s - 33ms/step - accuracy: 0.9569 - ce: 0.1647 - loss: 0.2142 - val_accuracy: 0.5833 - val_ce: 0.8549 - val_loss: 0.9046 - learning_rate: 5.0000e-06
Fold 1: accuracy=0.5648  F1(w/m)=0.5653/0.5645  CE=0.7166  epochs=8  

===== Fold 2/5  06:10:34 =====
Class weights (balanced): Human-written=1.071  V4=0.938
Epoch 1/20
115/115 - 14s - 122ms/step - accuracy: 0.5055 - ce: 0.7672 - loss: 0.8181 - val_accuracy: 0.4660 - val_ce: 0.6950 - val_loss: 0.7370 - learning_rate: 1.0000e-04
Epoch 2/20
115/115 - 4s - 34ms/step - accuracy: 0.4553 - ce: 0.6936 - loss: 0.7309 - val_accuracy: 0.4660 - val_ce: 0.6932 - val_loss: 0.7266 - learning_rate: 1.0000e-04
Epoch 3/20
115/115 - 4s - 33ms/step - accuracy: 0.5153 - ce: 0.6931 - loss: 0.7233 - val_accuracy: 0.4660 - val_ce: 0.6932 - val_loss: 0.7201 - learning_rate: 1.0000e-04
Epoch 4/20

Epoch 4: ReduceLROnPlateau reducing learning rate to 4.999999873689376e-05.
115/115 - 4s - 34ms/step - accuracy: 0.4727 - ce: 0.6932 - loss: 0.7177 - val_accuracy: 0.4660 - val_ce: 0.6932 - val_loss: 0.7154 - learning_rate: 1.0000e-04
Epoch 5/20
115/115 - 4s - 33ms/step - accuracy: 0.4640 - ce: 0.6932 - loss: 0.7144 - val_accuracy: 0.4660 - val_ce: 0.6932 - val_loss: 0.7134 - learning_rate: 5.0000e-05
Epoch 6/20

Epoch 6: ReduceLROnPlateau reducing learning rate to 2.499999936844688e-05.
115/115 - 4s - 33ms/step - accuracy: 0.4624 - ce: 0.6932 - loss: 0.7125 - val_accuracy: 0.4660 - val_ce: 0.6932 - val_loss: 0.7117 - learning_rate: 5.0000e-05
Epoch 7/20
115/115 - 4s - 33ms/step - accuracy: 0.4591 - ce: 0.6932 - loss: 0.7112 - val_accuracy: 0.4660 - val_ce: 0.6932 - val_loss: 0.7108 - learning_rate: 2.5000e-05
COLLAPSE: 100% of the validation predictions are in one class -> training is repeated once with lr 1e-05
Epoch 1/20
115/115 - 14s - 122ms/step - accuracy: 0.5202 - ce: 0.7459 - loss: 0.7958 - val_accuracy: 0.5772 - val_ce: 0.6862 - val_loss: 0.7370 - learning_rate: 1.0000e-05
Epoch 2/20
115/115 - 4s - 33ms/step - accuracy: 0.6041 - ce: 0.6545 - loss: 0.7046 - val_accuracy: 0.5679 - val_ce: 0.6863 - val_loss: 0.7368 - learning_rate: 1.0000e-05
Epoch 3/20

Epoch 3: ReduceLROnPlateau reducing learning rate to 4.999999873689376e-06.
115/115 - 4s - 33ms/step - accuracy: 0.7077 - ce: 0.5697 - loss: 0.6210 - val_accuracy: 0.5772 - val_ce: 0.6957 - val_loss: 0.7459 - learning_rate: 1.0000e-05
Epoch 4/20
115/115 - 4s - 34ms/step - accuracy: 0.7944 - ce: 0.4735 - loss: 0.5236 - val_accuracy: 0.5710 - val_ce: 0.7245 - val_loss: 0.7746 - learning_rate: 5.0000e-06
Epoch 5/20

Epoch 5: ReduceLROnPlateau reducing learning rate to 2.499999936844688e-06.
115/115 - 4s - 33ms/step - accuracy: 0.8353 - ce: 0.4127 - loss: 0.4628 - val_accuracy: 0.5710 - val_ce: 0.7305 - val_loss: 0.7805 - learning_rate: 5.0000e-06
Fold 2: accuracy=0.5833  F1(w/m)=0.5773/0.5799  CE=0.6760  epochs=5  

===== Fold 3/5  06:11:49 =====
Class weights (balanced): Human-written=1.071  V4=0.938
Epoch 1/20
115/115 - 14s - 121ms/step - accuracy: 0.5147 - ce: 0.7337 - loss: 0.7798 - val_accuracy: 0.5617 - val_ce: 0.6897 - val_loss: 0.7309 - learning_rate: 1.0000e-04
Epoch 2/20
115/115 - 4s - 34ms/step - accuracy: 0.5491 - ce: 0.6920 - loss: 0.7285 - val_accuracy: 0.5617 - val_ce: 0.6882 - val_loss: 0.7212 - learning_rate: 1.0000e-04
Epoch 3/20
115/115 - 4s - 33ms/step - accuracy: 0.5431 - ce: 0.6951 - loss: 0.7236 - val_accuracy: 0.5247 - val_ce: 0.6898 - val_loss: 0.7167 - learning_rate: 1.0000e-04
Epoch 4/20

Epoch 4: ReduceLROnPlateau reducing learning rate to 4.999999873689376e-05.
115/115 - 4s - 33ms/step - accuracy: 0.5523 - ce: 0.6894 - loss: 0.7148 - val_accuracy: 0.4630 - val_ce: 0.7031 - val_loss: 0.7251 - learning_rate: 1.0000e-04
Epoch 5/20
115/115 - 4s - 34ms/step - accuracy: 0.5567 - ce: 0.6845 - loss: 0.7046 - val_accuracy: 0.5586 - val_ce: 0.6853 - val_loss: 0.7053 - learning_rate: 5.0000e-05
Epoch 6/20
115/115 - 4s - 33ms/step - accuracy: 0.5774 - ce: 0.6783 - loss: 0.6975 - val_accuracy: 0.5556 - val_ce: 0.6830 - val_loss: 0.7014 - learning_rate: 5.0000e-05
Epoch 7/20
115/115 - 4s - 34ms/step - accuracy: 0.5921 - ce: 0.6745 - loss: 0.6918 - val_accuracy: 0.5525 - val_ce: 0.6817 - val_loss: 0.6987 - learning_rate: 5.0000e-05
Epoch 8/20
115/115 - 4s - 33ms/step - accuracy: 0.6292 - ce: 0.6536 - loss: 0.6708 - val_accuracy: 0.5309 - val_ce: 0.7145 - val_loss: 0.7302 - learning_rate: 5.0000e-05
Epoch 9/20

Epoch 9: ReduceLROnPlateau reducing learning rate to 2.499999936844688e-05.
115/115 - 4s - 33ms/step - accuracy: 0.6352 - ce: 0.6388 - loss: 0.6540 - val_accuracy: 0.5123 - val_ce: 0.7159 - val_loss: 0.7304 - learning_rate: 5.0000e-05
Epoch 10/20
115/115 - 4s - 33ms/step - accuracy: 0.7083 - ce: 0.5711 - loss: 0.5842 - val_accuracy: 0.5216 - val_ce: 0.8462 - val_loss: 0.8602 - learning_rate: 2.5000e-05
Epoch 11/20

Epoch 11: ReduceLROnPlateau reducing learning rate to 1.249999968422344e-05.
115/115 - 4s - 34ms/step - accuracy: 0.7688 - ce: 0.4908 - loss: 0.5043 - val_accuracy: 0.5432 - val_ce: 0.8155 - val_loss: 0.8290 - learning_rate: 2.5000e-05
Fold 3: accuracy=0.5611  F1(w/m)=0.5441/0.5371  CE=0.7051  epochs=11  

===== Fold 4/5  06:12:47 =====
Class weights (balanced): Human-written=1.071  V4=0.938
Epoch 1/20
115/115 - 16s - 140ms/step - accuracy: 0.4741 - ce: 0.7417 - loss: 0.7887 - val_accuracy: 0.4660 - val_ce: 0.6934 - val_loss: 0.7336 - learning_rate: 1.0000e-04
Epoch 2/20
115/115 - 4s - 34ms/step - accuracy: 0.4659 - ce: 0.6934 - loss: 0.7286 - val_accuracy: 0.4660 - val_ce: 0.6933 - val_loss: 0.7242 - learning_rate: 1.0000e-04
Epoch 3/20
115/115 - 4s - 34ms/step - accuracy: 0.4850 - ce: 0.6936 - loss: 0.7208 - val_accuracy: 0.5340 - val_ce: 0.6924 - val_loss: 0.7165 - learning_rate: 1.0000e-04
Epoch 4/20
115/115 - 4s - 33ms/step - accuracy: 0.5248 - ce: 0.6931 - loss: 0.7147 - val_accuracy: 0.5340 - val_ce: 0.6929 - val_loss: 0.7120 - learning_rate: 1.0000e-04
Epoch 5/20

Epoch 5: ReduceLROnPlateau reducing learning rate to 4.999999873689376e-05.
115/115 - 4s - 34ms/step - accuracy: 0.5221 - ce: 0.6931 - loss: 0.7104 - val_accuracy: 0.5340 - val_ce: 0.6930 - val_loss: 0.7084 - learning_rate: 1.0000e-04
Epoch 6/20
115/115 - 4s - 34ms/step - accuracy: 0.5052 - ce: 0.6931 - loss: 0.7079 - val_accuracy: 0.5340 - val_ce: 0.6931 - val_loss: 0.7070 - learning_rate: 5.0000e-05
Epoch 7/20

Epoch 7: ReduceLROnPlateau reducing learning rate to 2.499999936844688e-05.
115/115 - 4s - 33ms/step - accuracy: 0.5025 - ce: 0.6932 - loss: 0.7065 - val_accuracy: 0.5340 - val_ce: 0.6931 - val_loss: 0.7057 - learning_rate: 5.0000e-05
COLLAPSE: 100% of the validation predictions are in one class -> training is repeated once with lr 1e-05
Epoch 1/20
115/115 - 14s - 121ms/step - accuracy: 0.5014 - ce: 0.7570 - loss: 0.8099 - val_accuracy: 0.5093 - val_ce: 0.6914 - val_loss: 0.7420 - learning_rate: 1.0000e-05
Epoch 2/20
115/115 - 4s - 34ms/step - accuracy: 0.6060 - ce: 0.6599 - loss: 0.7111 - val_accuracy: 0.5278 - val_ce: 0.6953 - val_loss: 0.7454 - learning_rate: 1.0000e-05
Epoch 3/20

Epoch 3: ReduceLROnPlateau reducing learning rate to 4.999999873689376e-06.
115/115 - 4s - 33ms/step - accuracy: 0.6790 - ce: 0.6058 - loss: 0.6569 - val_accuracy: 0.5463 - val_ce: 0.7358 - val_loss: 0.7856 - learning_rate: 1.0000e-05
Epoch 4/20
115/115 - 4s - 34ms/step - accuracy: 0.7450 - ce: 0.5299 - loss: 0.5806 - val_accuracy: 0.5679 - val_ce: 0.7221 - val_loss: 0.7717 - learning_rate: 5.0000e-06
Epoch 5/20

Epoch 5: ReduceLROnPlateau reducing learning rate to 2.499999936844688e-06.
115/115 - 4s - 34ms/step - accuracy: 0.7858 - ce: 0.4849 - loss: 0.5346 - val_accuracy: 0.5432 - val_ce: 0.7224 - val_loss: 0.7719 - learning_rate: 5.0000e-06
Fold 4: accuracy=0.5770  F1(w/m)=0.5564/0.5487  CE=0.6803  epochs=5  

===== Fold 5/5  06:14:05 =====
Class weights (balanced): Human-written=1.072  V4=0.937
Epoch 1/20
115/115 - 14s - 121ms/step - accuracy: 0.4834 - ce: 0.7297 - loss: 0.7764 - val_accuracy: 0.4660 - val_ce: 0.6933 - val_loss: 0.7351 - learning_rate: 1.0000e-04
Epoch 2/20
115/115 - 4s - 34ms/step - accuracy: 0.4975 - ce: 0.6955 - loss: 0.7319 - val_accuracy: 0.4660 - val_ce: 0.6933 - val_loss: 0.7265 - learning_rate: 1.0000e-04
Epoch 3/20
115/115 - 4s - 33ms/step - accuracy: 0.4937 - ce: 0.6934 - loss: 0.7230 - val_accuracy: 0.5370 - val_ce: 0.6930 - val_loss: 0.7198 - learning_rate: 1.0000e-04
Epoch 4/20
115/115 - 4s - 33ms/step - accuracy: 0.5057 - ce: 0.6932 - loss: 0.7175 - val_accuracy: 0.4660 - val_ce: 0.6936 - val_loss: 0.7155 - learning_rate: 1.0000e-04
Epoch 5/20

Epoch 5: ReduceLROnPlateau reducing learning rate to 4.999999873689376e-05.
115/115 - 4s - 34ms/step - accuracy: 0.5090 - ce: 0.6932 - loss: 0.7135 - val_accuracy: 0.4537 - val_ce: 0.6947 - val_loss: 0.7130 - learning_rate: 1.0000e-04
Epoch 6/20
115/115 - 4s - 34ms/step - accuracy: 0.4518 - ce: 0.6935 - loss: 0.7110 - val_accuracy: 0.4630 - val_ce: 0.6930 - val_loss: 0.7099 - learning_rate: 5.0000e-05
Epoch 7/20
115/115 - 4s - 34ms/step - accuracy: 0.4670 - ce: 0.6931 - loss: 0.7090 - val_accuracy: 0.4753 - val_ce: 0.6928 - val_loss: 0.7083 - learning_rate: 5.0000e-05
Epoch 8/20
115/115 - 4s - 34ms/step - accuracy: 0.4981 - ce: 0.6932 - loss: 0.7073 - val_accuracy: 0.5340 - val_ce: 0.6921 - val_loss: 0.7065 - learning_rate: 5.0000e-05
Epoch 9/20
115/115 - 4s - 34ms/step - accuracy: 0.5117 - ce: 0.6927 - loss: 0.7062 - val_accuracy: 0.4660 - val_ce: 0.6988 - val_loss: 0.7120 - learning_rate: 5.0000e-05
Epoch 10/20
115/115 - 4s - 33ms/step - accuracy: 0.5281 - ce: 0.6936 - loss: 0.7045 - val_accuracy: 0.5432 - val_ce: 0.6915 - val_loss: 0.7037 - learning_rate: 5.0000e-05
Epoch 11/20
115/115 - 4s - 34ms/step - accuracy: 0.5450 - ce: 0.6946 - loss: 0.7052 - val_accuracy: 0.5247 - val_ce: 0.6913 - val_loss: 0.7027 - learning_rate: 5.0000e-05
Epoch 12/20
115/115 - 4s - 33ms/step - accuracy: 0.5384 - ce: 0.6892 - loss: 0.6986 - val_accuracy: 0.5648 - val_ce: 0.6916 - val_loss: 0.7022 - learning_rate: 5.0000e-05
Epoch 13/20

Epoch 13: ReduceLROnPlateau reducing learning rate to 2.499999936844688e-05.
115/115 - 4s - 33ms/step - accuracy: 0.5548 - ce: 0.6918 - loss: 0.7004 - val_accuracy: 0.4660 - val_ce: 0.6947 - val_loss: 0.7047 - learning_rate: 5.0000e-05
Epoch 14/20
115/115 - 4s - 33ms/step - accuracy: 0.5526 - ce: 0.6866 - loss: 0.6935 - val_accuracy: 0.5247 - val_ce: 0.6945 - val_loss: 0.7041 - learning_rate: 2.5000e-05
Epoch 15/20

Epoch 15: ReduceLROnPlateau reducing learning rate to 1.249999968422344e-05.
115/115 - 4s - 33ms/step - accuracy: 0.5837 - ce: 0.6848 - loss: 0.6912 - val_accuracy: 0.4722 - val_ce: 0.7172 - val_loss: 0.7265 - learning_rate: 2.5000e-05
Fold 5: accuracy=0.5659  F1(w/m)=0.5238/0.5134  CE=0.6899  epochs=15  

CV mean ± std:
  accuracy               0.5704 ± 0.0093
  balanced_accuracy      0.5630 ± 0.0182
  mcc                    0.1358 ± 0.0327
  cross_entropy          0.6936 ± 0.0170
  roc_auc                0.5907 ± 0.0285
  precision_macro        0.5736 ± 0.0154
  recall_macro           0.5630 ± 0.0182
  f1_macro               0.5487 ± 0.0255
  precision_micro        0.5704 ± 0.0093
  recall_micro           0.5704 ± 0.0093
  f1_micro               0.5704 ± 0.0093
  precision_weighted     0.5748 ± 0.0164
  recall_weighted        0.5704 ± 0.0093
  f1_weighted            0.5534 ± 0.0205

===== Final training  06:15:18 =====
Class weights (balanced): Human-written=1.072  V4=0.937
Epoch 1/20
139/139 - 17s - 123ms/step - accuracy: 0.4971 - ce: 0.7358 - loss: 0.7812 - val_accuracy: 0.4675 - val_ce: 0.6935 - val_loss: 0.7345 - learning_rate: 1.0000e-04
Epoch 2/20
139/139 - 5s - 34ms/step - accuracy: 0.4908 - ce: 0.6937 - loss: 0.7293 - val_accuracy: 0.5325 - val_ce: 0.6929 - val_loss: 0.7244 - learning_rate: 1.0000e-04
Epoch 3/20
139/139 - 5s - 34ms/step - accuracy: 0.5335 - ce: 0.6931 - loss: 0.7212 - val_accuracy: 0.5325 - val_ce: 0.6929 - val_loss: 0.7178 - learning_rate: 1.0000e-04
Epoch 4/20

Epoch 4: ReduceLROnPlateau reducing learning rate to 4.999999873689376e-05.
139/139 - 5s - 33ms/step - accuracy: 0.5335 - ce: 0.6930 - loss: 0.7156 - val_accuracy: 0.5325 - val_ce: 0.6930 - val_loss: 0.7133 - learning_rate: 1.0000e-04
Epoch 5/20
139/139 - 5s - 33ms/step - accuracy: 0.5335 - ce: 0.6930 - loss: 0.7125 - val_accuracy: 0.5325 - val_ce: 0.6930 - val_loss: 0.7114 - learning_rate: 5.0000e-05
Epoch 6/20

Epoch 6: ReduceLROnPlateau reducing learning rate to 2.499999936844688e-05.
139/139 - 5s - 33ms/step - accuracy: 0.5335 - ce: 0.6930 - loss: 0.7107 - val_accuracy: 0.5325 - val_ce: 0.6930 - val_loss: 0.7098 - learning_rate: 5.0000e-05
COLLAPSE: 100% of the validation predictions are in one class -> training is repeated once with lr 1e-05
Epoch 1/20
139/139 - 15s - 108ms/step - accuracy: 0.5263 - ce: 0.7430 - loss: 0.7937 - val_accuracy: 0.5556 - val_ce: 0.6869 - val_loss: 0.7376 - learning_rate: 1.0000e-05
Epoch 2/20
139/139 - 5s - 34ms/step - accuracy: 0.6006 - ce: 0.6561 - loss: 0.7069 - val_accuracy: 0.5702 - val_ce: 0.6909 - val_loss: 0.7411 - learning_rate: 1.0000e-05
Epoch 3/20

Epoch 3: ReduceLROnPlateau reducing learning rate to 4.999999873689376e-06.
139/139 - 5s - 33ms/step - accuracy: 0.6812 - ce: 0.5937 - loss: 0.6444 - val_accuracy: 0.5430 - val_ce: 0.7291 - val_loss: 0.7790 - learning_rate: 1.0000e-05
Epoch 4/20
139/139 - 5s - 34ms/step - accuracy: 0.7708 - ce: 0.5001 - loss: 0.5495 - val_accuracy: 0.5723 - val_ce: 0.7117 - val_loss: 0.7614 - learning_rate: 5.0000e-06
Epoch 5/20

Epoch 5: ReduceLROnPlateau reducing learning rate to 2.499999936844688e-06.
139/139 - 5s - 33ms/step - accuracy: 0.8258 - ce: 0.4339 - loss: 0.4842 - val_accuracy: 0.5849 - val_ce: 0.7308 - val_loss: 0.7805 - learning_rate: 5.0000e-06
               precision    recall  f1-score   support

Human-written     0.5157    0.5157    0.5157       223
           V4     0.5748    0.5748    0.5748       254

     accuracy                         0.5472       477
    macro avg     0.5452    0.5452    0.5452       477
 weighted avg     0.5472    0.5472    0.5472       477

Class distribution all  : {'Human-written': 1482, 'V4': 1693}  ratio {'Human-written': 0.4668, 'V4': 0.5332}
Class distribution train: {'Human-written': 1036, 'V4': 1185}  ratio {'Human-written': 0.4665, 'V4': 0.5335}
Class distribution val  : {'Human-written': 223, 'V4': 254}  ratio {'Human-written': 0.4675, 'V4': 0.5325}
Class distribution test : {'Human-written': 223, 'V4': 254}  ratio {'Human-written': 0.4675, 'V4': 0.5325}

subdataset15_graph_human_vs_v4_snippet_cv  VGG19 (relu, dropout 0.1, lr 0.0001)
CV mean    acc=0.5704  F1 w/m/micro=0.5534/0.5487/0.5704  P_w=0.5748  R_w=0.5704  CE=0.6936  AUC=0.5907  MCC=0.1358
VALIDATION acc=0.5556  F1 w/m/micro=0.5545/0.5519/0.5556  P_w=0.5542  R_w=0.5556  CE=0.6869  AUC=0.5732  MCC=0.1045
TEST       acc=0.5472  F1 w/m/micro=0.5472/0.5452/0.5472  P_w=0.5472  R_w=0.5472  CE=0.6899  AUC=0.5540  MCC=0.0905
TEST 95% CI: accuracy=[0.5031, 0.5912]  f1_weighted=[0.5031, 0.5911]  f1_macro=[0.4995, 0.5886]  mcc=[0.0012, 0.1779]  balanced_accuracy=[0.5006, 0.5886]
Outputs: Experiments/subdataset15/Snippet-Level Split/results/subdataset15_graph_human_vs_v4_snippet_cv
2026-10-03 06:16:49 FINISHED
