
====================================================================================================
2026-10-02 20:47:41  subdataset14_screenshot_human_vs_v3_snippet_cv  (config hash 084ee846c707)
Data    : Data/Subdataset_14
Classes : ['Human-written', 'V3']   Split: Snippet-Level Split
Model   : VGG19  activation=tanh  dropout=0.1  lr=0.0001  trained=base from block5_* on  preprocessing=caffe  L2=0.0001
Training: at most 20 epochs, early stopping val_ce patience 4, batch 16, 320x320 (no cropping), mixed precision True
Output  : Experiments/subdataset14/Snippet-Level Split/results/subdataset14_screenshot_human_vs_v3_snippet_cv
Human-written (label 0): 1218 images
V3  (label 1): 1157 images
Total 2375 images
Train     :  1661 (69.9%)  Human-written=852 V3=809
Validation:   357 (15.0%)  Human-written=183 V3=174
Test      :   357 (15.0%)  Human-written=183 V3=174
Fold 1: train=1614 (Human-written=828 V3=786)  evaluation=404 (Human-written=207 V3=197)
Fold 2: train=1614 (Human-written=828 V3=786)  evaluation=404 (Human-written=207 V3=197)
Fold 3: train=1614 (Human-written=828 V3=786)  evaluation=404 (Human-written=207 V3=197)
Fold 4: train=1615 (Human-written=828 V3=787)  evaluation=403 (Human-written=207 V3=196)
Fold 5: train=1615 (Human-written=828 V3=787)  evaluation=403 (Human-written=207 V3=196)
Leakage check PASSED.
TensorFlow 2.20.0 | GPU: [PhysicalDevice(name='/physical_device:GPU:0', device_type='GPU')]
Mixed precision: mixed_float16 (output layer float32)
Images loaded: 2375, 0.7 GB, 2 s

===== Fold 1/5  20:47:45 =====
Class weights (balanced): Human-written=0.975  V3=1.026
Fold 1: accuracy=nan  F1(w/m)=nan/nan  CE=nan  epochs=-  InternalError: {{function_node __wrapped__Cast_device_/job:localhost/replica:0/task:0/device:GPU:0}} 'cuLaunchKernel(function, gridX, gridY, gridZ, blockX, blockY, blockZ, 0, reinterpret_cast<CUstream>(stream), params, nullptr)' failed with 'CUDA_ERROR_INVALID_HANDLE' [Op:Cast] name: 

===== Fold 2/5  20:47:46 =====
Class weights (balanced): Human-written=0.975  V3=1.026
Fold 2: accuracy=nan  F1(w/m)=nan/nan  CE=nan  epochs=-  InternalError: {{function_node __wrapped__Cast_device_/job:localhost/replica:0/task:0/device:GPU:0}} 'cuLaunchKernel(function, gridX, gridY, gridZ, blockX, blockY, blockZ, 0, reinterpret_cast<CUstream>(stream), params, nullptr)' failed with 'CUDA_ERROR_INVALID_HANDLE' [Op:Cast] name: 

===== Fold 3/5  20:47:46 =====
Class weights (balanced): Human-written=0.975  V3=1.026
Fold 3: accuracy=nan  F1(w/m)=nan/nan  CE=nan  epochs=-  InternalError: {{function_node __wrapped__Cast_device_/job:localhost/replica:0/task:0/device:GPU:0}} 'cuLaunchKernel(function, gridX, gridY, gridZ, blockX, blockY, blockZ, 0, reinterpret_cast<CUstream>(stream), params, nullptr)' failed with 'CUDA_ERROR_INVALID_HANDLE' [Op:Cast] name: 

===== Fold 4/5  20:47:47 =====
Class weights (balanced): Human-written=0.976  V3=1.025
Fold 4: accuracy=nan  F1(w/m)=nan/nan  CE=nan  epochs=-  InternalError: {{function_node __wrapped__Cast_device_/job:localhost/replica:0/task:0/device:GPU:0}} 'cuLaunchKernel(function, gridX, gridY, gridZ, blockX, blockY, blockZ, 0, reinterpret_cast<CUstream>(stream), params, nullptr)' failed with 'CUDA_ERROR_INVALID_HANDLE' [Op:Cast] name: 

===== Fold 5/5  20:47:47 =====
Class weights (balanced): Human-written=0.976  V3=1.025
Fold 5: accuracy=nan  F1(w/m)=nan/nan  CE=nan  epochs=-  InternalError: {{function_node __wrapped__Cast_device_/job:localhost/replica:0/task:0/device:GPU:0}} 'cuLaunchKernel(function, gridX, gridY, gridZ, blockX, blockY, blockZ, 0, reinterpret_cast<CUstream>(stream), params, nullptr)' failed with 'CUDA_ERROR_INVALID_HANDLE' [Op:Cast] name: 
Traceback (most recent call last):
  File "Experiments/subdataset14/Snippet-Level Split/subdataset14_screenshot_human_vs_v3_snippet_cv.py", line 653, in <module>
    assert len(cv) == CV_FOLDS, f"not all {CV_FOLDS} folds are complete ({len(cv)}); run the script again (it resumes from the missing fold)."
           ^^^^^^^^^^^^^^^^^^^
AssertionError: not all 5 folds are complete (0); run the script again (it resumes from the missing fold).

====================================================================================================
2026-10-02 20:47:49  subdataset14_screenshot_human_vs_v3_snippet_cv  (config hash 084ee846c707)
Data    : Data/Subdataset_14
Classes : ['Human-written', 'V3']   Split: Snippet-Level Split
Model   : VGG19  activation=tanh  dropout=0.1  lr=0.0001  trained=base from block5_* on  preprocessing=caffe  L2=0.0001
Training: at most 20 epochs, early stopping val_ce patience 4, batch 16, 320x320 (no cropping), mixed precision True
Output  : Experiments/subdataset14/Snippet-Level Split/results/subdataset14_screenshot_human_vs_v3_snippet_cv
Human-written (label 0): 1218 images
V3  (label 1): 1157 images
Total 2375 images
Train     :  1661 (69.9%)  Human-written=852 V3=809
Validation:   357 (15.0%)  Human-written=183 V3=174
Test      :   357 (15.0%)  Human-written=183 V3=174
Fold 1: train=1614 (Human-written=828 V3=786)  evaluation=404 (Human-written=207 V3=197)
Fold 2: train=1614 (Human-written=828 V3=786)  evaluation=404 (Human-written=207 V3=197)
Fold 3: train=1614 (Human-written=828 V3=786)  evaluation=404 (Human-written=207 V3=197)
Fold 4: train=1615 (Human-written=828 V3=787)  evaluation=403 (Human-written=207 V3=196)
Fold 5: train=1615 (Human-written=828 V3=787)  evaluation=403 (Human-written=207 V3=196)
Leakage check PASSED.
TensorFlow 2.20.0 | GPU: [PhysicalDevice(name='/physical_device:GPU:0', device_type='GPU')]
Mixed precision: mixed_float16 (output layer float32)
Images loaded: 2375, 0.7 GB, 2 s
Previously completed folds: [] (will be skipped)

===== Fold 1/5  20:47:53 =====
Class weights (balanced): Human-written=0.975  V3=1.026
Fold 1: accuracy=nan  F1(w/m)=nan/nan  CE=nan  epochs=-  InternalError: {{function_node __wrapped__Cast_device_/job:localhost/replica:0/task:0/device:GPU:0}} 'cuLaunchKernel(function, gridX, gridY, gridZ, blockX, blockY, blockZ, 0, reinterpret_cast<CUstream>(stream), params, nullptr)' failed with 'CUDA_ERROR_INVALID_HANDLE' [Op:Cast] name: 

===== Fold 2/5  20:47:54 =====
Class weights (balanced): Human-written=0.975  V3=1.026
Fold 2: accuracy=nan  F1(w/m)=nan/nan  CE=nan  epochs=-  InternalError: {{function_node __wrapped__Cast_device_/job:localhost/replica:0/task:0/device:GPU:0}} 'cuLaunchKernel(function, gridX, gridY, gridZ, blockX, blockY, blockZ, 0, reinterpret_cast<CUstream>(stream), params, nullptr)' failed with 'CUDA_ERROR_INVALID_HANDLE' [Op:Cast] name: 

===== Fold 3/5  20:47:55 =====
Class weights (balanced): Human-written=0.975  V3=1.026
Fold 3: accuracy=nan  F1(w/m)=nan/nan  CE=nan  epochs=-  InternalError: {{function_node __wrapped__Cast_device_/job:localhost/replica:0/task:0/device:GPU:0}} 'cuLaunchKernel(function, gridX, gridY, gridZ, blockX, blockY, blockZ, 0, reinterpret_cast<CUstream>(stream), params, nullptr)' failed with 'CUDA_ERROR_INVALID_HANDLE' [Op:Cast] name: 

===== Fold 4/5  20:47:55 =====
Class weights (balanced): Human-written=0.976  V3=1.025
Fold 4: accuracy=nan  F1(w/m)=nan/nan  CE=nan  epochs=-  InternalError: {{function_node __wrapped__Cast_device_/job:localhost/replica:0/task:0/device:GPU:0}} 'cuLaunchKernel(function, gridX, gridY, gridZ, blockX, blockY, blockZ, 0, reinterpret_cast<CUstream>(stream), params, nullptr)' failed with 'CUDA_ERROR_INVALID_HANDLE' [Op:Cast] name: 

===== Fold 5/5  20:47:56 =====
Class weights (balanced): Human-written=0.976  V3=1.025
Fold 5: accuracy=nan  F1(w/m)=nan/nan  CE=nan  epochs=-  InternalError: {{function_node __wrapped__Cast_device_/job:localhost/replica:0/task:0/device:GPU:0}} 'cuLaunchKernel(function, gridX, gridY, gridZ, blockX, blockY, blockZ, 0, reinterpret_cast<CUstream>(stream), params, nullptr)' failed with 'CUDA_ERROR_INVALID_HANDLE' [Op:Cast] name: 
Traceback (most recent call last):
  File "Experiments/subdataset14/Snippet-Level Split/subdataset14_screenshot_human_vs_v3_snippet_cv.py", line 653, in <module>
    assert len(cv) == CV_FOLDS, f"not all {CV_FOLDS} folds are complete ({len(cv)}); run the script again (it resumes from the missing fold)."
           ^^^^^^^^^^^^^^^^^^^
AssertionError: not all 5 folds are complete (0); run the script again (it resumes from the missing fold).

====================================================================================================
2026-10-02 20:47:58  subdataset14_screenshot_human_vs_v3_snippet_cv  (config hash 084ee846c707)
Data    : Data/Subdataset_14
Classes : ['Human-written', 'V3']   Split: Snippet-Level Split
Model   : VGG19  activation=tanh  dropout=0.1  lr=0.0001  trained=base from block5_* on  preprocessing=caffe  L2=0.0001
Training: at most 20 epochs, early stopping val_ce patience 4, batch 16, 320x320 (no cropping), mixed precision True
Output  : Experiments/subdataset14/Snippet-Level Split/results/subdataset14_screenshot_human_vs_v3_snippet_cv
Human-written (label 0): 1218 images
V3  (label 1): 1157 images
Total 2375 images
Train     :  1661 (69.9%)  Human-written=852 V3=809
Validation:   357 (15.0%)  Human-written=183 V3=174
Test      :   357 (15.0%)  Human-written=183 V3=174
Fold 1: train=1614 (Human-written=828 V3=786)  evaluation=404 (Human-written=207 V3=197)
Fold 2: train=1614 (Human-written=828 V3=786)  evaluation=404 (Human-written=207 V3=197)
Fold 3: train=1614 (Human-written=828 V3=786)  evaluation=404 (Human-written=207 V3=197)
Fold 4: train=1615 (Human-written=828 V3=787)  evaluation=403 (Human-written=207 V3=196)
Fold 5: train=1615 (Human-written=828 V3=787)  evaluation=403 (Human-written=207 V3=196)
Leakage check PASSED.
TensorFlow 2.20.0 | GPU: [PhysicalDevice(name='/physical_device:GPU:0', device_type='GPU')]
Mixed precision: mixed_float16 (output layer float32)
Images loaded: 2375, 0.7 GB, 2 s
Previously completed folds: [] (will be skipped)

===== Fold 1/5  20:48:02 =====
Class weights (balanced): Human-written=0.975  V3=1.026
Fold 1: accuracy=nan  F1(w/m)=nan/nan  CE=nan  epochs=-  InternalError: {{function_node __wrapped__Cast_device_/job:localhost/replica:0/task:0/device:GPU:0}} 'cuLaunchKernel(function, gridX, gridY, gridZ, blockX, blockY, blockZ, 0, reinterpret_cast<CUstream>(stream), params, nullptr)' failed with 'CUDA_ERROR_INVALID_HANDLE' [Op:Cast] name: 

===== Fold 2/5  20:48:03 =====
Class weights (balanced): Human-written=0.975  V3=1.026
Fold 2: accuracy=nan  F1(w/m)=nan/nan  CE=nan  epochs=-  InternalError: {{function_node __wrapped__Cast_device_/job:localhost/replica:0/task:0/device:GPU:0}} 'cuLaunchKernel(function, gridX, gridY, gridZ, blockX, blockY, blockZ, 0, reinterpret_cast<CUstream>(stream), params, nullptr)' failed with 'CUDA_ERROR_INVALID_HANDLE' [Op:Cast] name: 

===== Fold 3/5  20:48:03 =====
Class weights (balanced): Human-written=0.975  V3=1.026
Fold 3: accuracy=nan  F1(w/m)=nan/nan  CE=nan  epochs=-  InternalError: {{function_node __wrapped__Cast_device_/job:localhost/replica:0/task:0/device:GPU:0}} 'cuLaunchKernel(function, gridX, gridY, gridZ, blockX, blockY, blockZ, 0, reinterpret_cast<CUstream>(stream), params, nullptr)' failed with 'CUDA_ERROR_INVALID_HANDLE' [Op:Cast] name: 

===== Fold 4/5  20:48:04 =====
Class weights (balanced): Human-written=0.976  V3=1.025
Fold 4: accuracy=nan  F1(w/m)=nan/nan  CE=nan  epochs=-  InternalError: {{function_node __wrapped__Cast_device_/job:localhost/replica:0/task:0/device:GPU:0}} 'cuLaunchKernel(function, gridX, gridY, gridZ, blockX, blockY, blockZ, 0, reinterpret_cast<CUstream>(stream), params, nullptr)' failed with 'CUDA_ERROR_INVALID_HANDLE' [Op:Cast] name: 

===== Fold 5/5  20:48:04 =====
Class weights (balanced): Human-written=0.976  V3=1.025
Fold 5: accuracy=nan  F1(w/m)=nan/nan  CE=nan  epochs=-  InternalError: {{function_node __wrapped__Cast_device_/job:localhost/replica:0/task:0/device:GPU:0}} 'cuLaunchKernel(function, gridX, gridY, gridZ, blockX, blockY, blockZ, 0, reinterpret_cast<CUstream>(stream), params, nullptr)' failed with 'CUDA_ERROR_INVALID_HANDLE' [Op:Cast] name: 
Traceback (most recent call last):
  File "Experiments/subdataset14/Snippet-Level Split/subdataset14_screenshot_human_vs_v3_snippet_cv.py", line 653, in <module>
    assert len(cv) == CV_FOLDS, f"not all {CV_FOLDS} folds are complete ({len(cv)}); run the script again (it resumes from the missing fold)."
           ^^^^^^^^^^^^^^^^^^^
AssertionError: not all 5 folds are complete (0); run the script again (it resumes from the missing fold).

====================================================================================================
2026-10-02 22:30:45  subdataset14_screenshot_human_vs_v3_snippet_cv  (config hash 084ee846c707)
Data    : Data/Subdataset_14
Classes : ['Human-written', 'V3']   Split: Snippet-Level Split
Model   : VGG19  activation=tanh  dropout=0.1  lr=0.0001  trained=base from block5_* on  preprocessing=caffe  L2=0.0001
Training: at most 20 epochs, early stopping val_ce patience 4, batch 16, 320x320 (no cropping), mixed precision True
Output  : Experiments/subdataset14/Snippet-Level Split/results/subdataset14_screenshot_human_vs_v3_snippet_cv
Human-written (label 0): 1218 images
V3  (label 1): 1157 images
Total 2375 images
Train     :  1661 (69.9%)  Human-written=852 V3=809
Validation:   357 (15.0%)  Human-written=183 V3=174
Test      :   357 (15.0%)  Human-written=183 V3=174
Fold 1: train=1614 (Human-written=828 V3=786)  evaluation=404 (Human-written=207 V3=197)
Fold 2: train=1614 (Human-written=828 V3=786)  evaluation=404 (Human-written=207 V3=197)
Fold 3: train=1614 (Human-written=828 V3=786)  evaluation=404 (Human-written=207 V3=197)
Fold 4: train=1615 (Human-written=828 V3=787)  evaluation=403 (Human-written=207 V3=196)
Fold 5: train=1615 (Human-written=828 V3=787)  evaluation=403 (Human-written=207 V3=196)
Leakage check PASSED.
TensorFlow 2.20.0 | GPU: [PhysicalDevice(name='/physical_device:GPU:0', device_type='GPU')]
Mixed precision: mixed_float16 (output layer float32)
Images loaded: 2375, 0.7 GB, 11 s
Previously completed folds: [] (will be skipped)

===== Fold 1/5  22:31:04 =====
Class weights (balanced): Human-written=0.975  V3=1.026
Model: base 22 layers, trained base layers 5 (first: block5_conv1); trained parameters 9,702,401 / 20,287,553
Epoch 1/20
86/86 - 20s - 236ms/step - accuracy: 0.7761 - ce: 0.4754 - loss: 0.5234 - val_accuracy: 0.8642 - val_ce: 0.3574 - val_loss: 0.4036 - learning_rate: 1.0000e-04
Epoch 2/20
86/86 - 3s - 36ms/step - accuracy: 0.8264 - ce: 0.3886 - loss: 0.4331 - val_accuracy: 0.8807 - val_ce: 0.3191 - val_loss: 0.3613 - learning_rate: 1.0000e-04
Epoch 3/20
86/86 - 3s - 36ms/step - accuracy: 0.8643 - ce: 0.3116 - loss: 0.3527 - val_accuracy: 0.7654 - val_ce: 0.5710 - val_loss: 0.6099 - learning_rate: 1.0000e-04
Epoch 4/20
86/86 - 3s - 36ms/step - accuracy: 0.8775 - ce: 0.3041 - loss: 0.3411 - val_accuracy: 0.8889 - val_ce: 0.2452 - val_loss: 0.2814 - learning_rate: 1.0000e-04
Epoch 5/20
86/86 - 3s - 36ms/step - accuracy: 0.8920 - ce: 0.2861 - loss: 0.3192 - val_accuracy: 0.8025 - val_ce: 0.4702 - val_loss: 0.5037 - learning_rate: 1.0000e-04
Epoch 6/20

Epoch 6: ReduceLROnPlateau reducing learning rate to 4.999999873689376e-05.
86/86 - 3s - 36ms/step - accuracy: 0.9300 - ce: 0.2086 - loss: 0.2409 - val_accuracy: 0.8107 - val_ce: 0.4664 - val_loss: 0.4978 - learning_rate: 1.0000e-04
Epoch 7/20
86/86 - 3s - 36ms/step - accuracy: 0.9497 - ce: 0.1437 - loss: 0.1740 - val_accuracy: 0.9465 - val_ce: 0.1806 - val_loss: 0.2108 - learning_rate: 5.0000e-05
Epoch 8/20
86/86 - 3s - 35ms/step - accuracy: 0.9628 - ce: 0.1184 - loss: 0.1478 - val_accuracy: 0.9547 - val_ce: 0.1906 - val_loss: 0.2196 - learning_rate: 5.0000e-05
Epoch 9/20

Epoch 9: ReduceLROnPlateau reducing learning rate to 2.499999936844688e-05.
86/86 - 3s - 36ms/step - accuracy: 0.9679 - ce: 0.0865 - loss: 0.1147 - val_accuracy: 0.9259 - val_ce: 0.2847 - val_loss: 0.3128 - learning_rate: 5.0000e-05
Epoch 10/20
86/86 - 3s - 36ms/step - accuracy: 0.9854 - ce: 0.0524 - loss: 0.0801 - val_accuracy: 0.9383 - val_ce: 0.2796 - val_loss: 0.3071 - learning_rate: 2.5000e-05
Epoch 11/20

Epoch 11: ReduceLROnPlateau reducing learning rate to 1.249999968422344e-05.
86/86 - 3s - 36ms/step - accuracy: 0.9898 - ce: 0.0376 - loss: 0.0645 - val_accuracy: 0.9218 - val_ce: 0.2490 - val_loss: 0.2760 - learning_rate: 2.5000e-05
Fold 1: accuracy=0.9035  F1(w/m)=0.9033/0.9034  CE=0.2995  epochs=11  

===== Fold 2/5  22:32:04 =====
Class weights (balanced): Human-written=0.975  V3=1.026
Epoch 1/20
86/86 - 14s - 163ms/step - accuracy: 0.7549 - ce: 0.4993 - loss: 0.5474 - val_accuracy: 0.7737 - val_ce: 0.5111 - val_loss: 0.5553 - learning_rate: 1.0000e-04
Epoch 2/20
86/86 - 3s - 37ms/step - accuracy: 0.8140 - ce: 0.4433 - loss: 0.4851 - val_accuracy: 0.8683 - val_ce: 0.3649 - val_loss: 0.4036 - learning_rate: 1.0000e-04
Epoch 3/20
86/86 - 3s - 37ms/step - accuracy: 0.8578 - ce: 0.3430 - loss: 0.3797 - val_accuracy: 0.8683 - val_ce: 0.3415 - val_loss: 0.3755 - learning_rate: 1.0000e-04
Epoch 4/20
86/86 - 3s - 36ms/step - accuracy: 0.8592 - ce: 0.3743 - loss: 0.4061 - val_accuracy: 0.8724 - val_ce: 0.3083 - val_loss: 0.3391 - learning_rate: 1.0000e-04
Epoch 5/20
86/86 - 3s - 37ms/step - accuracy: 0.8964 - ce: 0.2771 - loss: 0.3061 - val_accuracy: 0.8930 - val_ce: 0.2906 - val_loss: 0.3186 - learning_rate: 1.0000e-04
Epoch 6/20
86/86 - 3s - 36ms/step - accuracy: 0.9183 - ce: 0.2366 - loss: 0.2645 - val_accuracy: 0.8724 - val_ce: 0.3515 - val_loss: 0.3769 - learning_rate: 1.0000e-04
Epoch 7/20
86/86 - 3s - 38ms/step - accuracy: 0.9373 - ce: 0.1819 - loss: 0.2066 - val_accuracy: 0.9218 - val_ce: 0.2628 - val_loss: 0.2864 - learning_rate: 1.0000e-04
Epoch 8/20
86/86 - 3s - 36ms/step - accuracy: 0.9365 - ce: 0.1715 - loss: 0.1933 - val_accuracy: 0.8930 - val_ce: 0.3081 - val_loss: 0.3301 - learning_rate: 1.0000e-04
Epoch 9/20

Epoch 9: ReduceLROnPlateau reducing learning rate to 4.999999873689376e-05.
86/86 - 3s - 36ms/step - accuracy: 0.9424 - ce: 0.1538 - loss: 0.1754 - val_accuracy: 0.8930 - val_ce: 0.3744 - val_loss: 0.3952 - learning_rate: 1.0000e-04
Epoch 10/20
86/86 - 3s - 36ms/step - accuracy: 0.9781 - ce: 0.0676 - loss: 0.0882 - val_accuracy: 0.9259 - val_ce: 0.2670 - val_loss: 0.2872 - learning_rate: 5.0000e-05
Epoch 11/20

Epoch 11: ReduceLROnPlateau reducing learning rate to 2.499999936844688e-05.
86/86 - 3s - 37ms/step - accuracy: 0.9912 - ce: 0.0310 - loss: 0.0508 - val_accuracy: 0.9053 - val_ce: 0.3567 - val_loss: 0.3764 - learning_rate: 5.0000e-05
Fold 2: accuracy=0.9307  F1(w/m)=0.9306/0.9306  CE=0.2449  epochs=11  

===== Fold 3/5  22:32:54 =====
Class weights (balanced): Human-written=0.975  V3=1.026
Epoch 1/20
86/86 - 14s - 165ms/step - accuracy: 0.7892 - ce: 0.4702 - loss: 0.5185 - val_accuracy: 0.8395 - val_ce: 0.3600 - val_loss: 0.4043 - learning_rate: 1.0000e-04
Epoch 2/20
86/86 - 3s - 37ms/step - accuracy: 0.8403 - ce: 0.3727 - loss: 0.4152 - val_accuracy: 0.8642 - val_ce: 0.3241 - val_loss: 0.3633 - learning_rate: 1.0000e-04
Epoch 3/20
86/86 - 3s - 37ms/step - accuracy: 0.8738 - ce: 0.3251 - loss: 0.3618 - val_accuracy: 0.8930 - val_ce: 0.2480 - val_loss: 0.2825 - learning_rate: 1.0000e-04
Epoch 4/20
86/86 - 3s - 36ms/step - accuracy: 0.8972 - ce: 0.2816 - loss: 0.3146 - val_accuracy: 0.9095 - val_ce: 0.2415 - val_loss: 0.2724 - learning_rate: 1.0000e-04
Epoch 5/20
86/86 - 3s - 37ms/step - accuracy: 0.9117 - ce: 0.2411 - loss: 0.2706 - val_accuracy: 0.8930 - val_ce: 0.2237 - val_loss: 0.2518 - learning_rate: 1.0000e-04
Epoch 6/20
86/86 - 3s - 35ms/step - accuracy: 0.9292 - ce: 0.2081 - loss: 0.2346 - val_accuracy: 0.8765 - val_ce: 0.3333 - val_loss: 0.3589 - learning_rate: 1.0000e-04
Epoch 7/20
86/86 - 3s - 38ms/step - accuracy: 0.9431 - ce: 0.1606 - loss: 0.1857 - val_accuracy: 0.9136 - val_ce: 0.2231 - val_loss: 0.2470 - learning_rate: 1.0000e-04
Epoch 8/20
86/86 - 3s - 36ms/step - accuracy: 0.9599 - ce: 0.0965 - loss: 0.1192 - val_accuracy: 0.9136 - val_ce: 0.2857 - val_loss: 0.3080 - learning_rate: 1.0000e-04
Epoch 9/20

Epoch 9: ReduceLROnPlateau reducing learning rate to 4.999999873689376e-05.
86/86 - 3s - 36ms/step - accuracy: 0.9752 - ce: 0.0825 - loss: 0.1044 - val_accuracy: 0.9300 - val_ce: 0.2817 - val_loss: 0.3028 - learning_rate: 1.0000e-04
Epoch 10/20
86/86 - 3s - 36ms/step - accuracy: 0.9905 - ce: 0.0258 - loss: 0.0466 - val_accuracy: 0.9218 - val_ce: 0.2678 - val_loss: 0.2884 - learning_rate: 5.0000e-05
Epoch 11/20

Epoch 11: ReduceLROnPlateau reducing learning rate to 2.499999936844688e-05.
86/86 - 3s - 36ms/step - accuracy: 0.9993 - ce: 0.0061 - loss: 0.0263 - val_accuracy: 0.9259 - val_ce: 0.2854 - val_loss: 0.3055 - learning_rate: 5.0000e-05
Fold 3: accuracy=0.9233  F1(w/m)=0.9232/0.9231  CE=0.2225  epochs=11  

===== Fold 4/5  22:33:45 =====
Class weights (balanced): Human-written=0.976  V3=1.025
Epoch 1/20
86/86 - 16s - 188ms/step - accuracy: 0.7653 - ce: 0.5031 - loss: 0.5521 - val_accuracy: 0.8272 - val_ce: 0.3869 - val_loss: 0.4309 - learning_rate: 1.0000e-04
Epoch 2/20
86/86 - 3s - 37ms/step - accuracy: 0.8003 - ce: 0.4460 - loss: 0.4867 - val_accuracy: 0.8395 - val_ce: 0.3497 - val_loss: 0.3868 - learning_rate: 1.0000e-04
Epoch 3/20
86/86 - 3s - 37ms/step - accuracy: 0.8280 - ce: 0.3803 - loss: 0.4155 - val_accuracy: 0.8066 - val_ce: 0.4122 - val_loss: 0.4445 - learning_rate: 1.0000e-04
Epoch 4/20
86/86 - 3s - 37ms/step - accuracy: 0.8805 - ce: 0.3015 - loss: 0.3316 - val_accuracy: 0.9177 - val_ce: 0.2235 - val_loss: 0.2508 - learning_rate: 1.0000e-04
Epoch 5/20
86/86 - 3s - 37ms/step - accuracy: 0.9060 - ce: 0.2648 - loss: 0.2905 - val_accuracy: 0.9136 - val_ce: 0.1965 - val_loss: 0.2192 - learning_rate: 1.0000e-04
Epoch 6/20
86/86 - 3s - 36ms/step - accuracy: 0.9045 - ce: 0.2470 - loss: 0.2686 - val_accuracy: 0.8395 - val_ce: 0.4062 - val_loss: 0.4259 - learning_rate: 1.0000e-04
Epoch 7/20

Epoch 7: ReduceLROnPlateau reducing learning rate to 4.999999873689376e-05.
86/86 - 3s - 37ms/step - accuracy: 0.9329 - ce: 0.1981 - loss: 0.2164 - val_accuracy: 0.8107 - val_ce: 0.4980 - val_loss: 0.5153 - learning_rate: 1.0000e-04
Epoch 8/20
86/86 - 3s - 36ms/step - accuracy: 0.9585 - ce: 0.1162 - loss: 0.1321 - val_accuracy: 0.9342 - val_ce: 0.2242 - val_loss: 0.2405 - learning_rate: 5.0000e-05
Epoch 9/20

Epoch 9: ReduceLROnPlateau reducing learning rate to 2.499999936844688e-05.
86/86 - 3s - 36ms/step - accuracy: 0.9738 - ce: 0.0802 - loss: 0.0960 - val_accuracy: 0.9136 - val_ce: 0.2580 - val_loss: 0.2733 - learning_rate: 5.0000e-05
Fold 4: accuracy=0.9032  F1(w/m)=0.9032/0.9032  CE=0.2815  epochs=9  

===== Fold 5/5  22:34:32 =====
Class weights (balanced): Human-written=0.976  V3=1.025
Epoch 1/20
86/86 - 14s - 164ms/step - accuracy: 0.7617 - ce: 0.4904 - loss: 0.5389 - val_accuracy: 0.8519 - val_ce: 0.3577 - val_loss: 0.4028 - learning_rate: 1.0000e-04
Epoch 2/20
86/86 - 3s - 37ms/step - accuracy: 0.8287 - ce: 0.3993 - loss: 0.4431 - val_accuracy: 0.8683 - val_ce: 0.3384 - val_loss: 0.3792 - learning_rate: 1.0000e-04
Epoch 3/20
86/86 - 3s - 36ms/step - accuracy: 0.8382 - ce: 0.3841 - loss: 0.4238 - val_accuracy: 0.8765 - val_ce: 0.3193 - val_loss: 0.3561 - learning_rate: 1.0000e-04
Epoch 4/20
86/86 - 3s - 36ms/step - accuracy: 0.8622 - ce: 0.3427 - loss: 0.3786 - val_accuracy: 0.8230 - val_ce: 0.3948 - val_loss: 0.4284 - learning_rate: 1.0000e-04
Epoch 5/20

Epoch 5: ReduceLROnPlateau reducing learning rate to 4.999999873689376e-05.
86/86 - 3s - 37ms/step - accuracy: 0.8936 - ce: 0.2690 - loss: 0.3013 - val_accuracy: 0.8436 - val_ce: 0.4184 - val_loss: 0.4491 - learning_rate: 1.0000e-04
Epoch 6/20
86/86 - 3s - 36ms/step - accuracy: 0.9016 - ce: 0.2571 - loss: 0.2870 - val_accuracy: 0.9053 - val_ce: 0.2774 - val_loss: 0.3068 - learning_rate: 5.0000e-05
Epoch 7/20
86/86 - 3s - 36ms/step - accuracy: 0.9351 - ce: 0.1752 - loss: 0.2034 - val_accuracy: 0.8930 - val_ce: 0.2483 - val_loss: 0.2760 - learning_rate: 5.0000e-05
Epoch 8/20
86/86 - 3s - 36ms/step - accuracy: 0.9410 - ce: 0.1828 - loss: 0.2098 - val_accuracy: 0.9218 - val_ce: 0.2404 - val_loss: 0.2667 - learning_rate: 5.0000e-05
Epoch 9/20
86/86 - 3s - 37ms/step - accuracy: 0.9621 - ce: 0.1047 - loss: 0.1301 - val_accuracy: 0.9136 - val_ce: 0.2431 - val_loss: 0.2682 - learning_rate: 5.0000e-05
Epoch 10/20

Epoch 10: ReduceLROnPlateau reducing learning rate to 2.499999936844688e-05.
86/86 - 3s - 36ms/step - accuracy: 0.9730 - ce: 0.0678 - loss: 0.0917 - val_accuracy: 0.9053 - val_ce: 0.3110 - val_loss: 0.3347 - learning_rate: 5.0000e-05
Epoch 11/20
86/86 - 3s - 36ms/step - accuracy: 0.9876 - ce: 0.0369 - loss: 0.0602 - val_accuracy: 0.9259 - val_ce: 0.3087 - val_loss: 0.3318 - learning_rate: 2.5000e-05
Epoch 12/20

Epoch 12: ReduceLROnPlateau reducing learning rate to 1.249999968422344e-05.
86/86 - 3s - 36ms/step - accuracy: 0.9964 - ce: 0.0140 - loss: 0.0367 - val_accuracy: 0.9259 - val_ce: 0.3366 - val_loss: 0.3590 - learning_rate: 2.5000e-05
Fold 5: accuracy=0.9181  F1(w/m)=0.9179/0.9178  CE=0.2184  epochs=12  

CV mean ± std:
  accuracy               0.9158 ± 0.0122
  balanced_accuracy      0.9156 ± 0.0115
  mcc                    0.8331 ± 0.0236
  cross_entropy          0.2534 ± 0.0359
  roc_auc                0.9716 ± 0.0073
  precision_macro        0.9176 ± 0.0121
  recall_macro           0.9156 ± 0.0115
  f1_macro               0.9156 ± 0.0121
  precision_micro        0.9158 ± 0.0122
  recall_micro           0.9158 ± 0.0122
  f1_micro               0.9158 ± 0.0122
  precision_weighted     0.9175 ± 0.0116
  recall_weighted        0.9158 ± 0.0122
  f1_weighted            0.9157 ± 0.0122

===== Final training  22:35:25 =====
Class weights (balanced): Human-written=0.975  V3=1.027
Epoch 1/20
104/104 - 18s - 172ms/step - accuracy: 0.7417 - ce: 0.5208 - loss: 0.5681 - val_accuracy: 0.8319 - val_ce: 0.3705 - val_loss: 0.4118 - learning_rate: 1.0000e-04
Epoch 2/20
104/104 - 4s - 37ms/step - accuracy: 0.8411 - ce: 0.3813 - loss: 0.4182 - val_accuracy: 0.8627 - val_ce: 0.3260 - val_loss: 0.3582 - learning_rate: 1.0000e-04
Epoch 3/20
104/104 - 4s - 37ms/step - accuracy: 0.8657 - ce: 0.3549 - loss: 0.3854 - val_accuracy: 0.8599 - val_ce: 0.3011 - val_loss: 0.3266 - learning_rate: 1.0000e-04
Epoch 4/20
104/104 - 4s - 36ms/step - accuracy: 0.8784 - ce: 0.3085 - loss: 0.3333 - val_accuracy: 0.9104 - val_ce: 0.2308 - val_loss: 0.2514 - learning_rate: 1.0000e-04
Epoch 5/20
104/104 - 4s - 36ms/step - accuracy: 0.9217 - ce: 0.2311 - loss: 0.2499 - val_accuracy: 0.9048 - val_ce: 0.2772 - val_loss: 0.2938 - learning_rate: 1.0000e-04
Epoch 6/20

Epoch 6: ReduceLROnPlateau reducing learning rate to 4.999999873689376e-05.
104/104 - 4s - 37ms/step - accuracy: 0.9368 - ce: 0.1834 - loss: 0.1993 - val_accuracy: 0.9188 - val_ce: 0.2320 - val_loss: 0.2461 - learning_rate: 1.0000e-04
Epoch 7/20
104/104 - 4s - 36ms/step - accuracy: 0.9657 - ce: 0.0962 - loss: 0.1099 - val_accuracy: 0.9300 - val_ce: 0.2322 - val_loss: 0.2452 - learning_rate: 5.0000e-05
Epoch 8/20

Epoch 8: ReduceLROnPlateau reducing learning rate to 2.499999936844688e-05.
104/104 - 4s - 36ms/step - accuracy: 0.9789 - ce: 0.0723 - loss: 0.0849 - val_accuracy: 0.9244 - val_ce: 0.2933 - val_loss: 0.3053 - learning_rate: 5.0000e-05
               precision    recall  f1-score   support

Human-written     0.9218    0.9016    0.9116       183
           V3     0.8989    0.9195    0.9091       174

     accuracy                         0.9104       357
    macro avg     0.9103    0.9106    0.9103       357
 weighted avg     0.9106    0.9104    0.9104       357

Class distribution all  : {'Human-written': 1218, 'V3': 1157}  ratio {'Human-written': 0.5128, 'V3': 0.4872}
Class distribution train: {'Human-written': 852, 'V3': 809}  ratio {'Human-written': 0.5129, 'V3': 0.4871}
Class distribution val  : {'Human-written': 183, 'V3': 174}  ratio {'Human-written': 0.5126, 'V3': 0.4874}
Class distribution test : {'Human-written': 183, 'V3': 174}  ratio {'Human-written': 0.5126, 'V3': 0.4874}

subdataset14_screenshot_human_vs_v3_snippet_cv  VGG19 (tanh, dropout 0.1, lr 0.0001)
CV mean    acc=0.9158  F1 w/m/micro=0.9157/0.9156/0.9158  P_w=0.9175  R_w=0.9158  CE=0.2534  AUC=0.9716  MCC=0.8331
VALIDATION acc=0.9104  F1 w/m/micro=0.9104/0.9103/0.9104  P_w=0.9104  R_w=0.9104  CE=0.2308  AUC=0.9688  MCC=0.8206
TEST       acc=0.9104  F1 w/m/micro=0.9104/0.9103/0.9104  P_w=0.9106  R_w=0.9104  CE=0.2112  AUC=0.9764  MCC=0.8209
TEST 95% CI: accuracy=[0.8796, 0.9412]  f1_weighted=[0.8795, 0.9411]  f1_macro=[0.8794, 0.9409]  mcc=[0.7595, 0.8818]  balanced_accuracy=[0.8797, 0.9407]
Outputs: Experiments/subdataset14/Snippet-Level Split/results/subdataset14_screenshot_human_vs_v3_snippet_cv
2026-10-02 22:36:21 FINISHED
