
====================================================================================================
2026-10-03 05:32:01  subdataset15_graph_human_vs_v2_group_cv  (config hash dc7eeb7065e5)
Data    : Data/Subdataset_15
Classes : ['Human-written', 'V2']   Split: Group-Based Split
Model   : VGG19  activation=relu  dropout=0.1  lr=0.0001  trained=base from block5_* on  preprocessing=caffe  L2=0.0001
Training: at most 20 epochs, early stopping val_ce patience 4, batch 16, 320x320 (no cropping), mixed precision True
Output  : Experiments/subdataset15/Group-Based Split/results/subdataset15_graph_human_vs_v2_group_cv
Human-written (label 0): 1482 images
V2  (label 1): 2020 images
Total 3502 images
Groups: {'n_groups': 1917, 'groups_with_human_and_version': 1352, 'groups_with_all_classes': 1352, 'human_only_groups': 114, 'groups_without_human': 451, 'match_ratio': 0.7052686489306208, 'groups_merged_by_content': 0}
CHECK 4: human/version pairs found with the simple rule 1415, in different groups 0
Files whose folder and version tag in the name do not match (data unchanged): 94
Train     :  2445 (69.8%)  Human-written=1027 V2=1418
Validation:   516 (14.7%)  Human-written=225 V2=291
Test      :   541 (15.4%)  Human-written=230 V2=311
Fold 1: train=2367 (Human-written=1004 V2=1363)  evaluation=594 (Human-written=248 V2=346)
Fold 2: train=2379 (Human-written=1003 V2=1376)  evaluation=582 (Human-written=249 V2=333)
Fold 3: train=2353 (Human-written=999 V2=1354)  evaluation=608 (Human-written=253 V2=355)
Fold 4: train=2378 (Human-written=1002 V2=1376)  evaluation=583 (Human-written=250 V2=333)
Fold 5: train=2367 (Human-written=1000 V2=1367)  evaluation=594 (Human-written=252 V2=342)
Leakage check PASSED.
TensorFlow 2.20.0 | GPU: [PhysicalDevice(name='/physical_device:GPU:0', device_type='GPU')]
Mixed precision: mixed_float16 (output layer float32)
Images loaded: 3502, 1.1 GB, 4 s

===== Fold 1/5  05:32:10 =====
Class weights (balanced): Human-written=1.181  V2=0.867
Model: base 22 layers, trained base layers 5 (first: block5_conv1); trained parameters 9,702,401 / 20,287,553
Epoch 1/20
126/126 - 21s - 166ms/step - accuracy: 0.5164 - ce: 0.7524 - loss: 0.7966 - val_accuracy: 0.4282 - val_ce: 0.6997 - val_loss: 0.7415 - learning_rate: 1.0000e-04
Epoch 2/20
126/126 - 4s - 33ms/step - accuracy: 0.4955 - ce: 0.6959 - loss: 0.7272 - val_accuracy: 0.4845 - val_ce: 0.6903 - val_loss: 0.7236 - learning_rate: 1.0000e-04
Epoch 3/20
126/126 - 4s - 33ms/step - accuracy: 0.5542 - ce: 0.6912 - loss: 0.7198 - val_accuracy: 0.5887 - val_ce: 0.6835 - val_loss: 0.7108 - learning_rate: 1.0000e-04
Epoch 4/20
126/126 - 4s - 33ms/step - accuracy: 0.5855 - ce: 0.6890 - loss: 0.7121 - val_accuracy: 0.6085 - val_ce: 0.6816 - val_loss: 0.7045 - learning_rate: 1.0000e-04
Epoch 5/20
126/126 - 4s - 33ms/step - accuracy: 0.5711 - ce: 0.6885 - loss: 0.7066 - val_accuracy: 0.6113 - val_ce: 0.6795 - val_loss: 0.6990 - learning_rate: 1.0000e-04
Epoch 6/20
126/126 - 4s - 33ms/step - accuracy: 0.5919 - ce: 0.6824 - loss: 0.6991 - val_accuracy: 0.5352 - val_ce: 0.6901 - val_loss: 0.7072 - learning_rate: 1.0000e-04
Epoch 7/20

Epoch 7: ReduceLROnPlateau reducing learning rate to 4.999999873689376e-05.
126/126 - 4s - 33ms/step - accuracy: 0.5741 - ce: 0.6813 - loss: 0.6934 - val_accuracy: 0.5268 - val_ce: 0.6973 - val_loss: 0.7125 - learning_rate: 1.0000e-04
Epoch 8/20
126/126 - 4s - 33ms/step - accuracy: 0.6044 - ce: 0.6664 - loss: 0.6773 - val_accuracy: 0.5493 - val_ce: 0.7057 - val_loss: 0.7200 - learning_rate: 5.0000e-05
Epoch 9/20

Epoch 9: ReduceLROnPlateau reducing learning rate to 2.499999936844688e-05.
126/126 - 4s - 33ms/step - accuracy: 0.6292 - ce: 0.6543 - loss: 0.6685 - val_accuracy: 0.5268 - val_ce: 0.7815 - val_loss: 0.7951 - learning_rate: 5.0000e-05
Fold 1: accuracy=0.5926  F1(w/m)=0.5202/0.4804  CE=0.6816  epochs=9  

===== Fold 2/5  05:33:12 =====
Class weights (balanced): Human-written=1.172  V2=0.872
Epoch 1/20
126/126 - 18s - 146ms/step - accuracy: 0.5030 - ce: 0.7327 - loss: 0.7793 - val_accuracy: 0.5945 - val_ce: 0.6924 - val_loss: 0.7331 - learning_rate: 1.0000e-04
Epoch 2/20
126/126 - 4s - 33ms/step - accuracy: 0.5194 - ce: 0.7012 - loss: 0.7315 - val_accuracy: 0.6274 - val_ce: 0.6916 - val_loss: 0.7233 - learning_rate: 1.0000e-04
Epoch 3/20
126/126 - 4s - 33ms/step - accuracy: 0.5218 - ce: 0.6949 - loss: 0.7218 - val_accuracy: 0.6055 - val_ce: 0.6908 - val_loss: 0.7161 - learning_rate: 1.0000e-04
Epoch 4/20
126/126 - 4s - 33ms/step - accuracy: 0.5501 - ce: 0.6935 - loss: 0.7168 - val_accuracy: 0.6055 - val_ce: 0.6908 - val_loss: 0.7114 - learning_rate: 1.0000e-04
Epoch 5/20

Epoch 5: ReduceLROnPlateau reducing learning rate to 4.999999873689376e-05.
126/126 - 4s - 33ms/step - accuracy: 0.5735 - ce: 0.6919 - loss: 0.7120 - val_accuracy: 0.6055 - val_ce: 0.6913 - val_loss: 0.7084 - learning_rate: 1.0000e-04
Epoch 6/20
126/126 - 4s - 33ms/step - accuracy: 0.5735 - ce: 0.6923 - loss: 0.7096 - val_accuracy: 0.6055 - val_ce: 0.6918 - val_loss: 0.7075 - learning_rate: 5.0000e-05
Epoch 7/20

Epoch 7: ReduceLROnPlateau reducing learning rate to 2.499999936844688e-05.
126/126 - 4s - 33ms/step - accuracy: 0.5735 - ce: 0.6922 - loss: 0.7082 - val_accuracy: 0.6055 - val_ce: 0.6917 - val_loss: 0.7062 - learning_rate: 5.0000e-05
COLLAPSE: 100% of the validation predictions are in one class -> training is repeated once with lr 1e-05
Epoch 1/20
126/126 - 14s - 114ms/step - accuracy: 0.5576 - ce: 0.7182 - loss: 0.7692 - val_accuracy: 0.6630 - val_ce: 0.6490 - val_loss: 0.6998 - learning_rate: 1.0000e-05
Epoch 2/20
126/126 - 4s - 33ms/step - accuracy: 0.6698 - ce: 0.6150 - loss: 0.6670 - val_accuracy: 0.5836 - val_ce: 0.6694 - val_loss: 0.7199 - learning_rate: 1.0000e-05
Epoch 3/20

Epoch 3: ReduceLROnPlateau reducing learning rate to 4.999999873689376e-06.
126/126 - 4s - 33ms/step - accuracy: 0.7319 - ce: 0.5319 - loss: 0.5826 - val_accuracy: 0.6137 - val_ce: 0.6631 - val_loss: 0.7133 - learning_rate: 1.0000e-05
Epoch 4/20
126/126 - 4s - 33ms/step - accuracy: 0.8292 - ce: 0.4148 - loss: 0.4669 - val_accuracy: 0.6247 - val_ce: 0.6777 - val_loss: 0.7278 - learning_rate: 5.0000e-06
Epoch 5/20

Epoch 5: ReduceLROnPlateau reducing learning rate to 2.499999936844688e-06.
126/126 - 4s - 33ms/step - accuracy: 0.8615 - ce: 0.3540 - loss: 0.4057 - val_accuracy: 0.6411 - val_ce: 0.6981 - val_loss: 0.7480 - learning_rate: 5.0000e-06
Fold 2: accuracy=0.5997  F1(w/m)=0.5868/0.5708  CE=0.6614  epochs=5  

===== Fold 3/5  05:34:37 =====
Class weights (balanced): Human-written=1.188  V2=0.863
Epoch 1/20
125/125 - 18s - 141ms/step - accuracy: 0.5168 - ce: 0.7290 - loss: 0.7724 - val_accuracy: 0.4448 - val_ce: 0.7306 - val_loss: 0.7717 - learning_rate: 1.0000e-04
Epoch 2/20
125/125 - 4s - 33ms/step - accuracy: 0.5118 - ce: 0.6978 - loss: 0.7316 - val_accuracy: 0.5552 - val_ce: 0.6923 - val_loss: 0.7246 - learning_rate: 1.0000e-04
Epoch 3/20
125/125 - 4s - 34ms/step - accuracy: 0.5746 - ce: 0.6941 - loss: 0.7205 - val_accuracy: 0.5552 - val_ce: 0.6917 - val_loss: 0.7175 - learning_rate: 1.0000e-04
Epoch 4/20
125/125 - 4s - 33ms/step - accuracy: 0.5696 - ce: 0.6902 - loss: 0.7148 - val_accuracy: 0.5552 - val_ce: 0.6918 - val_loss: 0.7129 - learning_rate: 1.0000e-04
Epoch 5/20

Epoch 5: ReduceLROnPlateau reducing learning rate to 4.999999873689376e-05.
125/125 - 4s - 33ms/step - accuracy: 0.5465 - ce: 0.6944 - loss: 0.7105 - val_accuracy: 0.5580 - val_ce: 0.6979 - val_loss: 0.7155 - learning_rate: 1.0000e-04
Epoch 6/20
125/125 - 4s - 33ms/step - accuracy: 0.5806 - ce: 0.6855 - loss: 0.7015 - val_accuracy: 0.5884 - val_ce: 0.7327 - val_loss: 0.7489 - learning_rate: 5.0000e-05
Epoch 7/20

Epoch 7: ReduceLROnPlateau reducing learning rate to 2.499999936844688e-05.
125/125 - 4s - 33ms/step - accuracy: 0.5716 - ce: 0.6935 - loss: 0.7032 - val_accuracy: 0.5580 - val_ce: 0.7177 - val_loss: 0.7327 - learning_rate: 5.0000e-05
COLLAPSE: 99% of the validation predictions are in one class -> training is repeated once with lr 1e-05
Epoch 1/20
125/125 - 14s - 115ms/step - accuracy: 0.5319 - ce: 0.7505 - loss: 0.8010 - val_accuracy: 0.5663 - val_ce: 0.6741 - val_loss: 0.7249 - learning_rate: 1.0000e-05
Epoch 2/20
125/125 - 4s - 33ms/step - accuracy: 0.6213 - ce: 0.6453 - loss: 0.6960 - val_accuracy: 0.6050 - val_ce: 0.6788 - val_loss: 0.7291 - learning_rate: 1.0000e-05
Epoch 3/20
125/125 - 4s - 33ms/step - accuracy: 0.6816 - ce: 0.5876 - loss: 0.6376 - val_accuracy: 0.6215 - val_ce: 0.6326 - val_loss: 0.6827 - learning_rate: 1.0000e-05
Epoch 4/20
125/125 - 4s - 33ms/step - accuracy: 0.7469 - ce: 0.5150 - loss: 0.5662 - val_accuracy: 0.5994 - val_ce: 0.7037 - val_loss: 0.7535 - learning_rate: 1.0000e-05
Epoch 5/20

Epoch 5: ReduceLROnPlateau reducing learning rate to 4.999999873689376e-06.
125/125 - 4s - 33ms/step - accuracy: 0.8177 - ce: 0.4225 - loss: 0.4728 - val_accuracy: 0.6602 - val_ce: 0.6462 - val_loss: 0.6958 - learning_rate: 1.0000e-05
Epoch 6/20
125/125 - 4s - 33ms/step - accuracy: 0.8970 - ce: 0.3023 - loss: 0.3540 - val_accuracy: 0.6602 - val_ce: 0.6549 - val_loss: 0.7044 - learning_rate: 5.0000e-06
Epoch 7/20

Epoch 7: ReduceLROnPlateau reducing learning rate to 2.499999936844688e-06.
125/125 - 4s - 33ms/step - accuracy: 0.9216 - ce: 0.2489 - loss: 0.2992 - val_accuracy: 0.6575 - val_ce: 0.6908 - val_loss: 0.7403 - learning_rate: 5.0000e-06
Fold 3: accuracy=0.6694  F1(w/m)=0.6603/0.6445  CE=0.6167  epochs=7  

===== Fold 4/5  05:36:07 =====
Class weights (balanced): Human-written=1.191  V2=0.862
Epoch 1/20
127/127 - 16s - 126ms/step - accuracy: 0.5099 - ce: 0.7416 - loss: 0.7879 - val_accuracy: 0.4302 - val_ce: 0.6934 - val_loss: 0.7330 - learning_rate: 1.0000e-04
Epoch 2/20
127/127 - 4s - 33ms/step - accuracy: 0.5059 - ce: 0.6932 - loss: 0.7282 - val_accuracy: 0.4302 - val_ce: 0.6935 - val_loss: 0.7237 - learning_rate: 1.0000e-04
Epoch 3/20

Epoch 3: ReduceLROnPlateau reducing learning rate to 4.999999873689376e-05.
127/127 - 4s - 33ms/step - accuracy: 0.5005 - ce: 0.7017 - loss: 0.7317 - val_accuracy: 0.4302 - val_ce: 0.6941 - val_loss: 0.7177 - learning_rate: 1.0000e-04
Epoch 4/20
127/127 - 4s - 33ms/step - accuracy: 0.4198 - ce: 0.6941 - loss: 0.7155 - val_accuracy: 0.4302 - val_ce: 0.6939 - val_loss: 0.7148 - learning_rate: 5.0000e-05
Epoch 5/20

Epoch 5: ReduceLROnPlateau reducing learning rate to 2.499999936844688e-05.
127/127 - 4s - 33ms/step - accuracy: 0.4198 - ce: 0.6940 - loss: 0.7129 - val_accuracy: 0.4302 - val_ce: 0.6937 - val_loss: 0.7123 - learning_rate: 5.0000e-05
COLLAPSE: 100% of the validation predictions are in one class -> training is repeated once with lr 1e-05
Epoch 1/20
127/127 - 15s - 116ms/step - accuracy: 0.5535 - ce: 0.7409 - loss: 0.8018 - val_accuracy: 0.6425 - val_ce: 0.6517 - val_loss: 0.7023 - learning_rate: 1.0000e-05
Epoch 2/20
127/127 - 4s - 33ms/step - accuracy: 0.6485 - ce: 0.6286 - loss: 0.6822 - val_accuracy: 0.6341 - val_ce: 0.6520 - val_loss: 0.7021 - learning_rate: 1.0000e-05
Epoch 3/20

Epoch 3: ReduceLROnPlateau reducing learning rate to 4.999999873689376e-06.
127/127 - 4s - 33ms/step - accuracy: 0.7223 - ce: 0.5584 - loss: 0.6081 - val_accuracy: 0.6425 - val_ce: 0.6567 - val_loss: 0.7065 - learning_rate: 1.0000e-05
Epoch 4/20
127/127 - 4s - 33ms/step - accuracy: 0.8045 - ce: 0.4502 - loss: 0.5060 - val_accuracy: 0.6760 - val_ce: 0.6405 - val_loss: 0.6901 - learning_rate: 5.0000e-06
Epoch 5/20
127/127 - 4s - 33ms/step - accuracy: 0.8421 - ce: 0.4016 - loss: 0.4538 - val_accuracy: 0.6620 - val_ce: 0.6879 - val_loss: 0.7373 - learning_rate: 5.0000e-06
Epoch 6/20

Epoch 6: ReduceLROnPlateau reducing learning rate to 2.499999936844688e-06.
127/127 - 4s - 33ms/step - accuracy: 0.8653 - ce: 0.3505 - loss: 0.4027 - val_accuracy: 0.6816 - val_ce: 0.6767 - val_loss: 0.7261 - learning_rate: 5.0000e-06
Epoch 7/20
127/127 - 4s - 33ms/step - accuracy: 0.9079 - ce: 0.2909 - loss: 0.3424 - val_accuracy: 0.6508 - val_ce: 0.6959 - val_loss: 0.7452 - learning_rate: 2.5000e-06
Epoch 8/20

Epoch 8: ReduceLROnPlateau reducing learning rate to 1.249999968422344e-06.
127/127 - 4s - 33ms/step - accuracy: 0.9124 - ce: 0.2625 - loss: 0.3145 - val_accuracy: 0.6732 - val_ce: 0.7172 - val_loss: 0.7664 - learning_rate: 2.5000e-06
Fold 4: accuracy=0.6261  F1(w/m)=0.6276/0.6222  CE=0.6557  epochs=8  

===== Fold 5/5  05:37:33 =====
Class weights (balanced): Human-written=1.199  V2=0.858
Epoch 1/20
126/126 - 16s - 128ms/step - accuracy: 0.5266 - ce: 0.7273 - loss: 0.7728 - val_accuracy: 0.5168 - val_ce: 0.6929 - val_loss: 0.7351 - learning_rate: 1.0000e-04
Epoch 2/20
126/126 - 4s - 33ms/step - accuracy: 0.5356 - ce: 0.7003 - loss: 0.7386 - val_accuracy: 0.5838 - val_ce: 0.6897 - val_loss: 0.7232 - learning_rate: 1.0000e-04
Epoch 3/20
126/126 - 4s - 34ms/step - accuracy: 0.5794 - ce: 0.6908 - loss: 0.7165 - val_accuracy: 0.5642 - val_ce: 0.6842 - val_loss: 0.7113 - learning_rate: 1.0000e-04
Epoch 4/20
126/126 - 4s - 33ms/step - accuracy: 0.5849 - ce: 0.6816 - loss: 0.7034 - val_accuracy: 0.5531 - val_ce: 0.6819 - val_loss: 0.7044 - learning_rate: 1.0000e-04
Epoch 5/20
126/126 - 4s - 33ms/step - accuracy: 0.5754 - ce: 0.6835 - loss: 0.7045 - val_accuracy: 0.5866 - val_ce: 0.6860 - val_loss: 0.7049 - learning_rate: 1.0000e-04
Epoch 6/20
126/126 - 4s - 34ms/step - accuracy: 0.5973 - ce: 0.6795 - loss: 0.6929 - val_accuracy: 0.5810 - val_ce: 0.6756 - val_loss: 0.6919 - learning_rate: 1.0000e-04
Epoch 7/20
126/126 - 4s - 33ms/step - accuracy: 0.6078 - ce: 0.6779 - loss: 0.6918 - val_accuracy: 0.5978 - val_ce: 0.6725 - val_loss: 0.6868 - learning_rate: 1.0000e-04
Epoch 8/20
126/126 - 4s - 33ms/step - accuracy: 0.6122 - ce: 0.6710 - loss: 0.6831 - val_accuracy: 0.5894 - val_ce: 0.6702 - val_loss: 0.6828 - learning_rate: 1.0000e-04
Epoch 9/20
126/126 - 4s - 33ms/step - accuracy: 0.6192 - ce: 0.6643 - loss: 0.6786 - val_accuracy: 0.5615 - val_ce: 0.6884 - val_loss: 0.6997 - learning_rate: 1.0000e-04
Epoch 10/20

Epoch 10: ReduceLROnPlateau reducing learning rate to 4.999999873689376e-05.
126/126 - 4s - 33ms/step - accuracy: 0.6132 - ce: 0.6692 - loss: 0.6764 - val_accuracy: 0.5782 - val_ce: 0.6787 - val_loss: 0.6888 - learning_rate: 1.0000e-04
Epoch 11/20
126/126 - 4s - 33ms/step - accuracy: 0.6506 - ce: 0.6449 - loss: 0.6524 - val_accuracy: 0.6061 - val_ce: 0.7058 - val_loss: 0.7155 - learning_rate: 5.0000e-05
Epoch 12/20

Epoch 12: ReduceLROnPlateau reducing learning rate to 2.499999936844688e-05.
126/126 - 4s - 33ms/step - accuracy: 0.6645 - ce: 0.6266 - loss: 0.6357 - val_accuracy: 0.5894 - val_ce: 0.7317 - val_loss: 0.7409 - learning_rate: 5.0000e-05
Fold 5: accuracy=0.5808  F1(w/m)=0.5303/0.4998  CE=0.6829  epochs=12  

CV mean ± std:
  accuracy               0.6137 ± 0.0353
  balanced_accuracy      0.5808 ± 0.0518
  mcc                    0.1768 ± 0.0958
  cross_entropy          0.6597 ± 0.0268
  roc_auc                0.6230 ± 0.0650
  precision_macro        0.5985 ± 0.0425
  recall_macro           0.5808 ± 0.0518
  f1_macro               0.5635 ± 0.0725
  precision_micro        0.6137 ± 0.0353
  recall_micro           0.6137 ± 0.0353
  f1_micro               0.6137 ± 0.0353
  precision_weighted     0.6045 ± 0.0426
  recall_weighted        0.6137 ± 0.0353
  f1_weighted            0.5851 ± 0.0606

===== Final training  05:38:41 =====
Class weights (balanced): Human-written=1.190  V2=0.862
Epoch 1/20
153/153 - 16s - 105ms/step - accuracy: 0.4904 - ce: 0.7260 - loss: 0.7662 - val_accuracy: 0.5736 - val_ce: 0.6909 - val_loss: 0.7293 - learning_rate: 1.0000e-04
Epoch 2/20
153/153 - 5s - 33ms/step - accuracy: 0.5342 - ce: 0.6986 - loss: 0.7249 - val_accuracy: 0.5950 - val_ce: 0.6961 - val_loss: 0.7249 - learning_rate: 1.0000e-04
Epoch 3/20

Epoch 3: ReduceLROnPlateau reducing learning rate to 4.999999873689376e-05.
153/153 - 5s - 33ms/step - accuracy: 0.5877 - ce: 0.6889 - loss: 0.7108 - val_accuracy: 0.4360 - val_ce: 0.7684 - val_loss: 0.7906 - learning_rate: 1.0000e-04
Epoch 4/20
153/153 - 5s - 34ms/step - accuracy: 0.5677 - ce: 0.6906 - loss: 0.7027 - val_accuracy: 0.6008 - val_ce: 0.6863 - val_loss: 0.7061 - learning_rate: 5.0000e-05
Epoch 5/20
153/153 - 5s - 33ms/step - accuracy: 0.5877 - ce: 0.6840 - loss: 0.6987 - val_accuracy: 0.5717 - val_ce: 0.6872 - val_loss: 0.7050 - learning_rate: 5.0000e-05
Epoch 6/20
153/153 - 5s - 33ms/step - accuracy: 0.5881 - ce: 0.6791 - loss: 0.6900 - val_accuracy: 0.5950 - val_ce: 0.6797 - val_loss: 0.6957 - learning_rate: 5.0000e-05
Epoch 7/20
153/153 - 5s - 33ms/step - accuracy: 0.6098 - ce: 0.6754 - loss: 0.6861 - val_accuracy: 0.5872 - val_ce: 0.6854 - val_loss: 0.6999 - learning_rate: 5.0000e-05
Epoch 8/20
153/153 - 5s - 33ms/step - accuracy: 0.6082 - ce: 0.6726 - loss: 0.6806 - val_accuracy: 0.5969 - val_ce: 0.6781 - val_loss: 0.6912 - learning_rate: 5.0000e-05
Epoch 9/20
153/153 - 5s - 33ms/step - accuracy: 0.6360 - ce: 0.6597 - loss: 0.6672 - val_accuracy: 0.5407 - val_ce: 0.6947 - val_loss: 0.7067 - learning_rate: 5.0000e-05
Epoch 10/20
153/153 - 5s - 34ms/step - accuracy: 0.6466 - ce: 0.6498 - loss: 0.6564 - val_accuracy: 0.6047 - val_ce: 0.6693 - val_loss: 0.6804 - learning_rate: 5.0000e-05
Epoch 11/20
153/153 - 5s - 33ms/step - accuracy: 0.6642 - ce: 0.6268 - loss: 0.6363 - val_accuracy: 0.5969 - val_ce: 0.7082 - val_loss: 0.7185 - learning_rate: 5.0000e-05
Epoch 12/20

Epoch 12: ReduceLROnPlateau reducing learning rate to 2.499999936844688e-05.
153/153 - 5s - 33ms/step - accuracy: 0.7022 - ce: 0.5798 - loss: 0.5917 - val_accuracy: 0.5795 - val_ce: 0.7129 - val_loss: 0.7226 - learning_rate: 5.0000e-05
Epoch 13/20
153/153 - 5s - 33ms/step - accuracy: 0.7734 - ce: 0.4957 - loss: 0.5095 - val_accuracy: 0.6085 - val_ce: 0.8071 - val_loss: 0.8164 - learning_rate: 2.5000e-05
Epoch 14/20

Epoch 14: ReduceLROnPlateau reducing learning rate to 1.249999968422344e-05.
153/153 - 5s - 33ms/step - accuracy: 0.8078 - ce: 0.4257 - loss: 0.4421 - val_accuracy: 0.5969 - val_ce: 0.8498 - val_loss: 0.8589 - learning_rate: 2.5000e-05
               precision    recall  f1-score   support

Human-written     0.7031    0.1957    0.3061       230
           V2     0.6122    0.9389    0.7411       311

     accuracy                         0.6229       541
    macro avg     0.6576    0.5673    0.5236       541
 weighted avg     0.6508    0.6229    0.5562       541

Class distribution all  : {'Human-written': 1482, 'V2': 2020}  ratio {'Human-written': 0.4232, 'V2': 0.5768}
Class distribution train: {'Human-written': 1027, 'V2': 1418}  ratio {'Human-written': 0.42, 'V2': 0.58}
Class distribution val  : {'Human-written': 225, 'V2': 291}  ratio {'Human-written': 0.436, 'V2': 0.564}
Class distribution test : {'Human-written': 230, 'V2': 311}  ratio {'Human-written': 0.4251, 'V2': 0.5749}

subdataset15_graph_human_vs_v2_group_cv  VGG19 (relu, dropout 0.1, lr 0.0001)
CV mean    acc=0.6137  F1 w/m/micro=0.5851/0.5635/0.6137  P_w=0.6045  R_w=0.6137  CE=0.6597  AUC=0.6230  MCC=0.1768
VALIDATION acc=0.6047  F1 w/m/micro=0.5175/0.4859/0.6047  P_w=0.6583  R_w=0.6047  CE=0.6693  AUC=0.5668  MCC=0.1874
TEST       acc=0.6229  F1 w/m/micro=0.5562/0.5236/0.6229  P_w=0.6508  R_w=0.6229  CE=0.6626  AUC=0.6182  MCC=0.2060
TEST 95% CI: accuracy=[0.5804, 0.6617]  f1_weighted=[0.5038, 0.6043]  f1_macro=[0.4795, 0.5654]  mcc=[0.1195, 0.2838]  balanced_accuracy=[0.5381, 0.5962]
Outputs: Experiments/subdataset15/Group-Based Split/results/subdataset15_graph_human_vs_v2_group_cv
2026-10-03 05:40:16 FINISHED
