
====================================================================================================
2026-10-02 20:50:58  subdataset12_screenshot_human_vs_v2_group_cv  (config hash ffaabefdc47e)
Data    : Data/Subdataset_12
Classes : ['Human-written', 'V2']   Split: Group-Based Split
Model   : VGG19  activation=relu  dropout=0.1  lr=0.0001  trained=base from block5_* on  preprocessing=caffe  L2=0.0001
Training: at most 20 epochs, early stopping val_ce patience 4, batch 16, 320x320 (no cropping), mixed precision True
Output  : Experiments/subdataset12/Group-Based Split/results/subdataset12_screenshot_human_vs_v2_group_cv
Human-written (label 0): 2236 images
V2  (label 1): 2428 images
Total 4664 images
Groups: {'n_groups': 2294, 'groups_with_human_and_version': 2122, 'groups_with_all_classes': 2122, 'human_only_groups': 89, 'groups_without_human': 83, 'match_ratio': 0.9250217959895379, 'groups_merged_by_content': 1}
CHECK 4: human/version pairs found with the simple rule 2200, in different groups 0
Files whose folder and version tag in the name do not match (data unchanged): 91
Train     :  3250 (69.7%)  Human-written=1563 V2=1687
Validation:   706 (15.1%)  Human-written=333 V2=373
Test      :   708 (15.2%)  Human-written=340 V2=368
Fold 1: train=3181 (Human-written=1518 V2=1663)  evaluation=775 (Human-written=378 V2=397)
Fold 2: train=3177 (Human-written=1520 V2=1657)  evaluation=779 (Human-written=376 V2=403)
Fold 3: train=3146 (Human-written=1515 V2=1631)  evaluation=810 (Human-written=381 V2=429)
Fold 4: train=3147 (Human-written=1514 V2=1633)  evaluation=809 (Human-written=382 V2=427)
Fold 5: train=3173 (Human-written=1517 V2=1656)  evaluation=783 (Human-written=379 V2=404)
Leakage check PASSED.
TensorFlow 2.20.0 | GPU: [PhysicalDevice(name='/physical_device:GPU:0', device_type='GPU')]
Mixed precision: mixed_float16 (output layer float32)
Images loaded: 4664, 1.4 GB, 21 s

===== Fold 1/5  20:51:24 =====
Class weights (balanced): Human-written=1.047  V2=0.957
Model: base 22 layers, trained base layers 5 (first: block5_conv1); trained parameters 9,702,401 / 20,287,553
Epoch 1/20
169/169 - 22s - 131ms/step - accuracy: 0.6106 - ce: 0.6702 - loss: 0.7143 - val_accuracy: 0.6879 - val_ce: 0.5779 - val_loss: 0.6151 - learning_rate: 1.0000e-04
Epoch 2/20
169/169 - 5s - 32ms/step - accuracy: 0.7064 - ce: 0.5819 - loss: 0.6155 - val_accuracy: 0.7146 - val_ce: 0.5821 - val_loss: 0.6116 - learning_rate: 1.0000e-04
Epoch 3/20
169/169 - 5s - 33ms/step - accuracy: 0.7539 - ce: 0.5134 - loss: 0.5416 - val_accuracy: 0.7762 - val_ce: 0.4956 - val_loss: 0.5206 - learning_rate: 1.0000e-04
Epoch 4/20
169/169 - 6s - 33ms/step - accuracy: 0.7821 - ce: 0.4608 - loss: 0.4850 - val_accuracy: 0.6817 - val_ce: 0.7352 - val_loss: 0.7570 - learning_rate: 1.0000e-04
Epoch 5/20

Epoch 5: ReduceLROnPlateau reducing learning rate to 4.999999873689376e-05.
169/169 - 5s - 32ms/step - accuracy: 0.8003 - ce: 0.4403 - loss: 0.4601 - val_accuracy: 0.7967 - val_ce: 0.5195 - val_loss: 0.5394 - learning_rate: 1.0000e-04
Epoch 6/20
169/169 - 6s - 33ms/step - accuracy: 0.8608 - ce: 0.3293 - loss: 0.3489 - val_accuracy: 0.7639 - val_ce: 0.5754 - val_loss: 0.5945 - learning_rate: 5.0000e-05
Epoch 7/20

Epoch 7: ReduceLROnPlateau reducing learning rate to 2.499999936844688e-05.
169/169 - 5s - 32ms/step - accuracy: 0.8849 - ce: 0.2800 - loss: 0.2985 - val_accuracy: 0.7926 - val_ce: 0.5309 - val_loss: 0.5493 - learning_rate: 5.0000e-05
Fold 1: accuracy=0.7316  F1(w/m)=0.7315/0.7312  CE=0.5209  epochs=7  

===== Fold 2/5  20:52:26 =====
Class weights (balanced): Human-written=1.050  V2=0.955
Epoch 1/20
170/170 - 18s - 109ms/step - accuracy: 0.6182 - ce: 0.6619 - loss: 0.7072 - val_accuracy: 0.6525 - val_ce: 0.6163 - val_loss: 0.6538 - learning_rate: 1.0000e-04
Epoch 2/20
170/170 - 5s - 32ms/step - accuracy: 0.7079 - ce: 0.5697 - loss: 0.6027 - val_accuracy: 0.6738 - val_ce: 0.7161 - val_loss: 0.7456 - learning_rate: 1.0000e-04
Epoch 3/20
170/170 - 6s - 33ms/step - accuracy: 0.7533 - ce: 0.5059 - loss: 0.5320 - val_accuracy: 0.6844 - val_ce: 0.5574 - val_loss: 0.5810 - learning_rate: 1.0000e-04
Epoch 4/20
170/170 - 5s - 32ms/step - accuracy: 0.7710 - ce: 0.4683 - loss: 0.4903 - val_accuracy: 0.7143 - val_ce: 0.5929 - val_loss: 0.6128 - learning_rate: 1.0000e-04
Epoch 5/20

Epoch 5: ReduceLROnPlateau reducing learning rate to 4.999999873689376e-05.
170/170 - 5s - 32ms/step - accuracy: 0.8069 - ce: 0.4291 - loss: 0.4477 - val_accuracy: 0.7313 - val_ce: 0.6004 - val_loss: 0.6180 - learning_rate: 1.0000e-04
Epoch 6/20
170/170 - 5s - 32ms/step - accuracy: 0.8434 - ce: 0.3449 - loss: 0.3625 - val_accuracy: 0.7505 - val_ce: 0.5659 - val_loss: 0.5826 - learning_rate: 5.0000e-05
Epoch 7/20

Epoch 7: ReduceLROnPlateau reducing learning rate to 2.499999936844688e-05.
170/170 - 6s - 32ms/step - accuracy: 0.8763 - ce: 0.2889 - loss: 0.3054 - val_accuracy: 0.7356 - val_ce: 0.5745 - val_loss: 0.5905 - learning_rate: 5.0000e-05
Fold 2: accuracy=0.7407  F1(w/m)=0.7391/0.7397  CE=0.5118  epochs=7  

===== Fold 3/5  20:53:25 =====
Class weights (balanced): Human-written=1.040  V2=0.963
Epoch 1/20
168/168 - 18s - 110ms/step - accuracy: 0.6030 - ce: 0.6676 - loss: 0.7097 - val_accuracy: 0.5944 - val_ce: 0.6471 - val_loss: 0.6819 - learning_rate: 1.0000e-04
Epoch 2/20
168/168 - 5s - 33ms/step - accuracy: 0.7037 - ce: 0.5745 - loss: 0.6047 - val_accuracy: 0.7318 - val_ce: 0.5502 - val_loss: 0.5757 - learning_rate: 1.0000e-04
Epoch 3/20
168/168 - 5s - 33ms/step - accuracy: 0.7481 - ce: 0.5221 - loss: 0.5456 - val_accuracy: 0.7639 - val_ce: 0.4801 - val_loss: 0.5001 - learning_rate: 1.0000e-04
Epoch 4/20
168/168 - 5s - 32ms/step - accuracy: 0.7765 - ce: 0.4713 - loss: 0.4887 - val_accuracy: 0.7489 - val_ce: 0.5146 - val_loss: 0.5313 - learning_rate: 1.0000e-04
Epoch 5/20

Epoch 5: ReduceLROnPlateau reducing learning rate to 4.999999873689376e-05.
168/168 - 5s - 32ms/step - accuracy: 0.8049 - ce: 0.4232 - loss: 0.4387 - val_accuracy: 0.7918 - val_ce: 0.4807 - val_loss: 0.4953 - learning_rate: 1.0000e-04
Epoch 6/20
168/168 - 6s - 33ms/step - accuracy: 0.8582 - ce: 0.3265 - loss: 0.3404 - val_accuracy: 0.7747 - val_ce: 0.5743 - val_loss: 0.5881 - learning_rate: 5.0000e-05
Epoch 7/20

Epoch 7: ReduceLROnPlateau reducing learning rate to 2.499999936844688e-05.
168/168 - 5s - 32ms/step - accuracy: 0.8791 - ce: 0.2835 - loss: 0.2970 - val_accuracy: 0.7661 - val_ce: 0.7587 - val_loss: 0.7719 - learning_rate: 5.0000e-05
Fold 3: accuracy=0.7395  F1(w/m)=0.7396/0.7395  CE=0.5225  epochs=7  

===== Fold 4/5  20:54:24 =====
Class weights (balanced): Human-written=1.038  V2=0.965
Epoch 1/20
167/167 - 20s - 118ms/step - accuracy: 0.6308 - ce: 0.6616 - loss: 0.7060 - val_accuracy: 0.6722 - val_ce: 0.6002 - val_loss: 0.6381 - learning_rate: 1.0000e-04
Epoch 2/20
167/167 - 5s - 33ms/step - accuracy: 0.7174 - ce: 0.5703 - loss: 0.6032 - val_accuracy: 0.6033 - val_ce: 0.7312 - val_loss: 0.7601 - learning_rate: 1.0000e-04
Epoch 3/20
167/167 - 5s - 33ms/step - accuracy: 0.7654 - ce: 0.5241 - loss: 0.5504 - val_accuracy: 0.7265 - val_ce: 0.5428 - val_loss: 0.5667 - learning_rate: 1.0000e-04
Epoch 4/20
167/167 - 5s - 32ms/step - accuracy: 0.7597 - ce: 0.5004 - loss: 0.5231 - val_accuracy: 0.7223 - val_ce: 0.5598 - val_loss: 0.5806 - learning_rate: 1.0000e-04
Epoch 5/20
167/167 - 6s - 33ms/step - accuracy: 0.7867 - ce: 0.4561 - loss: 0.4751 - val_accuracy: 0.7453 - val_ce: 0.5178 - val_loss: 0.5364 - learning_rate: 1.0000e-04
Epoch 6/20
167/167 - 5s - 33ms/step - accuracy: 0.8073 - ce: 0.4278 - loss: 0.4462 - val_accuracy: 0.7620 - val_ce: 0.4917 - val_loss: 0.5087 - learning_rate: 1.0000e-04
Epoch 7/20
167/167 - 5s - 33ms/step - accuracy: 0.8456 - ce: 0.3521 - loss: 0.3684 - val_accuracy: 0.7474 - val_ce: 0.5372 - val_loss: 0.5531 - learning_rate: 1.0000e-04
Epoch 8/20

Epoch 8: ReduceLROnPlateau reducing learning rate to 4.999999873689376e-05.
167/167 - 5s - 32ms/step - accuracy: 0.8737 - ce: 0.3040 - loss: 0.3187 - val_accuracy: 0.7641 - val_ce: 0.6336 - val_loss: 0.6485 - learning_rate: 1.0000e-04
Epoch 9/20
167/167 - 5s - 33ms/step - accuracy: 0.9029 - ce: 0.2227 - loss: 0.2372 - val_accuracy: 0.7432 - val_ce: 0.9167 - val_loss: 0.9311 - learning_rate: 5.0000e-05
Epoch 10/20

Epoch 10: ReduceLROnPlateau reducing learning rate to 2.499999936844688e-05.
167/167 - 5s - 32ms/step - accuracy: 0.9303 - ce: 0.1634 - loss: 0.1778 - val_accuracy: 0.7474 - val_ce: 0.7678 - val_loss: 0.7818 - learning_rate: 5.0000e-05
Fold 4: accuracy=0.7701  F1(w/m)=0.7691/0.7678  CE=0.4736  epochs=10  

===== Fold 5/5  20:55:40 =====
Class weights (balanced): Human-written=1.045  V2=0.958
Epoch 1/20
169/169 - 18s - 107ms/step - accuracy: 0.6063 - ce: 0.6740 - loss: 0.7181 - val_accuracy: 0.7008 - val_ce: 0.5573 - val_loss: 0.5921 - learning_rate: 1.0000e-04
Epoch 2/20
169/169 - 6s - 33ms/step - accuracy: 0.6950 - ce: 0.5952 - loss: 0.6251 - val_accuracy: 0.7301 - val_ce: 0.5300 - val_loss: 0.5552 - learning_rate: 1.0000e-04
Epoch 3/20
169/169 - 5s - 32ms/step - accuracy: 0.7440 - ce: 0.5300 - loss: 0.5523 - val_accuracy: 0.7197 - val_ce: 0.5543 - val_loss: 0.5734 - learning_rate: 1.0000e-04
Epoch 4/20

Epoch 4: ReduceLROnPlateau reducing learning rate to 4.999999873689376e-05.
169/169 - 5s - 32ms/step - accuracy: 0.7818 - ce: 0.4722 - loss: 0.4891 - val_accuracy: 0.7322 - val_ce: 0.6152 - val_loss: 0.6307 - learning_rate: 1.0000e-04
Epoch 5/20
169/169 - 6s - 33ms/step - accuracy: 0.8223 - ce: 0.4047 - loss: 0.4196 - val_accuracy: 0.7741 - val_ce: 0.5117 - val_loss: 0.5260 - learning_rate: 5.0000e-05
Epoch 6/20
169/169 - 5s - 32ms/step - accuracy: 0.8471 - ce: 0.3556 - loss: 0.3699 - val_accuracy: 0.7552 - val_ce: 0.5233 - val_loss: 0.5366 - learning_rate: 5.0000e-05
Epoch 7/20

Epoch 7: ReduceLROnPlateau reducing learning rate to 2.499999936844688e-05.
169/169 - 5s - 32ms/step - accuracy: 0.8716 - ce: 0.3086 - loss: 0.3217 - val_accuracy: 0.7406 - val_ce: 0.6504 - val_loss: 0.6629 - learning_rate: 5.0000e-05
Epoch 8/20
169/169 - 5s - 32ms/step - accuracy: 0.9061 - ce: 0.2180 - loss: 0.2302 - val_accuracy: 0.7699 - val_ce: 0.6413 - val_loss: 0.6535 - learning_rate: 2.5000e-05
Epoch 9/20

Epoch 9: ReduceLROnPlateau reducing learning rate to 1.249999968422344e-05.
169/169 - 5s - 32ms/step - accuracy: 0.9265 - ce: 0.1824 - loss: 0.1943 - val_accuracy: 0.7636 - val_ce: 0.7157 - val_loss: 0.7275 - learning_rate: 2.5000e-05
Fold 5: accuracy=0.7433  F1(w/m)=0.7415/0.7407  CE=0.5615  epochs=9  

CV mean ± std:
  accuracy               0.7450 ± 0.0147
  balanced_accuracy      0.7449 ± 0.0132
  mcc                    0.4933 ± 0.0279
  cross_entropy          0.5181 ± 0.0314
  roc_auc                0.8350 ± 0.0165
  precision_macro        0.7484 ± 0.0148
  recall_macro           0.7449 ± 0.0132
  f1_macro               0.7438 ± 0.0139
  precision_micro        0.7450 ± 0.0147
  recall_micro           0.7450 ± 0.0147
  f1_micro               0.7450 ± 0.0147
  precision_weighted     0.7490 ± 0.0144
  recall_weighted        0.7450 ± 0.0147
  f1_weighted            0.7442 ± 0.0144

===== Final training  20:56:48 =====
Class weights (balanced): Human-written=1.040  V2=0.963
Epoch 1/20
204/204 - 17s - 85ms/step - accuracy: 0.6317 - ce: 0.6495 - loss: 0.6908 - val_accuracy: 0.6799 - val_ce: 0.6329 - val_loss: 0.6670 - learning_rate: 1.0000e-04
Epoch 2/20
204/204 - 7s - 33ms/step - accuracy: 0.7222 - ce: 0.5464 - loss: 0.5762 - val_accuracy: 0.7323 - val_ce: 0.5440 - val_loss: 0.5692 - learning_rate: 1.0000e-04
Epoch 3/20
204/204 - 7s - 33ms/step - accuracy: 0.7437 - ce: 0.5414 - loss: 0.5647 - val_accuracy: 0.7280 - val_ce: 0.5486 - val_loss: 0.5689 - learning_rate: 1.0000e-04
Epoch 4/20

Epoch 4: ReduceLROnPlateau reducing learning rate to 4.999999873689376e-05.
204/204 - 7s - 33ms/step - accuracy: 0.7732 - ce: 0.4756 - loss: 0.4942 - val_accuracy: 0.7280 - val_ce: 0.5753 - val_loss: 0.5927 - learning_rate: 1.0000e-04
Epoch 5/20
204/204 - 7s - 33ms/step - accuracy: 0.8228 - ce: 0.3872 - loss: 0.4044 - val_accuracy: 0.7436 - val_ce: 0.6095 - val_loss: 0.6258 - learning_rate: 5.0000e-05
Epoch 6/20

Epoch 6: ReduceLROnPlateau reducing learning rate to 2.499999936844688e-05.
204/204 - 7s - 33ms/step - accuracy: 0.8468 - ce: 0.3473 - loss: 0.3631 - val_accuracy: 0.7465 - val_ce: 0.6754 - val_loss: 0.6908 - learning_rate: 5.0000e-05
               precision    recall  f1-score   support

Human-written     0.8284    0.6529    0.7303       340
           V2     0.7318    0.8750    0.7970       368

     accuracy                         0.7684       708
    macro avg     0.7801    0.7640    0.7636       708
 weighted avg     0.7782    0.7684    0.7650       708

Class distribution all  : {'Human-written': 2236, 'V2': 2428}  ratio {'Human-written': 0.4794, 'V2': 0.5206}
Class distribution train: {'Human-written': 1563, 'V2': 1687}  ratio {'Human-written': 0.4809, 'V2': 0.5191}
Class distribution val  : {'Human-written': 333, 'V2': 373}  ratio {'Human-written': 0.4717, 'V2': 0.5283}
Class distribution test : {'Human-written': 340, 'V2': 368}  ratio {'Human-written': 0.4802, 'V2': 0.5198}

subdataset12_screenshot_human_vs_v2_group_cv  VGG19 (relu, dropout 0.1, lr 0.0001)
CV mean    acc=0.7450  F1 w/m/micro=0.7442/0.7438/0.7450  P_w=0.7490  R_w=0.7450  CE=0.5181  AUC=0.8350  MCC=0.4933
VALIDATION acc=0.7323  F1 w/m/micro=0.7298/0.7278/0.7323  P_w=0.7351  R_w=0.7323  CE=0.5440  AUC=0.8111  MCC=0.4634
TEST       acc=0.7684  F1 w/m/micro=0.7650/0.7636/0.7684  P_w=0.7782  R_w=0.7684  CE=0.4978  AUC=0.8470  MCC=0.5438
TEST 95% CI: accuracy=[0.7373, 0.7995]  f1_weighted=[0.7328, 0.7974]  f1_macro=[0.7310, 0.7963]  mcc=[0.4832, 0.6072]  balanced_accuracy=[0.7333, 0.7954]
Outputs: Experiments/subdataset12/Group-Based Split/results/subdataset12_screenshot_human_vs_v2_group_cv
2026-10-02 20:57:52 FINISHED
