
====================================================================================================
2026-10-02 20:48:07  subdataset14_screenshot_human_vs_v4_group_cv  (config hash 1dc0e9b04d44)
Data    : Data/Subdataset_14
Classes : ['Human-written', 'V4']   Split: Group-Based Split
Model   : VGG19  activation=sigmoid  dropout=0.1  lr=0.0001  trained=base from block5_* on  preprocessing=caffe  L2=0.0001
Training: at most 20 epochs, early stopping val_ce patience 4, batch 16, 320x320 (no cropping), mixed precision True
Output  : Experiments/subdataset14/Group-Based Split/results/subdataset14_screenshot_human_vs_v4_group_cv
Human-written (label 0): 1218 images
V4  (label 1): 1019 images
Total 2237 images
Groups: {'n_groups': 1237, 'groups_with_human_and_version': 920, 'groups_with_all_classes': 920, 'human_only_groups': 285, 'groups_without_human': 32, 'match_ratio': 0.7437348423605498, 'groups_merged_by_content': 1}
CHECK 4: human/version pairs found with the simple rule 956, in different groups 0
Files whose folder and version tag in the name do not match (data unchanged): 28
Train     :  1565 (70.0%)  Human-written=848 V4=717
Validation:   344 (15.4%)  Human-written=185 V4=159
Test      :   328 (14.7%)  Human-written=185 V4=143
Fold 1: train=1526 (Human-written=825 V4=701)  evaluation=383 (Human-written=208 V4=175)
Fold 2: train=1528 (Human-written=829 V4=699)  evaluation=381 (Human-written=204 V4=177)
Fold 3: train=1517 (Human-written=828 V4=689)  evaluation=392 (Human-written=205 V4=187)
Fold 4: train=1530 (Human-written=825 V4=705)  evaluation=379 (Human-written=208 V4=171)
Fold 5: train=1535 (Human-written=825 V4=710)  evaluation=374 (Human-written=208 V4=166)
Leakage check PASSED.
TensorFlow 2.20.0 | GPU: [PhysicalDevice(name='/physical_device:GPU:0', device_type='GPU')]
Mixed precision: mixed_float16 (output layer float32)
Images loaded: 2237, 0.7 GB, 2 s

===== Fold 1/5  20:48:11 =====
Class weights (balanced): Human-written=0.920  V4=1.096
Fold 1: accuracy=nan  F1(w/m)=nan/nan  CE=nan  epochs=-  InternalError: {{function_node __wrapped__Cast_device_/job:localhost/replica:0/task:0/device:GPU:0}} 'cuLaunchKernel(function, gridX, gridY, gridZ, blockX, blockY, blockZ, 0, reinterpret_cast<CUstream>(stream), params, nullptr)' failed with 'CUDA_ERROR_INVALID_HANDLE' [Op:Cast] name: 

===== Fold 2/5  20:48:12 =====
Class weights (balanced): Human-written=0.923  V4=1.091
Fold 2: accuracy=nan  F1(w/m)=nan/nan  CE=nan  epochs=-  InternalError: {{function_node __wrapped__Cast_device_/job:localhost/replica:0/task:0/device:GPU:0}} 'cuLaunchKernel(function, gridX, gridY, gridZ, blockX, blockY, blockZ, 0, reinterpret_cast<CUstream>(stream), params, nullptr)' failed with 'CUDA_ERROR_INVALID_HANDLE' [Op:Cast] name: 

===== Fold 3/5  20:48:13 =====
Class weights (balanced): Human-written=0.912  V4=1.107
Fold 3: accuracy=nan  F1(w/m)=nan/nan  CE=nan  epochs=-  InternalError: {{function_node __wrapped__Cast_device_/job:localhost/replica:0/task:0/device:GPU:0}} 'cuLaunchKernel(function, gridX, gridY, gridZ, blockX, blockY, blockZ, 0, reinterpret_cast<CUstream>(stream), params, nullptr)' failed with 'CUDA_ERROR_INVALID_HANDLE' [Op:Cast] name: 

===== Fold 4/5  20:48:13 =====
Class weights (balanced): Human-written=0.931  V4=1.081
Fold 4: accuracy=nan  F1(w/m)=nan/nan  CE=nan  epochs=-  InternalError: {{function_node __wrapped__Cast_device_/job:localhost/replica:0/task:0/device:GPU:0}} 'cuLaunchKernel(function, gridX, gridY, gridZ, blockX, blockY, blockZ, 0, reinterpret_cast<CUstream>(stream), params, nullptr)' failed with 'CUDA_ERROR_INVALID_HANDLE' [Op:Cast] name: 

===== Fold 5/5  20:48:14 =====
Class weights (balanced): Human-written=0.934  V4=1.076
Fold 5: accuracy=nan  F1(w/m)=nan/nan  CE=nan  epochs=-  InternalError: {{function_node __wrapped__Cast_device_/job:localhost/replica:0/task:0/device:GPU:0}} 'cuLaunchKernel(function, gridX, gridY, gridZ, blockX, blockY, blockZ, 0, reinterpret_cast<CUstream>(stream), params, nullptr)' failed with 'CUDA_ERROR_INVALID_HANDLE' [Op:Cast] name: 
Traceback (most recent call last):
  File "Experiments/subdataset14/Group-Based Split/subdataset14_screenshot_human_vs_v4_group_cv.py", line 653, in <module>
    assert len(cv) == CV_FOLDS, f"not all {CV_FOLDS} folds are complete ({len(cv)}); run the script again (it resumes from the missing fold)."
           ^^^^^^^^^^^^^^^^^^^
AssertionError: not all 5 folds are complete (0); run the script again (it resumes from the missing fold).

====================================================================================================
2026-10-02 20:48:16  subdataset14_screenshot_human_vs_v4_group_cv  (config hash 1dc0e9b04d44)
Data    : Data/Subdataset_14
Classes : ['Human-written', 'V4']   Split: Group-Based Split
Model   : VGG19  activation=sigmoid  dropout=0.1  lr=0.0001  trained=base from block5_* on  preprocessing=caffe  L2=0.0001
Training: at most 20 epochs, early stopping val_ce patience 4, batch 16, 320x320 (no cropping), mixed precision True
Output  : Experiments/subdataset14/Group-Based Split/results/subdataset14_screenshot_human_vs_v4_group_cv
Human-written (label 0): 1218 images
V4  (label 1): 1019 images
Total 2237 images
Groups: {'n_groups': 1237, 'groups_with_human_and_version': 920, 'groups_with_all_classes': 920, 'human_only_groups': 285, 'groups_without_human': 32, 'match_ratio': 0.7437348423605498, 'groups_merged_by_content': 1}
CHECK 4: human/version pairs found with the simple rule 956, in different groups 0
Files whose folder and version tag in the name do not match (data unchanged): 28
Train     :  1565 (70.0%)  Human-written=848 V4=717
Validation:   344 (15.4%)  Human-written=185 V4=159
Test      :   328 (14.7%)  Human-written=185 V4=143
Fold 1: train=1526 (Human-written=825 V4=701)  evaluation=383 (Human-written=208 V4=175)
Fold 2: train=1528 (Human-written=829 V4=699)  evaluation=381 (Human-written=204 V4=177)
Fold 3: train=1517 (Human-written=828 V4=689)  evaluation=392 (Human-written=205 V4=187)
Fold 4: train=1530 (Human-written=825 V4=705)  evaluation=379 (Human-written=208 V4=171)
Fold 5: train=1535 (Human-written=825 V4=710)  evaluation=374 (Human-written=208 V4=166)
Leakage check PASSED.
TensorFlow 2.20.0 | GPU: [PhysicalDevice(name='/physical_device:GPU:0', device_type='GPU')]
Mixed precision: mixed_float16 (output layer float32)
Images loaded: 2237, 0.7 GB, 2 s
Previously completed folds: [] (will be skipped)

===== Fold 1/5  20:48:21 =====
Class weights (balanced): Human-written=0.920  V4=1.096
Fold 1: accuracy=nan  F1(w/m)=nan/nan  CE=nan  epochs=-  InternalError: {{function_node __wrapped__Cast_device_/job:localhost/replica:0/task:0/device:GPU:0}} 'cuLaunchKernel(function, gridX, gridY, gridZ, blockX, blockY, blockZ, 0, reinterpret_cast<CUstream>(stream), params, nullptr)' failed with 'CUDA_ERROR_INVALID_HANDLE' [Op:Cast] name: 

===== Fold 2/5  20:48:22 =====
Class weights (balanced): Human-written=0.923  V4=1.091
Fold 2: accuracy=nan  F1(w/m)=nan/nan  CE=nan  epochs=-  InternalError: {{function_node __wrapped__Cast_device_/job:localhost/replica:0/task:0/device:GPU:0}} 'cuLaunchKernel(function, gridX, gridY, gridZ, blockX, blockY, blockZ, 0, reinterpret_cast<CUstream>(stream), params, nullptr)' failed with 'CUDA_ERROR_INVALID_HANDLE' [Op:Cast] name: 

===== Fold 3/5  20:48:22 =====
Class weights (balanced): Human-written=0.912  V4=1.107
Fold 3: accuracy=nan  F1(w/m)=nan/nan  CE=nan  epochs=-  InternalError: {{function_node __wrapped__Cast_device_/job:localhost/replica:0/task:0/device:GPU:0}} 'cuLaunchKernel(function, gridX, gridY, gridZ, blockX, blockY, blockZ, 0, reinterpret_cast<CUstream>(stream), params, nullptr)' failed with 'CUDA_ERROR_INVALID_HANDLE' [Op:Cast] name: 

===== Fold 4/5  20:48:23 =====
Class weights (balanced): Human-written=0.931  V4=1.081
Fold 4: accuracy=nan  F1(w/m)=nan/nan  CE=nan  epochs=-  InternalError: {{function_node __wrapped__Cast_device_/job:localhost/replica:0/task:0/device:GPU:0}} 'cuLaunchKernel(function, gridX, gridY, gridZ, blockX, blockY, blockZ, 0, reinterpret_cast<CUstream>(stream), params, nullptr)' failed with 'CUDA_ERROR_INVALID_HANDLE' [Op:Cast] name: 

===== Fold 5/5  20:48:23 =====
Class weights (balanced): Human-written=0.934  V4=1.076
Fold 5: accuracy=nan  F1(w/m)=nan/nan  CE=nan  epochs=-  InternalError: {{function_node __wrapped__Cast_device_/job:localhost/replica:0/task:0/device:GPU:0}} 'cuLaunchKernel(function, gridX, gridY, gridZ, blockX, blockY, blockZ, 0, reinterpret_cast<CUstream>(stream), params, nullptr)' failed with 'CUDA_ERROR_INVALID_HANDLE' [Op:Cast] name: 
Traceback (most recent call last):
  File "Experiments/subdataset14/Group-Based Split/subdataset14_screenshot_human_vs_v4_group_cv.py", line 653, in <module>
    assert len(cv) == CV_FOLDS, f"not all {CV_FOLDS} folds are complete ({len(cv)}); run the script again (it resumes from the missing fold)."
           ^^^^^^^^^^^^^^^^^^^
AssertionError: not all 5 folds are complete (0); run the script again (it resumes from the missing fold).

====================================================================================================
2026-10-02 20:48:26  subdataset14_screenshot_human_vs_v4_group_cv  (config hash 1dc0e9b04d44)
Data    : Data/Subdataset_14
Classes : ['Human-written', 'V4']   Split: Group-Based Split
Model   : VGG19  activation=sigmoid  dropout=0.1  lr=0.0001  trained=base from block5_* on  preprocessing=caffe  L2=0.0001
Training: at most 20 epochs, early stopping val_ce patience 4, batch 16, 320x320 (no cropping), mixed precision True
Output  : Experiments/subdataset14/Group-Based Split/results/subdataset14_screenshot_human_vs_v4_group_cv
Human-written (label 0): 1218 images
V4  (label 1): 1019 images
Total 2237 images
Groups: {'n_groups': 1237, 'groups_with_human_and_version': 920, 'groups_with_all_classes': 920, 'human_only_groups': 285, 'groups_without_human': 32, 'match_ratio': 0.7437348423605498, 'groups_merged_by_content': 1}
CHECK 4: human/version pairs found with the simple rule 956, in different groups 0
Files whose folder and version tag in the name do not match (data unchanged): 28
Train     :  1565 (70.0%)  Human-written=848 V4=717
Validation:   344 (15.4%)  Human-written=185 V4=159
Test      :   328 (14.7%)  Human-written=185 V4=143
Fold 1: train=1526 (Human-written=825 V4=701)  evaluation=383 (Human-written=208 V4=175)
Fold 2: train=1528 (Human-written=829 V4=699)  evaluation=381 (Human-written=204 V4=177)
Fold 3: train=1517 (Human-written=828 V4=689)  evaluation=392 (Human-written=205 V4=187)
Fold 4: train=1530 (Human-written=825 V4=705)  evaluation=379 (Human-written=208 V4=171)
Fold 5: train=1535 (Human-written=825 V4=710)  evaluation=374 (Human-written=208 V4=166)
Leakage check PASSED.
TensorFlow 2.20.0 | GPU: [PhysicalDevice(name='/physical_device:GPU:0', device_type='GPU')]
Mixed precision: mixed_float16 (output layer float32)
Images loaded: 2237, 0.7 GB, 2 s
Previously completed folds: [] (will be skipped)

===== Fold 1/5  20:48:30 =====
Class weights (balanced): Human-written=0.920  V4=1.096
Fold 1: accuracy=nan  F1(w/m)=nan/nan  CE=nan  epochs=-  InternalError: {{function_node __wrapped__Cast_device_/job:localhost/replica:0/task:0/device:GPU:0}} 'cuLaunchKernel(function, gridX, gridY, gridZ, blockX, blockY, blockZ, 0, reinterpret_cast<CUstream>(stream), params, nullptr)' failed with 'CUDA_ERROR_INVALID_HANDLE' [Op:Cast] name: 

===== Fold 2/5  20:48:31 =====
Class weights (balanced): Human-written=0.923  V4=1.091
Fold 2: accuracy=nan  F1(w/m)=nan/nan  CE=nan  epochs=-  InternalError: {{function_node __wrapped__Cast_device_/job:localhost/replica:0/task:0/device:GPU:0}} 'cuLaunchKernel(function, gridX, gridY, gridZ, blockX, blockY, blockZ, 0, reinterpret_cast<CUstream>(stream), params, nullptr)' failed with 'CUDA_ERROR_INVALID_HANDLE' [Op:Cast] name: 

===== Fold 3/5  20:48:31 =====
Class weights (balanced): Human-written=0.912  V4=1.107
Fold 3: accuracy=nan  F1(w/m)=nan/nan  CE=nan  epochs=-  InternalError: {{function_node __wrapped__Cast_device_/job:localhost/replica:0/task:0/device:GPU:0}} 'cuLaunchKernel(function, gridX, gridY, gridZ, blockX, blockY, blockZ, 0, reinterpret_cast<CUstream>(stream), params, nullptr)' failed with 'CUDA_ERROR_INVALID_HANDLE' [Op:Cast] name: 

===== Fold 4/5  20:48:32 =====
Class weights (balanced): Human-written=0.931  V4=1.081
Fold 4: accuracy=nan  F1(w/m)=nan/nan  CE=nan  epochs=-  InternalError: {{function_node __wrapped__Cast_device_/job:localhost/replica:0/task:0/device:GPU:0}} 'cuLaunchKernel(function, gridX, gridY, gridZ, blockX, blockY, blockZ, 0, reinterpret_cast<CUstream>(stream), params, nullptr)' failed with 'CUDA_ERROR_INVALID_HANDLE' [Op:Cast] name: 

===== Fold 5/5  20:48:33 =====
Class weights (balanced): Human-written=0.934  V4=1.076
Fold 5: accuracy=nan  F1(w/m)=nan/nan  CE=nan  epochs=-  InternalError: {{function_node __wrapped__Cast_device_/job:localhost/replica:0/task:0/device:GPU:0}} 'cuLaunchKernel(function, gridX, gridY, gridZ, blockX, blockY, blockZ, 0, reinterpret_cast<CUstream>(stream), params, nullptr)' failed with 'CUDA_ERROR_INVALID_HANDLE' [Op:Cast] name: 
Traceback (most recent call last):
  File "Experiments/subdataset14/Group-Based Split/subdataset14_screenshot_human_vs_v4_group_cv.py", line 653, in <module>
    assert len(cv) == CV_FOLDS, f"not all {CV_FOLDS} folds are complete ({len(cv)}); run the script again (it resumes from the missing fold)."
           ^^^^^^^^^^^^^^^^^^^
AssertionError: not all 5 folds are complete (0); run the script again (it resumes from the missing fold).

====================================================================================================
2026-10-02 22:36:27  subdataset14_screenshot_human_vs_v4_group_cv  (config hash 1dc0e9b04d44)
Data    : Data/Subdataset_14
Classes : ['Human-written', 'V4']   Split: Group-Based Split
Model   : VGG19  activation=sigmoid  dropout=0.1  lr=0.0001  trained=base from block5_* on  preprocessing=caffe  L2=0.0001
Training: at most 20 epochs, early stopping val_ce patience 4, batch 16, 320x320 (no cropping), mixed precision True
Output  : Experiments/subdataset14/Group-Based Split/results/subdataset14_screenshot_human_vs_v4_group_cv
Human-written (label 0): 1218 images
V4  (label 1): 1019 images
Total 2237 images
Groups: {'n_groups': 1237, 'groups_with_human_and_version': 920, 'groups_with_all_classes': 920, 'human_only_groups': 285, 'groups_without_human': 32, 'match_ratio': 0.7437348423605498, 'groups_merged_by_content': 1}
CHECK 4: human/version pairs found with the simple rule 956, in different groups 0
Files whose folder and version tag in the name do not match (data unchanged): 28
Train     :  1565 (70.0%)  Human-written=848 V4=717
Validation:   344 (15.4%)  Human-written=185 V4=159
Test      :   328 (14.7%)  Human-written=185 V4=143
Fold 1: train=1526 (Human-written=825 V4=701)  evaluation=383 (Human-written=208 V4=175)
Fold 2: train=1528 (Human-written=829 V4=699)  evaluation=381 (Human-written=204 V4=177)
Fold 3: train=1517 (Human-written=828 V4=689)  evaluation=392 (Human-written=205 V4=187)
Fold 4: train=1530 (Human-written=825 V4=705)  evaluation=379 (Human-written=208 V4=171)
Fold 5: train=1535 (Human-written=825 V4=710)  evaluation=374 (Human-written=208 V4=166)
Leakage check PASSED.
TensorFlow 2.20.0 | GPU: [PhysicalDevice(name='/physical_device:GPU:0', device_type='GPU')]
Mixed precision: mixed_float16 (output layer float32)
Images loaded: 2237, 0.7 GB, 11 s
Previously completed folds: [] (will be skipped)

===== Fold 1/5  22:36:48 =====
Class weights (balanced): Human-written=0.920  V4=1.096
Model: base 22 layers, trained base layers 5 (first: block5_conv1); trained parameters 9,702,401 / 20,287,553
Epoch 1/20
81/81 - 21s - 258ms/step - accuracy: 0.6953 - ce: 0.5859 - loss: 0.6365 - val_accuracy: 0.7811 - val_ce: 0.4673 - val_loss: 0.5111 - learning_rate: 1.0000e-04
Epoch 2/20
81/81 - 3s - 37ms/step - accuracy: 0.7587 - ce: 0.5146 - loss: 0.5545 - val_accuracy: 0.8026 - val_ce: 0.4386 - val_loss: 0.4770 - learning_rate: 1.0000e-04
Epoch 3/20
81/81 - 3s - 37ms/step - accuracy: 0.8051 - ce: 0.4513 - loss: 0.4897 - val_accuracy: 0.6652 - val_ce: 0.6489 - val_loss: 0.6835 - learning_rate: 1.0000e-04
Epoch 4/20

Epoch 4: ReduceLROnPlateau reducing learning rate to 4.999999873689376e-05.
81/81 - 3s - 37ms/step - accuracy: 0.8376 - ce: 0.3872 - loss: 0.4254 - val_accuracy: 0.7639 - val_ce: 0.5308 - val_loss: 0.5623 - learning_rate: 1.0000e-04
Epoch 5/20
81/81 - 3s - 38ms/step - accuracy: 0.8770 - ce: 0.3075 - loss: 0.3375 - val_accuracy: 0.8712 - val_ce: 0.3126 - val_loss: 0.3429 - learning_rate: 5.0000e-05
Epoch 6/20
81/81 - 3s - 36ms/step - accuracy: 0.9080 - ce: 0.2413 - loss: 0.2721 - val_accuracy: 0.8670 - val_ce: 0.3787 - val_loss: 0.4076 - learning_rate: 5.0000e-05
Epoch 7/20

Epoch 7: ReduceLROnPlateau reducing learning rate to 2.499999936844688e-05.
81/81 - 3s - 36ms/step - accuracy: 0.9219 - ce: 0.1942 - loss: 0.2232 - val_accuracy: 0.8841 - val_ce: 0.3157 - val_loss: 0.3433 - learning_rate: 5.0000e-05
Epoch 8/20
81/81 - 3s - 37ms/step - accuracy: 0.9528 - ce: 0.1358 - loss: 0.1633 - val_accuracy: 0.8841 - val_ce: 0.3285 - val_loss: 0.3556 - learning_rate: 2.5000e-05
Epoch 9/20

Epoch 9: ReduceLROnPlateau reducing learning rate to 1.249999968422344e-05.
81/81 - 3s - 37ms/step - accuracy: 0.9629 - ce: 0.1103 - loss: 0.1383 - val_accuracy: 0.8627 - val_ce: 0.3684 - val_loss: 0.3950 - learning_rate: 2.5000e-05
Fold 1: accuracy=0.8721  F1(w/m)=0.8708/0.8691  CE=0.3442  epochs=9  

===== Fold 2/5  22:37:41 =====
Class weights (balanced): Human-written=0.923  V4=1.091
Epoch 1/20
82/82 - 16s - 200ms/step - accuracy: 0.6976 - ce: 0.5892 - loss: 0.6347 - val_accuracy: 0.7244 - val_ce: 0.5270 - val_loss: 0.5704 - learning_rate: 1.0000e-04
Epoch 2/20
82/82 - 3s - 37ms/step - accuracy: 0.7667 - ce: 0.5040 - loss: 0.5465 - val_accuracy: 0.8044 - val_ce: 0.4160 - val_loss: 0.4529 - learning_rate: 1.0000e-04
Epoch 3/20
82/82 - 3s - 37ms/step - accuracy: 0.8074 - ce: 0.4427 - loss: 0.4762 - val_accuracy: 0.8489 - val_ce: 0.3567 - val_loss: 0.3892 - learning_rate: 1.0000e-04
Epoch 4/20
82/82 - 3s - 37ms/step - accuracy: 0.8473 - ce: 0.3466 - loss: 0.3805 - val_accuracy: 0.8533 - val_ce: 0.3656 - val_loss: 0.3948 - learning_rate: 1.0000e-04
Epoch 5/20

Epoch 5: ReduceLROnPlateau reducing learning rate to 4.999999873689376e-05.
82/82 - 3s - 37ms/step - accuracy: 0.8688 - ce: 0.3164 - loss: 0.3451 - val_accuracy: 0.8444 - val_ce: 0.3678 - val_loss: 0.3946 - learning_rate: 1.0000e-04
Epoch 6/20
82/82 - 3s - 37ms/step - accuracy: 0.9064 - ce: 0.2188 - loss: 0.2468 - val_accuracy: 0.8133 - val_ce: 0.4646 - val_loss: 0.4903 - learning_rate: 5.0000e-05
Epoch 7/20

Epoch 7: ReduceLROnPlateau reducing learning rate to 2.499999936844688e-05.
82/82 - 3s - 37ms/step - accuracy: 0.9440 - ce: 0.1635 - loss: 0.1910 - val_accuracy: 0.8444 - val_ce: 0.4991 - val_loss: 0.5240 - learning_rate: 5.0000e-05
Fold 2: accuracy=0.8425  F1(w/m)=0.8424/0.8415  CE=0.3702  epochs=7  

===== Fold 3/5  22:38:21 =====
Class weights (balanced): Human-written=0.912  V4=1.107
Epoch 1/20
81/81 - 16s - 200ms/step - accuracy: 0.7017 - ce: 0.5766 - loss: 0.6270 - val_accuracy: 0.7639 - val_ce: 0.4630 - val_loss: 0.5067 - learning_rate: 1.0000e-04
Epoch 2/20
81/81 - 3s - 37ms/step - accuracy: 0.7944 - ce: 0.4722 - loss: 0.5175 - val_accuracy: 0.8412 - val_ce: 0.3734 - val_loss: 0.4113 - learning_rate: 1.0000e-04
Epoch 3/20
81/81 - 3s - 36ms/step - accuracy: 0.8045 - ce: 0.4251 - loss: 0.4626 - val_accuracy: 0.8498 - val_ce: 0.3762 - val_loss: 0.4102 - learning_rate: 1.0000e-04
Epoch 4/20

Epoch 4: ReduceLROnPlateau reducing learning rate to 4.999999873689376e-05.
81/81 - 3s - 37ms/step - accuracy: 0.8575 - ce: 0.3284 - loss: 0.3621 - val_accuracy: 0.8069 - val_ce: 0.4876 - val_loss: 0.5185 - learning_rate: 1.0000e-04
Epoch 5/20
81/81 - 3s - 37ms/step - accuracy: 0.8824 - ce: 0.2842 - loss: 0.3157 - val_accuracy: 0.8155 - val_ce: 0.4583 - val_loss: 0.4879 - learning_rate: 5.0000e-05
Epoch 6/20
81/81 - 3s - 38ms/step - accuracy: 0.9097 - ce: 0.2216 - loss: 0.2519 - val_accuracy: 0.8584 - val_ce: 0.3307 - val_loss: 0.3592 - learning_rate: 5.0000e-05
Epoch 7/20
81/81 - 3s - 37ms/step - accuracy: 0.9346 - ce: 0.1844 - loss: 0.2137 - val_accuracy: 0.8970 - val_ce: 0.2536 - val_loss: 0.2811 - learning_rate: 5.0000e-05
Epoch 8/20
81/81 - 3s - 37ms/step - accuracy: 0.9502 - ce: 0.1313 - loss: 0.1578 - val_accuracy: 0.9056 - val_ce: 0.2772 - val_loss: 0.3037 - learning_rate: 5.0000e-05
Epoch 9/20

Epoch 9: ReduceLROnPlateau reducing learning rate to 2.499999936844688e-05.
81/81 - 3s - 37ms/step - accuracy: 0.9657 - ce: 0.0991 - loss: 0.1257 - val_accuracy: 0.8670 - val_ce: 0.5181 - val_loss: 0.5438 - learning_rate: 5.0000e-05
Epoch 10/20
81/81 - 3s - 37ms/step - accuracy: 0.9790 - ce: 0.0558 - loss: 0.0816 - val_accuracy: 0.8798 - val_ce: 0.3338 - val_loss: 0.3592 - learning_rate: 2.5000e-05
Epoch 11/20

Epoch 11: ReduceLROnPlateau reducing learning rate to 1.249999968422344e-05.
81/81 - 3s - 36ms/step - accuracy: 0.9868 - ce: 0.0337 - loss: 0.0587 - val_accuracy: 0.9142 - val_ce: 0.3317 - val_loss: 0.3567 - learning_rate: 2.5000e-05
Fold 3: accuracy=0.8954  F1(w/m)=0.8953/0.8950  CE=0.2826  epochs=11  

===== Fold 4/5  22:39:14 =====
Class weights (balanced): Human-written=0.931  V4=1.081
Epoch 1/20
82/82 - 15s - 187ms/step - accuracy: 0.6679 - ce: 0.6015 - loss: 0.6557 - val_accuracy: 0.6026 - val_ce: 0.6864 - val_loss: 0.7305 - learning_rate: 1.0000e-04
Epoch 2/20
82/82 - 3s - 37ms/step - accuracy: 0.7287 - ce: 0.5319 - loss: 0.5719 - val_accuracy: 0.7860 - val_ce: 0.4622 - val_loss: 0.4989 - learning_rate: 1.0000e-04
Epoch 3/20
82/82 - 3s - 37ms/step - accuracy: 0.8017 - ce: 0.4347 - loss: 0.4689 - val_accuracy: 0.8122 - val_ce: 0.3935 - val_loss: 0.4234 - learning_rate: 1.0000e-04
Epoch 4/20
82/82 - 3s - 36ms/step - accuracy: 0.8255 - ce: 0.3886 - loss: 0.4156 - val_accuracy: 0.8996 - val_ce: 0.2833 - val_loss: 0.3080 - learning_rate: 1.0000e-04
Epoch 5/20
82/82 - 3s - 37ms/step - accuracy: 0.8555 - ce: 0.3600 - loss: 0.3866 - val_accuracy: 0.7642 - val_ce: 0.4787 - val_loss: 0.4995 - learning_rate: 1.0000e-04
Epoch 6/20

Epoch 6: ReduceLROnPlateau reducing learning rate to 4.999999873689376e-05.
82/82 - 3s - 36ms/step - accuracy: 0.8916 - ce: 0.2706 - loss: 0.2899 - val_accuracy: 0.8690 - val_ce: 0.3120 - val_loss: 0.3302 - learning_rate: 1.0000e-04
Epoch 7/20
82/82 - 3s - 36ms/step - accuracy: 0.9239 - ce: 0.1949 - loss: 0.2122 - val_accuracy: 0.8996 - val_ce: 0.2623 - val_loss: 0.2792 - learning_rate: 5.0000e-05
Epoch 8/20
82/82 - 3s - 36ms/step - accuracy: 0.9431 - ce: 0.1575 - loss: 0.1744 - val_accuracy: 0.7817 - val_ce: 0.6010 - val_loss: 0.6169 - learning_rate: 5.0000e-05
Epoch 9/20

Epoch 9: ReduceLROnPlateau reducing learning rate to 2.499999936844688e-05.
82/82 - 3s - 36ms/step - accuracy: 0.9531 - ce: 0.1351 - loss: 0.1509 - val_accuracy: 0.8908 - val_ce: 0.3061 - val_loss: 0.3212 - learning_rate: 5.0000e-05
Epoch 10/20
82/82 - 3s - 37ms/step - accuracy: 0.9693 - ce: 0.0907 - loss: 0.1063 - val_accuracy: 0.8996 - val_ce: 0.3334 - val_loss: 0.3482 - learning_rate: 2.5000e-05
Epoch 11/20

Epoch 11: ReduceLROnPlateau reducing learning rate to 1.249999968422344e-05.
82/82 - 3s - 36ms/step - accuracy: 0.9754 - ce: 0.0734 - loss: 0.0876 - val_accuracy: 0.8952 - val_ce: 0.3253 - val_loss: 0.3397 - learning_rate: 2.5000e-05
Fold 4: accuracy=0.8892  F1(w/m)=0.8894/0.8886  CE=0.3190  epochs=11  

===== Fold 5/5  22:40:06 =====
Class weights (balanced): Human-written=0.934  V4=1.076
Epoch 1/20
82/82 - 16s - 191ms/step - accuracy: 0.6792 - ce: 0.6070 - loss: 0.6577 - val_accuracy: 0.7511 - val_ce: 0.5376 - val_loss: 0.5823 - learning_rate: 1.0000e-04
Epoch 2/20
82/82 - 3s - 36ms/step - accuracy: 0.7443 - ce: 0.5496 - loss: 0.5906 - val_accuracy: 0.7860 - val_ce: 0.4606 - val_loss: 0.4996 - learning_rate: 1.0000e-04
Epoch 3/20
82/82 - 3s - 37ms/step - accuracy: 0.7772 - ce: 0.4778 - loss: 0.5158 - val_accuracy: 0.8079 - val_ce: 0.4442 - val_loss: 0.4776 - learning_rate: 1.0000e-04
Epoch 4/20
82/82 - 3s - 37ms/step - accuracy: 0.8162 - ce: 0.4244 - loss: 0.4570 - val_accuracy: 0.8035 - val_ce: 0.4099 - val_loss: 0.4390 - learning_rate: 1.0000e-04
Epoch 5/20
82/82 - 3s - 37ms/step - accuracy: 0.8515 - ce: 0.3671 - loss: 0.3947 - val_accuracy: 0.8253 - val_ce: 0.4338 - val_loss: 0.4590 - learning_rate: 1.0000e-04
Epoch 6/20
82/82 - 3s - 37ms/step - accuracy: 0.8538 - ce: 0.3571 - loss: 0.3842 - val_accuracy: 0.8428 - val_ce: 0.3627 - val_loss: 0.3851 - learning_rate: 1.0000e-04
Epoch 7/20
82/82 - 3s - 37ms/step - accuracy: 0.8966 - ce: 0.2696 - loss: 0.2930 - val_accuracy: 0.8734 - val_ce: 0.3194 - val_loss: 0.3393 - learning_rate: 1.0000e-04
Epoch 8/20
82/82 - 3s - 36ms/step - accuracy: 0.9074 - ce: 0.2293 - loss: 0.2485 - val_accuracy: 0.8472 - val_ce: 0.3553 - val_loss: 0.3737 - learning_rate: 1.0000e-04
Epoch 9/20

Epoch 9: ReduceLROnPlateau reducing learning rate to 4.999999873689376e-05.
82/82 - 3s - 37ms/step - accuracy: 0.9196 - ce: 0.1995 - loss: 0.2178 - val_accuracy: 0.7511 - val_ce: 0.5980 - val_loss: 0.6151 - learning_rate: 1.0000e-04
Epoch 10/20
82/82 - 3s - 36ms/step - accuracy: 0.9472 - ce: 0.1400 - loss: 0.1560 - val_accuracy: 0.9039 - val_ce: 0.3076 - val_loss: 0.3243 - learning_rate: 5.0000e-05
Epoch 11/20
82/82 - 3s - 36ms/step - accuracy: 0.9655 - ce: 0.0891 - loss: 0.1075 - val_accuracy: 0.8952 - val_ce: 0.3892 - val_loss: 0.4053 - learning_rate: 5.0000e-05
Epoch 12/20

Epoch 12: ReduceLROnPlateau reducing learning rate to 2.499999936844688e-05.
82/82 - 3s - 36ms/step - accuracy: 0.9717 - ce: 0.0822 - loss: 0.0967 - val_accuracy: 0.8777 - val_ce: 0.4763 - val_loss: 0.4921 - learning_rate: 5.0000e-05
Epoch 13/20
82/82 - 3s - 36ms/step - accuracy: 0.9893 - ce: 0.0346 - loss: 0.0510 - val_accuracy: 0.8952 - val_ce: 0.3839 - val_loss: 0.3995 - learning_rate: 2.5000e-05
Epoch 14/20

Epoch 14: ReduceLROnPlateau reducing learning rate to 1.249999968422344e-05.
82/82 - 3s - 36ms/step - accuracy: 0.9939 - ce: 0.0214 - loss: 0.0368 - val_accuracy: 0.8996 - val_ce: 0.4373 - val_loss: 0.4527 - learning_rate: 2.5000e-05
Fold 5: accuracy=0.8770  F1(w/m)=0.8768/0.8751  CE=0.3358  epochs=14  

CV mean ± std:
  accuracy               0.8752 ± 0.0205
  balanced_accuracy      0.8731 ± 0.0215
  mcc                    0.7497 ± 0.0417
  cross_entropy          0.3304 ± 0.0325
  roc_auc                0.9377 ± 0.0175
  precision_macro        0.8766 ± 0.0207
  recall_macro           0.8731 ± 0.0215
  f1_macro               0.8738 ± 0.0208
  precision_micro        0.8752 ± 0.0205
  recall_micro           0.8752 ± 0.0205
  f1_micro               0.8752 ± 0.0205
  precision_weighted     0.8766 ± 0.0208
  recall_weighted        0.8752 ± 0.0205
  f1_weighted            0.8749 ± 0.0206

===== Final training  22:41:07 =====
Class weights (balanced): Human-written=0.923  V4=1.091
Epoch 1/20
98/98 - 14s - 147ms/step - accuracy: 0.6856 - ce: 0.5880 - loss: 0.6388 - val_accuracy: 0.7762 - val_ce: 0.4868 - val_loss: 0.5273 - learning_rate: 1.0000e-04
Epoch 2/20
98/98 - 4s - 37ms/step - accuracy: 0.7751 - ce: 0.4953 - loss: 0.5333 - val_accuracy: 0.6773 - val_ce: 0.6326 - val_loss: 0.6653 - learning_rate: 1.0000e-04
Epoch 3/20
98/98 - 4s - 36ms/step - accuracy: 0.8147 - ce: 0.4313 - loss: 0.4652 - val_accuracy: 0.8517 - val_ce: 0.3526 - val_loss: 0.3799 - learning_rate: 1.0000e-04
Epoch 4/20
98/98 - 4s - 36ms/step - accuracy: 0.8588 - ce: 0.3392 - loss: 0.3674 - val_accuracy: 0.8314 - val_ce: 0.4111 - val_loss: 0.4346 - learning_rate: 1.0000e-04
Epoch 5/20

Epoch 5: ReduceLROnPlateau reducing learning rate to 4.999999873689376e-05.
98/98 - 4s - 37ms/step - accuracy: 0.8588 - ce: 0.3360 - loss: 0.3569 - val_accuracy: 0.8314 - val_ce: 0.4003 - val_loss: 0.4213 - learning_rate: 1.0000e-04
Epoch 6/20
98/98 - 4s - 37ms/step - accuracy: 0.9125 - ce: 0.2219 - loss: 0.2445 - val_accuracy: 0.8808 - val_ce: 0.3159 - val_loss: 0.3359 - learning_rate: 5.0000e-05
Epoch 7/20
98/98 - 4s - 36ms/step - accuracy: 0.9284 - ce: 0.1721 - loss: 0.1923 - val_accuracy: 0.8808 - val_ce: 0.3236 - val_loss: 0.3429 - learning_rate: 5.0000e-05
Epoch 8/20

Epoch 8: ReduceLROnPlateau reducing learning rate to 2.499999936844688e-05.
98/98 - 4s - 36ms/step - accuracy: 0.9534 - ce: 0.1246 - loss: 0.1447 - val_accuracy: 0.8866 - val_ce: 0.3522 - val_loss: 0.3708 - learning_rate: 5.0000e-05
Epoch 9/20
98/98 - 4s - 36ms/step - accuracy: 0.9636 - ce: 0.0872 - loss: 0.1054 - val_accuracy: 0.8953 - val_ce: 0.3642 - val_loss: 0.3825 - learning_rate: 2.5000e-05
Epoch 10/20

Epoch 10: ReduceLROnPlateau reducing learning rate to 1.249999968422344e-05.
98/98 - 4s - 36ms/step - accuracy: 0.9783 - ce: 0.0562 - loss: 0.0742 - val_accuracy: 0.8721 - val_ce: 0.4759 - val_loss: 0.4939 - learning_rate: 2.5000e-05
               precision    recall  f1-score   support

Human-written     0.8836    0.9027    0.8930       185
           V4     0.8705    0.8462    0.8582       143

     accuracy                         0.8780       328
    macro avg     0.8771    0.8744    0.8756       328
 weighted avg     0.8779    0.8780    0.8778       328

Class distribution all  : {'Human-written': 1218, 'V4': 1019}  ratio {'Human-written': 0.5445, 'V4': 0.4555}
Class distribution train: {'Human-written': 848, 'V4': 717}  ratio {'Human-written': 0.5419, 'V4': 0.4581}
Class distribution val  : {'Human-written': 185, 'V4': 159}  ratio {'Human-written': 0.5378, 'V4': 0.4622}
Class distribution test : {'Human-written': 185, 'V4': 143}  ratio {'Human-written': 0.564, 'V4': 0.436}

subdataset14_screenshot_human_vs_v4_group_cv  VGG19 (sigmoid, dropout 0.1, lr 0.0001)
CV mean    acc=0.8752  F1 w/m/micro=0.8749/0.8738/0.8752  P_w=0.8766  R_w=0.8752  CE=0.3304  AUC=0.9377  MCC=0.7497
VALIDATION acc=0.8808  F1 w/m/micro=0.8807/0.8800/0.8808  P_w=0.8808  R_w=0.8808  CE=0.3159  AUC=0.9498  MCC=0.7601
TEST       acc=0.8780  F1 w/m/micro=0.8778/0.8756/0.8780  P_w=0.8779  R_w=0.8780  CE=0.3019  AUC=0.9423  MCC=0.7515
TEST 95% CI: accuracy=[0.8415, 0.9116]  f1_weighted=[0.8410, 0.9115]  f1_macro=[0.8377, 0.9094]  mcc=[0.6764, 0.8192]  balanced_accuracy=[0.8361, 0.9096]
Outputs: Experiments/subdataset14/Group-Based Split/results/subdataset14_screenshot_human_vs_v4_group_cv
2026-10-02 22:42:06 FINISHED
