
====================================================================================================
2026-10-02 21:55:16  subdataset10_screenshot_human_vs_v3_group_cv  (config hash cc498ddd8145)
Data    : Data/Subdataset_10
Classes : ['Human-written', 'V3']   Split: Group-Based Split
Model   : VGG19  activation=tanh  dropout=0.2  lr=0.0001  trained=base from block5_* on  preprocessing=caffe  L2=0.0001
Training: at most 20 epochs, early stopping val_ce patience 4, batch 16, 320x320 (no cropping), mixed precision True
Output  : Experiments/subdataset10/Group-Based Split/results/subdataset10_screenshot_human_vs_v3_group_cv
Human-written (label 0): 2234 images
V3  (label 1): 2183 images
Total 4417 images
Groups: {'n_groups': 2288, 'groups_with_human_and_version': 1952, 'groups_with_all_classes': 1952, 'human_only_groups': 256, 'groups_without_human': 80, 'match_ratio': 0.8531468531468531, 'groups_merged_by_content': 2}
CHECK 4: human/version pairs found with the simple rule 2015, in different groups 0
Files whose folder and version tag in the name do not match (data unchanged): 54
Train     :  3104 (70.3%)  Human-written=1561 V3=1543
Validation:   657 (14.9%)  Human-written=333 V3=324
Test      :   656 (14.9%)  Human-written=340 V3=316
Fold 1: train=2995 (Human-written=1510 V3=1485)  evaluation=766 (Human-written=384 V3=382)
Fold 2: train=3016 (Human-written=1518 V3=1498)  evaluation=745 (Human-written=376 V3=369)
Fold 3: train=3001 (Human-written=1518 V3=1483)  evaluation=760 (Human-written=376 V3=384)
Fold 4: train=3005 (Human-written=1517 V3=1488)  evaluation=756 (Human-written=377 V3=379)
Fold 5: train=3027 (Human-written=1513 V3=1514)  evaluation=734 (Human-written=381 V3=353)
Leakage check PASSED.
TensorFlow 2.20.0 | GPU: [PhysicalDevice(name='/physical_device:GPU:0', device_type='GPU')]
Mixed precision: mixed_float16 (output layer float32)
Images loaded: 4417, 1.4 GB, 19 s

===== Fold 1/5  21:55:39 =====
Class weights (balanced): Human-written=0.992  V3=1.008
Model: base 22 layers, trained base layers 5 (first: block5_conv1); trained parameters 9,702,401 / 20,287,553
Epoch 1/20
159/159 - 40s - 253ms/step - accuracy: 0.6234 - ce: 0.6539 - loss: 0.6991 - val_accuracy: 0.7450 - val_ce: 0.5249 - val_loss: 0.5636 - learning_rate: 1.0000e-04
Epoch 2/20
159/159 - 16s - 100ms/step - accuracy: 0.7437 - ce: 0.5391 - loss: 0.5738 - val_accuracy: 0.7605 - val_ce: 0.4737 - val_loss: 0.5047 - learning_rate: 1.0000e-04
Epoch 3/20
159/159 - 16s - 99ms/step - accuracy: 0.7842 - ce: 0.4816 - loss: 0.5098 - val_accuracy: 0.7317 - val_ce: 0.5425 - val_loss: 0.5683 - learning_rate: 1.0000e-04
Epoch 4/20
159/159 - 16s - 99ms/step - accuracy: 0.8019 - ce: 0.4482 - loss: 0.4723 - val_accuracy: 0.7738 - val_ce: 0.4703 - val_loss: 0.4927 - learning_rate: 1.0000e-04
Epoch 5/20
159/159 - 16s - 99ms/step - accuracy: 0.8211 - ce: 0.3917 - loss: 0.4128 - val_accuracy: 0.7938 - val_ce: 0.4621 - val_loss: 0.4821 - learning_rate: 1.0000e-04
Epoch 6/20
159/159 - 16s - 99ms/step - accuracy: 0.8589 - ce: 0.3416 - loss: 0.3605 - val_accuracy: 0.7871 - val_ce: 0.4560 - val_loss: 0.4743 - learning_rate: 1.0000e-04
Epoch 7/20
159/159 - 16s - 99ms/step - accuracy: 0.8856 - ce: 0.2865 - loss: 0.3041 - val_accuracy: 0.7849 - val_ce: 0.5077 - val_loss: 0.5246 - learning_rate: 1.0000e-04
Epoch 8/20

Epoch 8: ReduceLROnPlateau reducing learning rate to 4.999999873689376e-05.
159/159 - 16s - 99ms/step - accuracy: 0.9029 - ce: 0.2441 - loss: 0.2605 - val_accuracy: 0.7849 - val_ce: 0.6992 - val_loss: 0.7150 - learning_rate: 1.0000e-04
Epoch 9/20
159/159 - 16s - 99ms/step - accuracy: 0.9469 - ce: 0.1508 - loss: 0.1663 - val_accuracy: 0.8160 - val_ce: 0.5894 - val_loss: 0.6048 - learning_rate: 5.0000e-05
Epoch 10/20

Epoch 10: ReduceLROnPlateau reducing learning rate to 2.499999936844688e-05.
159/159 - 16s - 99ms/step - accuracy: 0.9528 - ce: 0.1346 - loss: 0.1499 - val_accuracy: 0.7960 - val_ce: 0.6771 - val_loss: 0.6920 - learning_rate: 5.0000e-05
Fold 1: accuracy=0.7768  F1(w/m)=0.7757/0.7757  CE=0.4860  epochs=10  

===== Fold 2/5  21:59:03 =====
Class weights (balanced): Human-written=0.988  V3=1.012
Epoch 1/20
160/160 - 29s - 183ms/step - accuracy: 0.6328 - ce: 0.6627 - loss: 0.7091 - val_accuracy: 0.7259 - val_ce: 0.5842 - val_loss: 0.6256 - learning_rate: 1.0000e-04
Epoch 2/20
160/160 - 16s - 100ms/step - accuracy: 0.7480 - ce: 0.5295 - loss: 0.5672 - val_accuracy: 0.7829 - val_ce: 0.4710 - val_loss: 0.5049 - learning_rate: 1.0000e-04
Epoch 3/20
160/160 - 16s - 100ms/step - accuracy: 0.7805 - ce: 0.4768 - loss: 0.5084 - val_accuracy: 0.7741 - val_ce: 0.5041 - val_loss: 0.5334 - learning_rate: 1.0000e-04
Epoch 4/20

Epoch 4: ReduceLROnPlateau reducing learning rate to 4.999999873689376e-05.
160/160 - 16s - 99ms/step - accuracy: 0.8188 - ce: 0.4116 - loss: 0.4392 - val_accuracy: 0.7785 - val_ce: 0.4931 - val_loss: 0.5191 - learning_rate: 1.0000e-04
Epoch 5/20
160/160 - 16s - 99ms/step - accuracy: 0.8727 - ce: 0.3138 - loss: 0.3393 - val_accuracy: 0.7610 - val_ce: 0.5739 - val_loss: 0.5987 - learning_rate: 5.0000e-05
Epoch 6/20

Epoch 6: ReduceLROnPlateau reducing learning rate to 2.499999936844688e-05.
160/160 - 16s - 99ms/step - accuracy: 0.9000 - ce: 0.2570 - loss: 0.2812 - val_accuracy: 0.7939 - val_ce: 0.5853 - val_loss: 0.6090 - learning_rate: 5.0000e-05
Fold 2: accuracy=0.7544  F1(w/m)=0.7544/0.7543  CE=0.4810  epochs=6  

===== Fold 3/5  22:01:08 =====
Class weights (balanced): Human-written=0.987  V3=1.013
Epoch 1/20
160/160 - 27s - 167ms/step - accuracy: 0.6067 - ce: 0.6697 - loss: 0.7143 - val_accuracy: 0.7031 - val_ce: 0.5986 - val_loss: 0.6371 - learning_rate: 1.0000e-04
Epoch 2/20
160/160 - 16s - 100ms/step - accuracy: 0.7438 - ce: 0.5351 - loss: 0.5700 - val_accuracy: 0.7344 - val_ce: 0.5485 - val_loss: 0.5799 - learning_rate: 1.0000e-04
Epoch 3/20
160/160 - 16s - 100ms/step - accuracy: 0.7842 - ce: 0.4754 - loss: 0.5037 - val_accuracy: 0.7433 - val_ce: 0.5047 - val_loss: 0.5304 - learning_rate: 1.0000e-04
Epoch 4/20
160/160 - 16s - 99ms/step - accuracy: 0.8089 - ce: 0.4357 - loss: 0.4598 - val_accuracy: 0.7567 - val_ce: 0.4969 - val_loss: 0.5193 - learning_rate: 1.0000e-04
Epoch 5/20
160/160 - 16s - 99ms/step - accuracy: 0.8453 - ce: 0.3755 - loss: 0.3969 - val_accuracy: 0.7567 - val_ce: 0.6911 - val_loss: 0.7111 - learning_rate: 1.0000e-04
Epoch 6/20

Epoch 6: ReduceLROnPlateau reducing learning rate to 4.999999873689376e-05.
160/160 - 16s - 98ms/step - accuracy: 0.8711 - ce: 0.3141 - loss: 0.3335 - val_accuracy: 0.7567 - val_ce: 0.6302 - val_loss: 0.6486 - learning_rate: 1.0000e-04
Epoch 7/20
160/160 - 16s - 99ms/step - accuracy: 0.9134 - ce: 0.2247 - loss: 0.2429 - val_accuracy: 0.7857 - val_ce: 0.6270 - val_loss: 0.6448 - learning_rate: 5.0000e-05
Epoch 8/20

Epoch 8: ReduceLROnPlateau reducing learning rate to 2.499999936844688e-05.
160/160 - 16s - 99ms/step - accuracy: 0.9350 - ce: 0.1722 - loss: 0.1897 - val_accuracy: 0.7924 - val_ce: 0.7515 - val_loss: 0.7687 - learning_rate: 5.0000e-05
Fold 3: accuracy=0.7487  F1(w/m)=0.7470/0.7467  CE=0.5276  epochs=8  

===== Fold 4/5  22:03:35 =====
Class weights (balanced): Human-written=0.989  V3=1.011
Epoch 1/20
160/160 - 39s - 242ms/step - accuracy: 0.5780 - ce: 0.7090 - loss: 0.7532 - val_accuracy: 0.6044 - val_ce: 0.6858 - val_loss: 0.7218 - learning_rate: 1.0000e-04
Epoch 2/20
160/160 - 16s - 100ms/step - accuracy: 0.7004 - ce: 0.5933 - loss: 0.6228 - val_accuracy: 0.6615 - val_ce: 0.6762 - val_loss: 0.7006 - learning_rate: 1.0000e-04
Epoch 3/20
160/160 - 16s - 100ms/step - accuracy: 0.7549 - ce: 0.5229 - loss: 0.5438 - val_accuracy: 0.7275 - val_ce: 0.5712 - val_loss: 0.5896 - learning_rate: 1.0000e-04
Epoch 4/20
160/160 - 16s - 99ms/step - accuracy: 0.7949 - ce: 0.4574 - loss: 0.4738 - val_accuracy: 0.7121 - val_ce: 0.6490 - val_loss: 0.6638 - learning_rate: 1.0000e-04
Epoch 5/20

Epoch 5: ReduceLROnPlateau reducing learning rate to 4.999999873689376e-05.
160/160 - 16s - 99ms/step - accuracy: 0.8204 - ce: 0.4090 - loss: 0.4227 - val_accuracy: 0.7341 - val_ce: 0.6266 - val_loss: 0.6392 - learning_rate: 1.0000e-04
Epoch 6/20
160/160 - 16s - 99ms/step - accuracy: 0.8698 - ce: 0.3127 - loss: 0.3251 - val_accuracy: 0.7516 - val_ce: 0.6509 - val_loss: 0.6626 - learning_rate: 5.0000e-05
Epoch 7/20

Epoch 7: ReduceLROnPlateau reducing learning rate to 2.499999936844688e-05.
160/160 - 16s - 99ms/step - accuracy: 0.8992 - ce: 0.2530 - loss: 0.2642 - val_accuracy: 0.7604 - val_ce: 0.6344 - val_loss: 0.6454 - learning_rate: 5.0000e-05
Fold 4: accuracy=0.7844  F1(w/m)=0.7804/0.7805  CE=0.4811  epochs=7  

===== Fold 5/5  22:06:03 =====
Class weights (balanced): Human-written=0.997  V3=1.003
Epoch 1/20
160/160 - 33s - 205ms/step - accuracy: 0.5528 - ce: 0.7071 - loss: 0.7495 - val_accuracy: 0.6247 - val_ce: 0.6315 - val_loss: 0.6651 - learning_rate: 1.0000e-04
Epoch 2/20
160/160 - 16s - 100ms/step - accuracy: 0.7279 - ce: 0.5701 - loss: 0.5988 - val_accuracy: 0.7420 - val_ce: 0.5120 - val_loss: 0.5363 - learning_rate: 1.0000e-04
Epoch 3/20
160/160 - 16s - 100ms/step - accuracy: 0.7725 - ce: 0.4886 - loss: 0.5101 - val_accuracy: 0.7633 - val_ce: 0.5207 - val_loss: 0.5398 - learning_rate: 1.0000e-04
Epoch 4/20
160/160 - 16s - 100ms/step - accuracy: 0.8045 - ce: 0.4418 - loss: 0.4591 - val_accuracy: 0.7633 - val_ce: 0.4734 - val_loss: 0.4891 - learning_rate: 1.0000e-04
Epoch 5/20
160/160 - 16s - 99ms/step - accuracy: 0.8202 - ce: 0.4028 - loss: 0.4175 - val_accuracy: 0.7271 - val_ce: 0.5698 - val_loss: 0.5835 - learning_rate: 1.0000e-04
Epoch 6/20

Epoch 6: ReduceLROnPlateau reducing learning rate to 4.999999873689376e-05.
160/160 - 16s - 99ms/step - accuracy: 0.8460 - ce: 0.3596 - loss: 0.3728 - val_accuracy: 0.7697 - val_ce: 0.4955 - val_loss: 0.5080 - learning_rate: 1.0000e-04
Epoch 7/20
160/160 - 16s - 99ms/step - accuracy: 0.9046 - ce: 0.2513 - loss: 0.2636 - val_accuracy: 0.7655 - val_ce: 0.5011 - val_loss: 0.5131 - learning_rate: 5.0000e-05
Epoch 8/20

Epoch 8: ReduceLROnPlateau reducing learning rate to 2.499999936844688e-05.
160/160 - 16s - 100ms/step - accuracy: 0.9292 - ce: 0.1917 - loss: 0.2035 - val_accuracy: 0.7719 - val_ce: 0.9021 - val_loss: 0.9137 - learning_rate: 5.0000e-05
Fold 5: accuracy=0.8065  F1(w/m)=0.8063/0.8064  CE=0.4373  epochs=8  

CV mean ± std:
  accuracy               0.7741 ± 0.0235
  balanced_accuracy      0.7744 ± 0.0244
  mcc                    0.5560 ± 0.0507
  cross_entropy          0.4826 ± 0.0320
  roc_auc                0.8644 ± 0.0192
  precision_macro        0.7816 ± 0.0271
  recall_macro           0.7744 ± 0.0244
  f1_macro               0.7727 ± 0.0236
  precision_micro        0.7741 ± 0.0235
  recall_micro           0.7741 ± 0.0235
  f1_micro               0.7741 ± 0.0235
  precision_weighted     0.7819 ± 0.0277
  recall_weighted        0.7741 ± 0.0235
  f1_weighted            0.7727 ± 0.0234

===== Final training  22:08:37 =====
Class weights (balanced): Human-written=0.994  V3=1.006
Epoch 1/20
194/194 - 30s - 154ms/step - accuracy: 0.6169 - ce: 0.6618 - loss: 0.7034 - val_accuracy: 0.7032 - val_ce: 0.6051 - val_loss: 0.6388 - learning_rate: 1.0000e-04
Epoch 2/20
194/194 - 20s - 102ms/step - accuracy: 0.7361 - ce: 0.5476 - loss: 0.5767 - val_accuracy: 0.7504 - val_ce: 0.5029 - val_loss: 0.5280 - learning_rate: 1.0000e-04
Epoch 3/20
194/194 - 20s - 101ms/step - accuracy: 0.7796 - ce: 0.4809 - loss: 0.5032 - val_accuracy: 0.7108 - val_ce: 0.6067 - val_loss: 0.6267 - learning_rate: 1.0000e-04
Epoch 4/20

Epoch 4: ReduceLROnPlateau reducing learning rate to 4.999999873689376e-05.
194/194 - 20s - 101ms/step - accuracy: 0.7990 - ce: 0.4421 - loss: 0.4606 - val_accuracy: 0.7032 - val_ce: 0.6804 - val_loss: 0.6974 - learning_rate: 1.0000e-04
Epoch 5/20
194/194 - 20s - 101ms/step - accuracy: 0.8492 - ce: 0.3481 - loss: 0.3645 - val_accuracy: 0.7900 - val_ce: 0.4817 - val_loss: 0.4975 - learning_rate: 5.0000e-05
Epoch 6/20
194/194 - 20s - 101ms/step - accuracy: 0.8779 - ce: 0.2985 - loss: 0.3138 - val_accuracy: 0.7245 - val_ce: 0.6757 - val_loss: 0.6906 - learning_rate: 5.0000e-05
Epoch 7/20

Epoch 7: ReduceLROnPlateau reducing learning rate to 2.499999936844688e-05.
194/194 - 20s - 101ms/step - accuracy: 0.9011 - ce: 0.2522 - loss: 0.2667 - val_accuracy: 0.7900 - val_ce: 0.5072 - val_loss: 0.5213 - learning_rate: 5.0000e-05
Epoch 8/20
194/194 - 20s - 101ms/step - accuracy: 0.9430 - ce: 0.1578 - loss: 0.1718 - val_accuracy: 0.7839 - val_ce: 0.6785 - val_loss: 0.6923 - learning_rate: 2.5000e-05
Epoch 9/20

Epoch 9: ReduceLROnPlateau reducing learning rate to 1.249999968422344e-05.
194/194 - 20s - 101ms/step - accuracy: 0.9620 - ce: 0.1136 - loss: 0.1272 - val_accuracy: 0.7869 - val_ce: 0.6429 - val_loss: 0.6564 - learning_rate: 2.5000e-05
               precision    recall  f1-score   support

Human-written     0.8264    0.7000    0.7580       340
           V3     0.7228    0.8418    0.7778       316

     accuracy                         0.7683       656
    macro avg     0.7746    0.7709    0.7679       656
 weighted avg     0.7765    0.7683    0.7675       656

Class distribution all  : {'Human-written': 2234, 'V3': 2183}  ratio {'Human-written': 0.5058, 'V3': 0.4942}
Class distribution train: {'Human-written': 1561, 'V3': 1543}  ratio {'Human-written': 0.5029, 'V3': 0.4971}
Class distribution val  : {'Human-written': 333, 'V3': 324}  ratio {'Human-written': 0.5068, 'V3': 0.4932}
Class distribution test : {'Human-written': 340, 'V3': 316}  ratio {'Human-written': 0.5183, 'V3': 0.4817}

subdataset10_screenshot_human_vs_v3_group_cv  VGG19 (tanh, dropout 0.2, lr 0.0001)
CV mean    acc=0.7741  F1 w/m/micro=0.7727/0.7727/0.7741  P_w=0.7819  R_w=0.7741  CE=0.4826  AUC=0.8644  MCC=0.5560
VALIDATION acc=0.7900  F1 w/m/micro=0.7898/0.7899/0.7900  P_w=0.7912  R_w=0.7900  CE=0.4817  AUC=0.8755  MCC=0.5813
TEST       acc=0.7683  F1 w/m/micro=0.7675/0.7679/0.7683  P_w=0.7765  R_w=0.7683  CE=0.5359  AUC=0.8587  MCC=0.5455
TEST 95% CI: accuracy=[0.7317, 0.7973]  f1_weighted=[0.7305, 0.7968]  f1_macro=[0.7309, 0.7970]  mcc=[0.4736, 0.6035]  balanced_accuracy=[0.7351, 0.7997]
Outputs: Experiments/subdataset10/Group-Based Split/results/subdataset10_screenshot_human_vs_v3_group_cv
2026-10-02 22:12:00 FINISHED
