
====================================================================================================
2026-10-03 08:14:08  subdataset2_graph_human_vs_v4_snippet_cv  (config hash 767cbfa4f315)
Data    : Data/Subdataset_2
Classes : ['Human-written', 'V4']   Split: Snippet-Level Split
Model   : NASNetMobile  activation=tanh  dropout=0.1  lr=0.0001  trained=last 30 layers  preprocessing=tf  L2=0.0001
Training: at most 20 epochs, early stopping val_ce patience 4, batch 16, 320x320 (no cropping), mixed precision True
Output  : Experiments/subdataset2/Snippet-Level Split/results/subdataset2_graph_human_vs_v4_snippet_cv
Human-written (label 0): 772 images
V4  (label 1): 856 images
Total 1628 images
Train     :  1138 (69.9%)  Human-written=540 V4=598
Validation:   245 (15.0%)  Human-written=116 V4=129
Test      :   245 (15.0%)  Human-written=116 V4=129
Fold 1: train=1106 (Human-written=524 V4=582)  evaluation=277 (Human-written=132 V4=145)
Fold 2: train=1106 (Human-written=525 V4=581)  evaluation=277 (Human-written=131 V4=146)
Fold 3: train=1106 (Human-written=525 V4=581)  evaluation=277 (Human-written=131 V4=146)
Fold 4: train=1107 (Human-written=525 V4=582)  evaluation=276 (Human-written=131 V4=145)
Fold 5: train=1107 (Human-written=525 V4=582)  evaluation=276 (Human-written=131 V4=145)
Leakage check PASSED.
TensorFlow 2.20.0 | GPU: [PhysicalDevice(name='/physical_device:GPU:0', device_type='GPU')]
Mixed precision: mixed_float16 (output layer float32)
Images loaded: 1628, 0.5 GB, 10 s

===== Fold 1/5  08:14:22 =====
Class weights (balanced): Human-written=1.056  V4=0.949
Model: base 769 layers, trained base layers 30 (first: separable_conv_1_bn_normal_left1_12); trained parameters 713,649 / 4,811,413
Epoch 1/20
59/59 - 98s - 2s/step - accuracy: 0.4872 - ce: 0.7104 - loss: 0.7799 - val_accuracy: 0.5241 - val_ce: 0.6967 - val_loss: 0.7650 - learning_rate: 1.0000e-04
Epoch 2/20
59/59 - 2s - 32ms/step - accuracy: 0.5617 - ce: 0.6825 - loss: 0.7504 - val_accuracy: 0.5301 - val_ce: 0.7019 - val_loss: 0.7695 - learning_rate: 1.0000e-04
Epoch 3/20

Epoch 3: ReduceLROnPlateau reducing learning rate to 4.999999873689376e-05.
59/59 - 2s - 32ms/step - accuracy: 0.5745 - ce: 0.6701 - loss: 0.7385 - val_accuracy: 0.5301 - val_ce: 0.7453 - val_loss: 0.8122 - learning_rate: 1.0000e-04
Epoch 4/20
59/59 - 2s - 32ms/step - accuracy: 0.6415 - ce: 0.6384 - loss: 0.7053 - val_accuracy: 0.5422 - val_ce: 0.7313 - val_loss: 0.7980 - learning_rate: 5.0000e-05
Epoch 5/20

Epoch 5: ReduceLROnPlateau reducing learning rate to 2.499999936844688e-05.
59/59 - 2s - 32ms/step - accuracy: 0.6734 - ce: 0.6258 - loss: 0.6917 - val_accuracy: 0.5422 - val_ce: 0.7261 - val_loss: 0.7925 - learning_rate: 5.0000e-05
Fold 1: accuracy=0.5199  F1(w/m)=0.4632/0.4543  CE=0.7031  epochs=5  

===== Fold 2/5  08:16:53 =====
Class weights (balanced): Human-written=1.054  V4=0.951
Epoch 1/20
59/59 - 77s - 1s/step - accuracy: 0.5074 - ce: 0.7089 - loss: 0.7764 - val_accuracy: 0.4819 - val_ce: 0.7086 - val_loss: 0.7768 - learning_rate: 1.0000e-04
Epoch 2/20
59/59 - 2s - 33ms/step - accuracy: 0.5649 - ce: 0.6939 - loss: 0.7624 - val_accuracy: 0.5060 - val_ce: 0.7107 - val_loss: 0.7782 - learning_rate: 1.0000e-04
Epoch 3/20

Epoch 3: ReduceLROnPlateau reducing learning rate to 4.999999873689376e-05.
59/59 - 2s - 34ms/step - accuracy: 0.5979 - ce: 0.6664 - loss: 0.7314 - val_accuracy: 0.5301 - val_ce: 0.7195 - val_loss: 0.7865 - learning_rate: 1.0000e-04
Epoch 4/20
59/59 - 2s - 35ms/step - accuracy: 0.6234 - ce: 0.6455 - loss: 0.7140 - val_accuracy: 0.5000 - val_ce: 0.7151 - val_loss: 0.7818 - learning_rate: 5.0000e-05
Epoch 5/20

Epoch 5: ReduceLROnPlateau reducing learning rate to 2.499999936844688e-05.
59/59 - 2s - 33ms/step - accuracy: 0.6574 - ce: 0.6288 - loss: 0.6963 - val_accuracy: 0.4759 - val_ce: 0.7732 - val_loss: 0.8395 - learning_rate: 5.0000e-05
Fold 2: accuracy=0.4549  F1(w/m)=0.4045/0.4130  CE=0.7217  epochs=5  

===== Fold 3/5  08:19:00 =====
Class weights (balanced): Human-written=1.054  V4=0.951
Epoch 1/20
59/59 - 79s - 1s/step - accuracy: 0.5191 - ce: 0.7165 - loss: 0.7859 - val_accuracy: 0.5060 - val_ce: 0.7005 - val_loss: 0.7689 - learning_rate: 1.0000e-04
Epoch 2/20
59/59 - 2s - 34ms/step - accuracy: 0.5266 - ce: 0.6958 - loss: 0.7630 - val_accuracy: 0.5482 - val_ce: 0.7053 - val_loss: 0.7731 - learning_rate: 1.0000e-04
Epoch 3/20

Epoch 3: ReduceLROnPlateau reducing learning rate to 4.999999873689376e-05.
59/59 - 2s - 33ms/step - accuracy: 0.6021 - ce: 0.6748 - loss: 0.7427 - val_accuracy: 0.5120 - val_ce: 0.7154 - val_loss: 0.7827 - learning_rate: 1.0000e-04
Epoch 4/20
59/59 - 2s - 34ms/step - accuracy: 0.6394 - ce: 0.6408 - loss: 0.7073 - val_accuracy: 0.5181 - val_ce: 0.7248 - val_loss: 0.7918 - learning_rate: 5.0000e-05
Epoch 5/20

Epoch 5: ReduceLROnPlateau reducing learning rate to 2.499999936844688e-05.
59/59 - 2s - 35ms/step - accuracy: 0.6660 - ce: 0.6337 - loss: 0.7006 - val_accuracy: 0.5241 - val_ce: 0.7212 - val_loss: 0.7879 - learning_rate: 5.0000e-05
Fold 3: accuracy=0.5415  F1(w/m)=0.5369/0.5336  CE=0.6921  epochs=5  

===== Fold 4/5  08:21:08 =====
Class weights (balanced): Human-written=1.054  V4=0.951
Epoch 1/20
59/59 - 82s - 1s/step - accuracy: 0.5021 - ce: 0.7181 - loss: 0.7864 - val_accuracy: 0.5389 - val_ce: 0.7081 - val_loss: 0.7765 - learning_rate: 1.0000e-04
Epoch 2/20
59/59 - 2s - 35ms/step - accuracy: 0.5489 - ce: 0.6841 - loss: 0.7534 - val_accuracy: 0.4611 - val_ce: 0.7102 - val_loss: 0.7779 - learning_rate: 1.0000e-04
Epoch 3/20

Epoch 3: ReduceLROnPlateau reducing learning rate to 4.999999873689376e-05.
59/59 - 2s - 36ms/step - accuracy: 0.5862 - ce: 0.6684 - loss: 0.7353 - val_accuracy: 0.5269 - val_ce: 0.7995 - val_loss: 0.8666 - learning_rate: 1.0000e-04
Epoch 4/20
59/59 - 2s - 35ms/step - accuracy: 0.6149 - ce: 0.6478 - loss: 0.7156 - val_accuracy: 0.5269 - val_ce: 0.7747 - val_loss: 0.8415 - learning_rate: 5.0000e-05
Epoch 5/20

Epoch 5: ReduceLROnPlateau reducing learning rate to 2.499999936844688e-05.
59/59 - 2s - 34ms/step - accuracy: 0.6500 - ce: 0.6362 - loss: 0.7010 - val_accuracy: 0.5269 - val_ce: 0.8007 - val_loss: 0.8673 - learning_rate: 5.0000e-05
COLLAPSE: 95% of the validation predictions are in one class -> training is repeated once with lr 1e-05
Epoch 1/20
59/59 - 78s - 1s/step - accuracy: 0.4989 - ce: 0.7000 - loss: 0.7703 - val_accuracy: 0.5030 - val_ce: 0.7073 - val_loss: 0.7763 - learning_rate: 1.0000e-05
Epoch 2/20
59/59 - 2s - 40ms/step - accuracy: 0.5170 - ce: 0.6964 - loss: 0.7672 - val_accuracy: 0.4790 - val_ce: 0.7066 - val_loss: 0.7755 - learning_rate: 1.0000e-05
Epoch 3/20
59/59 - 2s - 40ms/step - accuracy: 0.4979 - ce: 0.6950 - loss: 0.7629 - val_accuracy: 0.4850 - val_ce: 0.7014 - val_loss: 0.7702 - learning_rate: 1.0000e-05
Epoch 4/20
59/59 - 2s - 41ms/step - accuracy: 0.5351 - ce: 0.6906 - loss: 0.7594 - val_accuracy: 0.4910 - val_ce: 0.7013 - val_loss: 0.7700 - learning_rate: 1.0000e-05
Epoch 5/20
59/59 - 2s - 34ms/step - accuracy: 0.5340 - ce: 0.6916 - loss: 0.7601 - val_accuracy: 0.5150 - val_ce: 0.7025 - val_loss: 0.7711 - learning_rate: 1.0000e-05
Epoch 6/20
59/59 - 2s - 39ms/step - accuracy: 0.5426 - ce: 0.6853 - loss: 0.7545 - val_accuracy: 0.5210 - val_ce: 0.6995 - val_loss: 0.7681 - learning_rate: 1.0000e-05
Epoch 7/20
59/59 - 2s - 39ms/step - accuracy: 0.5691 - ce: 0.6819 - loss: 0.7490 - val_accuracy: 0.5090 - val_ce: 0.6995 - val_loss: 0.7680 - learning_rate: 1.0000e-05
Epoch 8/20

Epoch 8: ReduceLROnPlateau reducing learning rate to 4.999999873689376e-06.
59/59 - 2s - 35ms/step - accuracy: 0.5638 - ce: 0.6788 - loss: 0.7486 - val_accuracy: 0.5329 - val_ce: 0.6999 - val_loss: 0.7684 - learning_rate: 1.0000e-05
Epoch 9/20
59/59 - 2s - 41ms/step - accuracy: 0.5745 - ce: 0.6760 - loss: 0.7441 - val_accuracy: 0.5030 - val_ce: 0.6993 - val_loss: 0.7678 - learning_rate: 5.0000e-06
Epoch 10/20
59/59 - 2s - 35ms/step - accuracy: 0.5723 - ce: 0.6745 - loss: 0.7426 - val_accuracy: 0.5210 - val_ce: 0.6994 - val_loss: 0.7678 - learning_rate: 5.0000e-06
Epoch 11/20

Epoch 11: ReduceLROnPlateau reducing learning rate to 2.499999936844688e-06.
59/59 - 2s - 35ms/step - accuracy: 0.5617 - ce: 0.6754 - loss: 0.7441 - val_accuracy: 0.5329 - val_ce: 0.6997 - val_loss: 0.7680 - learning_rate: 5.0000e-06
Epoch 12/20
59/59 - 2s - 34ms/step - accuracy: 0.5904 - ce: 0.6693 - loss: 0.7388 - val_accuracy: 0.5210 - val_ce: 0.6994 - val_loss: 0.7678 - learning_rate: 2.5000e-06
Epoch 13/20

Epoch 13: ReduceLROnPlateau reducing learning rate to 1.249999968422344e-06.
59/59 - 2s - 35ms/step - accuracy: 0.5862 - ce: 0.6724 - loss: 0.7404 - val_accuracy: 0.5150 - val_ce: 0.6995 - val_loss: 0.7679 - learning_rate: 2.5000e-06
Fold 4: accuracy=0.5181  F1(w/m)=0.5110/0.5072  CE=0.6956  epochs=13  

===== Fold 5/5  08:25:45 =====
Class weights (balanced): Human-written=1.054  V4=0.951
Epoch 1/20
59/59 - 77s - 1s/step - accuracy: 0.5085 - ce: 0.7168 - loss: 0.7854 - val_accuracy: 0.5030 - val_ce: 0.6954 - val_loss: 0.7635 - learning_rate: 1.0000e-04
Epoch 2/20
59/59 - 2s - 35ms/step - accuracy: 0.5574 - ce: 0.6817 - loss: 0.7499 - val_accuracy: 0.4910 - val_ce: 0.6973 - val_loss: 0.7648 - learning_rate: 1.0000e-04
Epoch 3/20

Epoch 3: ReduceLROnPlateau reducing learning rate to 4.999999873689376e-05.
59/59 - 2s - 36ms/step - accuracy: 0.5777 - ce: 0.6686 - loss: 0.7364 - val_accuracy: 0.5329 - val_ce: 0.7659 - val_loss: 0.8329 - learning_rate: 1.0000e-04
Epoch 4/20
59/59 - 2s - 34ms/step - accuracy: 0.6309 - ce: 0.6539 - loss: 0.7218 - val_accuracy: 0.5449 - val_ce: 0.7115 - val_loss: 0.7782 - learning_rate: 5.0000e-05
Epoch 5/20
59/59 - 2s - 40ms/step - accuracy: 0.6840 - ce: 0.6251 - loss: 0.6929 - val_accuracy: 0.5449 - val_ce: 0.6924 - val_loss: 0.7588 - learning_rate: 5.0000e-05
Epoch 6/20
59/59 - 2s - 35ms/step - accuracy: 0.6362 - ce: 0.6305 - loss: 0.6969 - val_accuracy: 0.5629 - val_ce: 0.6939 - val_loss: 0.7600 - learning_rate: 5.0000e-05
Epoch 7/20

Epoch 7: ReduceLROnPlateau reducing learning rate to 2.499999936844688e-05.
59/59 - 2s - 35ms/step - accuracy: 0.6809 - ce: 0.6162 - loss: 0.6815 - val_accuracy: 0.5449 - val_ce: 0.7237 - val_loss: 0.7896 - learning_rate: 5.0000e-05
Epoch 8/20
59/59 - 2s - 35ms/step - accuracy: 0.7096 - ce: 0.5997 - loss: 0.6671 - val_accuracy: 0.5808 - val_ce: 0.7158 - val_loss: 0.7815 - learning_rate: 2.5000e-05
Epoch 9/20

Epoch 9: ReduceLROnPlateau reducing learning rate to 1.249999968422344e-05.
59/59 - 2s - 35ms/step - accuracy: 0.7096 - ce: 0.5967 - loss: 0.6616 - val_accuracy: 0.5868 - val_ce: 0.7071 - val_loss: 0.7728 - learning_rate: 2.5000e-05
Fold 5: accuracy=0.5000  F1(w/m)=0.4382/0.4279  CE=0.7163  epochs=9  

CV mean ± std:
  accuracy               0.5069 ± 0.0326
  balanced_accuracy      0.5013 ± 0.0255
  mcc                    -0.0013 ± 0.0578
  cross_entropy          0.7058 ± 0.0129
  roc_auc                0.4963 ± 0.0424
  precision_macro        0.4968 ± 0.0334
  recall_macro           0.5013 ± 0.0255
  f1_macro               0.4672 ± 0.0516
  precision_micro        0.5069 ± 0.0326
  recall_micro           0.5069 ± 0.0326
  f1_micro               0.5069 ± 0.0326
  precision_weighted     0.4979 ± 0.0334
  recall_weighted        0.5069 ± 0.0326
  f1_weighted            0.4707 ± 0.0536

===== Final training  08:28:04 =====
Class weights (balanced): Human-written=1.054  V4=0.952
Epoch 1/20
72/72 - 82s - 1s/step - accuracy: 0.4930 - ce: 0.7133 - loss: 0.7827 - val_accuracy: 0.4735 - val_ce: 0.7118 - val_loss: 0.7800 - learning_rate: 1.0000e-04
Epoch 2/20
72/72 - 3s - 40ms/step - accuracy: 0.5510 - ce: 0.6855 - loss: 0.7534 - val_accuracy: 0.4816 - val_ce: 0.7055 - val_loss: 0.7730 - learning_rate: 1.0000e-04
Epoch 3/20
72/72 - 3s - 36ms/step - accuracy: 0.5791 - ce: 0.6757 - loss: 0.7434 - val_accuracy: 0.5061 - val_ce: 0.7309 - val_loss: 0.7977 - learning_rate: 1.0000e-04
Epoch 4/20

Epoch 4: ReduceLROnPlateau reducing learning rate to 4.999999873689376e-05.
72/72 - 3s - 36ms/step - accuracy: 0.6002 - ce: 0.6579 - loss: 0.7246 - val_accuracy: 0.5388 - val_ce: 0.7646 - val_loss: 0.8308 - learning_rate: 1.0000e-04
Epoch 5/20
72/72 - 3s - 36ms/step - accuracy: 0.6485 - ce: 0.6292 - loss: 0.6966 - val_accuracy: 0.5388 - val_ce: 0.7710 - val_loss: 0.8369 - learning_rate: 5.0000e-05
Epoch 6/20

Epoch 6: ReduceLROnPlateau reducing learning rate to 2.499999936844688e-05.
72/72 - 3s - 36ms/step - accuracy: 0.6731 - ce: 0.6125 - loss: 0.6779 - val_accuracy: 0.5061 - val_ce: 0.7452 - val_loss: 0.8108 - learning_rate: 5.0000e-05
               precision    recall  f1-score   support

Human-written     0.4286    0.1552    0.2278       116
           V4     0.5172    0.8140    0.6325       129

     accuracy                         0.5020       245
    macro avg     0.4729    0.4846    0.4302       245
 weighted avg     0.4753    0.5020    0.4409       245

Class distribution all  : {'Human-written': 772, 'V4': 856}  ratio {'Human-written': 0.4742, 'V4': 0.5258}
Class distribution train: {'Human-written': 540, 'V4': 598}  ratio {'Human-written': 0.4745, 'V4': 0.5255}
Class distribution val  : {'Human-written': 116, 'V4': 129}  ratio {'Human-written': 0.4735, 'V4': 0.5265}
Class distribution test : {'Human-written': 116, 'V4': 129}  ratio {'Human-written': 0.4735, 'V4': 0.5265}

subdataset2_graph_human_vs_v4_snippet_cv  NASNetMobile (tanh, dropout 0.1, lr 0.0001)
CV mean    acc=0.5069  F1 w/m/micro=0.4707/0.4672/0.5069  P_w=0.4979  R_w=0.5069  CE=0.7058  AUC=0.4963  MCC=-0.0013
VALIDATION acc=0.4816  F1 w/m/micro=0.4387/0.4296/0.4816  P_w=0.4554  R_w=0.4816  CE=0.7055  AUC=0.4805  MCC=-0.0792
TEST       acc=0.5020  F1 w/m/micro=0.4409/0.4302/0.5020  P_w=0.4753  R_w=0.5020  CE=0.7130  AUC=0.4489  MCC=-0.0409
TEST 95% CI: accuracy=[0.4408, 0.5633]  f1_weighted=[0.3688, 0.5074]  f1_macro=[0.3741, 0.4866]  mcc=[-0.1517, 0.0789]  balanced_accuracy=[0.4426, 0.5298]
Outputs: Experiments/subdataset2/Snippet-Level Split/results/subdataset2_graph_human_vs_v4_snippet_cv
2026-10-03 08:30:24 FINISHED
