
====================================================================================================
2026-10-03 00:11:59  subdataset13_graph_human_vs_v2_snippet_cv  (config hash 901eef958cb7)
Data    : Data/Subdataset_13
Classes : ['Human-written', 'V2']   Split: Snippet-Level Split
Model   : VGG19  activation=relu  dropout=0.1  lr=0.0001  trained=base from block5_* on  preprocessing=caffe  L2=0.0001
Training: at most 20 epochs, early stopping val_ce patience 4, batch 16, 320x320 (no cropping), mixed precision True
Output  : Experiments/subdataset13/Snippet-Level Split/results/subdataset13_graph_human_vs_v2_snippet_cv
Human-written (label 0): 1629 images
V2  (label 1): 2178 images
Total 3807 images
Train     :  2664 (70.0%)  Human-written=1140 V2=1524
Validation:   571 (15.0%)  Human-written=244 V2=327
Test      :   572 (15.0%)  Human-written=245 V2=327
Fold 1: train=2588 (Human-written=1108 V2=1480)  evaluation=647 (Human-written=276 V2=371)
Fold 2: train=2588 (Human-written=1107 V2=1481)  evaluation=647 (Human-written=277 V2=370)
Fold 3: train=2588 (Human-written=1107 V2=1481)  evaluation=647 (Human-written=277 V2=370)
Fold 4: train=2588 (Human-written=1107 V2=1481)  evaluation=647 (Human-written=277 V2=370)
Fold 5: train=2588 (Human-written=1107 V2=1481)  evaluation=647 (Human-written=277 V2=370)
Leakage check PASSED.
TensorFlow 2.20.0 | GPU: [PhysicalDevice(name='/physical_device:GPU:0', device_type='GPU')]
Mixed precision: mixed_float16 (output layer float32)
Images loaded: 3807, 1.2 GB, 5 s

===== Fold 1/5  00:12:08 =====
Class weights (balanced): Human-written=1.168  V2=0.874
Model: base 22 layers, trained base layers 5 (first: block5_conv1); trained parameters 9,702,401 / 20,287,553
Epoch 1/20
138/138 - 21s - 151ms/step - accuracy: 0.5180 - ce: 0.7574 - loss: 0.7968 - val_accuracy: 0.5707 - val_ce: 0.6834 - val_loss: 0.7245 - learning_rate: 1.0000e-04
Epoch 2/20
138/138 - 4s - 33ms/step - accuracy: 0.5312 - ce: 0.6895 - loss: 0.7280 - val_accuracy: 0.5321 - val_ce: 0.6881 - val_loss: 0.7202 - learning_rate: 1.0000e-04
Epoch 3/20

Epoch 3: ReduceLROnPlateau reducing learning rate to 4.999999873689376e-05.
138/138 - 4s - 33ms/step - accuracy: 0.5439 - ce: 0.6867 - loss: 0.7186 - val_accuracy: 0.5476 - val_ce: 0.6905 - val_loss: 0.7161 - learning_rate: 1.0000e-04
Epoch 4/20
138/138 - 4s - 32ms/step - accuracy: 0.5634 - ce: 0.6834 - loss: 0.7077 - val_accuracy: 0.5347 - val_ce: 0.6866 - val_loss: 0.7097 - learning_rate: 5.0000e-05
Epoch 5/20

Epoch 5: ReduceLROnPlateau reducing learning rate to 2.499999936844688e-05.
138/138 - 5s - 33ms/step - accuracy: 0.5821 - ce: 0.6782 - loss: 0.7013 - val_accuracy: 0.5347 - val_ce: 0.7011 - val_loss: 0.7221 - learning_rate: 5.0000e-05
COLLAPSE: 100% of the validation predictions are in one class -> training is repeated once with lr 1e-05
Epoch 1/20
138/138 - 15s - 106ms/step - accuracy: 0.5557 - ce: 0.7442 - loss: 0.7958 - val_accuracy: 0.6015 - val_ce: 0.6721 - val_loss: 0.7229 - learning_rate: 1.0000e-05
Epoch 2/20
138/138 - 4s - 33ms/step - accuracy: 0.6612 - ce: 0.6291 - loss: 0.6793 - val_accuracy: 0.5681 - val_ce: 0.6822 - val_loss: 0.7326 - learning_rate: 1.0000e-05
Epoch 3/20

Epoch 3: ReduceLROnPlateau reducing learning rate to 4.999999873689376e-06.
138/138 - 5s - 33ms/step - accuracy: 0.7185 - ce: 0.5546 - loss: 0.6053 - val_accuracy: 0.5964 - val_ce: 0.6837 - val_loss: 0.7339 - learning_rate: 1.0000e-05
Epoch 4/20
138/138 - 5s - 33ms/step - accuracy: 0.7990 - ce: 0.4559 - loss: 0.5066 - val_accuracy: 0.6144 - val_ce: 0.6939 - val_loss: 0.7440 - learning_rate: 5.0000e-06
Epoch 5/20

Epoch 5: ReduceLROnPlateau reducing learning rate to 2.499999936844688e-06.
138/138 - 5s - 33ms/step - accuracy: 0.8527 - ce: 0.3838 - loss: 0.4369 - val_accuracy: 0.5784 - val_ce: 0.7734 - val_loss: 0.8233 - learning_rate: 5.0000e-06
Fold 1: accuracy=0.6012  F1(w/m)=0.5552/0.5279  CE=0.6722  epochs=5  

===== Fold 2/5  00:13:30 =====
Class weights (balanced): Human-written=1.168  V2=0.874
Epoch 1/20
138/138 - 15s - 106ms/step - accuracy: 0.4702 - ce: 0.7483 - loss: 0.7972 - val_accuracy: 0.5733 - val_ce: 0.6928 - val_loss: 0.7320 - learning_rate: 1.0000e-04
Epoch 2/20
138/138 - 5s - 33ms/step - accuracy: 0.5025 - ce: 0.6930 - loss: 0.7275 - val_accuracy: 0.5733 - val_ce: 0.6928 - val_loss: 0.7223 - learning_rate: 1.0000e-04
Epoch 3/20
138/138 - 5s - 33ms/step - accuracy: 0.4989 - ce: 0.6932 - loss: 0.7192 - val_accuracy: 0.5733 - val_ce: 0.6925 - val_loss: 0.7153 - learning_rate: 1.0000e-04
Epoch 4/20
138/138 - 5s - 33ms/step - accuracy: 0.5048 - ce: 0.6932 - loss: 0.7136 - val_accuracy: 0.5733 - val_ce: 0.6929 - val_loss: 0.7110 - learning_rate: 1.0000e-04
Epoch 5/20

Epoch 5: ReduceLROnPlateau reducing learning rate to 4.999999873689376e-05.
138/138 - 5s - 33ms/step - accuracy: 0.5721 - ce: 0.6928 - loss: 0.7096 - val_accuracy: 0.5733 - val_ce: 0.6928 - val_loss: 0.7077 - learning_rate: 1.0000e-04
Epoch 6/20
138/138 - 5s - 33ms/step - accuracy: 0.5721 - ce: 0.6930 - loss: 0.7073 - val_accuracy: 0.5733 - val_ce: 0.6931 - val_loss: 0.7066 - learning_rate: 5.0000e-05
Epoch 7/20

Epoch 7: ReduceLROnPlateau reducing learning rate to 2.499999936844688e-05.
138/138 - 4s - 32ms/step - accuracy: 0.5721 - ce: 0.6930 - loss: 0.7061 - val_accuracy: 0.5733 - val_ce: 0.6929 - val_loss: 0.7053 - learning_rate: 5.0000e-05
COLLAPSE: 100% of the validation predictions are in one class -> training is repeated once with lr 1e-05
Epoch 1/20
138/138 - 15s - 107ms/step - accuracy: 0.5239 - ce: 0.7297 - loss: 0.7818 - val_accuracy: 0.6041 - val_ce: 0.6724 - val_loss: 0.7231 - learning_rate: 1.0000e-05
Epoch 2/20
138/138 - 5s - 33ms/step - accuracy: 0.6089 - ce: 0.6579 - loss: 0.7108 - val_accuracy: 0.5656 - val_ce: 0.6893 - val_loss: 0.7395 - learning_rate: 1.0000e-05
Epoch 3/20

Epoch 3: ReduceLROnPlateau reducing learning rate to 4.999999873689376e-06.
138/138 - 4s - 33ms/step - accuracy: 0.7008 - ce: 0.5759 - loss: 0.6275 - val_accuracy: 0.5681 - val_ce: 0.6997 - val_loss: 0.7495 - learning_rate: 1.0000e-05
Epoch 4/20
138/138 - 4s - 32ms/step - accuracy: 0.7867 - ce: 0.4812 - loss: 0.5316 - val_accuracy: 0.6015 - val_ce: 0.6952 - val_loss: 0.7448 - learning_rate: 5.0000e-06
Epoch 5/20

Epoch 5: ReduceLROnPlateau reducing learning rate to 2.499999936844688e-06.
138/138 - 4s - 32ms/step - accuracy: 0.8213 - ce: 0.4195 - loss: 0.4702 - val_accuracy: 0.5810 - val_ce: 0.6980 - val_loss: 0.7475 - learning_rate: 5.0000e-06
Fold 2: accuracy=0.5920  F1(w/m)=0.5834/0.5691  CE=0.6670  epochs=5  

===== Fold 3/5  00:14:54 =====
Class weights (balanced): Human-written=1.168  V2=0.874
Epoch 1/20
138/138 - 15s - 107ms/step - accuracy: 0.4752 - ce: 0.7279 - loss: 0.7740 - val_accuracy: 0.4267 - val_ce: 0.6981 - val_loss: 0.7375 - learning_rate: 1.0000e-04
Epoch 2/20
138/138 - 5s - 33ms/step - accuracy: 0.4684 - ce: 0.7085 - loss: 0.7383 - val_accuracy: 0.5733 - val_ce: 0.6924 - val_loss: 0.7223 - learning_rate: 1.0000e-04
Epoch 3/20
138/138 - 4s - 32ms/step - accuracy: 0.5543 - ce: 0.6943 - loss: 0.7206 - val_accuracy: 0.5733 - val_ce: 0.6924 - val_loss: 0.7157 - learning_rate: 1.0000e-04
Epoch 4/20

Epoch 4: ReduceLROnPlateau reducing learning rate to 4.999999873689376e-05.
138/138 - 5s - 33ms/step - accuracy: 0.5721 - ce: 0.6922 - loss: 0.7141 - val_accuracy: 0.5733 - val_ce: 0.6924 - val_loss: 0.7110 - learning_rate: 1.0000e-04
Epoch 5/20
138/138 - 4s - 32ms/step - accuracy: 0.5721 - ce: 0.6928 - loss: 0.7109 - val_accuracy: 0.5733 - val_ce: 0.6927 - val_loss: 0.7094 - learning_rate: 5.0000e-05
Epoch 6/20

Epoch 6: ReduceLROnPlateau reducing learning rate to 2.499999936844688e-05.
138/138 - 4s - 32ms/step - accuracy: 0.5721 - ce: 0.6927 - loss: 0.7091 - val_accuracy: 0.5733 - val_ce: 0.6927 - val_loss: 0.7078 - learning_rate: 5.0000e-05
COLLAPSE: 100% of the validation predictions are in one class -> training is repeated once with lr 1e-05
Epoch 1/20
138/138 - 15s - 107ms/step - accuracy: 0.5239 - ce: 0.7421 - loss: 0.7892 - val_accuracy: 0.5630 - val_ce: 0.6777 - val_loss: 0.7284 - learning_rate: 1.0000e-05
Epoch 2/20
138/138 - 5s - 33ms/step - accuracy: 0.6153 - ce: 0.6547 - loss: 0.7030 - val_accuracy: 0.5990 - val_ce: 0.6633 - val_loss: 0.7136 - learning_rate: 1.0000e-05
Epoch 3/20
138/138 - 5s - 33ms/step - accuracy: 0.7030 - ce: 0.5737 - loss: 0.6248 - val_accuracy: 0.5964 - val_ce: 0.6624 - val_loss: 0.7124 - learning_rate: 1.0000e-05
Epoch 4/20
138/138 - 5s - 33ms/step - accuracy: 0.7685 - ce: 0.4964 - loss: 0.5485 - val_accuracy: 0.4961 - val_ce: 0.8416 - val_loss: 0.8913 - learning_rate: 1.0000e-05
Epoch 5/20

Epoch 5: ReduceLROnPlateau reducing learning rate to 4.999999873689376e-06.
138/138 - 4s - 33ms/step - accuracy: 0.8458 - ce: 0.3947 - loss: 0.4440 - val_accuracy: 0.6118 - val_ce: 0.6925 - val_loss: 0.7421 - learning_rate: 1.0000e-05
Epoch 6/20
138/138 - 5s - 33ms/step - accuracy: 0.9100 - ce: 0.2804 - loss: 0.3309 - val_accuracy: 0.6067 - val_ce: 0.7503 - val_loss: 0.7997 - learning_rate: 5.0000e-06
Epoch 7/20

Epoch 7: ReduceLROnPlateau reducing learning rate to 2.499999936844688e-06.
138/138 - 4s - 32ms/step - accuracy: 0.9350 - ce: 0.2289 - loss: 0.2784 - val_accuracy: 0.6170 - val_ce: 0.7777 - val_loss: 0.8270 - learning_rate: 5.0000e-06
Fold 3: accuracy=0.6090  F1(w/m)=0.5862/0.5667  CE=0.6603  epochs=7  

===== Fold 4/5  00:16:22 =====
Class weights (balanced): Human-written=1.168  V2=0.874
Epoch 1/20
138/138 - 15s - 107ms/step - accuracy: 0.4820 - ce: 0.7332 - loss: 0.7826 - val_accuracy: 0.4267 - val_ce: 0.6942 - val_loss: 0.7329 - learning_rate: 1.0000e-04
Epoch 2/20
138/138 - 5s - 33ms/step - accuracy: 0.4411 - ce: 0.6952 - loss: 0.7269 - val_accuracy: 0.4267 - val_ce: 0.6938 - val_loss: 0.7224 - learning_rate: 1.0000e-04
Epoch 3/20
138/138 - 5s - 33ms/step - accuracy: 0.4266 - ce: 0.6937 - loss: 0.7182 - val_accuracy: 0.4267 - val_ce: 0.6938 - val_loss: 0.7154 - learning_rate: 1.0000e-04
Epoch 4/20
138/138 - 5s - 33ms/step - accuracy: 0.4584 - ce: 0.6934 - loss: 0.7123 - val_accuracy: 0.4267 - val_ce: 0.6933 - val_loss: 0.7102 - learning_rate: 1.0000e-04
Epoch 5/20
138/138 - 4s - 32ms/step - accuracy: 0.4279 - ce: 0.6935 - loss: 0.7083 - val_accuracy: 0.4267 - val_ce: 0.6934 - val_loss: 0.7069 - learning_rate: 1.0000e-04
Epoch 6/20

Epoch 6: ReduceLROnPlateau reducing learning rate to 4.999999873689376e-05.
138/138 - 5s - 33ms/step - accuracy: 0.4279 - ce: 0.6937 - loss: 0.7055 - val_accuracy: 0.4267 - val_ce: 0.6935 - val_loss: 0.7047 - learning_rate: 1.0000e-04
Epoch 7/20
138/138 - 5s - 33ms/step - accuracy: 0.4279 - ce: 0.6934 - loss: 0.7039 - val_accuracy: 0.4267 - val_ce: 0.6933 - val_loss: 0.7036 - learning_rate: 5.0000e-05
Epoch 8/20

Epoch 8: ReduceLROnPlateau reducing learning rate to 2.499999936844688e-05.
138/138 - 5s - 33ms/step - accuracy: 0.4279 - ce: 0.6934 - loss: 0.7030 - val_accuracy: 0.4267 - val_ce: 0.6934 - val_loss: 0.7028 - learning_rate: 5.0000e-05
COLLAPSE: 100% of the validation predictions are in one class -> training is repeated once with lr 1e-05
Epoch 1/20
138/138 - 15s - 107ms/step - accuracy: 0.5271 - ce: 0.7436 - loss: 0.8046 - val_accuracy: 0.6093 - val_ce: 0.6593 - val_loss: 0.7099 - learning_rate: 1.0000e-05
Epoch 2/20
138/138 - 5s - 33ms/step - accuracy: 0.6062 - ce: 0.6600 - loss: 0.7110 - val_accuracy: 0.5990 - val_ce: 0.6691 - val_loss: 0.7190 - learning_rate: 1.0000e-05
Epoch 3/20

Epoch 3: ReduceLROnPlateau reducing learning rate to 4.999999873689376e-06.
138/138 - 4s - 33ms/step - accuracy: 0.6717 - ce: 0.6047 - loss: 0.6583 - val_accuracy: 0.5758 - val_ce: 0.6963 - val_loss: 0.7458 - learning_rate: 1.0000e-05
Epoch 4/20
138/138 - 4s - 33ms/step - accuracy: 0.7572 - ce: 0.5185 - loss: 0.5700 - val_accuracy: 0.6015 - val_ce: 0.6761 - val_loss: 0.7255 - learning_rate: 5.0000e-06
Epoch 5/20

Epoch 5: ReduceLROnPlateau reducing learning rate to 2.499999936844688e-06.
138/138 - 5s - 33ms/step - accuracy: 0.7931 - ce: 0.4653 - loss: 0.5166 - val_accuracy: 0.6144 - val_ce: 0.6937 - val_loss: 0.7429 - learning_rate: 5.0000e-06
Fold 4: accuracy=0.6012  F1(w/m)=0.5546/0.5279  CE=0.6665  epochs=5  

===== Fold 5/5  00:17:51 =====
Class weights (balanced): Human-written=1.168  V2=0.874
Epoch 1/20
138/138 - 15s - 107ms/step - accuracy: 0.5284 - ce: 0.7338 - loss: 0.7794 - val_accuracy: 0.4267 - val_ce: 0.7070 - val_loss: 0.7473 - learning_rate: 1.0000e-04
Epoch 2/20
138/138 - 5s - 33ms/step - accuracy: 0.5139 - ce: 0.6951 - loss: 0.7283 - val_accuracy: 0.4910 - val_ce: 0.6931 - val_loss: 0.7241 - learning_rate: 1.0000e-04
Epoch 3/20
138/138 - 5s - 33ms/step - accuracy: 0.5061 - ce: 0.6959 - loss: 0.7230 - val_accuracy: 0.5604 - val_ce: 0.6947 - val_loss: 0.7193 - learning_rate: 1.0000e-04
Epoch 4/20
138/138 - 5s - 33ms/step - accuracy: 0.5616 - ce: 0.6971 - loss: 0.7176 - val_accuracy: 0.5733 - val_ce: 0.6923 - val_loss: 0.7122 - learning_rate: 1.0000e-04
Epoch 5/20
138/138 - 5s - 33ms/step - accuracy: 0.5721 - ce: 0.6925 - loss: 0.7113 - val_accuracy: 0.5733 - val_ce: 0.6926 - val_loss: 0.7091 - learning_rate: 1.0000e-04
Epoch 6/20

Epoch 6: ReduceLROnPlateau reducing learning rate to 4.999999873689376e-05.
138/138 - 4s - 33ms/step - accuracy: 0.5725 - ce: 0.6928 - loss: 0.7083 - val_accuracy: 0.5733 - val_ce: 0.6929 - val_loss: 0.7068 - learning_rate: 1.0000e-04
Epoch 7/20
138/138 - 5s - 33ms/step - accuracy: 0.5730 - ce: 0.6929 - loss: 0.7066 - val_accuracy: 0.5733 - val_ce: 0.6929 - val_loss: 0.7058 - learning_rate: 5.0000e-05
Epoch 8/20

Epoch 8: ReduceLROnPlateau reducing learning rate to 2.499999936844688e-05.
138/138 - 5s - 33ms/step - accuracy: 0.5744 - ce: 0.6927 - loss: 0.7056 - val_accuracy: 0.5733 - val_ce: 0.6928 - val_loss: 0.7048 - learning_rate: 5.0000e-05
COLLAPSE: 100% of the validation predictions are in one class -> training is repeated once with lr 1e-05
Epoch 1/20
138/138 - 15s - 107ms/step - accuracy: 0.5334 - ce: 0.7359 - loss: 0.7903 - val_accuracy: 0.5398 - val_ce: 0.6956 - val_loss: 0.7463 - learning_rate: 1.0000e-05
Epoch 2/20
138/138 - 5s - 33ms/step - accuracy: 0.6153 - ce: 0.6489 - loss: 0.6992 - val_accuracy: 0.5681 - val_ce: 0.6861 - val_loss: 0.7364 - learning_rate: 1.0000e-05
Epoch 3/20
138/138 - 5s - 33ms/step - accuracy: 0.6994 - ce: 0.5788 - loss: 0.6292 - val_accuracy: 0.5758 - val_ce: 0.6837 - val_loss: 0.7337 - learning_rate: 1.0000e-05
Epoch 4/20
138/138 - 4s - 33ms/step - accuracy: 0.7476 - ce: 0.5033 - loss: 0.5558 - val_accuracy: 0.5810 - val_ce: 0.6946 - val_loss: 0.7443 - learning_rate: 1.0000e-05
Epoch 5/20

Epoch 5: ReduceLROnPlateau reducing learning rate to 4.999999873689376e-06.
138/138 - 5s - 33ms/step - accuracy: 0.8367 - ce: 0.4106 - loss: 0.4615 - val_accuracy: 0.5424 - val_ce: 0.7738 - val_loss: 0.8233 - learning_rate: 1.0000e-05
Epoch 6/20
138/138 - 5s - 33ms/step - accuracy: 0.9077 - ce: 0.2950 - loss: 0.3449 - val_accuracy: 0.5887 - val_ce: 0.7542 - val_loss: 0.8036 - learning_rate: 5.0000e-06
Epoch 7/20

Epoch 7: ReduceLROnPlateau reducing learning rate to 2.499999936844688e-06.
138/138 - 4s - 32ms/step - accuracy: 0.9186 - ce: 0.2490 - loss: 0.3006 - val_accuracy: 0.5887 - val_ce: 0.7820 - val_loss: 0.8313 - learning_rate: 5.0000e-06
Fold 5: accuracy=0.6167  F1(w/m)=0.5631/0.5351  CE=0.6749  epochs=7  

CV mean ± std:
  accuracy               0.6040 ± 0.0093
  balanced_accuracy      0.5653 ± 0.0092
  mcc                    0.1589 ± 0.0198
  cross_entropy          0.6682 ± 0.0057
  roc_auc                0.6127 ± 0.0204
  precision_macro        0.5977 ± 0.0191
  recall_macro           0.5653 ± 0.0092
  f1_macro               0.5454 ± 0.0208
  precision_micro        0.6040 ± 0.0093
  recall_micro           0.6040 ± 0.0093
  f1_micro               0.6040 ± 0.0093
  precision_weighted     0.6000 ± 0.0159
  recall_weighted        0.6040 ± 0.0093
  f1_weighted            0.5685 ± 0.0153

===== Final training  00:19:29 =====
Class weights (balanced): Human-written=1.168  V2=0.874
Epoch 1/20
167/167 - 19s - 114ms/step - accuracy: 0.4891 - ce: 0.7213 - loss: 0.7624 - val_accuracy: 0.4273 - val_ce: 0.6953 - val_loss: 0.7320 - learning_rate: 1.0000e-04
Epoch 2/20
167/167 - 6s - 33ms/step - accuracy: 0.5559 - ce: 0.6931 - loss: 0.7237 - val_accuracy: 0.5744 - val_ce: 0.6924 - val_loss: 0.7186 - learning_rate: 1.0000e-04
Epoch 3/20
167/167 - 5s - 33ms/step - accuracy: 0.5721 - ce: 0.6925 - loss: 0.7158 - val_accuracy: 0.5727 - val_ce: 0.6926 - val_loss: 0.7120 - learning_rate: 1.0000e-04
Epoch 4/20

Epoch 4: ReduceLROnPlateau reducing learning rate to 4.999999873689376e-05.
167/167 - 5s - 33ms/step - accuracy: 0.5721 - ce: 0.6929 - loss: 0.7103 - val_accuracy: 0.5727 - val_ce: 0.6928 - val_loss: 0.7079 - learning_rate: 1.0000e-04
Epoch 5/20
167/167 - 5s - 33ms/step - accuracy: 0.5721 - ce: 0.6930 - loss: 0.7074 - val_accuracy: 0.5727 - val_ce: 0.6929 - val_loss: 0.7063 - learning_rate: 5.0000e-05
Epoch 6/20

Epoch 6: ReduceLROnPlateau reducing learning rate to 2.499999936844688e-05.
167/167 - 5s - 33ms/step - accuracy: 0.5721 - ce: 0.6929 - loss: 0.7059 - val_accuracy: 0.5727 - val_ce: 0.6928 - val_loss: 0.7049 - learning_rate: 5.0000e-05
COLLAPSE: 99% of the validation predictions are in one class -> training is repeated once with lr 1e-05
Epoch 1/20
167/167 - 16s - 95ms/step - accuracy: 0.5402 - ce: 0.7337 - loss: 0.7825 - val_accuracy: 0.5814 - val_ce: 0.6799 - val_loss: 0.7304 - learning_rate: 1.0000e-05
Epoch 2/20
167/167 - 6s - 33ms/step - accuracy: 0.6426 - ce: 0.6353 - loss: 0.6859 - val_accuracy: 0.5814 - val_ce: 0.6769 - val_loss: 0.7269 - learning_rate: 1.0000e-05
Epoch 3/20
167/167 - 6s - 34ms/step - accuracy: 0.7181 - ce: 0.5627 - loss: 0.6136 - val_accuracy: 0.6007 - val_ce: 0.6606 - val_loss: 0.7103 - learning_rate: 1.0000e-05
Epoch 4/20
167/167 - 5s - 32ms/step - accuracy: 0.7815 - ce: 0.4723 - loss: 0.5230 - val_accuracy: 0.5692 - val_ce: 0.7426 - val_loss: 0.7920 - learning_rate: 1.0000e-05
Epoch 5/20

Epoch 5: ReduceLROnPlateau reducing learning rate to 4.999999873689376e-06.
167/167 - 6s - 33ms/step - accuracy: 0.8438 - ce: 0.3827 - loss: 0.4327 - val_accuracy: 0.6305 - val_ce: 0.7154 - val_loss: 0.7645 - learning_rate: 1.0000e-05
Epoch 6/20
167/167 - 5s - 33ms/step - accuracy: 0.9182 - ce: 0.2633 - loss: 0.3134 - val_accuracy: 0.6200 - val_ce: 0.7502 - val_loss: 0.7993 - learning_rate: 5.0000e-06
Epoch 7/20

Epoch 7: ReduceLROnPlateau reducing learning rate to 2.499999936844688e-06.
167/167 - 5s - 33ms/step - accuracy: 0.9411 - ce: 0.2128 - loss: 0.2630 - val_accuracy: 0.5849 - val_ce: 0.8213 - val_loss: 0.8702 - learning_rate: 5.0000e-06
               precision    recall  f1-score   support

Human-written     0.5284    0.6449    0.5809       245
           V2     0.6813    0.5688    0.6200       327

     accuracy                         0.6014       572
    macro avg     0.6049    0.6069    0.6004       572
 weighted avg     0.6158    0.6014    0.6032       572

Class distribution all  : {'Human-written': 1629, 'V2': 2178}  ratio {'Human-written': 0.4279, 'V2': 0.5721}
Class distribution train: {'Human-written': 1140, 'V2': 1524}  ratio {'Human-written': 0.4279, 'V2': 0.5721}
Class distribution val  : {'Human-written': 244, 'V2': 327}  ratio {'Human-written': 0.4273, 'V2': 0.5727}
Class distribution test : {'Human-written': 245, 'V2': 327}  ratio {'Human-written': 0.4283, 'V2': 0.5717}

subdataset13_graph_human_vs_v2_snippet_cv  VGG19 (relu, dropout 0.1, lr 0.0001)
CV mean    acc=0.6040  F1 w/m/micro=0.5685/0.5454/0.6040  P_w=0.6000  R_w=0.6040  CE=0.6682  AUC=0.6127  MCC=0.1589
VALIDATION acc=0.6007  F1 w/m/micro=0.6028/0.5992/0.6007  P_w=0.6133  R_w=0.6007  CE=0.6606  AUC=0.6646  MCC=0.2070
TEST       acc=0.6014  F1 w/m/micro=0.6032/0.6004/0.6014  P_w=0.6158  R_w=0.6014  CE=0.6610  AUC=0.6602  MCC=0.2117
TEST 95% CI: accuracy=[0.5629, 0.6399]  f1_weighted=[0.5651, 0.6422]  f1_macro=[0.5627, 0.6392]  mcc=[0.1351, 0.2863]  balanced_accuracy=[0.5677, 0.6446]
Outputs: Experiments/subdataset13/Snippet-Level Split/results/subdataset13_graph_human_vs_v2_snippet_cv
2026-10-03 00:21:24 FINISHED
