
====================================================================================================
2026-10-03 07:51:14  subdataset2_graph_human_vs_v3_snippet_cv  (config hash 42ede84960b9)
Data    : Data/Subdataset_2
Classes : ['Human-written', 'V3']   Split: Snippet-Level Split
Model   : InceptionV3  activation=tanh  dropout=0.1  lr=0.0001  trained=last 30 layers  preprocessing=tf  L2=0.0001
Training: at most 20 epochs, early stopping val_ce patience 4, batch 16, 320x320 (no cropping), mixed precision True
Output  : Experiments/subdataset2/Snippet-Level Split/results/subdataset2_graph_human_vs_v3_snippet_cv
Human-written (label 0): 772 images
V3  (label 1): 558 images
Total 1330 images
Train     :   930 (69.9%)  Human-written=540 V3=390
Validation:   200 (15.0%)  Human-written=116 V3=84
Test      :   200 (15.0%)  Human-written=116 V3=84
Fold 1: train=904 (Human-written=525 V3=379)  evaluation=226 (Human-written=131 V3=95)
Fold 2: train=904 (Human-written=525 V3=379)  evaluation=226 (Human-written=131 V3=95)
Fold 3: train=904 (Human-written=525 V3=379)  evaluation=226 (Human-written=131 V3=95)
Fold 4: train=904 (Human-written=525 V3=379)  evaluation=226 (Human-written=131 V3=95)
Fold 5: train=904 (Human-written=524 V3=380)  evaluation=226 (Human-written=132 V3=94)
Leakage check PASSED.
TensorFlow 2.20.0 | GPU: [PhysicalDevice(name='/physical_device:GPU:0', device_type='GPU')]
Mixed precision: mixed_float16 (output layer float32)
Images loaded: 1330, 0.4 GB, 9 s

===== Fold 1/5  07:51:27 =====
Class weights (balanced): Human-written=0.861  V3=1.193
Model: base 311 layers, trained base layers 30 (first: batch_normalization_89); trained parameters 6,205,633 / 22,852,385
Epoch 1/20
48/48 - 37s - 762ms/step - accuracy: 0.5143 - ce: 0.7446 - loss: 0.8302 - val_accuracy: 0.4265 - val_ce: 0.9022 - val_loss: 0.9839 - learning_rate: 1.0000e-04
Epoch 2/20
48/48 - 1s - 26ms/step - accuracy: 0.6654 - ce: 0.5944 - loss: 0.6695 - val_accuracy: 0.5515 - val_ce: 0.7169 - val_loss: 0.7983 - learning_rate: 1.0000e-04
Epoch 3/20
48/48 - 1s - 23ms/step - accuracy: 0.8359 - ce: 0.3988 - loss: 0.4768 - val_accuracy: 0.5074 - val_ce: 0.8410 - val_loss: 0.9222 - learning_rate: 1.0000e-04
Epoch 4/20

Epoch 4: ReduceLROnPlateau reducing learning rate to 4.999999873689376e-05.
48/48 - 1s - 23ms/step - accuracy: 0.9076 - ce: 0.2384 - loss: 0.3174 - val_accuracy: 0.5368 - val_ce: 1.1164 - val_loss: 1.1973 - learning_rate: 1.0000e-04
Epoch 5/20
48/48 - 1s - 23ms/step - accuracy: 0.9818 - ce: 0.0974 - loss: 0.1807 - val_accuracy: 0.4853 - val_ce: 1.0510 - val_loss: 1.1317 - learning_rate: 5.0000e-05
Epoch 6/20

Epoch 6: ReduceLROnPlateau reducing learning rate to 2.499999936844688e-05.
48/48 - 1s - 23ms/step - accuracy: 0.9948 - ce: 0.0480 - loss: 0.1291 - val_accuracy: 0.5368 - val_ce: 1.1598 - val_loss: 1.2403 - learning_rate: 5.0000e-05
Fold 1: accuracy=0.5221  F1(w/m)=0.5251/0.5184  CE=0.6999  epochs=6  

===== Fold 2/5  07:52:33 =====
Class weights (balanced): Human-written=0.861  V3=1.193
Epoch 1/20
48/48 - 31s - 641ms/step - accuracy: 0.5156 - ce: 0.7657 - loss: 0.8489 - val_accuracy: 0.4706 - val_ce: 0.8828 - val_loss: 0.9645 - learning_rate: 1.0000e-04
Epoch 2/20
48/48 - 1s - 26ms/step - accuracy: 0.7057 - ce: 0.5768 - loss: 0.6526 - val_accuracy: 0.5662 - val_ce: 0.6913 - val_loss: 0.7728 - learning_rate: 1.0000e-04
Epoch 3/20
48/48 - 1s - 23ms/step - accuracy: 0.7995 - ce: 0.4288 - loss: 0.5189 - val_accuracy: 0.5368 - val_ce: 0.7881 - val_loss: 0.8694 - learning_rate: 1.0000e-04
Epoch 4/20

Epoch 4: ReduceLROnPlateau reducing learning rate to 4.999999873689376e-05.
48/48 - 1s - 23ms/step - accuracy: 0.9167 - ce: 0.2412 - loss: 0.3163 - val_accuracy: 0.5515 - val_ce: 0.9013 - val_loss: 0.9823 - learning_rate: 1.0000e-04
Epoch 5/20
48/48 - 1s - 23ms/step - accuracy: 0.9727 - ce: 0.1082 - loss: 0.1924 - val_accuracy: 0.5147 - val_ce: 1.0205 - val_loss: 1.1014 - learning_rate: 5.0000e-05
Epoch 6/20

Epoch 6: ReduceLROnPlateau reducing learning rate to 2.499999936844688e-05.
48/48 - 1s - 23ms/step - accuracy: 0.9896 - ce: 0.0642 - loss: 0.1472 - val_accuracy: 0.5735 - val_ce: 1.0933 - val_loss: 1.1741 - learning_rate: 5.0000e-05
Fold 2: accuracy=0.5664  F1(w/m)=0.5139/0.4802  CE=0.6993  epochs=6  

===== Fold 3/5  07:53:30 =====
Class weights (balanced): Human-written=0.861  V3=1.193
Epoch 1/20
48/48 - 31s - 645ms/step - accuracy: 0.5247 - ce: 0.7568 - loss: 0.8459 - val_accuracy: 0.4338 - val_ce: 0.9132 - val_loss: 0.9950 - learning_rate: 1.0000e-04
Epoch 2/20
48/48 - 1s - 27ms/step - accuracy: 0.6615 - ce: 0.5854 - loss: 0.6738 - val_accuracy: 0.5074 - val_ce: 0.7514 - val_loss: 0.8329 - learning_rate: 1.0000e-04
Epoch 3/20
48/48 - 1s - 23ms/step - accuracy: 0.8685 - ce: 0.3691 - loss: 0.4501 - val_accuracy: 0.4779 - val_ce: 0.8463 - val_loss: 0.9275 - learning_rate: 1.0000e-04
Epoch 4/20

Epoch 4: ReduceLROnPlateau reducing learning rate to 4.999999873689376e-05.
48/48 - 1s - 24ms/step - accuracy: 0.9284 - ce: 0.2021 - loss: 0.2809 - val_accuracy: 0.5074 - val_ce: 0.9943 - val_loss: 1.0752 - learning_rate: 1.0000e-04
Epoch 5/20
48/48 - 1s - 24ms/step - accuracy: 0.9883 - ce: 0.0733 - loss: 0.1528 - val_accuracy: 0.5809 - val_ce: 1.0668 - val_loss: 1.1475 - learning_rate: 5.0000e-05
Epoch 6/20

Epoch 6: ReduceLROnPlateau reducing learning rate to 2.499999936844688e-05.
48/48 - 1s - 23ms/step - accuracy: 0.9948 - ce: 0.0385 - loss: 0.1199 - val_accuracy: 0.5147 - val_ce: 1.1163 - val_loss: 1.1967 - learning_rate: 5.0000e-05
Fold 3: accuracy=0.4867  F1(w/m)=0.4721/0.4809  CE=0.7601  epochs=6  

===== Fold 4/5  07:54:27 =====
Class weights (balanced): Human-written=0.861  V3=1.193
Epoch 1/20
48/48 - 31s - 644ms/step - accuracy: 0.5547 - ce: 0.7543 - loss: 0.8377 - val_accuracy: 0.4265 - val_ce: 0.9689 - val_loss: 1.0505 - learning_rate: 1.0000e-04
Epoch 2/20
48/48 - 1s - 27ms/step - accuracy: 0.6797 - ce: 0.5653 - loss: 0.6447 - val_accuracy: 0.5588 - val_ce: 0.8541 - val_loss: 0.9355 - learning_rate: 1.0000e-04
Epoch 3/20
48/48 - 1s - 27ms/step - accuracy: 0.8568 - ce: 0.3713 - loss: 0.4598 - val_accuracy: 0.5368 - val_ce: 0.8063 - val_loss: 0.8873 - learning_rate: 1.0000e-04
Epoch 4/20
48/48 - 1s - 23ms/step - accuracy: 0.9453 - ce: 0.1854 - loss: 0.2662 - val_accuracy: 0.5221 - val_ce: 1.0483 - val_loss: 1.1291 - learning_rate: 1.0000e-04
Epoch 5/20

Epoch 5: ReduceLROnPlateau reducing learning rate to 4.999999873689376e-05.
48/48 - 1s - 24ms/step - accuracy: 0.9818 - ce: 0.0753 - loss: 0.1550 - val_accuracy: 0.5294 - val_ce: 1.1436 - val_loss: 1.2240 - learning_rate: 1.0000e-04
Epoch 6/20
48/48 - 1s - 23ms/step - accuracy: 0.9935 - ce: 0.0311 - loss: 0.1105 - val_accuracy: 0.5515 - val_ce: 1.1980 - val_loss: 1.2781 - learning_rate: 5.0000e-05
Epoch 7/20

Epoch 7: ReduceLROnPlateau reducing learning rate to 2.499999936844688e-05.
48/48 - 1s - 23ms/step - accuracy: 1.0000 - ce: 0.0154 - loss: 0.0954 - val_accuracy: 0.5662 - val_ce: 1.1853 - val_loss: 1.2651 - learning_rate: 5.0000e-05
Fold 4: accuracy=0.5442  F1(w/m)=0.5432/0.5303  CE=0.8438  epochs=7  

===== Fold 5/5  07:55:26 =====
Class weights (balanced): Human-written=0.863  V3=1.189
Epoch 1/20
48/48 - 31s - 643ms/step - accuracy: 0.5456 - ce: 0.7589 - loss: 0.8388 - val_accuracy: 0.5882 - val_ce: 0.7235 - val_loss: 0.8051 - learning_rate: 1.0000e-04
Epoch 2/20
48/48 - 1s - 27ms/step - accuracy: 0.6693 - ce: 0.5922 - loss: 0.6756 - val_accuracy: 0.6176 - val_ce: 0.6582 - val_loss: 0.7395 - learning_rate: 1.0000e-04
Epoch 3/20
48/48 - 1s - 23ms/step - accuracy: 0.8359 - ce: 0.3891 - loss: 0.4713 - val_accuracy: 0.6176 - val_ce: 0.6855 - val_loss: 0.7666 - learning_rate: 1.0000e-04
Epoch 4/20

Epoch 4: ReduceLROnPlateau reducing learning rate to 4.999999873689376e-05.
48/48 - 1s - 23ms/step - accuracy: 0.9401 - ce: 0.1907 - loss: 0.2689 - val_accuracy: 0.6029 - val_ce: 0.8949 - val_loss: 0.9756 - learning_rate: 1.0000e-04
Epoch 5/20
48/48 - 1s - 23ms/step - accuracy: 0.9896 - ce: 0.0719 - loss: 0.1535 - val_accuracy: 0.5882 - val_ce: 0.9075 - val_loss: 0.9881 - learning_rate: 5.0000e-05
Epoch 6/20

Epoch 6: ReduceLROnPlateau reducing learning rate to 2.499999936844688e-05.
48/48 - 1s - 23ms/step - accuracy: 0.9961 - ce: 0.0410 - loss: 0.1205 - val_accuracy: 0.6103 - val_ce: 1.3465 - val_loss: 1.4269 - learning_rate: 5.0000e-05
Fold 5: accuracy=0.5354  F1(w/m)=0.5303/0.5125  CE=0.7156  epochs=6  

CV mean ± std:
  accuracy               0.5310 ± 0.0295
  balanced_accuracy      0.5193 ± 0.0068
  mcc                    0.0408 ± 0.0123
  cross_entropy          0.7437 ± 0.0612
  roc_auc                0.5606 ± 0.0265
  precision_macro        0.5218 ± 0.0062
  recall_macro           0.5193 ± 0.0068
  f1_macro               0.5044 ± 0.0227
  precision_micro        0.5310 ± 0.0295
  recall_micro           0.5310 ± 0.0295
  f1_micro               0.5310 ± 0.0295
  precision_weighted     0.5342 ± 0.0053
  recall_weighted        0.5310 ± 0.0295
  f1_weighted            0.5169 ± 0.0272

===== Final training  07:56:24 =====
Class weights (balanced): Human-written=0.861  V3=1.192
Epoch 1/20
59/59 - 41s - 693ms/step - accuracy: 0.5301 - ce: 0.7680 - loss: 0.8621 - val_accuracy: 0.5150 - val_ce: 0.7312 - val_loss: 0.8129 - learning_rate: 1.0000e-04
Epoch 2/20
59/59 - 2s - 27ms/step - accuracy: 0.6957 - ce: 0.5771 - loss: 0.6604 - val_accuracy: 0.5550 - val_ce: 0.7257 - val_loss: 0.8070 - learning_rate: 1.0000e-04
Epoch 3/20
59/59 - 1s - 24ms/step - accuracy: 0.8183 - ce: 0.4064 - loss: 0.4902 - val_accuracy: 0.5300 - val_ce: 0.9181 - val_loss: 0.9991 - learning_rate: 1.0000e-04
Epoch 4/20

Epoch 4: ReduceLROnPlateau reducing learning rate to 4.999999873689376e-05.
59/59 - 1s - 24ms/step - accuracy: 0.9355 - ce: 0.2003 - loss: 0.2860 - val_accuracy: 0.5400 - val_ce: 1.0019 - val_loss: 1.0825 - learning_rate: 1.0000e-04
Epoch 5/20
59/59 - 1s - 24ms/step - accuracy: 0.9839 - ce: 0.0716 - loss: 0.1536 - val_accuracy: 0.5500 - val_ce: 1.0804 - val_loss: 1.1608 - learning_rate: 5.0000e-05
Epoch 6/20

Epoch 6: ReduceLROnPlateau reducing learning rate to 2.499999936844688e-05.
59/59 - 1s - 23ms/step - accuracy: 0.9989 - ce: 0.0313 - loss: 0.1114 - val_accuracy: 0.5600 - val_ce: 1.1941 - val_loss: 1.2742 - learning_rate: 5.0000e-05
               precision    recall  f1-score   support

Human-written     0.6703    0.5259    0.5894       116
           V3     0.4954    0.6429    0.5596        84

     accuracy                         0.5750       200
    macro avg     0.5829    0.5844    0.5745       200
 weighted avg     0.5969    0.5750    0.5769       200

Class distribution all  : {'Human-written': 772, 'V3': 558}  ratio {'Human-written': 0.5805, 'V3': 0.4195}
Class distribution train: {'Human-written': 540, 'V3': 390}  ratio {'Human-written': 0.5806, 'V3': 0.4194}
Class distribution val  : {'Human-written': 116, 'V3': 84}  ratio {'Human-written': 0.58, 'V3': 0.42}
Class distribution test : {'Human-written': 116, 'V3': 84}  ratio {'Human-written': 0.58, 'V3': 0.42}

subdataset2_graph_human_vs_v3_snippet_cv  InceptionV3 (tanh, dropout 0.1, lr 0.0001)
CV mean    acc=0.5310  F1 w/m/micro=0.5169/0.5044/0.5310  P_w=0.5342  R_w=0.5310  CE=0.7437  AUC=0.5606  MCC=0.0408
VALIDATION acc=0.5550  F1 w/m/micro=0.5578/0.5531/0.5550  P_w=0.5705  R_w=0.5550  CE=0.7257  AUC=0.5663  MCC=0.1164
TEST       acc=0.5750  F1 w/m/micro=0.5769/0.5745/0.5750  P_w=0.5969  R_w=0.5750  CE=0.7000  AUC=0.5963  MCC=0.1672
TEST 95% CI: accuracy=[0.5050, 0.6400]  f1_weighted=[0.5072, 0.6446]  f1_macro=[0.5000, 0.6382]  mcc=[0.0253, 0.2981]  balanced_accuracy=[0.5125, 0.6515]
Outputs: Experiments/subdataset2/Snippet-Level Split/results/subdataset2_graph_human_vs_v3_snippet_cv
2026-10-03 07:57:36 FINISHED
