
====================================================================================================
2026-10-02 20:47:12  subdataset14_screenshot_human_vs_v3_group_cv  (config hash 3edc9b9638cb)
Data    : Data/Subdataset_14
Classes : ['Human-written', 'V3']   Split: Group-Based Split
Model   : VGG19  activation=tanh  dropout=0.1  lr=0.0001  trained=base from block5_* on  preprocessing=caffe  L2=0.0001
Training: at most 20 epochs, early stopping val_ce patience 4, batch 16, 320x320 (no cropping), mixed precision True
Output  : Experiments/subdataset14/Group-Based Split/results/subdataset14_screenshot_human_vs_v3_group_cv
Human-written (label 0): 1218 images
V3  (label 1): 1157 images
Total 2375 images
Groups: {'n_groups': 1251, 'groups_with_human_and_version': 1011, 'groups_with_all_classes': 1011, 'human_only_groups': 195, 'groups_without_human': 45, 'match_ratio': 0.8081534772182254, 'groups_merged_by_content': 0}
CHECK 4: human/version pairs found with the simple rule 1051, in different groups 0
Files whose folder and version tag in the name do not match (data unchanged): 45
Train     :  1654 (69.6%)  Human-written=851 V3=803
Validation:   364 (15.3%)  Human-written=185 V3=179
Test      :   357 (15.0%)  Human-written=182 V3=175
Fold 1: train=1605 (Human-written=831 V3=774)  evaluation=413 (Human-written=205 V3=208)
Fold 2: train=1607 (Human-written=823 V3=784)  evaluation=411 (Human-written=213 V3=198)
Fold 3: train=1621 (Human-written=830 V3=791)  evaluation=397 (Human-written=206 V3=191)
Fold 4: train=1619 (Human-written=833 V3=786)  evaluation=399 (Human-written=203 V3=196)
Fold 5: train=1620 (Human-written=827 V3=793)  evaluation=398 (Human-written=209 V3=189)
Leakage check PASSED.
TensorFlow 2.20.0 | GPU: [PhysicalDevice(name='/physical_device:GPU:0', device_type='GPU')]
Mixed precision: mixed_float16 (output layer float32)
Images loaded: 2375, 0.7 GB, 2 s

===== Fold 1/5  20:47:17 =====
Class weights (balanced): Human-written=0.973  V3=1.029
Fold 1: accuracy=nan  F1(w/m)=nan/nan  CE=nan  epochs=-  InternalError: {{function_node __wrapped__Cast_device_/job:localhost/replica:0/task:0/device:GPU:0}} 'cuLaunchKernel(function, gridX, gridY, gridZ, blockX, blockY, blockZ, 0, reinterpret_cast<CUstream>(stream), params, nullptr)' failed with 'CUDA_ERROR_INVALID_HANDLE' [Op:Cast] name: 

===== Fold 2/5  20:47:18 =====
Class weights (balanced): Human-written=0.981  V3=1.020
Fold 2: accuracy=nan  F1(w/m)=nan/nan  CE=nan  epochs=-  InternalError: {{function_node __wrapped__Cast_device_/job:localhost/replica:0/task:0/device:GPU:0}} 'cuLaunchKernel(function, gridX, gridY, gridZ, blockX, blockY, blockZ, 0, reinterpret_cast<CUstream>(stream), params, nullptr)' failed with 'CUDA_ERROR_INVALID_HANDLE' [Op:Cast] name: 

===== Fold 3/5  20:47:19 =====
Class weights (balanced): Human-written=0.977  V3=1.024
Fold 3: accuracy=nan  F1(w/m)=nan/nan  CE=nan  epochs=-  InternalError: {{function_node __wrapped__Cast_device_/job:localhost/replica:0/task:0/device:GPU:0}} 'cuLaunchKernel(function, gridX, gridY, gridZ, blockX, blockY, blockZ, 0, reinterpret_cast<CUstream>(stream), params, nullptr)' failed with 'CUDA_ERROR_INVALID_HANDLE' [Op:Cast] name: 

===== Fold 4/5  20:47:19 =====
Class weights (balanced): Human-written=0.968  V3=1.034
Fold 4: accuracy=nan  F1(w/m)=nan/nan  CE=nan  epochs=-  InternalError: {{function_node __wrapped__Cast_device_/job:localhost/replica:0/task:0/device:GPU:0}} 'cuLaunchKernel(function, gridX, gridY, gridZ, blockX, blockY, blockZ, 0, reinterpret_cast<CUstream>(stream), params, nullptr)' failed with 'CUDA_ERROR_INVALID_HANDLE' [Op:Cast] name: 

===== Fold 5/5  20:47:20 =====
Class weights (balanced): Human-written=0.984  V3=1.017
Fold 5: accuracy=nan  F1(w/m)=nan/nan  CE=nan  epochs=-  InternalError: {{function_node __wrapped__Cast_device_/job:localhost/replica:0/task:0/device:GPU:0}} 'cuLaunchKernel(function, gridX, gridY, gridZ, blockX, blockY, blockZ, 0, reinterpret_cast<CUstream>(stream), params, nullptr)' failed with 'CUDA_ERROR_INVALID_HANDLE' [Op:Cast] name: 
Traceback (most recent call last):
  File "Experiments/subdataset14/Group-Based Split/subdataset14_screenshot_human_vs_v3_group_cv.py", line 653, in <module>
    assert len(cv) == CV_FOLDS, f"not all {CV_FOLDS} folds are complete ({len(cv)}); run the script again (it resumes from the missing fold)."
           ^^^^^^^^^^^^^^^^^^^
AssertionError: not all 5 folds are complete (0); run the script again (it resumes from the missing fold).

====================================================================================================
2026-10-02 20:47:22  subdataset14_screenshot_human_vs_v3_group_cv  (config hash 3edc9b9638cb)
Data    : Data/Subdataset_14
Classes : ['Human-written', 'V3']   Split: Group-Based Split
Model   : VGG19  activation=tanh  dropout=0.1  lr=0.0001  trained=base from block5_* on  preprocessing=caffe  L2=0.0001
Training: at most 20 epochs, early stopping val_ce patience 4, batch 16, 320x320 (no cropping), mixed precision True
Output  : Experiments/subdataset14/Group-Based Split/results/subdataset14_screenshot_human_vs_v3_group_cv
Human-written (label 0): 1218 images
V3  (label 1): 1157 images
Total 2375 images
Groups: {'n_groups': 1251, 'groups_with_human_and_version': 1011, 'groups_with_all_classes': 1011, 'human_only_groups': 195, 'groups_without_human': 45, 'match_ratio': 0.8081534772182254, 'groups_merged_by_content': 0}
CHECK 4: human/version pairs found with the simple rule 1051, in different groups 0
Files whose folder and version tag in the name do not match (data unchanged): 45
Train     :  1654 (69.6%)  Human-written=851 V3=803
Validation:   364 (15.3%)  Human-written=185 V3=179
Test      :   357 (15.0%)  Human-written=182 V3=175
Fold 1: train=1605 (Human-written=831 V3=774)  evaluation=413 (Human-written=205 V3=208)
Fold 2: train=1607 (Human-written=823 V3=784)  evaluation=411 (Human-written=213 V3=198)
Fold 3: train=1621 (Human-written=830 V3=791)  evaluation=397 (Human-written=206 V3=191)
Fold 4: train=1619 (Human-written=833 V3=786)  evaluation=399 (Human-written=203 V3=196)
Fold 5: train=1620 (Human-written=827 V3=793)  evaluation=398 (Human-written=209 V3=189)
Leakage check PASSED.
TensorFlow 2.20.0 | GPU: [PhysicalDevice(name='/physical_device:GPU:0', device_type='GPU')]
Mixed precision: mixed_float16 (output layer float32)
Images loaded: 2375, 0.7 GB, 2 s
Previously completed folds: [] (will be skipped)

===== Fold 1/5  20:47:27 =====
Class weights (balanced): Human-written=0.973  V3=1.029
Fold 1: accuracy=nan  F1(w/m)=nan/nan  CE=nan  epochs=-  InternalError: {{function_node __wrapped__Cast_device_/job:localhost/replica:0/task:0/device:GPU:0}} 'cuLaunchKernel(function, gridX, gridY, gridZ, blockX, blockY, blockZ, 0, reinterpret_cast<CUstream>(stream), params, nullptr)' failed with 'CUDA_ERROR_INVALID_HANDLE' [Op:Cast] name: 

===== Fold 2/5  20:47:27 =====
Class weights (balanced): Human-written=0.981  V3=1.020
Fold 2: accuracy=nan  F1(w/m)=nan/nan  CE=nan  epochs=-  InternalError: {{function_node __wrapped__Cast_device_/job:localhost/replica:0/task:0/device:GPU:0}} 'cuLaunchKernel(function, gridX, gridY, gridZ, blockX, blockY, blockZ, 0, reinterpret_cast<CUstream>(stream), params, nullptr)' failed with 'CUDA_ERROR_INVALID_HANDLE' [Op:Cast] name: 

===== Fold 3/5  20:47:28 =====
Class weights (balanced): Human-written=0.977  V3=1.024
Fold 3: accuracy=nan  F1(w/m)=nan/nan  CE=nan  epochs=-  InternalError: {{function_node __wrapped__Cast_device_/job:localhost/replica:0/task:0/device:GPU:0}} 'cuLaunchKernel(function, gridX, gridY, gridZ, blockX, blockY, blockZ, 0, reinterpret_cast<CUstream>(stream), params, nullptr)' failed with 'CUDA_ERROR_INVALID_HANDLE' [Op:Cast] name: 

===== Fold 4/5  20:47:29 =====
Class weights (balanced): Human-written=0.968  V3=1.034
Fold 4: accuracy=nan  F1(w/m)=nan/nan  CE=nan  epochs=-  InternalError: {{function_node __wrapped__Cast_device_/job:localhost/replica:0/task:0/device:GPU:0}} 'cuLaunchKernel(function, gridX, gridY, gridZ, blockX, blockY, blockZ, 0, reinterpret_cast<CUstream>(stream), params, nullptr)' failed with 'CUDA_ERROR_INVALID_HANDLE' [Op:Cast] name: 

===== Fold 5/5  20:47:29 =====
Class weights (balanced): Human-written=0.984  V3=1.017
Fold 5: accuracy=nan  F1(w/m)=nan/nan  CE=nan  epochs=-  InternalError: {{function_node __wrapped__Cast_device_/job:localhost/replica:0/task:0/device:GPU:0}} 'cuLaunchKernel(function, gridX, gridY, gridZ, blockX, blockY, blockZ, 0, reinterpret_cast<CUstream>(stream), params, nullptr)' failed with 'CUDA_ERROR_INVALID_HANDLE' [Op:Cast] name: 
Traceback (most recent call last):
  File "Experiments/subdataset14/Group-Based Split/subdataset14_screenshot_human_vs_v3_group_cv.py", line 653, in <module>
    assert len(cv) == CV_FOLDS, f"not all {CV_FOLDS} folds are complete ({len(cv)}); run the script again (it resumes from the missing fold)."
           ^^^^^^^^^^^^^^^^^^^
AssertionError: not all 5 folds are complete (0); run the script again (it resumes from the missing fold).

====================================================================================================
2026-10-02 20:47:31  subdataset14_screenshot_human_vs_v3_group_cv  (config hash 3edc9b9638cb)
Data    : Data/Subdataset_14
Classes : ['Human-written', 'V3']   Split: Group-Based Split
Model   : VGG19  activation=tanh  dropout=0.1  lr=0.0001  trained=base from block5_* on  preprocessing=caffe  L2=0.0001
Training: at most 20 epochs, early stopping val_ce patience 4, batch 16, 320x320 (no cropping), mixed precision True
Output  : Experiments/subdataset14/Group-Based Split/results/subdataset14_screenshot_human_vs_v3_group_cv
Human-written (label 0): 1218 images
V3  (label 1): 1157 images
Total 2375 images
Groups: {'n_groups': 1251, 'groups_with_human_and_version': 1011, 'groups_with_all_classes': 1011, 'human_only_groups': 195, 'groups_without_human': 45, 'match_ratio': 0.8081534772182254, 'groups_merged_by_content': 0}
CHECK 4: human/version pairs found with the simple rule 1051, in different groups 0
Files whose folder and version tag in the name do not match (data unchanged): 45
Train     :  1654 (69.6%)  Human-written=851 V3=803
Validation:   364 (15.3%)  Human-written=185 V3=179
Test      :   357 (15.0%)  Human-written=182 V3=175
Fold 1: train=1605 (Human-written=831 V3=774)  evaluation=413 (Human-written=205 V3=208)
Fold 2: train=1607 (Human-written=823 V3=784)  evaluation=411 (Human-written=213 V3=198)
Fold 3: train=1621 (Human-written=830 V3=791)  evaluation=397 (Human-written=206 V3=191)
Fold 4: train=1619 (Human-written=833 V3=786)  evaluation=399 (Human-written=203 V3=196)
Fold 5: train=1620 (Human-written=827 V3=793)  evaluation=398 (Human-written=209 V3=189)
Leakage check PASSED.
TensorFlow 2.20.0 | GPU: [PhysicalDevice(name='/physical_device:GPU:0', device_type='GPU')]
Mixed precision: mixed_float16 (output layer float32)
Images loaded: 2375, 0.7 GB, 2 s
Previously completed folds: [] (will be skipped)

===== Fold 1/5  20:47:36 =====
Class weights (balanced): Human-written=0.973  V3=1.029
Fold 1: accuracy=nan  F1(w/m)=nan/nan  CE=nan  epochs=-  InternalError: {{function_node __wrapped__Cast_device_/job:localhost/replica:0/task:0/device:GPU:0}} 'cuLaunchKernel(function, gridX, gridY, gridZ, blockX, blockY, blockZ, 0, reinterpret_cast<CUstream>(stream), params, nullptr)' failed with 'CUDA_ERROR_INVALID_HANDLE' [Op:Cast] name: 

===== Fold 2/5  20:47:37 =====
Class weights (balanced): Human-written=0.981  V3=1.020
Fold 2: accuracy=nan  F1(w/m)=nan/nan  CE=nan  epochs=-  InternalError: {{function_node __wrapped__Cast_device_/job:localhost/replica:0/task:0/device:GPU:0}} 'cuLaunchKernel(function, gridX, gridY, gridZ, blockX, blockY, blockZ, 0, reinterpret_cast<CUstream>(stream), params, nullptr)' failed with 'CUDA_ERROR_INVALID_HANDLE' [Op:Cast] name: 

===== Fold 3/5  20:47:37 =====
Class weights (balanced): Human-written=0.977  V3=1.024
Fold 3: accuracy=nan  F1(w/m)=nan/nan  CE=nan  epochs=-  InternalError: {{function_node __wrapped__Cast_device_/job:localhost/replica:0/task:0/device:GPU:0}} 'cuLaunchKernel(function, gridX, gridY, gridZ, blockX, blockY, blockZ, 0, reinterpret_cast<CUstream>(stream), params, nullptr)' failed with 'CUDA_ERROR_INVALID_HANDLE' [Op:Cast] name: 

===== Fold 4/5  20:47:38 =====
Class weights (balanced): Human-written=0.968  V3=1.034
Fold 4: accuracy=nan  F1(w/m)=nan/nan  CE=nan  epochs=-  InternalError: {{function_node __wrapped__Cast_device_/job:localhost/replica:0/task:0/device:GPU:0}} 'cuLaunchKernel(function, gridX, gridY, gridZ, blockX, blockY, blockZ, 0, reinterpret_cast<CUstream>(stream), params, nullptr)' failed with 'CUDA_ERROR_INVALID_HANDLE' [Op:Cast] name: 

===== Fold 5/5  20:47:39 =====
Class weights (balanced): Human-written=0.984  V3=1.017
Fold 5: accuracy=nan  F1(w/m)=nan/nan  CE=nan  epochs=-  InternalError: {{function_node __wrapped__Cast_device_/job:localhost/replica:0/task:0/device:GPU:0}} 'cuLaunchKernel(function, gridX, gridY, gridZ, blockX, blockY, blockZ, 0, reinterpret_cast<CUstream>(stream), params, nullptr)' failed with 'CUDA_ERROR_INVALID_HANDLE' [Op:Cast] name: 
Traceback (most recent call last):
  File "Experiments/subdataset14/Group-Based Split/subdataset14_screenshot_human_vs_v3_group_cv.py", line 653, in <module>
    assert len(cv) == CV_FOLDS, f"not all {CV_FOLDS} folds are complete ({len(cv)}); run the script again (it resumes from the missing fold)."
           ^^^^^^^^^^^^^^^^^^^
AssertionError: not all 5 folds are complete (0); run the script again (it resumes from the missing fold).

====================================================================================================
2026-10-02 22:25:02  subdataset14_screenshot_human_vs_v3_group_cv  (config hash 3edc9b9638cb)
Data    : Data/Subdataset_14
Classes : ['Human-written', 'V3']   Split: Group-Based Split
Model   : VGG19  activation=tanh  dropout=0.1  lr=0.0001  trained=base from block5_* on  preprocessing=caffe  L2=0.0001
Training: at most 20 epochs, early stopping val_ce patience 4, batch 16, 320x320 (no cropping), mixed precision True
Output  : Experiments/subdataset14/Group-Based Split/results/subdataset14_screenshot_human_vs_v3_group_cv
Human-written (label 0): 1218 images
V3  (label 1): 1157 images
Total 2375 images
Groups: {'n_groups': 1251, 'groups_with_human_and_version': 1011, 'groups_with_all_classes': 1011, 'human_only_groups': 195, 'groups_without_human': 45, 'match_ratio': 0.8081534772182254, 'groups_merged_by_content': 0}
CHECK 4: human/version pairs found with the simple rule 1051, in different groups 0
Files whose folder and version tag in the name do not match (data unchanged): 45
Train     :  1654 (69.6%)  Human-written=851 V3=803
Validation:   364 (15.3%)  Human-written=185 V3=179
Test      :   357 (15.0%)  Human-written=182 V3=175
Fold 1: train=1605 (Human-written=831 V3=774)  evaluation=413 (Human-written=205 V3=208)
Fold 2: train=1607 (Human-written=823 V3=784)  evaluation=411 (Human-written=213 V3=198)
Fold 3: train=1621 (Human-written=830 V3=791)  evaluation=397 (Human-written=206 V3=191)
Fold 4: train=1619 (Human-written=833 V3=786)  evaluation=399 (Human-written=203 V3=196)
Fold 5: train=1620 (Human-written=827 V3=793)  evaluation=398 (Human-written=209 V3=189)
Leakage check PASSED.
TensorFlow 2.20.0 | GPU: [PhysicalDevice(name='/physical_device:GPU:0', device_type='GPU')]
Mixed precision: mixed_float16 (output layer float32)
Images loaded: 2375, 0.7 GB, 11 s
Previously completed folds: [] (will be skipped)

===== Fold 1/5  22:25:23 =====
Class weights (balanced): Human-written=0.973  V3=1.029
Model: base 22 layers, trained base layers 5 (first: block5_conv1); trained parameters 9,702,401 / 20,287,553
Epoch 1/20
86/86 - 21s - 241ms/step - accuracy: 0.7438 - ce: 0.5268 - loss: 0.5758 - val_accuracy: 0.6946 - val_ce: 0.6048 - val_loss: 0.6498 - learning_rate: 1.0000e-04
Epoch 2/20
86/86 - 3s - 36ms/step - accuracy: 0.8382 - ce: 0.3731 - loss: 0.4169 - val_accuracy: 0.8912 - val_ce: 0.3027 - val_loss: 0.3430 - learning_rate: 1.0000e-04
Epoch 3/20
86/86 - 3s - 36ms/step - accuracy: 0.8821 - ce: 0.3181 - loss: 0.3573 - val_accuracy: 0.9121 - val_ce: 0.2062 - val_loss: 0.2424 - learning_rate: 1.0000e-04
Epoch 4/20
86/86 - 3s - 36ms/step - accuracy: 0.8829 - ce: 0.3337 - loss: 0.3656 - val_accuracy: 0.9372 - val_ce: 0.1998 - val_loss: 0.2327 - learning_rate: 1.0000e-04
Epoch 5/20
86/86 - 3s - 35ms/step - accuracy: 0.9151 - ce: 0.2318 - loss: 0.2638 - val_accuracy: 0.8912 - val_ce: 0.3282 - val_loss: 0.3582 - learning_rate: 1.0000e-04
Epoch 6/20

Epoch 6: ReduceLROnPlateau reducing learning rate to 4.999999873689376e-05.
86/86 - 3s - 35ms/step - accuracy: 0.8968 - ce: 0.3028 - loss: 0.3318 - val_accuracy: 0.8996 - val_ce: 0.2267 - val_loss: 0.2545 - learning_rate: 1.0000e-04
Epoch 7/20
86/86 - 3s - 36ms/step - accuracy: 0.9546 - ce: 0.1292 - loss: 0.1566 - val_accuracy: 0.9414 - val_ce: 0.1979 - val_loss: 0.2245 - learning_rate: 5.0000e-05
Epoch 8/20
86/86 - 3s - 36ms/step - accuracy: 0.9678 - ce: 0.0960 - loss: 0.1223 - val_accuracy: 0.9414 - val_ce: 0.1835 - val_loss: 0.2089 - learning_rate: 5.0000e-05
Epoch 9/20
86/86 - 3s - 35ms/step - accuracy: 0.9736 - ce: 0.0742 - loss: 0.0996 - val_accuracy: 0.8828 - val_ce: 0.4736 - val_loss: 0.4979 - learning_rate: 5.0000e-05
Epoch 10/20

Epoch 10: ReduceLROnPlateau reducing learning rate to 2.499999936844688e-05.
86/86 - 3s - 35ms/step - accuracy: 0.9817 - ce: 0.0581 - loss: 0.0817 - val_accuracy: 0.9372 - val_ce: 0.1840 - val_loss: 0.2073 - learning_rate: 5.0000e-05
Epoch 11/20
86/86 - 3s - 35ms/step - accuracy: 0.9941 - ce: 0.0197 - loss: 0.0429 - val_accuracy: 0.9498 - val_ce: 0.2346 - val_loss: 0.2575 - learning_rate: 2.5000e-05
Epoch 12/20

Epoch 12: ReduceLROnPlateau reducing learning rate to 1.249999968422344e-05.
86/86 - 3s - 35ms/step - accuracy: 0.9971 - ce: 0.0086 - loss: 0.0312 - val_accuracy: 0.9247 - val_ce: 0.3053 - val_loss: 0.3277 - learning_rate: 2.5000e-05
Fold 1: accuracy=0.9080  F1(w/m)=0.9077/0.9077  CE=0.2863  epochs=12  

===== Fold 2/5  22:26:26 =====
Class weights (balanced): Human-written=0.981  V3=1.020
Epoch 1/20
86/86 - 17s - 201ms/step - accuracy: 0.7648 - ce: 0.5106 - loss: 0.5589 - val_accuracy: 0.6513 - val_ce: 0.6827 - val_loss: 0.7275 - learning_rate: 1.0000e-04
Epoch 2/20
86/86 - 3s - 37ms/step - accuracy: 0.8203 - ce: 0.4116 - loss: 0.4528 - val_accuracy: 0.6849 - val_ce: 0.7893 - val_loss: 0.8280 - learning_rate: 1.0000e-04
Epoch 3/20
86/86 - 3s - 37ms/step - accuracy: 0.8787 - ce: 0.3091 - loss: 0.3446 - val_accuracy: 0.8950 - val_ce: 0.2956 - val_loss: 0.3285 - learning_rate: 1.0000e-04
Epoch 4/20
86/86 - 3s - 36ms/step - accuracy: 0.8912 - ce: 0.2706 - loss: 0.3024 - val_accuracy: 0.8824 - val_ce: 0.2844 - val_loss: 0.3141 - learning_rate: 1.0000e-04
Epoch 5/20
86/86 - 3s - 36ms/step - accuracy: 0.9153 - ce: 0.2240 - loss: 0.2526 - val_accuracy: 0.9286 - val_ce: 0.1918 - val_loss: 0.2188 - learning_rate: 1.0000e-04
Epoch 6/20
86/86 - 3s - 36ms/step - accuracy: 0.9211 - ce: 0.2280 - loss: 0.2555 - val_accuracy: 0.8992 - val_ce: 0.2760 - val_loss: 0.3011 - learning_rate: 1.0000e-04
Epoch 7/20

Epoch 7: ReduceLROnPlateau reducing learning rate to 4.999999873689376e-05.
86/86 - 3s - 36ms/step - accuracy: 0.9408 - ce: 0.1773 - loss: 0.2020 - val_accuracy: 0.9076 - val_ce: 0.2290 - val_loss: 0.2525 - learning_rate: 1.0000e-04
Epoch 8/20
86/86 - 3s - 36ms/step - accuracy: 0.9715 - ce: 0.0830 - loss: 0.1061 - val_accuracy: 0.9160 - val_ce: 0.2809 - val_loss: 0.3037 - learning_rate: 5.0000e-05
Epoch 9/20

Epoch 9: ReduceLROnPlateau reducing learning rate to 2.499999936844688e-05.
86/86 - 3s - 35ms/step - accuracy: 0.9693 - ce: 0.0892 - loss: 0.1117 - val_accuracy: 0.9076 - val_ce: 0.2385 - val_loss: 0.2607 - learning_rate: 5.0000e-05
Fold 2: accuracy=0.9173  F1(w/m)=0.9171/0.9169  CE=0.2401  epochs=9  

===== Fold 3/5  22:27:15 =====
Class weights (balanced): Human-written=0.977  V3=1.024
Epoch 1/20
87/87 - 16s - 183ms/step - accuracy: 0.7504 - ce: 0.4949 - loss: 0.5429 - val_accuracy: 0.7490 - val_ce: 0.4907 - val_loss: 0.5335 - learning_rate: 1.0000e-04
Epoch 2/20
87/87 - 3s - 36ms/step - accuracy: 0.8541 - ce: 0.3643 - loss: 0.4037 - val_accuracy: 0.8848 - val_ce: 0.3067 - val_loss: 0.3417 - learning_rate: 1.0000e-04
Epoch 3/20
87/87 - 3s - 37ms/step - accuracy: 0.8817 - ce: 0.3005 - loss: 0.3332 - val_accuracy: 0.9012 - val_ce: 0.2533 - val_loss: 0.2817 - learning_rate: 1.0000e-04
Epoch 4/20
87/87 - 3s - 36ms/step - accuracy: 0.8962 - ce: 0.2959 - loss: 0.3217 - val_accuracy: 0.8889 - val_ce: 0.2885 - val_loss: 0.3122 - learning_rate: 1.0000e-04
Epoch 5/20

Epoch 5: ReduceLROnPlateau reducing learning rate to 4.999999873689376e-05.
87/87 - 3s - 36ms/step - accuracy: 0.9253 - ce: 0.2033 - loss: 0.2250 - val_accuracy: 0.8848 - val_ce: 0.3889 - val_loss: 0.4093 - learning_rate: 1.0000e-04
Epoch 6/20
87/87 - 3s - 35ms/step - accuracy: 0.9557 - ce: 0.1191 - loss: 0.1391 - val_accuracy: 0.9095 - val_ce: 0.2863 - val_loss: 0.3052 - learning_rate: 5.0000e-05
Epoch 7/20

Epoch 7: ReduceLROnPlateau reducing learning rate to 2.499999936844688e-05.
87/87 - 3s - 36ms/step - accuracy: 0.9695 - ce: 0.0993 - loss: 0.1179 - val_accuracy: 0.8889 - val_ce: 0.3452 - val_loss: 0.3629 - learning_rate: 5.0000e-05
Fold 3: accuracy=0.9118  F1(w/m)=0.9118/0.9117  CE=0.2251  epochs=7  

===== Fold 4/5  22:27:55 =====
Class weights (balanced): Human-written=0.968  V3=1.034
Epoch 1/20
86/86 - 16s - 181ms/step - accuracy: 0.7802 - ce: 0.4809 - loss: 0.5293 - val_accuracy: 0.8307 - val_ce: 0.4066 - val_loss: 0.4495 - learning_rate: 1.0000e-04
Epoch 2/20
86/86 - 3s - 37ms/step - accuracy: 0.8403 - ce: 0.3648 - loss: 0.4053 - val_accuracy: 0.8701 - val_ce: 0.3639 - val_loss: 0.4005 - learning_rate: 1.0000e-04
Epoch 3/20
86/86 - 3s - 36ms/step - accuracy: 0.8974 - ce: 0.2822 - loss: 0.3153 - val_accuracy: 0.7835 - val_ce: 0.7595 - val_loss: 0.7893 - learning_rate: 1.0000e-04
Epoch 4/20
86/86 - 3s - 37ms/step - accuracy: 0.8974 - ce: 0.2735 - loss: 0.3014 - val_accuracy: 0.8425 - val_ce: 0.3205 - val_loss: 0.3466 - learning_rate: 1.0000e-04
Epoch 5/20
86/86 - 3s - 36ms/step - accuracy: 0.9289 - ce: 0.1888 - loss: 0.2137 - val_accuracy: 0.9134 - val_ce: 0.3286 - val_loss: 0.3513 - learning_rate: 1.0000e-04
Epoch 6/20

Epoch 6: ReduceLROnPlateau reducing learning rate to 4.999999873689376e-05.
86/86 - 3s - 36ms/step - accuracy: 0.9436 - ce: 0.1722 - loss: 0.1931 - val_accuracy: 0.8307 - val_ce: 0.7659 - val_loss: 0.7853 - learning_rate: 1.0000e-04
Epoch 7/20
86/86 - 3s - 37ms/step - accuracy: 0.9531 - ce: 0.1363 - loss: 0.1565 - val_accuracy: 0.9016 - val_ce: 0.3196 - val_loss: 0.3379 - learning_rate: 5.0000e-05
Epoch 8/20
86/86 - 3s - 36ms/step - accuracy: 0.9810 - ce: 0.0674 - loss: 0.0852 - val_accuracy: 0.9094 - val_ce: 0.3422 - val_loss: 0.3593 - learning_rate: 5.0000e-05
Epoch 9/20

Epoch 9: ReduceLROnPlateau reducing learning rate to 2.499999936844688e-05.
86/86 - 3s - 36ms/step - accuracy: 0.9751 - ce: 0.0720 - loss: 0.0892 - val_accuracy: 0.8976 - val_ce: 0.3954 - val_loss: 0.4115 - learning_rate: 5.0000e-05
Epoch 10/20
86/86 - 3s - 36ms/step - accuracy: 0.9897 - ce: 0.0291 - loss: 0.0451 - val_accuracy: 0.8976 - val_ce: 0.4939 - val_loss: 0.5096 - learning_rate: 2.5000e-05
Epoch 11/20

Epoch 11: ReduceLROnPlateau reducing learning rate to 1.249999968422344e-05.
86/86 - 3s - 37ms/step - accuracy: 0.9956 - ce: 0.0179 - loss: 0.0336 - val_accuracy: 0.8898 - val_ce: 0.4779 - val_loss: 0.4932 - learning_rate: 2.5000e-05
Fold 4: accuracy=0.9373  F1(w/m)=0.9373/0.9373  CE=0.1973  epochs=11  

===== Fold 5/5  22:28:48 =====
Class weights (balanced): Human-written=0.984  V3=1.017
Epoch 1/20
87/87 - 15s - 170ms/step - accuracy: 0.7476 - ce: 0.5174 - loss: 0.5658 - val_accuracy: 0.7344 - val_ce: 0.4854 - val_loss: 0.5293 - learning_rate: 1.0000e-04
Epoch 2/20
87/87 - 3s - 37ms/step - accuracy: 0.8274 - ce: 0.4049 - loss: 0.4462 - val_accuracy: 0.8797 - val_ce: 0.2935 - val_loss: 0.3325 - learning_rate: 1.0000e-04
Epoch 3/20
87/87 - 3s - 37ms/step - accuracy: 0.8644 - ce: 0.3328 - loss: 0.3692 - val_accuracy: 0.8797 - val_ce: 0.3055 - val_loss: 0.3395 - learning_rate: 1.0000e-04
Epoch 4/20
87/87 - 3s - 37ms/step - accuracy: 0.8920 - ce: 0.2922 - loss: 0.3237 - val_accuracy: 0.9129 - val_ce: 0.2475 - val_loss: 0.2771 - learning_rate: 1.0000e-04
Epoch 5/20
87/87 - 3s - 36ms/step - accuracy: 0.8840 - ce: 0.2823 - loss: 0.3114 - val_accuracy: 0.8382 - val_ce: 0.3777 - val_loss: 0.4046 - learning_rate: 1.0000e-04
Epoch 6/20
87/87 - 3s - 36ms/step - accuracy: 0.9231 - ce: 0.2153 - loss: 0.2409 - val_accuracy: 0.9461 - val_ce: 0.1758 - val_loss: 0.1997 - learning_rate: 1.0000e-04
Epoch 7/20
87/87 - 3s - 36ms/step - accuracy: 0.9449 - ce: 0.1571 - loss: 0.1792 - val_accuracy: 0.9461 - val_ce: 0.1858 - val_loss: 0.2071 - learning_rate: 1.0000e-04
Epoch 8/20

Epoch 8: ReduceLROnPlateau reducing learning rate to 4.999999873689376e-05.
87/87 - 3s - 36ms/step - accuracy: 0.9674 - ce: 0.1006 - loss: 0.1205 - val_accuracy: 0.8921 - val_ce: 0.3574 - val_loss: 0.3765 - learning_rate: 1.0000e-04
Epoch 9/20
87/87 - 3s - 36ms/step - accuracy: 0.9848 - ce: 0.0481 - loss: 0.0668 - val_accuracy: 0.9295 - val_ce: 0.2909 - val_loss: 0.3091 - learning_rate: 5.0000e-05
Epoch 10/20

Epoch 10: ReduceLROnPlateau reducing learning rate to 2.499999936844688e-05.
87/87 - 3s - 35ms/step - accuracy: 0.9906 - ce: 0.0273 - loss: 0.0450 - val_accuracy: 0.9378 - val_ce: 0.2315 - val_loss: 0.2489 - learning_rate: 5.0000e-05
Fold 5: accuracy=0.9121  F1(w/m)=0.9120/0.9118  CE=0.2486  epochs=10  

CV mean ± std:
  accuracy               0.9173 ± 0.0117
  balanced_accuracy      0.9170 ± 0.0117
  mcc                    0.8360 ± 0.0223
  cross_entropy          0.2395 ± 0.0326
  roc_auc                0.9745 ± 0.0043
  precision_macro        0.9190 ± 0.0107
  recall_macro           0.9170 ± 0.0117
  f1_macro               0.9171 ± 0.0118
  precision_micro        0.9173 ± 0.0117
  recall_micro           0.9173 ± 0.0117
  f1_micro               0.9173 ± 0.0117
  precision_weighted     0.9189 ± 0.0107
  recall_weighted        0.9173 ± 0.0117
  f1_weighted            0.9172 ± 0.0117

===== Final training  22:29:36 =====
Class weights (balanced): Human-written=0.972  V3=1.030
Epoch 1/20
104/104 - 16s - 157ms/step - accuracy: 0.7437 - ce: 0.5247 - loss: 0.5727 - val_accuracy: 0.8324 - val_ce: 0.3806 - val_loss: 0.4225 - learning_rate: 1.0000e-04
Epoch 2/20
104/104 - 4s - 37ms/step - accuracy: 0.8422 - ce: 0.3777 - loss: 0.4165 - val_accuracy: 0.9011 - val_ce: 0.2463 - val_loss: 0.2798 - learning_rate: 1.0000e-04
Epoch 3/20
104/104 - 4s - 36ms/step - accuracy: 0.8622 - ce: 0.3511 - loss: 0.3809 - val_accuracy: 0.9038 - val_ce: 0.2757 - val_loss: 0.3030 - learning_rate: 1.0000e-04
Epoch 4/20

Epoch 4: ReduceLROnPlateau reducing learning rate to 4.999999873689376e-05.
104/104 - 4s - 36ms/step - accuracy: 0.8972 - ce: 0.2794 - loss: 0.3051 - val_accuracy: 0.9011 - val_ce: 0.2512 - val_loss: 0.2738 - learning_rate: 1.0000e-04
Epoch 5/20
104/104 - 4s - 36ms/step - accuracy: 0.9353 - ce: 0.1841 - loss: 0.2063 - val_accuracy: 0.9148 - val_ce: 0.2314 - val_loss: 0.2518 - learning_rate: 5.0000e-05
Epoch 6/20
104/104 - 4s - 37ms/step - accuracy: 0.9365 - ce: 0.1791 - loss: 0.1996 - val_accuracy: 0.9313 - val_ce: 0.2197 - val_loss: 0.2387 - learning_rate: 5.0000e-05
Epoch 7/20
104/104 - 4s - 37ms/step - accuracy: 0.9462 - ce: 0.1738 - loss: 0.1932 - val_accuracy: 0.9093 - val_ce: 0.3136 - val_loss: 0.3313 - learning_rate: 5.0000e-05
Epoch 8/20

Epoch 8: ReduceLROnPlateau reducing learning rate to 2.499999936844688e-05.
104/104 - 4s - 36ms/step - accuracy: 0.9583 - ce: 0.1256 - loss: 0.1429 - val_accuracy: 0.8819 - val_ce: 0.3931 - val_loss: 0.4097 - learning_rate: 5.0000e-05
Epoch 9/20
104/104 - 4s - 36ms/step - accuracy: 0.9734 - ce: 0.0820 - loss: 0.0989 - val_accuracy: 0.9286 - val_ce: 0.2436 - val_loss: 0.2596 - learning_rate: 2.5000e-05
Epoch 10/20

Epoch 10: ReduceLROnPlateau reducing learning rate to 1.249999968422344e-05.
104/104 - 4s - 37ms/step - accuracy: 0.9800 - ce: 0.0622 - loss: 0.0782 - val_accuracy: 0.9148 - val_ce: 0.2856 - val_loss: 0.3010 - learning_rate: 2.5000e-05
               precision    recall  f1-score   support

Human-written     0.9148    0.8846    0.8994       182
           V3     0.8840    0.9143    0.8989       175

     accuracy                         0.8992       357
    macro avg     0.8994    0.8995    0.8992       357
 weighted avg     0.8997    0.8992    0.8992       357

Class distribution all  : {'Human-written': 1218, 'V3': 1157}  ratio {'Human-written': 0.5128, 'V3': 0.4872}
Class distribution train: {'Human-written': 851, 'V3': 803}  ratio {'Human-written': 0.5145, 'V3': 0.4855}
Class distribution val  : {'Human-written': 185, 'V3': 179}  ratio {'Human-written': 0.5082, 'V3': 0.4918}
Class distribution test : {'Human-written': 182, 'V3': 175}  ratio {'Human-written': 0.5098, 'V3': 0.4902}

subdataset14_screenshot_human_vs_v3_group_cv  VGG19 (tanh, dropout 0.1, lr 0.0001)
CV mean    acc=0.9173  F1 w/m/micro=0.9172/0.9171/0.9173  P_w=0.9189  R_w=0.9173  CE=0.2395  AUC=0.9745  MCC=0.8360
VALIDATION acc=0.9313  F1 w/m/micro=0.9313/0.9313/0.9313  P_w=0.9314  R_w=0.9313  CE=0.2197  AUC=0.9770  MCC=0.8627
TEST       acc=0.8992  F1 w/m/micro=0.8992/0.8992/0.8992  P_w=0.8997  R_w=0.8992  CE=0.3217  AUC=0.9582  MCC=0.7988
TEST 95% CI: accuracy=[0.8655, 0.9272]  f1_weighted=[0.8655, 0.9272]  f1_macro=[0.8653, 0.9272]  mcc=[0.7313, 0.8551]  balanced_accuracy=[0.8657, 0.9275]
Outputs: Experiments/subdataset14/Group-Based Split/results/subdataset14_screenshot_human_vs_v3_group_cv
2026-10-02 22:30:40 FINISHED
