
====================================================================================================
2026-10-02 21:18:24  subdataset12_screenshot_human_vs_v4_group_cv  (config hash 7c68a535f506)
Data    : Data/Subdataset_12
Classes : ['Human-written', 'V4']   Split: Group-Based Split
Model   : VGG19  activation=tanh  dropout=0.2  lr=0.0001  trained=base from block5_* on  preprocessing=caffe  L2=0.0001
Training: at most 20 epochs, early stopping val_ce patience 4, batch 16, 320x320 (no cropping), mixed precision True
Output  : Experiments/subdataset12/Group-Based Split/results/subdataset12_screenshot_human_vs_v4_group_cv
Human-written (label 0): 2236 images
V4  (label 1): 2115 images
Total 4351 images
Groups: {'n_groups': 2269, 'groups_with_human_and_version': 1968, 'groups_with_all_classes': 1968, 'human_only_groups': 242, 'groups_without_human': 59, 'match_ratio': 0.8673424416042309, 'groups_merged_by_content': 2}
CHECK 4: human/version pairs found with the simple rule 2021, in different groups 0
Files whose folder and version tag in the name do not match (data unchanged): 34
Train     :  3029 (69.6%)  Human-written=1559 V4=1470
Validation:   662 (15.2%)  Human-written=335 V4=327
Test      :   660 (15.2%)  Human-written=342 V4=318
Fold 1: train=2947 (Human-written=1514 V4=1433)  evaluation=744 (Human-written=380 V4=364)
Fold 2: train=2955 (Human-written=1518 V4=1437)  evaluation=736 (Human-written=376 V4=360)
Fold 3: train=2960 (Human-written=1516 V4=1444)  evaluation=731 (Human-written=378 V4=353)
Fold 4: train=2960 (Human-written=1515 V4=1445)  evaluation=731 (Human-written=379 V4=352)
Fold 5: train=2942 (Human-written=1513 V4=1429)  evaluation=749 (Human-written=381 V4=368)
Leakage check PASSED.
TensorFlow 2.20.0 | GPU: [PhysicalDevice(name='/physical_device:GPU:0', device_type='GPU')]
Mixed precision: mixed_float16 (output layer float32)
Images loaded: 4351, 1.3 GB, 20 s

===== Fold 1/5  21:18:49 =====
Class weights (balanced): Human-written=0.975  V4=1.026
Model: base 22 layers, trained base layers 5 (first: block5_conv1); trained parameters 9,702,401 / 20,287,553
Epoch 1/20
157/157 - 22s - 140ms/step - accuracy: 0.5709 - ce: 0.7187 - loss: 0.7645 - val_accuracy: 0.5332 - val_ce: 0.7099 - val_loss: 0.7488 - learning_rate: 1.0000e-04
Epoch 2/20
157/157 - 5s - 33ms/step - accuracy: 0.6327 - ce: 0.6533 - loss: 0.6868 - val_accuracy: 0.6247 - val_ce: 0.6920 - val_loss: 0.7203 - learning_rate: 1.0000e-04
Epoch 3/20
157/157 - 5s - 33ms/step - accuracy: 0.6785 - ce: 0.6053 - loss: 0.6295 - val_accuracy: 0.6682 - val_ce: 0.6008 - val_loss: 0.6226 - learning_rate: 1.0000e-04
Epoch 4/20
157/157 - 5s - 33ms/step - accuracy: 0.7012 - ce: 0.5679 - loss: 0.5877 - val_accuracy: 0.6751 - val_ce: 0.5995 - val_loss: 0.6180 - learning_rate: 1.0000e-04
Epoch 5/20
157/157 - 5s - 32ms/step - accuracy: 0.7195 - ce: 0.5547 - loss: 0.5725 - val_accuracy: 0.6842 - val_ce: 0.6405 - val_loss: 0.6570 - learning_rate: 1.0000e-04
Epoch 6/20

Epoch 6: ReduceLROnPlateau reducing learning rate to 4.999999873689376e-05.
157/157 - 5s - 33ms/step - accuracy: 0.7454 - ce: 0.5054 - loss: 0.5209 - val_accuracy: 0.6957 - val_ce: 0.6115 - val_loss: 0.6267 - learning_rate: 1.0000e-04
Epoch 7/20
157/157 - 5s - 32ms/step - accuracy: 0.7912 - ce: 0.4369 - loss: 0.4519 - val_accuracy: 0.6957 - val_ce: 0.6102 - val_loss: 0.6247 - learning_rate: 5.0000e-05
Epoch 8/20

Epoch 8: ReduceLROnPlateau reducing learning rate to 2.499999936844688e-05.
157/157 - 5s - 32ms/step - accuracy: 0.8271 - ce: 0.3676 - loss: 0.3820 - val_accuracy: 0.6888 - val_ce: 0.6779 - val_loss: 0.6920 - learning_rate: 5.0000e-05
Fold 1: accuracy=0.7164  F1(w/m)=0.7164/0.7164  CE=0.5455  epochs=8  

===== Fold 2/5  21:19:56 =====
Class weights (balanced): Human-written=0.974  V4=1.027
Epoch 1/20
158/158 - 17s - 107ms/step - accuracy: 0.5771 - ce: 0.6923 - loss: 0.7362 - val_accuracy: 0.6343 - val_ce: 0.6466 - val_loss: 0.6842 - learning_rate: 1.0000e-04
Epoch 2/20
158/158 - 5s - 33ms/step - accuracy: 0.6484 - ce: 0.6346 - loss: 0.6683 - val_accuracy: 0.6597 - val_ce: 0.6376 - val_loss: 0.6670 - learning_rate: 1.0000e-04
Epoch 3/20
158/158 - 5s - 33ms/step - accuracy: 0.7067 - ce: 0.5836 - loss: 0.6095 - val_accuracy: 0.6968 - val_ce: 0.5916 - val_loss: 0.6153 - learning_rate: 1.0000e-04
Epoch 4/20
158/158 - 5s - 32ms/step - accuracy: 0.7218 - ce: 0.5467 - loss: 0.5680 - val_accuracy: 0.6713 - val_ce: 0.6510 - val_loss: 0.6712 - learning_rate: 1.0000e-04
Epoch 5/20

Epoch 5: ReduceLROnPlateau reducing learning rate to 4.999999873689376e-05.
158/158 - 5s - 33ms/step - accuracy: 0.7467 - ce: 0.5176 - loss: 0.5364 - val_accuracy: 0.6782 - val_ce: 0.6369 - val_loss: 0.6551 - learning_rate: 1.0000e-04
Epoch 6/20
158/158 - 5s - 32ms/step - accuracy: 0.7832 - ce: 0.4562 - loss: 0.4734 - val_accuracy: 0.6852 - val_ce: 0.6668 - val_loss: 0.6841 - learning_rate: 5.0000e-05
Epoch 7/20

Epoch 7: ReduceLROnPlateau reducing learning rate to 2.499999936844688e-05.
158/158 - 5s - 33ms/step - accuracy: 0.8137 - ce: 0.3965 - loss: 0.4134 - val_accuracy: 0.6968 - val_ce: 0.7656 - val_loss: 0.7822 - learning_rate: 5.0000e-05
Fold 2: accuracy=0.6889  F1(w/m)=0.6876/0.6871  CE=0.5883  epochs=7  

===== Fold 3/5  21:20:48 =====
Class weights (balanced): Human-written=0.972  V4=1.029
Epoch 1/20
158/158 - 16s - 102ms/step - accuracy: 0.5475 - ce: 0.7044 - loss: 0.7479 - val_accuracy: 0.5968 - val_ce: 0.6714 - val_loss: 0.7083 - learning_rate: 1.0000e-04
Epoch 2/20
158/158 - 5s - 33ms/step - accuracy: 0.6318 - ce: 0.6462 - loss: 0.6784 - val_accuracy: 0.6682 - val_ce: 0.6181 - val_loss: 0.6463 - learning_rate: 1.0000e-04
Epoch 3/20
158/158 - 5s - 33ms/step - accuracy: 0.6833 - ce: 0.5997 - loss: 0.6254 - val_accuracy: 0.6959 - val_ce: 0.5838 - val_loss: 0.6071 - learning_rate: 1.0000e-04
Epoch 4/20
158/158 - 5s - 33ms/step - accuracy: 0.6936 - ce: 0.5732 - loss: 0.5945 - val_accuracy: 0.6221 - val_ce: 0.7233 - val_loss: 0.7431 - learning_rate: 1.0000e-04
Epoch 5/20

Epoch 5: ReduceLROnPlateau reducing learning rate to 4.999999873689376e-05.
158/158 - 5s - 33ms/step - accuracy: 0.7241 - ce: 0.5412 - loss: 0.5593 - val_accuracy: 0.6590 - val_ce: 0.6181 - val_loss: 0.6356 - learning_rate: 1.0000e-04
Epoch 6/20
158/158 - 5s - 33ms/step - accuracy: 0.7688 - ce: 0.4679 - loss: 0.4847 - val_accuracy: 0.6889 - val_ce: 0.5640 - val_loss: 0.5806 - learning_rate: 5.0000e-05
Epoch 7/20
158/158 - 5s - 32ms/step - accuracy: 0.8068 - ce: 0.4201 - loss: 0.4365 - val_accuracy: 0.7097 - val_ce: 0.6091 - val_loss: 0.6248 - learning_rate: 5.0000e-05
Epoch 8/20

Epoch 8: ReduceLROnPlateau reducing learning rate to 2.499999936844688e-05.
158/158 - 5s - 33ms/step - accuracy: 0.8306 - ce: 0.3597 - loss: 0.3750 - val_accuracy: 0.6267 - val_ce: 0.9114 - val_loss: 0.9264 - learning_rate: 5.0000e-05
Epoch 9/20
158/158 - 5s - 32ms/step - accuracy: 0.8840 - ce: 0.2467 - loss: 0.2617 - val_accuracy: 0.6959 - val_ce: 0.8341 - val_loss: 0.8488 - learning_rate: 2.5000e-05
Epoch 10/20

Epoch 10: ReduceLROnPlateau reducing learning rate to 1.249999968422344e-05.
158/158 - 5s - 33ms/step - accuracy: 0.9082 - ce: 0.1985 - loss: 0.2129 - val_accuracy: 0.7051 - val_ce: 0.8194 - val_loss: 0.8339 - learning_rate: 2.5000e-05
Fold 3: accuracy=0.7155  F1(w/m)=0.7154/0.7154  CE=0.5758  epochs=10  

===== Fold 4/5  21:21:57 =====
Class weights (balanced): Human-written=0.981  V4=1.019
Epoch 1/20
158/158 - 16s - 103ms/step - accuracy: 0.5496 - ce: 0.6996 - loss: 0.7435 - val_accuracy: 0.6136 - val_ce: 0.6849 - val_loss: 0.7216 - learning_rate: 1.0000e-04
Epoch 2/20
158/158 - 5s - 33ms/step - accuracy: 0.6095 - ce: 0.6624 - loss: 0.6941 - val_accuracy: 0.6591 - val_ce: 0.6264 - val_loss: 0.6539 - learning_rate: 1.0000e-04
Epoch 3/20
158/158 - 5s - 32ms/step - accuracy: 0.6774 - ce: 0.5987 - loss: 0.6228 - val_accuracy: 0.6091 - val_ce: 0.6310 - val_loss: 0.6528 - learning_rate: 1.0000e-04
Epoch 4/20
158/158 - 5s - 33ms/step - accuracy: 0.6913 - ce: 0.5802 - loss: 0.6005 - val_accuracy: 0.6886 - val_ce: 0.5753 - val_loss: 0.5936 - learning_rate: 1.0000e-04
Epoch 5/20
158/158 - 5s - 33ms/step - accuracy: 0.7298 - ce: 0.5381 - loss: 0.5549 - val_accuracy: 0.6932 - val_ce: 0.5902 - val_loss: 0.6062 - learning_rate: 1.0000e-04
Epoch 6/20
158/158 - 5s - 33ms/step - accuracy: 0.7480 - ce: 0.5022 - loss: 0.5173 - val_accuracy: 0.7364 - val_ce: 0.5571 - val_loss: 0.5716 - learning_rate: 1.0000e-04
Epoch 7/20
158/158 - 5s - 33ms/step - accuracy: 0.7750 - ce: 0.4701 - loss: 0.4840 - val_accuracy: 0.7045 - val_ce: 0.6003 - val_loss: 0.6137 - learning_rate: 1.0000e-04
Epoch 8/20

Epoch 8: ReduceLROnPlateau reducing learning rate to 4.999999873689376e-05.
158/158 - 5s - 32ms/step - accuracy: 0.8000 - ce: 0.4219 - loss: 0.4347 - val_accuracy: 0.7318 - val_ce: 0.5765 - val_loss: 0.5891 - learning_rate: 1.0000e-04
Epoch 9/20
158/158 - 5s - 32ms/step - accuracy: 0.8563 - ce: 0.3257 - loss: 0.3376 - val_accuracy: 0.7114 - val_ce: 0.8461 - val_loss: 0.8582 - learning_rate: 5.0000e-05
Epoch 10/20

Epoch 10: ReduceLROnPlateau reducing learning rate to 2.499999936844688e-05.
158/158 - 5s - 32ms/step - accuracy: 0.8782 - ce: 0.2605 - loss: 0.2727 - val_accuracy: 0.7136 - val_ce: 0.9158 - val_loss: 0.9276 - learning_rate: 5.0000e-05
Fold 4: accuracy=0.7141  F1(w/m)=0.7139/0.7141  CE=0.6084  epochs=10  

===== Fold 5/5  21:23:05 =====
Class weights (balanced): Human-written=0.974  V4=1.028
Epoch 1/20
157/157 - 17s - 105ms/step - accuracy: 0.5802 - ce: 0.6917 - loss: 0.7368 - val_accuracy: 0.5847 - val_ce: 0.7222 - val_loss: 0.7605 - learning_rate: 1.0000e-04
Epoch 2/20
157/157 - 5s - 33ms/step - accuracy: 0.6603 - ce: 0.6322 - loss: 0.6675 - val_accuracy: 0.6704 - val_ce: 0.6092 - val_loss: 0.6394 - learning_rate: 1.0000e-04
Epoch 3/20
157/157 - 5s - 33ms/step - accuracy: 0.6919 - ce: 0.5927 - loss: 0.6212 - val_accuracy: 0.5892 - val_ce: 0.6965 - val_loss: 0.7222 - learning_rate: 1.0000e-04
Epoch 4/20
157/157 - 5s - 33ms/step - accuracy: 0.7067 - ce: 0.5699 - loss: 0.5941 - val_accuracy: 0.6930 - val_ce: 0.5955 - val_loss: 0.6175 - learning_rate: 1.0000e-04
Epoch 5/20
157/157 - 5s - 32ms/step - accuracy: 0.7439 - ce: 0.5244 - loss: 0.5454 - val_accuracy: 0.6817 - val_ce: 0.6003 - val_loss: 0.6197 - learning_rate: 1.0000e-04
Epoch 6/20

Epoch 6: ReduceLROnPlateau reducing learning rate to 4.999999873689376e-05.
157/157 - 5s - 33ms/step - accuracy: 0.7651 - ce: 0.4790 - loss: 0.4968 - val_accuracy: 0.6907 - val_ce: 0.7125 - val_loss: 0.7300 - learning_rate: 1.0000e-04
Epoch 7/20
157/157 - 5s - 32ms/step - accuracy: 0.8223 - ce: 0.3925 - loss: 0.4096 - val_accuracy: 0.7020 - val_ce: 0.6792 - val_loss: 0.6960 - learning_rate: 5.0000e-05
Epoch 8/20

Epoch 8: ReduceLROnPlateau reducing learning rate to 2.499999936844688e-05.
157/157 - 5s - 32ms/step - accuracy: 0.8507 - ce: 0.3386 - loss: 0.3553 - val_accuracy: 0.7020 - val_ce: 0.6863 - val_loss: 0.7024 - learning_rate: 5.0000e-05
Fold 5: accuracy=0.6716  F1(w/m)=0.6677/0.6671  CE=0.5963  epochs=8  

CV mean ± std:
  accuracy               0.7013 ± 0.0202
  balanced_accuracy      0.7012 ± 0.0215
  mcc                    0.4046 ± 0.0397
  cross_entropy          0.5829 ± 0.0240
  roc_auc                0.7778 ± 0.0167
  precision_macro        0.7035 ± 0.0181
  recall_macro           0.7012 ± 0.0215
  f1_macro               0.7000 ± 0.0221
  precision_micro        0.7013 ± 0.0202
  recall_micro           0.7013 ± 0.0202
  f1_micro               0.7013 ± 0.0202
  precision_weighted     0.7038 ± 0.0188
  recall_weighted        0.7013 ± 0.0202
  f1_weighted            0.7002 ± 0.0218

===== Final training  21:24:05 =====
Class weights (balanced): Human-written=0.971  V4=1.030
Epoch 1/20
190/190 - 18s - 97ms/step - accuracy: 0.5738 - ce: 0.6970 - loss: 0.7404 - val_accuracy: 0.6057 - val_ce: 0.6713 - val_loss: 0.7058 - learning_rate: 1.0000e-04
Epoch 2/20
190/190 - 6s - 33ms/step - accuracy: 0.6580 - ce: 0.6298 - loss: 0.6606 - val_accuracy: 0.6888 - val_ce: 0.5941 - val_loss: 0.6190 - learning_rate: 1.0000e-04
Epoch 3/20
190/190 - 6s - 33ms/step - accuracy: 0.6738 - ce: 0.5935 - loss: 0.6150 - val_accuracy: 0.6420 - val_ce: 0.7045 - val_loss: 0.7235 - learning_rate: 1.0000e-04
Epoch 4/20
190/190 - 6s - 33ms/step - accuracy: 0.7105 - ce: 0.5612 - loss: 0.5787 - val_accuracy: 0.7115 - val_ce: 0.5677 - val_loss: 0.5834 - learning_rate: 1.0000e-04
Epoch 5/20
190/190 - 6s - 33ms/step - accuracy: 0.7290 - ce: 0.5393 - loss: 0.5540 - val_accuracy: 0.7130 - val_ce: 0.5734 - val_loss: 0.5870 - learning_rate: 1.0000e-04
Epoch 6/20

Epoch 6: ReduceLROnPlateau reducing learning rate to 4.999999873689376e-05.
190/190 - 6s - 33ms/step - accuracy: 0.7544 - ce: 0.5007 - loss: 0.5136 - val_accuracy: 0.7205 - val_ce: 0.5702 - val_loss: 0.5824 - learning_rate: 1.0000e-04
Epoch 7/20
190/190 - 6s - 33ms/step - accuracy: 0.8046 - ce: 0.4197 - loss: 0.4312 - val_accuracy: 0.6994 - val_ce: 0.6640 - val_loss: 0.6756 - learning_rate: 5.0000e-05
Epoch 8/20

Epoch 8: ReduceLROnPlateau reducing learning rate to 2.499999936844688e-05.
190/190 - 6s - 33ms/step - accuracy: 0.8382 - ce: 0.3630 - loss: 0.3740 - val_accuracy: 0.7462 - val_ce: 0.6551 - val_loss: 0.6661 - learning_rate: 5.0000e-05
               precision    recall  f1-score   support

Human-written     0.7216    0.7427    0.7320       342
           V4     0.7143    0.6918    0.7029       318

     accuracy                         0.7182       660
    macro avg     0.7179    0.7173    0.7174       660
 weighted avg     0.7181    0.7182    0.7180       660

Class distribution all  : {'Human-written': 2236, 'V4': 2115}  ratio {'Human-written': 0.5139, 'V4': 0.4861}
Class distribution train: {'Human-written': 1559, 'V4': 1470}  ratio {'Human-written': 0.5147, 'V4': 0.4853}
Class distribution val  : {'Human-written': 335, 'V4': 327}  ratio {'Human-written': 0.506, 'V4': 0.494}
Class distribution test : {'Human-written': 342, 'V4': 318}  ratio {'Human-written': 0.5182, 'V4': 0.4818}

subdataset12_screenshot_human_vs_v4_group_cv  VGG19 (tanh, dropout 0.2, lr 0.0001)
CV mean    acc=0.7013  F1 w/m/micro=0.7002/0.7000/0.7013  P_w=0.7038  R_w=0.7013  CE=0.5829  AUC=0.7778  MCC=0.4046
VALIDATION acc=0.7115  F1 w/m/micro=0.7114/0.7114/0.7115  P_w=0.7115  R_w=0.7115  CE=0.5677  AUC=0.7827  MCC=0.4228
TEST       acc=0.7182  F1 w/m/micro=0.7180/0.7174/0.7182  P_w=0.7181  R_w=0.7182  CE=0.5673  AUC=0.7832  MCC=0.4352
TEST 95% CI: accuracy=[0.6848, 0.7500]  f1_weighted=[0.6843, 0.7500]  f1_macro=[0.6839, 0.7497]  mcc=[0.3680, 0.4994]  balanced_accuracy=[0.6841, 0.7497]
Outputs: Experiments/subdataset12/Group-Based Split/results/subdataset12_screenshot_human_vs_v4_group_cv
2026-10-02 21:25:22 FINISHED
