
====================================================================================================
2026-10-03 08:45:43  subdataset10_screenshot_6class_snippet_cv  (config hash 487c9510e962)
Data    : Data/Subdataset_10
Classes : ['Human-written', 'V1', 'V2', 'V3', 'V4', 'V5']   Split: Snippet-Level Split
Model   : VGG19  activation=sigmoid  dropout=0.1  lr=0.0001  trained=base from block5_* on  preprocessing=caffe  L2=0.0001
Training: at most 20 epochs, early stopping val_ce patience 4, batch 16, 320x320 (no cropping), mixed precision True
Output  : Experiments/subdataset10/Snippet-Level Split/results/subdataset10_screenshot_6class_snippet_cv
Human-written (label 0): 2234 images
V1  (label 1): 2513 images
V2  (label 2): 2428 images
V3  (label 3): 2183 images
V4  (label 4): 2118 images
V5  (label 5): 1985 images
Total 13461 images
Train     :  9421 (70.0%)  Human-written=1564 V1=1759 V2=1700 V3=1527 V4=1482 V5=1389
Validation:  2020 (15.0%)  Human-written=335 V1=377 V2=364 V3=328 V4=318 V5=298
Test      :  2020 (15.0%)  Human-written=335 V1=377 V2=364 V3=328 V4=318 V5=298
Fold 1: train=9152 (Human-written=1519 V1=1708 V2=1652 V3=1484 V4=1440 V5=1349)  evaluation=2289 (Human-written=380 V1=428 V2=412 V3=371 V4=360 V5=338)
Fold 2: train=9153 (Human-written=1520 V1=1709 V2=1651 V3=1484 V4=1440 V5=1349)  evaluation=2288 (Human-written=379 V1=427 V2=413 V3=371 V4=360 V5=338)
Fold 3: train=9153 (Human-written=1519 V1=1709 V2=1651 V3=1484 V4=1440 V5=1350)  evaluation=2288 (Human-written=380 V1=427 V2=413 V3=371 V4=360 V5=337)
Fold 4: train=9153 (Human-written=1519 V1=1709 V2=1651 V3=1484 V4=1440 V5=1350)  evaluation=2288 (Human-written=380 V1=427 V2=413 V3=371 V4=360 V5=337)
Fold 5: train=9153 (Human-written=1519 V1=1709 V2=1651 V3=1484 V4=1440 V5=1350)  evaluation=2288 (Human-written=380 V1=427 V2=413 V3=371 V4=360 V5=337)
Leakage check PASSED.
TensorFlow 2.21.0 | GPU: [PhysicalDevice(name='/physical_device:GPU:0', device_type='GPU')]
Mixed precision: mixed_float16 (output layer float32)
Images loaded: 13461, 4.1 GB, 41 s

===== Fold 1/5  08:46:25 =====
Class weights (balanced): Human-written=1.004  V1=0.893  V2=0.923  V3=1.028  V4=1.059  V5=1.130
Model: base 22 layers, trained base layers 5 (first: block5_conv1); trained parameters 9,704,966 / 20,290,118
<venv>/lib/python3.13/site-packages/keras/src/trainers/epoch_iterator.py:74: UserWarning: `shuffle=True` was passed, but will be ignored since the data `x` was provided as a tf.data.Dataset. The Dataset is expected to already be shuffled (via `.shuffle(buffer_size)`).
  self.data_adapter = data_adapters.get_data_adapter(
Epoch 1/20
487/487 - 142s - 291ms/step - accuracy: 0.1750 - ce: 1.8290 - loss: 1.8682 - val_accuracy: 0.1894 - val_ce: 1.7754 - val_loss: 1.8040 - learning_rate: 1.0000e-04
Epoch 2/20
487/487 - 36s - 74ms/step - accuracy: 0.2316 - ce: 1.7542 - loss: 1.7780 - val_accuracy: 0.2251 - val_ce: 1.7209 - val_loss: 1.7420 - learning_rate: 1.0000e-04
Epoch 3/20
487/487 - 36s - 74ms/step - accuracy: 0.2414 - ce: 1.7272 - loss: 1.7446 - val_accuracy: 0.2651 - val_ce: 1.6993 - val_loss: 1.7162 - learning_rate: 1.0000e-04
Epoch 4/20
487/487 - 36s - 74ms/step - accuracy: 0.2637 - ce: 1.6901 - loss: 1.7042 - val_accuracy: 0.2556 - val_ce: 1.6975 - val_loss: 1.7117 - learning_rate: 1.0000e-04
Epoch 5/20
487/487 - 36s - 74ms/step - accuracy: 0.2792 - ce: 1.6559 - loss: 1.6681 - val_accuracy: 0.2345 - val_ce: 1.6877 - val_loss: 1.6999 - learning_rate: 1.0000e-04
Epoch 6/20
487/487 - 36s - 74ms/step - accuracy: 0.3025 - ce: 1.6176 - loss: 1.6276 - val_accuracy: 0.2731 - val_ce: 1.7289 - val_loss: 1.7398 - learning_rate: 1.0000e-04
Epoch 7/20

Epoch 7: ReduceLROnPlateau reducing learning rate to 4.999999873689376e-05.
487/487 - 36s - 74ms/step - accuracy: 0.3246 - ce: 1.5608 - loss: 1.5691 - val_accuracy: 0.2469 - val_ce: 1.8422 - val_loss: 1.8521 - learning_rate: 1.0000e-04
Epoch 8/20
487/487 - 36s - 74ms/step - accuracy: 0.3677 - ce: 1.4529 - loss: 1.4611 - val_accuracy: 0.2564 - val_ce: 1.7467 - val_loss: 1.7563 - learning_rate: 5.0000e-05
Epoch 9/20

Epoch 9: ReduceLROnPlateau reducing learning rate to 2.499999936844688e-05.
487/487 - 36s - 74ms/step - accuracy: 0.4215 - ce: 1.3608 - loss: 1.3683 - val_accuracy: 0.2586 - val_ce: 1.8542 - val_loss: 1.8635 - learning_rate: 5.0000e-05
<venv>/lib/python3.13/site-packages/sklearn/metrics/_classification.py:304: UserWarning: The y_prob values do not sum to one. Make sure to pass probabilities.
  warnings.warn(
<venv>/lib/python3.13/site-packages/sklearn/metrics/_classification.py:304: UserWarning: The y_prob values do not sum to one. Make sure to pass probabilities.
  warnings.warn(
Fold 1: accuracy=0.2595  F1(w/m)=0.2076/0.2109  CE=1.6800  epochs=9  

===== Fold 2/5  08:54:22 =====
Class weights (balanced): Human-written=1.004  V1=0.892  V2=0.924  V3=1.028  V4=1.059  V5=1.130
<venv>/lib/python3.13/site-packages/keras/src/trainers/epoch_iterator.py:74: UserWarning: `shuffle=True` was passed, but will be ignored since the data `x` was provided as a tf.data.Dataset. The Dataset is expected to already be shuffled (via `.shuffle(buffer_size)`).
  self.data_adapter = data_adapters.get_data_adapter(
Epoch 1/20
487/487 - 74s - 152ms/step - accuracy: 0.1812 - ce: 1.8202 - loss: 1.8594 - val_accuracy: 0.2047 - val_ce: 1.7576 - val_loss: 1.7882 - learning_rate: 1.0000e-04
Epoch 2/20
487/487 - 36s - 74ms/step - accuracy: 0.2343 - ce: 1.7444 - loss: 1.7694 - val_accuracy: 0.2658 - val_ce: 1.7153 - val_loss: 1.7380 - learning_rate: 1.0000e-04
Epoch 3/20
487/487 - 36s - 74ms/step - accuracy: 0.2607 - ce: 1.6950 - loss: 1.7137 - val_accuracy: 0.2615 - val_ce: 1.7060 - val_loss: 1.7248 - learning_rate: 1.0000e-04
Epoch 4/20
487/487 - 36s - 74ms/step - accuracy: 0.2722 - ce: 1.6678 - loss: 1.6836 - val_accuracy: 0.2629 - val_ce: 1.6878 - val_loss: 1.7041 - learning_rate: 1.0000e-04
Epoch 5/20
487/487 - 36s - 74ms/step - accuracy: 0.2981 - ce: 1.6223 - loss: 1.6361 - val_accuracy: 0.2760 - val_ce: 1.6776 - val_loss: 1.6922 - learning_rate: 1.0000e-04
Epoch 6/20
487/487 - 36s - 74ms/step - accuracy: 0.3105 - ce: 1.5899 - loss: 1.6022 - val_accuracy: 0.2731 - val_ce: 1.6825 - val_loss: 1.6957 - learning_rate: 1.0000e-04
Epoch 7/20

Epoch 7: ReduceLROnPlateau reducing learning rate to 4.999999873689376e-05.
487/487 - 36s - 74ms/step - accuracy: 0.3374 - ce: 1.5273 - loss: 1.5376 - val_accuracy: 0.2571 - val_ce: 1.7606 - val_loss: 1.7727 - learning_rate: 1.0000e-04
Epoch 8/20
487/487 - 36s - 74ms/step - accuracy: 0.3915 - ce: 1.4069 - loss: 1.4173 - val_accuracy: 0.2637 - val_ce: 1.7698 - val_loss: 1.7814 - learning_rate: 5.0000e-05
Epoch 9/20

Epoch 9: ReduceLROnPlateau reducing learning rate to 2.499999936844688e-05.
487/487 - 36s - 74ms/step - accuracy: 0.4347 - ce: 1.3169 - loss: 1.3264 - val_accuracy: 0.2411 - val_ce: 1.8852 - val_loss: 1.8964 - learning_rate: 5.0000e-05
<venv>/lib/python3.13/site-packages/sklearn/metrics/_classification.py:304: UserWarning: The y_prob values do not sum to one. Make sure to pass probabilities.
  warnings.warn(
<venv>/lib/python3.13/site-packages/sklearn/metrics/_classification.py:304: UserWarning: The y_prob values do not sum to one. Make sure to pass probabilities.
  warnings.warn(
Fold 2: accuracy=0.2526  F1(w/m)=0.2126/0.2120  CE=1.6938  epochs=9  

===== Fold 3/5  09:00:39 =====
Class weights (balanced): Human-written=1.004  V1=0.892  V2=0.924  V3=1.028  V4=1.059  V5=1.130
<venv>/lib/python3.13/site-packages/keras/src/trainers/epoch_iterator.py:74: UserWarning: `shuffle=True` was passed, but will be ignored since the data `x` was provided as a tf.data.Dataset. The Dataset is expected to already be shuffled (via `.shuffle(buffer_size)`).
  self.data_adapter = data_adapters.get_data_adapter(
Epoch 1/20
487/487 - 41s - 84ms/step - accuracy: 0.1726 - ce: 1.8211 - loss: 1.8611 - val_accuracy: 0.2090 - val_ce: 1.7672 - val_loss: 1.7998 - learning_rate: 1.0000e-04
Epoch 2/20
487/487 - 36s - 74ms/step - accuracy: 0.2190 - ce: 1.7667 - loss: 1.7956 - val_accuracy: 0.2163 - val_ce: 1.7604 - val_loss: 1.7855 - learning_rate: 1.0000e-04
Epoch 3/20
487/487 - 36s - 74ms/step - accuracy: 0.2405 - ce: 1.7175 - loss: 1.7396 - val_accuracy: 0.2622 - val_ce: 1.7178 - val_loss: 1.7384 - learning_rate: 1.0000e-04
Epoch 4/20
487/487 - 36s - 74ms/step - accuracy: 0.2685 - ce: 1.6847 - loss: 1.7023 - val_accuracy: 0.2848 - val_ce: 1.6803 - val_loss: 1.6980 - learning_rate: 1.0000e-04
Epoch 5/20
487/487 - 36s - 74ms/step - accuracy: 0.2788 - ce: 1.6549 - loss: 1.6706 - val_accuracy: 0.2906 - val_ce: 1.6546 - val_loss: 1.6701 - learning_rate: 1.0000e-04
Epoch 6/20
487/487 - 36s - 74ms/step - accuracy: 0.3022 - ce: 1.6123 - loss: 1.6263 - val_accuracy: 0.2666 - val_ce: 1.6884 - val_loss: 1.7024 - learning_rate: 1.0000e-04
Epoch 7/20

Epoch 7: ReduceLROnPlateau reducing learning rate to 4.999999873689376e-05.
487/487 - 36s - 74ms/step - accuracy: 0.3258 - ce: 1.5586 - loss: 1.5705 - val_accuracy: 0.2644 - val_ce: 1.7238 - val_loss: 1.7366 - learning_rate: 1.0000e-04
Epoch 8/20
487/487 - 36s - 74ms/step - accuracy: 0.3706 - ce: 1.4488 - loss: 1.4598 - val_accuracy: 0.2578 - val_ce: 1.7467 - val_loss: 1.7591 - learning_rate: 5.0000e-05
Epoch 9/20

Epoch 9: ReduceLROnPlateau reducing learning rate to 2.499999936844688e-05.
487/487 - 36s - 74ms/step - accuracy: 0.4114 - ce: 1.3651 - loss: 1.3755 - val_accuracy: 0.2724 - val_ce: 1.7830 - val_loss: 1.7951 - learning_rate: 5.0000e-05
<venv>/lib/python3.13/site-packages/sklearn/metrics/_classification.py:304: UserWarning: The y_prob values do not sum to one. Make sure to pass probabilities.
  warnings.warn(
<venv>/lib/python3.13/site-packages/sklearn/metrics/_classification.py:304: UserWarning: The y_prob values do not sum to one. Make sure to pass probabilities.
  warnings.warn(
Fold 3: accuracy=0.2714  F1(w/m)=0.2070/0.2040  CE=1.6801  epochs=9  

===== Fold 4/5  09:06:24 =====
Class weights (balanced): Human-written=1.004  V1=0.892  V2=0.924  V3=1.028  V4=1.059  V5=1.130
<venv>/lib/python3.13/site-packages/keras/src/trainers/epoch_iterator.py:74: UserWarning: `shuffle=True` was passed, but will be ignored since the data `x` was provided as a tf.data.Dataset. The Dataset is expected to already be shuffled (via `.shuffle(buffer_size)`).
  self.data_adapter = data_adapters.get_data_adapter(
Epoch 1/20
487/487 - 41s - 84ms/step - accuracy: 0.1942 - ce: 1.8109 - loss: 1.8519 - val_accuracy: 0.2331 - val_ce: 1.7517 - val_loss: 1.7849 - learning_rate: 1.0000e-04
Epoch 2/20
487/487 - 36s - 75ms/step - accuracy: 0.2407 - ce: 1.7438 - loss: 1.7716 - val_accuracy: 0.2505 - val_ce: 1.7198 - val_loss: 1.7450 - learning_rate: 1.0000e-04
Epoch 3/20
487/487 - 36s - 74ms/step - accuracy: 0.2503 - ce: 1.7082 - loss: 1.7298 - val_accuracy: 0.2658 - val_ce: 1.6808 - val_loss: 1.7014 - learning_rate: 1.0000e-04
Epoch 4/20
487/487 - 36s - 74ms/step - accuracy: 0.2645 - ce: 1.6736 - loss: 1.6913 - val_accuracy: 0.2702 - val_ce: 1.6761 - val_loss: 1.6935 - learning_rate: 1.0000e-04
Epoch 5/20
487/487 - 36s - 74ms/step - accuracy: 0.2803 - ce: 1.6355 - loss: 1.6502 - val_accuracy: 0.2433 - val_ce: 1.6881 - val_loss: 1.7031 - learning_rate: 1.0000e-04
Epoch 6/20

Epoch 6: ReduceLROnPlateau reducing learning rate to 4.999999873689376e-05.
487/487 - 36s - 74ms/step - accuracy: 0.3045 - ce: 1.5888 - loss: 1.6013 - val_accuracy: 0.2870 - val_ce: 1.7072 - val_loss: 1.7205 - learning_rate: 1.0000e-04
Epoch 7/20
487/487 - 36s - 74ms/step - accuracy: 0.3528 - ce: 1.4765 - loss: 1.4877 - val_accuracy: 0.2731 - val_ce: 1.7178 - val_loss: 1.7305 - learning_rate: 5.0000e-05
Epoch 8/20

Epoch 8: ReduceLROnPlateau reducing learning rate to 2.499999936844688e-05.
487/487 - 36s - 74ms/step - accuracy: 0.4001 - ce: 1.3877 - loss: 1.3979 - val_accuracy: 0.2651 - val_ce: 1.7752 - val_loss: 1.7873 - learning_rate: 5.0000e-05
<venv>/lib/python3.13/site-packages/sklearn/metrics/_classification.py:304: UserWarning: The y_prob values do not sum to one. Make sure to pass probabilities.
  warnings.warn(
<venv>/lib/python3.13/site-packages/sklearn/metrics/_classification.py:304: UserWarning: The y_prob values do not sum to one. Make sure to pass probabilities.
  warnings.warn(
Fold 4: accuracy=0.2749  F1(w/m)=0.2179/0.2178  CE=1.6755  epochs=8  

===== Fold 5/5  09:11:32 =====
Class weights (balanced): Human-written=1.004  V1=0.892  V2=0.924  V3=1.028  V4=1.059  V5=1.130
<venv>/lib/python3.13/site-packages/keras/src/trainers/epoch_iterator.py:74: UserWarning: `shuffle=True` was passed, but will be ignored since the data `x` was provided as a tf.data.Dataset. The Dataset is expected to already be shuffled (via `.shuffle(buffer_size)`).
  self.data_adapter = data_adapters.get_data_adapter(
Epoch 1/20
487/487 - 41s - 85ms/step - accuracy: 0.1892 - ce: 1.8272 - loss: 1.8630 - val_accuracy: 0.2207 - val_ce: 1.7809 - val_loss: 1.8061 - learning_rate: 1.0000e-04
Epoch 2/20
487/487 - 36s - 75ms/step - accuracy: 0.2366 - ce: 1.7529 - loss: 1.7736 - val_accuracy: 0.2622 - val_ce: 1.7046 - val_loss: 1.7232 - learning_rate: 1.0000e-04
Epoch 3/20
487/487 - 36s - 75ms/step - accuracy: 0.2512 - ce: 1.7164 - loss: 1.7321 - val_accuracy: 0.2673 - val_ce: 1.6878 - val_loss: 1.7032 - learning_rate: 1.0000e-04
Epoch 4/20
487/487 - 36s - 75ms/step - accuracy: 0.2632 - ce: 1.6847 - loss: 1.6980 - val_accuracy: 0.2666 - val_ce: 1.7033 - val_loss: 1.7166 - learning_rate: 1.0000e-04
Epoch 5/20
487/487 - 36s - 75ms/step - accuracy: 0.2862 - ce: 1.6516 - loss: 1.6635 - val_accuracy: 0.2702 - val_ce: 1.6804 - val_loss: 1.6922 - learning_rate: 1.0000e-04
Epoch 6/20
487/487 - 36s - 75ms/step - accuracy: 0.2950 - ce: 1.6158 - loss: 1.6255 - val_accuracy: 0.2513 - val_ce: 1.7647 - val_loss: 1.7753 - learning_rate: 1.0000e-04
Epoch 7/20
487/487 - 36s - 74ms/step - accuracy: 0.3159 - ce: 1.5624 - loss: 1.5708 - val_accuracy: 0.2935 - val_ce: 1.6597 - val_loss: 1.6693 - learning_rate: 1.0000e-04
Epoch 8/20
487/487 - 36s - 75ms/step - accuracy: 0.3422 - ce: 1.5059 - loss: 1.5131 - val_accuracy: 0.2578 - val_ce: 1.7643 - val_loss: 1.7731 - learning_rate: 1.0000e-04
Epoch 9/20

Epoch 9: ReduceLROnPlateau reducing learning rate to 4.999999873689376e-05.
487/487 - 36s - 74ms/step - accuracy: 0.3742 - ce: 1.4392 - loss: 1.4453 - val_accuracy: 0.2644 - val_ce: 1.7635 - val_loss: 1.7718 - learning_rate: 1.0000e-04
Epoch 10/20
487/487 - 36s - 74ms/step - accuracy: 0.4397 - ce: 1.2832 - loss: 1.2888 - val_accuracy: 0.2651 - val_ce: 1.8687 - val_loss: 1.8769 - learning_rate: 5.0000e-05
Epoch 11/20

Epoch 11: ReduceLROnPlateau reducing learning rate to 2.499999936844688e-05.
487/487 - 36s - 75ms/step - accuracy: 0.5005 - ce: 1.1668 - loss: 1.1725 - val_accuracy: 0.2542 - val_ce: 2.0162 - val_loss: 2.0242 - learning_rate: 5.0000e-05
<venv>/lib/python3.13/site-packages/sklearn/metrics/_classification.py:304: UserWarning: The y_prob values do not sum to one. Make sure to pass probabilities.
  warnings.warn(
<venv>/lib/python3.13/site-packages/sklearn/metrics/_classification.py:304: UserWarning: The y_prob values do not sum to one. Make sure to pass probabilities.
  warnings.warn(
Fold 5: accuracy=0.2828  F1(w/m)=0.2715/0.2685  CE=1.6531  epochs=11  

CV mean ± std:
  accuracy               0.2682 ± 0.0121
  balanced_accuracy      0.2677 ± 0.0108
  mcc                    0.1286 ± 0.0123
  cross_entropy          1.6765 ± 0.0147
  roc_auc                0.6352 ± 0.0094
  precision_macro        0.2291 ± 0.0362
  recall_macro           0.2677 ± 0.0108
  f1_macro               0.2226 ± 0.0261
  precision_micro        0.2682 ± 0.0121
  recall_micro           0.2682 ± 0.0121
  f1_micro               0.2682 ± 0.0121
  precision_weighted     0.2304 ± 0.0363
  recall_weighted        0.2682 ± 0.0121
  f1_weighted            0.2234 ± 0.0273

===== Final training  09:18:30 =====
Class weights (balanced): Human-written=1.004  V1=0.893  V2=0.924  V3=1.028  V4=1.059  V5=1.130
<venv>/lib/python3.13/site-packages/keras/src/trainers/epoch_iterator.py:74: UserWarning: `shuffle=True` was passed, but will be ignored since the data `x` was provided as a tf.data.Dataset. The Dataset is expected to already be shuffled (via `.shuffle(buffer_size)`).
  self.data_adapter = data_adapters.get_data_adapter(
Epoch 1/20
589/589 - 52s - 87ms/step - accuracy: 0.1733 - ce: 1.8296 - loss: 1.8674 - val_accuracy: 0.1584 - val_ce: 1.8176 - val_loss: 1.8451 - learning_rate: 1.0000e-04
Epoch 2/20
589/589 - 45s - 76ms/step - accuracy: 0.2131 - ce: 1.7735 - loss: 1.7964 - val_accuracy: 0.2416 - val_ce: 1.7391 - val_loss: 1.7599 - learning_rate: 1.0000e-04
Epoch 3/20
589/589 - 45s - 77ms/step - accuracy: 0.2506 - ce: 1.7154 - loss: 1.7335 - val_accuracy: 0.2252 - val_ce: 1.7388 - val_loss: 1.7558 - learning_rate: 1.0000e-04
Epoch 4/20
589/589 - 45s - 76ms/step - accuracy: 0.2683 - ce: 1.6811 - loss: 1.6957 - val_accuracy: 0.2713 - val_ce: 1.6589 - val_loss: 1.6732 - learning_rate: 1.0000e-04
Epoch 5/20
589/589 - 45s - 76ms/step - accuracy: 0.2802 - ce: 1.6455 - loss: 1.6577 - val_accuracy: 0.2545 - val_ce: 1.7123 - val_loss: 1.7246 - learning_rate: 1.0000e-04
Epoch 6/20

Epoch 6: ReduceLROnPlateau reducing learning rate to 4.999999873689376e-05.
589/589 - 45s - 76ms/step - accuracy: 0.2972 - ce: 1.6127 - loss: 1.6227 - val_accuracy: 0.2738 - val_ce: 1.6705 - val_loss: 1.6812 - learning_rate: 1.0000e-04
Epoch 7/20
589/589 - 45s - 76ms/step - accuracy: 0.3306 - ce: 1.5239 - loss: 1.5331 - val_accuracy: 0.2916 - val_ce: 1.6757 - val_loss: 1.6858 - learning_rate: 5.0000e-05
Epoch 8/20

Epoch 8: ReduceLROnPlateau reducing learning rate to 2.499999936844688e-05.
589/589 - 45s - 76ms/step - accuracy: 0.3633 - ce: 1.4636 - loss: 1.4723 - val_accuracy: 0.2713 - val_ce: 1.7579 - val_loss: 1.7674 - learning_rate: 5.0000e-05
<venv>/lib/python3.13/site-packages/sklearn/metrics/_classification.py:304: UserWarning: The y_prob values do not sum to one. Make sure to pass probabilities.
  warnings.warn(
<venv>/lib/python3.13/site-packages/sklearn/metrics/_classification.py:304: UserWarning: The y_prob values do not sum to one. Make sure to pass probabilities.
  warnings.warn(
               precision    recall  f1-score   support

Human-written     0.4516    0.6687    0.5391       335
           V1     0.2173    0.3926    0.2798       377
           V2     0.2156    0.1978    0.2063       364
           V3     0.2657    0.3354    0.2965       328
           V4     0.2842    0.0849    0.1308       318
           V5     0.0000    0.0000    0.0000       298

     accuracy                         0.2876      2020
    macro avg     0.2391    0.2799    0.2421      2020
 weighted avg     0.2422    0.2876    0.2475      2020

Class distribution all  : {'Human-written': 2234, 'V1': 2513, 'V2': 2428, 'V3': 2183, 'V4': 2118, 'V5': 1985}  ratio {'Human-written': 0.166, 'V1': 0.1867, 'V2': 0.1804, 'V3': 0.1622, 'V4': 0.1573, 'V5': 0.1475}
Class distribution train: {'Human-written': 1564, 'V1': 1759, 'V2': 1700, 'V3': 1527, 'V4': 1482, 'V5': 1389}  ratio {'Human-written': 0.166, 'V1': 0.1867, 'V2': 0.1804, 'V3': 0.1621, 'V4': 0.1573, 'V5': 0.1474}
Class distribution val  : {'Human-written': 335, 'V1': 377, 'V2': 364, 'V3': 328, 'V4': 318, 'V5': 298}  ratio {'Human-written': 0.1658, 'V1': 0.1866, 'V2': 0.1802, 'V3': 0.1624, 'V4': 0.1574, 'V5': 0.1475}
Class distribution test : {'Human-written': 335, 'V1': 377, 'V2': 364, 'V3': 328, 'V4': 318, 'V5': 298}  ratio {'Human-written': 0.1658, 'V1': 0.1866, 'V2': 0.1802, 'V3': 0.1624, 'V4': 0.1574, 'V5': 0.1475}

subdataset10_screenshot_6class_snippet_cv  VGG19 (sigmoid, dropout 0.1, lr 0.0001)
CV mean    acc=0.2682  F1 w/m/micro=0.2234/0.2226/0.2682  P_w=0.2304  R_w=0.2682  CE=1.6765  AUC=0.6352  MCC=0.1286
VALIDATION acc=0.2713  F1 w/m/micro=0.2283/0.2225/0.2713  P_w=0.2152  R_w=0.2713  CE=1.6589  AUC=0.6361  MCC=0.1228
TEST       acc=0.2876  F1 w/m/micro=0.2475/0.2421/0.2876  P_w=0.2422  R_w=0.2876  CE=1.6492  AUC=0.6444  MCC=0.1432
TEST 95% CI: accuracy=[0.2668, 0.3074]  f1_weighted=[0.2279, 0.2668]  f1_macro=[0.2248, 0.2580]  mcc=[0.1178, 0.1668]  balanced_accuracy=[0.2618, 0.2966]
Outputs: Experiments/subdataset10/Snippet-Level Split/results/subdataset10_screenshot_6class_snippet_cv
2026-10-03 09:24:56 FINISHED
