
====================================================================================================
2026-10-03 06:00:53  subdataset15_graph_human_vs_v4_group_cv  (config hash 7dde931e115b)
Data    : Data/Subdataset_15
Classes : ['Human-written', 'V4']   Split: Group-Based Split
Model   : VGG19  activation=relu  dropout=0.1  lr=0.0001  trained=base from block5_* on  preprocessing=caffe  L2=0.0001
Training: at most 20 epochs, early stopping val_ce patience 4, batch 16, 320x320 (no cropping), mixed precision True
Output  : Experiments/subdataset15/Group-Based Split/results/subdataset15_graph_human_vs_v4_group_cv
Human-written (label 0): 1482 images
V4  (label 1): 1693 images
Total 3175 images
Groups: {'n_groups': 1859, 'groups_with_human_and_version': 1216, 'groups_with_all_classes': 1216, 'human_only_groups': 250, 'groups_without_human': 393, 'match_ratio': 0.6541151156535772, 'groups_merged_by_content': 0}
CHECK 4: human/version pairs found with the simple rule 1257, in different groups 0
Files whose folder and version tag in the name do not match (data unchanged): 35
Train     :  2197 (69.2%)  Human-written=1019 V4=1178
Validation:   504 (15.9%)  Human-written=240 V4=264
Test      :   474 (14.9%)  Human-written=223 V4=251
Fold 1: train=2154 (Human-written=1008 V4=1146)  evaluation=547 (Human-written=251 V4=296)
Fold 2: train=2159 (Human-written=1005 V4=1154)  evaluation=542 (Human-written=254 V4=288)
Fold 3: train=2170 (Human-written=1009 V4=1161)  evaluation=531 (Human-written=250 V4=281)
Fold 4: train=2167 (Human-written=1010 V4=1157)  evaluation=534 (Human-written=249 V4=285)
Fold 5: train=2154 (Human-written=1004 V4=1150)  evaluation=547 (Human-written=255 V4=292)
Leakage check PASSED.
TensorFlow 2.20.0 | GPU: [PhysicalDevice(name='/physical_device:GPU:0', device_type='GPU')]
Mixed precision: mixed_float16 (output layer float32)
Images loaded: 3175, 1.0 GB, 4 s

===== Fold 1/5  06:01:02 =====
Class weights (balanced): Human-written=1.069  V4=0.939
Model: base 22 layers, trained base layers 5 (first: block5_conv1); trained parameters 9,702,401 / 20,287,553
Epoch 1/20
116/116 - 19s - 165ms/step - accuracy: 0.5106 - ce: 0.7260 - loss: 0.7713 - val_accuracy: 0.4696 - val_ce: 0.6938 - val_loss: 0.7358 - learning_rate: 1.0000e-04
Epoch 2/20
116/116 - 4s - 34ms/step - accuracy: 0.5068 - ce: 0.6946 - loss: 0.7323 - val_accuracy: 0.4888 - val_ce: 0.6930 - val_loss: 0.7267 - learning_rate: 1.0000e-04
Epoch 3/20
116/116 - 4s - 33ms/step - accuracy: 0.5285 - ce: 0.6953 - loss: 0.7289 - val_accuracy: 0.4696 - val_ce: 0.6935 - val_loss: 0.7211 - learning_rate: 1.0000e-04
Epoch 4/20

Epoch 4: ReduceLROnPlateau reducing learning rate to 4.999999873689376e-05.
116/116 - 4s - 33ms/step - accuracy: 0.4905 - ce: 0.7004 - loss: 0.7261 - val_accuracy: 0.4696 - val_ce: 0.6936 - val_loss: 0.7167 - learning_rate: 1.0000e-04
Epoch 5/20
116/116 - 4s - 33ms/step - accuracy: 0.4677 - ce: 0.6938 - loss: 0.7153 - val_accuracy: 0.4696 - val_ce: 0.6937 - val_loss: 0.7148 - learning_rate: 5.0000e-05
Epoch 6/20

Epoch 6: ReduceLROnPlateau reducing learning rate to 2.499999936844688e-05.
116/116 - 4s - 33ms/step - accuracy: 0.4677 - ce: 0.6937 - loss: 0.7134 - val_accuracy: 0.4696 - val_ce: 0.6936 - val_loss: 0.7129 - learning_rate: 5.0000e-05
Fold 1: accuracy=0.5101  F1(w/m)=0.4223/0.4387  CE=0.6928  epochs=6  

===== Fold 2/5  06:01:48 =====
Class weights (balanced): Human-written=1.069  V4=0.940
Epoch 1/20
115/115 - 17s - 148ms/step - accuracy: 0.5115 - ce: 0.7506 - loss: 0.7993 - val_accuracy: 0.5477 - val_ce: 0.6927 - val_loss: 0.7338 - learning_rate: 1.0000e-04
Epoch 2/20
115/115 - 4s - 34ms/step - accuracy: 0.5327 - ce: 0.6934 - loss: 0.7302 - val_accuracy: 0.5477 - val_ce: 0.6928 - val_loss: 0.7252 - learning_rate: 1.0000e-04
Epoch 3/20

Epoch 3: ReduceLROnPlateau reducing learning rate to 4.999999873689376e-05.
115/115 - 4s - 33ms/step - accuracy: 0.5322 - ce: 0.6930 - loss: 0.7222 - val_accuracy: 0.5477 - val_ce: 0.6929 - val_loss: 0.7188 - learning_rate: 1.0000e-04
Epoch 4/20
115/115 - 4s - 33ms/step - accuracy: 0.5322 - ce: 0.6930 - loss: 0.7177 - val_accuracy: 0.5477 - val_ce: 0.6929 - val_loss: 0.7161 - learning_rate: 5.0000e-05
Epoch 5/20

Epoch 5: ReduceLROnPlateau reducing learning rate to 2.499999936844688e-05.
115/115 - 4s - 34ms/step - accuracy: 0.5316 - ce: 0.6931 - loss: 0.7152 - val_accuracy: 0.5477 - val_ce: 0.6930 - val_loss: 0.7138 - learning_rate: 5.0000e-05
COLLAPSE: 100% of the validation predictions are in one class -> training is repeated once with lr 1e-05
Epoch 1/20
115/115 - 14s - 122ms/step - accuracy: 0.5349 - ce: 0.7394 - loss: 0.7912 - val_accuracy: 0.5046 - val_ce: 0.7245 - val_loss: 0.7753 - learning_rate: 1.0000e-05
Epoch 2/20
115/115 - 4s - 34ms/step - accuracy: 0.6336 - ce: 0.6375 - loss: 0.6878 - val_accuracy: 0.5846 - val_ce: 0.6930 - val_loss: 0.7435 - learning_rate: 1.0000e-05
Epoch 3/20
115/115 - 4s - 34ms/step - accuracy: 0.7241 - ce: 0.5470 - loss: 0.5977 - val_accuracy: 0.5877 - val_ce: 0.7094 - val_loss: 0.7596 - learning_rate: 1.0000e-05
Epoch 4/20

Epoch 4: ReduceLROnPlateau reducing learning rate to 4.999999873689376e-06.
115/115 - 4s - 33ms/step - accuracy: 0.7933 - ce: 0.4568 - loss: 0.5079 - val_accuracy: 0.5323 - val_ce: 0.7742 - val_loss: 0.8243 - learning_rate: 1.0000e-05
Epoch 5/20
115/115 - 4s - 34ms/step - accuracy: 0.8795 - ce: 0.3379 - loss: 0.3879 - val_accuracy: 0.6123 - val_ce: 0.7816 - val_loss: 0.8316 - learning_rate: 5.0000e-06
Epoch 6/20

Epoch 6: ReduceLROnPlateau reducing learning rate to 2.499999936844688e-06.
115/115 - 4s - 34ms/step - accuracy: 0.9138 - ce: 0.2824 - loss: 0.3324 - val_accuracy: 0.5877 - val_ce: 0.8077 - val_loss: 0.8576 - learning_rate: 5.0000e-06
Fold 2: accuracy=0.5480  F1(w/m)=0.5483/0.5470  CE=0.6905  epochs=6  

===== Fold 3/5  06:03:05 =====
Class weights (balanced): Human-written=1.073  V4=0.937
Epoch 1/20
115/115 - 17s - 146ms/step - accuracy: 0.4907 - ce: 0.7423 - loss: 0.7873 - val_accuracy: 0.4615 - val_ce: 0.6940 - val_loss: 0.7365 - learning_rate: 1.0000e-04
Epoch 2/20
115/115 - 4s - 34ms/step - accuracy: 0.4754 - ce: 0.6948 - loss: 0.7329 - val_accuracy: 0.4556 - val_ce: 0.6935 - val_loss: 0.7276 - learning_rate: 1.0000e-04
Epoch 3/20
115/115 - 4s - 34ms/step - accuracy: 0.5131 - ce: 0.6940 - loss: 0.7245 - val_accuracy: 0.5414 - val_ce: 0.6926 - val_loss: 0.7205 - learning_rate: 1.0000e-04
Epoch 4/20
115/115 - 4s - 33ms/step - accuracy: 0.5344 - ce: 0.6927 - loss: 0.7186 - val_accuracy: 0.5414 - val_ce: 0.6928 - val_loss: 0.7160 - learning_rate: 1.0000e-04
Epoch 5/20

Epoch 5: ReduceLROnPlateau reducing learning rate to 4.999999873689376e-05.
115/115 - 4s - 34ms/step - accuracy: 0.5033 - ce: 0.6931 - loss: 0.7145 - val_accuracy: 0.5592 - val_ce: 0.6925 - val_loss: 0.7122 - learning_rate: 1.0000e-04
Epoch 6/20
115/115 - 4s - 33ms/step - accuracy: 0.5224 - ce: 0.6934 - loss: 0.7121 - val_accuracy: 0.4586 - val_ce: 0.6969 - val_loss: 0.7151 - learning_rate: 5.0000e-05
Epoch 7/20

Epoch 7: ReduceLROnPlateau reducing learning rate to 2.499999936844688e-05.
115/115 - 4s - 33ms/step - accuracy: 0.4984 - ce: 0.6940 - loss: 0.7109 - val_accuracy: 0.5207 - val_ce: 0.6928 - val_loss: 0.7096 - learning_rate: 5.0000e-05
Epoch 8/20
115/115 - 4s - 34ms/step - accuracy: 0.5055 - ce: 0.6933 - loss: 0.7086 - val_accuracy: 0.5207 - val_ce: 0.6919 - val_loss: 0.7081 - learning_rate: 2.5000e-05
Epoch 9/20
115/115 - 4s - 34ms/step - accuracy: 0.5262 - ce: 0.6930 - loss: 0.7073 - val_accuracy: 0.5680 - val_ce: 0.6905 - val_loss: 0.7061 - learning_rate: 2.5000e-05
Epoch 10/20
115/115 - 4s - 34ms/step - accuracy: 0.5497 - ce: 0.6931 - loss: 0.7068 - val_accuracy: 0.5325 - val_ce: 0.6885 - val_loss: 0.7035 - learning_rate: 2.5000e-05
Epoch 11/20
115/115 - 4s - 34ms/step - accuracy: 0.5568 - ce: 0.6880 - loss: 0.6998 - val_accuracy: 0.5917 - val_ce: 0.6860 - val_loss: 0.7004 - learning_rate: 2.5000e-05
Epoch 12/20
115/115 - 4s - 34ms/step - accuracy: 0.5633 - ce: 0.6850 - loss: 0.6974 - val_accuracy: 0.5917 - val_ce: 0.6851 - val_loss: 0.6990 - learning_rate: 2.5000e-05
Epoch 13/20
115/115 - 4s - 33ms/step - accuracy: 0.5639 - ce: 0.6820 - loss: 0.6935 - val_accuracy: 0.5888 - val_ce: 0.6862 - val_loss: 0.6995 - learning_rate: 2.5000e-05
Epoch 14/20
115/115 - 4s - 34ms/step - accuracy: 0.5819 - ce: 0.6748 - loss: 0.6865 - val_accuracy: 0.5917 - val_ce: 0.6828 - val_loss: 0.6956 - learning_rate: 2.5000e-05
Epoch 15/20
115/115 - 4s - 34ms/step - accuracy: 0.5781 - ce: 0.6716 - loss: 0.6812 - val_accuracy: 0.5769 - val_ce: 0.6832 - val_loss: 0.6956 - learning_rate: 2.5000e-05
Epoch 16/20

Epoch 16: ReduceLROnPlateau reducing learning rate to 1.249999968422344e-05.
115/115 - 4s - 34ms/step - accuracy: 0.5966 - ce: 0.6600 - loss: 0.6703 - val_accuracy: 0.5858 - val_ce: 0.7049 - val_loss: 0.7169 - learning_rate: 2.5000e-05
Epoch 17/20
115/115 - 4s - 33ms/step - accuracy: 0.6436 - ce: 0.6139 - loss: 0.6258 - val_accuracy: 0.5828 - val_ce: 0.7235 - val_loss: 0.7353 - learning_rate: 1.2500e-05
Epoch 18/20

Epoch 18: ReduceLROnPlateau reducing learning rate to 6.24999984211172e-06.
115/115 - 4s - 34ms/step - accuracy: 0.6823 - ce: 0.5714 - loss: 0.5845 - val_accuracy: 0.5828 - val_ce: 0.6878 - val_loss: 0.6994 - learning_rate: 1.2500e-05
Fold 3: accuracy=0.5424  F1(w/m)=0.5148/0.5071  CE=0.7084  epochs=18  

===== Fold 4/5  06:04:33 =====
Class weights (balanced): Human-written=1.079  V4=0.932
Epoch 1/20
115/115 - 12s - 107ms/step - accuracy: 0.4978 - ce: 0.7376 - loss: 0.7836 - val_accuracy: 0.4801 - val_ce: 0.6932 - val_loss: 0.7336 - learning_rate: 1.0000e-04
Epoch 2/20
115/115 - 4s - 34ms/step - accuracy: 0.5190 - ce: 0.6931 - loss: 0.7286 - val_accuracy: 0.5199 - val_ce: 0.6931 - val_loss: 0.7240 - learning_rate: 1.0000e-04
Epoch 3/20

Epoch 3: ReduceLROnPlateau reducing learning rate to 4.999999873689376e-05.
115/115 - 4s - 34ms/step - accuracy: 0.4636 - ce: 0.6932 - loss: 0.7204 - val_accuracy: 0.4801 - val_ce: 0.6932 - val_loss: 0.7172 - learning_rate: 1.0000e-04
Epoch 4/20
115/115 - 4s - 33ms/step - accuracy: 0.4636 - ce: 0.6932 - loss: 0.7158 - val_accuracy: 0.4801 - val_ce: 0.6932 - val_loss: 0.7144 - learning_rate: 5.0000e-05
Epoch 5/20

Epoch 5: ReduceLROnPlateau reducing learning rate to 2.499999936844688e-05.
115/115 - 4s - 33ms/step - accuracy: 0.4832 - ce: 0.6932 - loss: 0.7132 - val_accuracy: 0.4801 - val_ce: 0.6932 - val_loss: 0.7120 - learning_rate: 5.0000e-05
Epoch 6/20
115/115 - 4s - 34ms/step - accuracy: 0.4625 - ce: 0.6932 - loss: 0.7114 - val_accuracy: 0.4801 - val_ce: 0.6932 - val_loss: 0.7109 - learning_rate: 2.5000e-05
COLLAPSE: 100% of the validation predictions are in one class -> training is repeated once with lr 1e-05
Epoch 1/20
115/115 - 11s - 96ms/step - accuracy: 0.5223 - ce: 0.7614 - loss: 0.8177 - val_accuracy: 0.5291 - val_ce: 0.6852 - val_loss: 0.7359 - learning_rate: 1.0000e-05
Epoch 2/20
115/115 - 4s - 34ms/step - accuracy: 0.5897 - ce: 0.6744 - loss: 0.7245 - val_accuracy: 0.5596 - val_ce: 0.6797 - val_loss: 0.7299 - learning_rate: 1.0000e-05
Epoch 3/20
115/115 - 4s - 34ms/step - accuracy: 0.6875 - ce: 0.6137 - loss: 0.6640 - val_accuracy: 0.5933 - val_ce: 0.6639 - val_loss: 0.7138 - learning_rate: 1.0000e-05
Epoch 4/20
115/115 - 4s - 34ms/step - accuracy: 0.7337 - ce: 0.5406 - loss: 0.5901 - val_accuracy: 0.6055 - val_ce: 0.7071 - val_loss: 0.7568 - learning_rate: 1.0000e-05
Epoch 5/20

Epoch 5: ReduceLROnPlateau reducing learning rate to 4.999999873689376e-06.
115/115 - 4s - 33ms/step - accuracy: 0.8043 - ce: 0.4448 - loss: 0.4952 - val_accuracy: 0.5749 - val_ce: 0.6853 - val_loss: 0.7348 - learning_rate: 1.0000e-05
Epoch 6/20
115/115 - 4s - 33ms/step - accuracy: 0.8815 - ce: 0.3401 - loss: 0.3897 - val_accuracy: 0.5872 - val_ce: 0.7365 - val_loss: 0.7859 - learning_rate: 5.0000e-06
Epoch 7/20

Epoch 7: ReduceLROnPlateau reducing learning rate to 2.499999936844688e-06.
115/115 - 4s - 33ms/step - accuracy: 0.9196 - ce: 0.2736 - loss: 0.3234 - val_accuracy: 0.5719 - val_ce: 0.7652 - val_loss: 0.8145 - learning_rate: 5.0000e-06
Fold 4: accuracy=0.5843  F1(w/m)=0.5813/0.5778  CE=0.6790  epochs=7  

===== Fold 5/5  06:05:49 =====
Class weights (balanced): Human-written=1.069  V4=0.939
Epoch 1/20
114/114 - 16s - 142ms/step - accuracy: 0.5143 - ce: 0.7316 - loss: 0.7789 - val_accuracy: 0.4581 - val_ce: 0.6945 - val_loss: 0.7366 - learning_rate: 1.0000e-04
Epoch 2/20
114/114 - 4s - 34ms/step - accuracy: 0.4786 - ce: 0.6956 - loss: 0.7324 - val_accuracy: 0.4581 - val_ce: 0.6932 - val_loss: 0.7268 - learning_rate: 1.0000e-04
Epoch 3/20
114/114 - 4s - 34ms/step - accuracy: 0.4918 - ce: 0.6942 - loss: 0.7243 - val_accuracy: 0.4581 - val_ce: 0.6933 - val_loss: 0.7205 - learning_rate: 1.0000e-04
Epoch 4/20
114/114 - 4s - 34ms/step - accuracy: 0.5115 - ce: 0.6983 - loss: 0.7227 - val_accuracy: 0.5419 - val_ce: 0.6930 - val_loss: 0.7155 - learning_rate: 1.0000e-04
Epoch 5/20
114/114 - 4s - 34ms/step - accuracy: 0.4769 - ce: 0.6932 - loss: 0.7138 - val_accuracy: 0.5419 - val_ce: 0.6931 - val_loss: 0.7119 - learning_rate: 1.0000e-04
Epoch 6/20

Epoch 6: ReduceLROnPlateau reducing learning rate to 4.999999873689376e-05.
114/114 - 4s - 34ms/step - accuracy: 0.4670 - ce: 0.6933 - loss: 0.7106 - val_accuracy: 0.4581 - val_ce: 0.6932 - val_loss: 0.7093 - learning_rate: 1.0000e-04
Epoch 7/20
114/114 - 4s - 33ms/step - accuracy: 0.4692 - ce: 0.6932 - loss: 0.7087 - val_accuracy: 0.4581 - val_ce: 0.6932 - val_loss: 0.7081 - learning_rate: 5.0000e-05
Epoch 8/20

Epoch 8: ReduceLROnPlateau reducing learning rate to 2.499999936844688e-05.
114/114 - 4s - 34ms/step - accuracy: 0.4890 - ce: 0.6932 - loss: 0.7076 - val_accuracy: 0.4581 - val_ce: 0.6932 - val_loss: 0.7071 - learning_rate: 5.0000e-05
COLLAPSE: 100% of the validation predictions are in one class -> training is repeated once with lr 1e-05
Epoch 1/20
114/114 - 14s - 124ms/step - accuracy: 0.5308 - ce: 0.7420 - loss: 0.7929 - val_accuracy: 0.5419 - val_ce: 0.6933 - val_loss: 0.7441 - learning_rate: 1.0000e-05
Epoch 2/20
114/114 - 4s - 34ms/step - accuracy: 0.6099 - ce: 0.6571 - loss: 0.7089 - val_accuracy: 0.5868 - val_ce: 0.6811 - val_loss: 0.7316 - learning_rate: 1.0000e-05
Epoch 3/20
114/114 - 4s - 34ms/step - accuracy: 0.6802 - ce: 0.5891 - loss: 0.6395 - val_accuracy: 0.5868 - val_ce: 0.6883 - val_loss: 0.7386 - learning_rate: 1.0000e-05
Epoch 4/20

Epoch 4: ReduceLROnPlateau reducing learning rate to 4.999999873689376e-06.
114/114 - 4s - 34ms/step - accuracy: 0.7599 - ce: 0.5090 - loss: 0.5596 - val_accuracy: 0.6198 - val_ce: 0.6989 - val_loss: 0.7490 - learning_rate: 1.0000e-05
Epoch 5/20
114/114 - 4s - 33ms/step - accuracy: 0.8604 - ce: 0.3924 - loss: 0.4428 - val_accuracy: 0.6198 - val_ce: 0.7049 - val_loss: 0.7549 - learning_rate: 5.0000e-06
Epoch 6/20

Epoch 6: ReduceLROnPlateau reducing learning rate to 2.499999936844688e-06.
114/114 - 4s - 33ms/step - accuracy: 0.8764 - ce: 0.3393 - loss: 0.3890 - val_accuracy: 0.6198 - val_ce: 0.7242 - val_loss: 0.7741 - learning_rate: 5.0000e-06
Fold 5: accuracy=0.5667  F1(w/m)=0.5496/0.5425  CE=0.6830  epochs=6  

CV mean ± std:
  accuracy               0.5503 ± 0.0279
  balanced_accuracy      0.5502 ± 0.0183
  mcc                    0.1153 ± 0.0375
  cross_entropy          0.6908 ± 0.0113
  roc_auc                0.5698 ± 0.0329
  precision_macro        0.5689 ± 0.0313
  recall_macro           0.5502 ± 0.0183
  f1_macro               0.5226 ± 0.0532
  precision_micro        0.5503 ± 0.0279
  recall_micro           0.5503 ± 0.0279
  f1_micro               0.5503 ± 0.0279
  precision_weighted     0.5719 ± 0.0352
  recall_weighted        0.5503 ± 0.0279
  f1_weighted            0.5233 ± 0.0612

===== Final training  06:07:15 =====
Class weights (balanced): Human-written=1.078  V4=0.933
Epoch 1/20
138/138 - 16s - 112ms/step - accuracy: 0.4807 - ce: 0.7329 - loss: 0.7769 - val_accuracy: 0.5198 - val_ce: 0.6931 - val_loss: 0.7325 - learning_rate: 1.0000e-04
Epoch 2/20
138/138 - 5s - 34ms/step - accuracy: 0.5275 - ce: 0.6941 - loss: 0.7285 - val_accuracy: 0.5238 - val_ce: 0.6930 - val_loss: 0.7231 - learning_rate: 1.0000e-04
Epoch 3/20

Epoch 3: ReduceLROnPlateau reducing learning rate to 4.999999873689376e-05.
138/138 - 5s - 34ms/step - accuracy: 0.5307 - ce: 0.6930 - loss: 0.7197 - val_accuracy: 0.5238 - val_ce: 0.6930 - val_loss: 0.7163 - learning_rate: 1.0000e-04
Epoch 4/20
138/138 - 5s - 34ms/step - accuracy: 0.5362 - ce: 0.6930 - loss: 0.7151 - val_accuracy: 0.5238 - val_ce: 0.6931 - val_loss: 0.7137 - learning_rate: 5.0000e-05
Epoch 5/20

Epoch 5: ReduceLROnPlateau reducing learning rate to 2.499999936844688e-05.
138/138 - 5s - 34ms/step - accuracy: 0.5362 - ce: 0.6930 - loss: 0.7126 - val_accuracy: 0.5238 - val_ce: 0.6931 - val_loss: 0.7114 - learning_rate: 5.0000e-05
Epoch 6/20
138/138 - 5s - 34ms/step - accuracy: 0.5362 - ce: 0.6930 - loss: 0.7109 - val_accuracy: 0.5238 - val_ce: 0.6931 - val_loss: 0.7103 - learning_rate: 2.5000e-05
COLLAPSE: 100% of the validation predictions are in one class -> training is repeated once with lr 1e-05
Epoch 1/20
138/138 - 15s - 109ms/step - accuracy: 0.5412 - ce: 0.7461 - loss: 0.7956 - val_accuracy: 0.5278 - val_ce: 0.6976 - val_loss: 0.7484 - learning_rate: 1.0000e-05
Epoch 2/20
138/138 - 5s - 34ms/step - accuracy: 0.6500 - ce: 0.6397 - loss: 0.6920 - val_accuracy: 0.5734 - val_ce: 0.7004 - val_loss: 0.7507 - learning_rate: 1.0000e-05
Epoch 3/20

Epoch 3: ReduceLROnPlateau reducing learning rate to 4.999999873689376e-06.
138/138 - 5s - 34ms/step - accuracy: 0.7219 - ce: 0.5556 - loss: 0.6058 - val_accuracy: 0.5635 - val_ce: 0.7025 - val_loss: 0.7526 - learning_rate: 1.0000e-05
Epoch 4/20
138/138 - 5s - 34ms/step - accuracy: 0.8170 - ce: 0.4393 - loss: 0.4897 - val_accuracy: 0.5556 - val_ce: 0.7294 - val_loss: 0.7793 - learning_rate: 5.0000e-06
Epoch 5/20

Epoch 5: ReduceLROnPlateau reducing learning rate to 2.499999936844688e-06.
138/138 - 5s - 34ms/step - accuracy: 0.8571 - ce: 0.3795 - loss: 0.4299 - val_accuracy: 0.5813 - val_ce: 0.7469 - val_loss: 0.7968 - learning_rate: 5.0000e-06
               precision    recall  f1-score   support

Human-written     0.6452    0.2691    0.3797       223
           V4     0.5722    0.8685    0.6899       251

     accuracy                         0.5865       474
    macro avg     0.6087    0.5688    0.5348       474
 weighted avg     0.6065    0.5865    0.5440       474

Class distribution all  : {'Human-written': 1482, 'V4': 1693}  ratio {'Human-written': 0.4668, 'V4': 0.5332}
Class distribution train: {'Human-written': 1019, 'V4': 1178}  ratio {'Human-written': 0.4638, 'V4': 0.5362}
Class distribution val  : {'Human-written': 240, 'V4': 264}  ratio {'Human-written': 0.4762, 'V4': 0.5238}
Class distribution test : {'Human-written': 223, 'V4': 251}  ratio {'Human-written': 0.4705, 'V4': 0.5295}

subdataset15_graph_human_vs_v4_group_cv  VGG19 (relu, dropout 0.1, lr 0.0001)
CV mean    acc=0.5503  F1 w/m/micro=0.5233/0.5226/0.5503  P_w=0.5719  R_w=0.5503  CE=0.6908  AUC=0.5698  MCC=0.1153
VALIDATION acc=0.5278  F1 w/m/micro=0.4786/0.4703/0.5278  P_w=0.5216  R_w=0.5278  CE=0.6976  AUC=0.5515  MCC=0.0335
TEST       acc=0.5865  F1 w/m/micro=0.5440/0.5348/0.5865  P_w=0.6065  R_w=0.5865  CE=0.6760  AUC=0.6116  MCC=0.1729
TEST 95% CI: accuracy=[0.5421, 0.6308]  f1_weighted=[0.4928, 0.5930]  f1_macro=[0.4889, 0.5810]  mcc=[0.0849, 0.2565]  balanced_accuracy=[0.5338, 0.6034]
Outputs: Experiments/subdataset15/Group-Based Split/results/subdataset15_graph_human_vs_v4_group_cv
2026-10-03 06:08:45 FINISHED
