
====================================================================================================
2026-10-02 22:28:52  subdataset10_screenshot_human_vs_v4_group_cv  (config hash d5fa7e3c02b4)
Data    : Data/Subdataset_10
Classes : ['Human-written', 'V4']   Split: Group-Based Split
Model   : VGG19  activation=sigmoid  dropout=0.1  lr=0.0001  trained=base from block5_* on  preprocessing=caffe  L2=0.0001
Training: at most 20 epochs, early stopping val_ce patience 4, batch 16, 320x320 (no cropping), mixed precision True
Output  : Experiments/subdataset10/Group-Based Split/results/subdataset10_screenshot_human_vs_v4_group_cv
Human-written (label 0): 2234 images
V4  (label 1): 2118 images
Total 4352 images
Groups: {'n_groups': 2265, 'groups_with_human_and_version': 1967, 'groups_with_all_classes': 1967, 'human_only_groups': 240, 'groups_without_human': 58, 'match_ratio': 0.8684326710816777, 'groups_merged_by_content': 7}
CHECK 4: human/version pairs found with the simple rule 2021, in different groups 0
Files whose folder and version tag in the name do not match (data unchanged): 34
Train     :  3038 (69.8%)  Human-written=1565 V4=1473
Validation:   655 (15.1%)  Human-written=333 V4=322
Test      :   659 (15.1%)  Human-written=336 V4=323
Fold 1: train=2963 (Human-written=1524 V4=1439)  evaluation=730 (Human-written=374 V4=356)
Fold 2: train=2950 (Human-written=1520 V4=1430)  evaluation=743 (Human-written=378 V4=365)
Fold 3: train=2969 (Human-written=1524 V4=1445)  evaluation=724 (Human-written=374 V4=350)
Fold 4: train=2955 (Human-written=1513 V4=1442)  evaluation=738 (Human-written=385 V4=353)
Fold 5: train=2935 (Human-written=1511 V4=1424)  evaluation=758 (Human-written=387 V4=371)
Leakage check PASSED.
TensorFlow 2.20.0 | GPU: [PhysicalDevice(name='/physical_device:GPU:0', device_type='GPU')]
Mixed precision: mixed_float16 (output layer float32)
Images loaded: 4352, 1.3 GB, 18 s

===== Fold 1/5  22:29:15 =====
Class weights (balanced): Human-written=0.971  V4=1.031
Model: base 22 layers, trained base layers 5 (first: block5_conv1); trained parameters 9,702,401 / 20,287,553
Epoch 1/20
157/157 - 55s - 351ms/step - accuracy: 0.5468 - ce: 0.6965 - loss: 0.7424 - val_accuracy: 0.5445 - val_ce: 0.6884 - val_loss: 0.7287 - learning_rate: 1.0000e-04
Epoch 2/20
157/157 - 16s - 100ms/step - accuracy: 0.6023 - ce: 0.6681 - loss: 0.7054 - val_accuracy: 0.5813 - val_ce: 0.6745 - val_loss: 0.7073 - learning_rate: 1.0000e-04
Epoch 3/20
157/157 - 16s - 100ms/step - accuracy: 0.6135 - ce: 0.6472 - loss: 0.6774 - val_accuracy: 0.6312 - val_ce: 0.6501 - val_loss: 0.6777 - learning_rate: 1.0000e-04
Epoch 4/20
157/157 - 16s - 99ms/step - accuracy: 0.6571 - ce: 0.6163 - loss: 0.6422 - val_accuracy: 0.6551 - val_ce: 0.6190 - val_loss: 0.6430 - learning_rate: 1.0000e-04
Epoch 5/20
157/157 - 15s - 99ms/step - accuracy: 0.6791 - ce: 0.5901 - loss: 0.6125 - val_accuracy: 0.6638 - val_ce: 0.6401 - val_loss: 0.6614 - learning_rate: 1.0000e-04
Epoch 6/20

Epoch 6: ReduceLROnPlateau reducing learning rate to 4.999999873689376e-05.
157/157 - 16s - 99ms/step - accuracy: 0.7226 - ce: 0.5583 - loss: 0.5785 - val_accuracy: 0.5727 - val_ce: 0.7708 - val_loss: 0.7901 - learning_rate: 1.0000e-04
Epoch 7/20
157/157 - 16s - 99ms/step - accuracy: 0.7418 - ce: 0.5113 - loss: 0.5303 - val_accuracy: 0.6681 - val_ce: 0.6277 - val_loss: 0.6462 - learning_rate: 5.0000e-05
Epoch 8/20

Epoch 8: ReduceLROnPlateau reducing learning rate to 2.499999936844688e-05.
157/157 - 16s - 99ms/step - accuracy: 0.7918 - ce: 0.4488 - loss: 0.4665 - val_accuracy: 0.6876 - val_ce: 0.6267 - val_loss: 0.6444 - learning_rate: 5.0000e-05
Fold 1: accuracy=0.6973  F1(w/m)=0.6964/0.6959  CE=0.5892  epochs=8  

===== Fold 2/5  22:32:18 =====
Class weights (balanced): Human-written=0.971  V4=1.030
Epoch 1/20
157/157 - 36s - 229ms/step - accuracy: 0.5172 - ce: 0.7076 - loss: 0.7529 - val_accuracy: 0.5180 - val_ce: 0.6975 - val_loss: 0.7372 - learning_rate: 1.0000e-04
Epoch 2/20
157/157 - 16s - 100ms/step - accuracy: 0.4948 - ce: 0.7107 - loss: 0.7430 - val_accuracy: 0.5180 - val_ce: 0.6931 - val_loss: 0.7180 - learning_rate: 1.0000e-04
Epoch 3/20
157/157 - 16s - 99ms/step - accuracy: 0.4916 - ce: 0.7093 - loss: 0.7308 - val_accuracy: 0.4820 - val_ce: 0.6962 - val_loss: 0.7131 - learning_rate: 1.0000e-04
Epoch 4/20
157/157 - 16s - 99ms/step - accuracy: 0.4992 - ce: 0.7083 - loss: 0.7218 - val_accuracy: 0.5180 - val_ce: 0.6928 - val_loss: 0.7049 - learning_rate: 1.0000e-04
Epoch 5/20
157/157 - 15s - 99ms/step - accuracy: 0.4932 - ce: 0.7083 - loss: 0.7194 - val_accuracy: 0.5180 - val_ce: 0.6928 - val_loss: 0.7023 - learning_rate: 1.0000e-04
Epoch 6/20
157/157 - 16s - 99ms/step - accuracy: 0.4848 - ce: 0.7128 - loss: 0.7218 - val_accuracy: 0.5180 - val_ce: 0.6926 - val_loss: 0.7007 - learning_rate: 1.0000e-04
Epoch 7/20
157/157 - 15s - 99ms/step - accuracy: 0.4964 - ce: 0.7074 - loss: 0.7148 - val_accuracy: 0.4820 - val_ce: 0.6978 - val_loss: 0.7049 - learning_rate: 1.0000e-04
Epoch 8/20

Epoch 8: ReduceLROnPlateau reducing learning rate to 4.999999873689376e-05.
157/157 - 15s - 99ms/step - accuracy: 0.4844 - ce: 0.7135 - loss: 0.7199 - val_accuracy: 0.4820 - val_ce: 0.6958 - val_loss: 0.7021 - learning_rate: 1.0000e-04
Epoch 9/20
157/157 - 16s - 99ms/step - accuracy: 0.4844 - ce: 0.7067 - loss: 0.7126 - val_accuracy: 0.5180 - val_ce: 0.6927 - val_loss: 0.6987 - learning_rate: 5.0000e-05
Epoch 10/20

Epoch 10: ReduceLROnPlateau reducing learning rate to 2.499999936844688e-05.
157/157 - 15s - 99ms/step - accuracy: 0.4928 - ce: 0.7098 - loss: 0.7159 - val_accuracy: 0.4820 - val_ce: 0.6935 - val_loss: 0.6992 - learning_rate: 5.0000e-05
COLLAPSE: 100% of the validation predictions are in one class -> training is repeated once with lr 1e-05
Epoch 1/20
157/157 - 26s - 169ms/step - accuracy: 0.5399 - ce: 0.6971 - loss: 0.7481 - val_accuracy: 0.5766 - val_ce: 0.6710 - val_loss: 0.7208 - learning_rate: 1.0000e-05
Epoch 2/20
157/157 - 16s - 100ms/step - accuracy: 0.6006 - ce: 0.6615 - loss: 0.7106 - val_accuracy: 0.6014 - val_ce: 0.6544 - val_loss: 0.7030 - learning_rate: 1.0000e-05
Epoch 3/20
157/157 - 16s - 100ms/step - accuracy: 0.6361 - ce: 0.6321 - loss: 0.6808 - val_accuracy: 0.6014 - val_ce: 0.6700 - val_loss: 0.7179 - learning_rate: 1.0000e-05
Epoch 4/20
157/157 - 16s - 100ms/step - accuracy: 0.6728 - ce: 0.6011 - loss: 0.6483 - val_accuracy: 0.6509 - val_ce: 0.6261 - val_loss: 0.6733 - learning_rate: 1.0000e-05
Epoch 5/20
157/157 - 16s - 99ms/step - accuracy: 0.6975 - ce: 0.5706 - loss: 0.6174 - val_accuracy: 0.6374 - val_ce: 0.6329 - val_loss: 0.6796 - learning_rate: 1.0000e-05
Epoch 6/20

Epoch 6: ReduceLROnPlateau reducing learning rate to 4.999999873689376e-06.
157/157 - 16s - 99ms/step - accuracy: 0.7247 - ce: 0.5414 - loss: 0.5876 - val_accuracy: 0.6599 - val_ce: 0.6536 - val_loss: 0.6997 - learning_rate: 1.0000e-05
Epoch 7/20
157/157 - 15s - 99ms/step - accuracy: 0.7466 - ce: 0.5055 - loss: 0.5513 - val_accuracy: 0.6577 - val_ce: 0.6446 - val_loss: 0.6905 - learning_rate: 5.0000e-06
Epoch 8/20

Epoch 8: ReduceLROnPlateau reducing learning rate to 2.499999936844688e-06.
157/157 - 16s - 99ms/step - accuracy: 0.7510 - ce: 0.4931 - loss: 0.5387 - val_accuracy: 0.6374 - val_ce: 0.6866 - val_loss: 0.7323 - learning_rate: 5.0000e-06
Fold 2: accuracy=0.6716  F1(w/m)=0.6716/0.6715  CE=0.5980  epochs=8  

===== Fold 3/5  22:37:50 =====
Class weights (balanced): Human-written=0.972  V4=1.030
Epoch 1/20
159/159 - 36s - 228ms/step - accuracy: 0.5361 - ce: 0.7027 - loss: 0.7480 - val_accuracy: 0.5596 - val_ce: 0.6873 - val_loss: 0.7267 - learning_rate: 1.0000e-04
Epoch 2/20
159/159 - 16s - 99ms/step - accuracy: 0.6028 - ce: 0.6687 - loss: 0.7050 - val_accuracy: 0.6491 - val_ce: 0.6309 - val_loss: 0.6629 - learning_rate: 1.0000e-04
Epoch 3/20
159/159 - 16s - 99ms/step - accuracy: 0.6486 - ce: 0.6263 - loss: 0.6553 - val_accuracy: 0.6193 - val_ce: 0.6784 - val_loss: 0.7051 - learning_rate: 1.0000e-04
Epoch 4/20
159/159 - 16s - 99ms/step - accuracy: 0.6932 - ce: 0.5923 - loss: 0.6171 - val_accuracy: 0.6789 - val_ce: 0.6068 - val_loss: 0.6303 - learning_rate: 1.0000e-04
Epoch 5/20
159/159 - 16s - 98ms/step - accuracy: 0.7027 - ce: 0.5683 - loss: 0.5911 - val_accuracy: 0.6606 - val_ce: 0.6187 - val_loss: 0.6401 - learning_rate: 1.0000e-04
Epoch 6/20
159/159 - 16s - 98ms/step - accuracy: 0.7375 - ce: 0.5338 - loss: 0.5544 - val_accuracy: 0.6995 - val_ce: 0.5877 - val_loss: 0.6076 - learning_rate: 1.0000e-04
Epoch 7/20
159/159 - 16s - 98ms/step - accuracy: 0.7694 - ce: 0.4814 - loss: 0.5003 - val_accuracy: 0.6835 - val_ce: 0.6034 - val_loss: 0.6221 - learning_rate: 1.0000e-04
Epoch 8/20

Epoch 8: ReduceLROnPlateau reducing learning rate to 4.999999873689376e-05.
159/159 - 16s - 98ms/step - accuracy: 0.7971 - ce: 0.4305 - loss: 0.4485 - val_accuracy: 0.6881 - val_ce: 0.6452 - val_loss: 0.6629 - learning_rate: 1.0000e-04
Epoch 9/20
159/159 - 16s - 98ms/step - accuracy: 0.8571 - ce: 0.3278 - loss: 0.3453 - val_accuracy: 0.6904 - val_ce: 0.7660 - val_loss: 0.7834 - learning_rate: 5.0000e-05
Epoch 10/20

Epoch 10: ReduceLROnPlateau reducing learning rate to 2.499999936844688e-05.
159/159 - 16s - 98ms/step - accuracy: 0.8950 - ce: 0.2539 - loss: 0.2711 - val_accuracy: 0.6881 - val_ce: 0.7632 - val_loss: 0.7801 - learning_rate: 5.0000e-05
Fold 3: accuracy=0.6823  F1(w/m)=0.6824/0.6822  CE=0.6164  epochs=10  

===== Fold 4/5  22:40:55 =====
Class weights (balanced): Human-written=0.974  V4=1.027
Epoch 1/20
157/157 - 39s - 247ms/step - accuracy: 0.5451 - ce: 0.7002 - loss: 0.7451 - val_accuracy: 0.6040 - val_ce: 0.6702 - val_loss: 0.7103 - learning_rate: 1.0000e-04
Epoch 2/20
157/157 - 16s - 100ms/step - accuracy: 0.5941 - ce: 0.6705 - loss: 0.7071 - val_accuracy: 0.6063 - val_ce: 0.6569 - val_loss: 0.6906 - learning_rate: 1.0000e-04
Epoch 3/20
157/157 - 16s - 100ms/step - accuracy: 0.6324 - ce: 0.6447 - loss: 0.6765 - val_accuracy: 0.6622 - val_ce: 0.6135 - val_loss: 0.6430 - learning_rate: 1.0000e-04
Epoch 4/20
157/157 - 15s - 99ms/step - accuracy: 0.6786 - ce: 0.6065 - loss: 0.6349 - val_accuracy: 0.6443 - val_ce: 0.6504 - val_loss: 0.6767 - learning_rate: 1.0000e-04
Epoch 5/20

Epoch 5: ReduceLROnPlateau reducing learning rate to 4.999999873689376e-05.
157/157 - 15s - 98ms/step - accuracy: 0.6814 - ce: 0.5842 - loss: 0.6092 - val_accuracy: 0.6779 - val_ce: 0.6286 - val_loss: 0.6525 - learning_rate: 1.0000e-04
Epoch 6/20
157/157 - 16s - 99ms/step - accuracy: 0.7436 - ce: 0.5197 - loss: 0.5430 - val_accuracy: 0.6823 - val_ce: 0.5721 - val_loss: 0.5950 - learning_rate: 5.0000e-05
Epoch 7/20
157/157 - 15s - 99ms/step - accuracy: 0.7663 - ce: 0.4780 - loss: 0.5000 - val_accuracy: 0.6935 - val_ce: 0.6125 - val_loss: 0.6345 - learning_rate: 5.0000e-05
Epoch 8/20

Epoch 8: ReduceLROnPlateau reducing learning rate to 2.499999936844688e-05.
157/157 - 15s - 99ms/step - accuracy: 0.7919 - ce: 0.4399 - loss: 0.4613 - val_accuracy: 0.6823 - val_ce: 0.5937 - val_loss: 0.6149 - learning_rate: 5.0000e-05
Epoch 9/20
157/157 - 16s - 99ms/step - accuracy: 0.8421 - ce: 0.3675 - loss: 0.3888 - val_accuracy: 0.6779 - val_ce: 0.6269 - val_loss: 0.6477 - learning_rate: 2.5000e-05
Epoch 10/20

Epoch 10: ReduceLROnPlateau reducing learning rate to 1.249999968422344e-05.
157/157 - 16s - 99ms/step - accuracy: 0.8668 - ce: 0.3080 - loss: 0.3285 - val_accuracy: 0.6823 - val_ce: 0.7898 - val_loss: 0.8103 - learning_rate: 2.5000e-05
Fold 4: accuracy=0.6599  F1(w/m)=0.6595/0.6586  CE=0.6017  epochs=10  

===== Fold 5/5  22:44:07 =====
Class weights (balanced): Human-written=0.972  V4=1.030
Epoch 1/20
156/156 - 23s - 148ms/step - accuracy: 0.5212 - ce: 0.7053 - loss: 0.7500 - val_accuracy: 0.6059 - val_ce: 0.6634 - val_loss: 0.7014 - learning_rate: 1.0000e-04
Epoch 2/20
156/156 - 16s - 100ms/step - accuracy: 0.6070 - ce: 0.6596 - loss: 0.6926 - val_accuracy: 0.6446 - val_ce: 0.6127 - val_loss: 0.6411 - learning_rate: 1.0000e-04
Epoch 3/20
156/156 - 16s - 100ms/step - accuracy: 0.6530 - ce: 0.6121 - loss: 0.6371 - val_accuracy: 0.6446 - val_ce: 0.6335 - val_loss: 0.6561 - learning_rate: 1.0000e-04
Epoch 4/20
156/156 - 16s - 100ms/step - accuracy: 0.6883 - ce: 0.5956 - loss: 0.6165 - val_accuracy: 0.6970 - val_ce: 0.5750 - val_loss: 0.5941 - learning_rate: 1.0000e-04
Epoch 5/20
156/156 - 15s - 99ms/step - accuracy: 0.7131 - ce: 0.5442 - loss: 0.5622 - val_accuracy: 0.7039 - val_ce: 0.5852 - val_loss: 0.6019 - learning_rate: 1.0000e-04
Epoch 6/20
156/156 - 15s - 99ms/step - accuracy: 0.7552 - ce: 0.5023 - loss: 0.5183 - val_accuracy: 0.7016 - val_ce: 0.5672 - val_loss: 0.5822 - learning_rate: 1.0000e-04
Epoch 7/20
156/156 - 15s - 99ms/step - accuracy: 0.7692 - ce: 0.4701 - loss: 0.4845 - val_accuracy: 0.6856 - val_ce: 0.6087 - val_loss: 0.6226 - learning_rate: 1.0000e-04
Epoch 8/20

Epoch 8: ReduceLROnPlateau reducing learning rate to 4.999999873689376e-05.
156/156 - 15s - 99ms/step - accuracy: 0.8065 - ce: 0.4099 - loss: 0.4230 - val_accuracy: 0.7016 - val_ce: 0.6666 - val_loss: 0.6796 - learning_rate: 1.0000e-04
Epoch 9/20
156/156 - 15s - 99ms/step - accuracy: 0.8586 - ce: 0.3079 - loss: 0.3206 - val_accuracy: 0.6788 - val_ce: 0.7541 - val_loss: 0.7667 - learning_rate: 5.0000e-05
Epoch 10/20

Epoch 10: ReduceLROnPlateau reducing learning rate to 2.499999936844688e-05.
156/156 - 15s - 99ms/step - accuracy: 0.8898 - ce: 0.2492 - loss: 0.2618 - val_accuracy: 0.6856 - val_ce: 0.7971 - val_loss: 0.8093 - learning_rate: 5.0000e-05
Fold 5: accuracy=0.6755  F1(w/m)=0.6755/0.6755  CE=0.5954  epochs=10  

CV mean ± std:
  accuracy               0.6773 ± 0.0138
  balanced_accuracy      0.6768 ± 0.0138
  mcc                    0.3542 ± 0.0282
  cross_entropy          0.6001 ± 0.0102
  roc_auc                0.7457 ± 0.0087
  precision_macro        0.6774 ± 0.0144
  recall_macro           0.6768 ± 0.0138
  f1_macro               0.6767 ± 0.0137
  precision_micro        0.6773 ± 0.0138
  recall_micro           0.6773 ± 0.0138
  f1_micro               0.6773 ± 0.0138
  precision_weighted     0.6776 ± 0.0142
  recall_weighted        0.6773 ± 0.0138
  f1_weighted            0.6771 ± 0.0136

===== Final training  22:46:59 =====
Class weights (balanced): Human-written=0.971  V4=1.031
Epoch 1/20
190/190 - 41s - 215ms/step - accuracy: 0.5355 - ce: 0.7058 - loss: 0.7492 - val_accuracy: 0.6198 - val_ce: 0.6560 - val_loss: 0.6923 - learning_rate: 1.0000e-04
Epoch 2/20
190/190 - 19s - 102ms/step - accuracy: 0.6060 - ce: 0.6670 - loss: 0.6984 - val_accuracy: 0.6427 - val_ce: 0.6449 - val_loss: 0.6721 - learning_rate: 1.0000e-04
Epoch 3/20
190/190 - 19s - 102ms/step - accuracy: 0.6675 - ce: 0.6143 - loss: 0.6382 - val_accuracy: 0.6656 - val_ce: 0.5901 - val_loss: 0.6115 - learning_rate: 1.0000e-04
Epoch 4/20
190/190 - 19s - 101ms/step - accuracy: 0.6903 - ce: 0.5887 - loss: 0.6081 - val_accuracy: 0.6672 - val_ce: 0.6014 - val_loss: 0.6195 - learning_rate: 1.0000e-04
Epoch 5/20

Epoch 5: ReduceLROnPlateau reducing learning rate to 4.999999873689376e-05.
190/190 - 19s - 101ms/step - accuracy: 0.7182 - ce: 0.5518 - loss: 0.5692 - val_accuracy: 0.6397 - val_ce: 0.6544 - val_loss: 0.6702 - learning_rate: 1.0000e-04
Epoch 6/20
190/190 - 19s - 101ms/step - accuracy: 0.7614 - ce: 0.4877 - loss: 0.5027 - val_accuracy: 0.6901 - val_ce: 0.5776 - val_loss: 0.5926 - learning_rate: 5.0000e-05
Epoch 7/20
190/190 - 19s - 101ms/step - accuracy: 0.7897 - ce: 0.4451 - loss: 0.4592 - val_accuracy: 0.7145 - val_ce: 0.5826 - val_loss: 0.5968 - learning_rate: 5.0000e-05
Epoch 8/20

Epoch 8: ReduceLROnPlateau reducing learning rate to 2.499999936844688e-05.
190/190 - 19s - 101ms/step - accuracy: 0.8331 - ce: 0.3693 - loss: 0.3829 - val_accuracy: 0.6977 - val_ce: 0.6447 - val_loss: 0.6583 - learning_rate: 5.0000e-05
Epoch 9/20
190/190 - 19s - 101ms/step - accuracy: 0.8841 - ce: 0.2833 - loss: 0.2963 - val_accuracy: 0.7069 - val_ce: 0.7612 - val_loss: 0.7744 - learning_rate: 2.5000e-05
Epoch 10/20

Epoch 10: ReduceLROnPlateau reducing learning rate to 1.249999968422344e-05.
190/190 - 19s - 101ms/step - accuracy: 0.9128 - ce: 0.2196 - loss: 0.2324 - val_accuracy: 0.7023 - val_ce: 0.9032 - val_loss: 0.9161 - learning_rate: 2.5000e-05
               precision    recall  f1-score   support

Human-written     0.6493    0.7768    0.7073       336
           V4     0.7082    0.5635    0.6276       323

     accuracy                         0.6722       659
    macro avg     0.6787    0.6701    0.6675       659
 weighted avg     0.6781    0.6722    0.6682       659

Class distribution all  : {'Human-written': 2234, 'V4': 2118}  ratio {'Human-written': 0.5133, 'V4': 0.4867}
Class distribution train: {'Human-written': 1565, 'V4': 1473}  ratio {'Human-written': 0.5151, 'V4': 0.4849}
Class distribution val  : {'Human-written': 333, 'V4': 322}  ratio {'Human-written': 0.5084, 'V4': 0.4916}
Class distribution test : {'Human-written': 336, 'V4': 323}  ratio {'Human-written': 0.5099, 'V4': 0.4901}

subdataset10_screenshot_human_vs_v4_group_cv  VGG19 (sigmoid, dropout 0.1, lr 0.0001)
CV mean    acc=0.6773  F1 w/m/micro=0.6771/0.6767/0.6773  P_w=0.6776  R_w=0.6773  CE=0.6001  AUC=0.7457  MCC=0.3542
VALIDATION acc=0.6901  F1 w/m/micro=0.6888/0.6884/0.6901  P_w=0.6919  R_w=0.6901  CE=0.5776  AUC=0.7720  MCC=0.3813
TEST       acc=0.6722  F1 w/m/micro=0.6682/0.6675/0.6722  P_w=0.6781  R_w=0.6722  CE=0.6120  AUC=0.7465  MCC=0.3487
TEST 95% CI: accuracy=[0.6373, 0.7087]  f1_weighted=[0.6337, 0.7056]  f1_macro=[0.6332, 0.7033]  mcc=[0.2817, 0.4204]  balanced_accuracy=[0.6373, 0.7061]
Outputs: Experiments/subdataset10/Group-Based Split/results/subdataset10_screenshot_human_vs_v4_group_cv
2026-10-02 22:50:54 FINISHED
