
====================================================================================================
2026-10-03 05:40:21  subdataset15_graph_human_vs_v2_snippet_cv  (config hash 4628ef896049)
Data    : Data/Subdataset_15
Classes : ['Human-written', 'V2']   Split: Snippet-Level Split
Model   : VGG19  activation=relu  dropout=0.1  lr=0.0001  trained=base from block5_* on  preprocessing=caffe  L2=0.0001
Training: at most 20 epochs, early stopping val_ce patience 4, batch 16, 320x320 (no cropping), mixed precision True
Output  : Experiments/subdataset15/Snippet-Level Split/results/subdataset15_graph_human_vs_v2_snippet_cv
Human-written (label 0): 1482 images
V2  (label 1): 2020 images
Total 3502 images
Train     :  2450 (70.0%)  Human-written=1036 V2=1414
Validation:   526 (15.0%)  Human-written=223 V2=303
Test      :   526 (15.0%)  Human-written=223 V2=303
Fold 1: train=2380 (Human-written=1007 V2=1373)  evaluation=596 (Human-written=252 V2=344)
Fold 2: train=2381 (Human-written=1007 V2=1374)  evaluation=595 (Human-written=252 V2=343)
Fold 3: train=2381 (Human-written=1007 V2=1374)  evaluation=595 (Human-written=252 V2=343)
Fold 4: train=2381 (Human-written=1007 V2=1374)  evaluation=595 (Human-written=252 V2=343)
Fold 5: train=2381 (Human-written=1008 V2=1373)  evaluation=595 (Human-written=251 V2=344)
Leakage check PASSED.
TensorFlow 2.20.0 | GPU: [PhysicalDevice(name='/physical_device:GPU:0', device_type='GPU')]
Mixed precision: mixed_float16 (output layer float32)
Images loaded: 3502, 1.1 GB, 4 s

===== Fold 1/5  05:40:29 =====
Class weights (balanced): Human-written=1.182  V2=0.867
Model: base 22 layers, trained base layers 5 (first: block5_conv1); trained parameters 9,702,401 / 20,287,553
Epoch 1/20
127/127 - 21s - 162ms/step - accuracy: 0.4864 - ce: 0.7296 - loss: 0.7745 - val_accuracy: 0.4230 - val_ce: 0.6990 - val_loss: 0.7401 - learning_rate: 1.0000e-04
Epoch 2/20
127/127 - 4s - 33ms/step - accuracy: 0.5353 - ce: 0.6964 - loss: 0.7287 - val_accuracy: 0.5770 - val_ce: 0.6910 - val_loss: 0.7236 - learning_rate: 1.0000e-04
Epoch 3/20
127/127 - 4s - 32ms/step - accuracy: 0.5210 - ce: 0.6929 - loss: 0.7227 - val_accuracy: 0.5546 - val_ce: 0.6929 - val_loss: 0.7191 - learning_rate: 1.0000e-04
Epoch 4/20

Epoch 4: ReduceLROnPlateau reducing learning rate to 4.999999873689376e-05.
127/127 - 4s - 33ms/step - accuracy: 0.5744 - ce: 0.6925 - loss: 0.7169 - val_accuracy: 0.4230 - val_ce: 0.6988 - val_loss: 0.7203 - learning_rate: 1.0000e-04
Epoch 5/20
127/127 - 4s - 33ms/step - accuracy: 0.4513 - ce: 0.6950 - loss: 0.7126 - val_accuracy: 0.5686 - val_ce: 0.6908 - val_loss: 0.7103 - learning_rate: 5.0000e-05
Epoch 6/20
127/127 - 4s - 33ms/step - accuracy: 0.5517 - ce: 0.6907 - loss: 0.7085 - val_accuracy: 0.5798 - val_ce: 0.6897 - val_loss: 0.7075 - learning_rate: 5.0000e-05
Epoch 7/20
127/127 - 4s - 33ms/step - accuracy: 0.5576 - ce: 0.6882 - loss: 0.7039 - val_accuracy: 0.5938 - val_ce: 0.6869 - val_loss: 0.7032 - learning_rate: 5.0000e-05
Epoch 8/20
127/127 - 4s - 33ms/step - accuracy: 0.5695 - ce: 0.6909 - loss: 0.7010 - val_accuracy: 0.5798 - val_ce: 0.6860 - val_loss: 0.7010 - learning_rate: 5.0000e-05
Epoch 9/20
127/127 - 4s - 33ms/step - accuracy: 0.5759 - ce: 0.6889 - loss: 0.7008 - val_accuracy: 0.5798 - val_ce: 0.6867 - val_loss: 0.7005 - learning_rate: 5.0000e-05
Epoch 10/20
127/127 - 4s - 33ms/step - accuracy: 0.5853 - ce: 0.6825 - loss: 0.6926 - val_accuracy: 0.6022 - val_ce: 0.6723 - val_loss: 0.6851 - learning_rate: 5.0000e-05
Epoch 11/20
127/127 - 4s - 33ms/step - accuracy: 0.5868 - ce: 0.6853 - loss: 0.6982 - val_accuracy: 0.5994 - val_ce: 0.6846 - val_loss: 0.6965 - learning_rate: 5.0000e-05
Epoch 12/20

Epoch 12: ReduceLROnPlateau reducing learning rate to 2.499999936844688e-05.
127/127 - 4s - 33ms/step - accuracy: 0.6006 - ce: 0.6787 - loss: 0.6861 - val_accuracy: 0.4230 - val_ce: 2.0558 - val_loss: 2.0669 - learning_rate: 5.0000e-05
Epoch 13/20
127/127 - 4s - 33ms/step - accuracy: 0.5937 - ce: 0.7389 - loss: 0.7345 - val_accuracy: 0.6415 - val_ce: 0.6865 - val_loss: 0.6972 - learning_rate: 2.5000e-05
Epoch 14/20

Epoch 14: ReduceLROnPlateau reducing learning rate to 1.249999968422344e-05.
127/127 - 4s - 33ms/step - accuracy: 0.6273 - ce: 0.6417 - loss: 0.6536 - val_accuracy: 0.5966 - val_ce: 0.7060 - val_loss: 0.7164 - learning_rate: 2.5000e-05
Fold 1: accuracy=0.6242  F1(w/m)=0.5793/0.5514  CE=0.6805  epochs=14  

===== Fold 2/5  05:41:52 =====
Class weights (balanced): Human-written=1.182  V2=0.867
Epoch 1/20
127/127 - 16s - 123ms/step - accuracy: 0.4963 - ce: 0.7700 - loss: 0.8222 - val_accuracy: 0.5782 - val_ce: 0.6922 - val_loss: 0.7332 - learning_rate: 1.0000e-04
Epoch 2/20
127/127 - 4s - 34ms/step - accuracy: 0.5284 - ce: 0.7128 - loss: 0.7428 - val_accuracy: 0.5866 - val_ce: 0.6903 - val_loss: 0.7232 - learning_rate: 1.0000e-04
Epoch 3/20
127/127 - 4s - 33ms/step - accuracy: 0.5957 - ce: 0.6949 - loss: 0.7199 - val_accuracy: 0.5866 - val_ce: 0.6900 - val_loss: 0.7164 - learning_rate: 1.0000e-04
Epoch 4/20
127/127 - 4s - 33ms/step - accuracy: 0.5734 - ce: 0.6938 - loss: 0.7101 - val_accuracy: 0.5950 - val_ce: 0.6861 - val_loss: 0.7079 - learning_rate: 1.0000e-04
Epoch 5/20
127/127 - 4s - 33ms/step - accuracy: 0.6169 - ce: 0.6906 - loss: 0.7030 - val_accuracy: 0.5894 - val_ce: 0.7346 - val_loss: 0.7532 - learning_rate: 1.0000e-04
Epoch 6/20

Epoch 6: ReduceLROnPlateau reducing learning rate to 4.999999873689376e-05.
127/127 - 4s - 33ms/step - accuracy: 0.6070 - ce: 0.6771 - loss: 0.6886 - val_accuracy: 0.5978 - val_ce: 0.7255 - val_loss: 0.7416 - learning_rate: 1.0000e-04
Epoch 7/20
127/127 - 4s - 33ms/step - accuracy: 0.6466 - ce: 0.6613 - loss: 0.6698 - val_accuracy: 0.5978 - val_ce: 0.7116 - val_loss: 0.7267 - learning_rate: 5.0000e-05
Epoch 8/20

Epoch 8: ReduceLROnPlateau reducing learning rate to 2.499999936844688e-05.
127/127 - 4s - 33ms/step - accuracy: 0.6565 - ce: 0.6340 - loss: 0.6384 - val_accuracy: 0.5978 - val_ce: 0.8372 - val_loss: 0.8514 - learning_rate: 5.0000e-05
Fold 2: accuracy=0.6000  F1(w/m)=0.4892/0.4442  CE=0.6828  epochs=8  

===== Fold 3/5  05:42:43 =====
Class weights (balanced): Human-written=1.182  V2=0.867
Epoch 1/20
127/127 - 14s - 114ms/step - accuracy: 0.5106 - ce: 0.7433 - loss: 0.7840 - val_accuracy: 0.5810 - val_ce: 0.6915 - val_loss: 0.7329 - learning_rate: 1.0000e-04
Epoch 2/20
127/127 - 4s - 33ms/step - accuracy: 0.5418 - ce: 0.6935 - loss: 0.7301 - val_accuracy: 0.5810 - val_ce: 0.6977 - val_loss: 0.7297 - learning_rate: 1.0000e-04
Epoch 3/20

Epoch 3: ReduceLROnPlateau reducing learning rate to 4.999999873689376e-05.
127/127 - 4s - 33ms/step - accuracy: 0.5769 - ce: 0.6944 - loss: 0.7230 - val_accuracy: 0.5782 - val_ce: 0.6922 - val_loss: 0.7178 - learning_rate: 1.0000e-04
Epoch 4/20
127/127 - 4s - 33ms/step - accuracy: 0.5793 - ce: 0.6909 - loss: 0.7159 - val_accuracy: 0.5754 - val_ce: 0.6927 - val_loss: 0.7157 - learning_rate: 5.0000e-05
Epoch 5/20

Epoch 5: ReduceLROnPlateau reducing learning rate to 2.499999936844688e-05.
127/127 - 4s - 33ms/step - accuracy: 0.5788 - ce: 0.6908 - loss: 0.7132 - val_accuracy: 0.5726 - val_ce: 0.7052 - val_loss: 0.7261 - learning_rate: 5.0000e-05
COLLAPSE: 100% of the validation predictions are in one class -> training is repeated once with lr 1e-05
Epoch 1/20
127/127 - 14s - 114ms/step - accuracy: 0.5576 - ce: 0.7332 - loss: 0.7822 - val_accuracy: 0.6397 - val_ce: 0.6453 - val_loss: 0.6960 - learning_rate: 1.0000e-05
Epoch 2/20
127/127 - 4s - 33ms/step - accuracy: 0.6436 - ce: 0.6282 - loss: 0.6817 - val_accuracy: 0.6034 - val_ce: 0.6596 - val_loss: 0.7099 - learning_rate: 1.0000e-05
Epoch 3/20
127/127 - 4s - 33ms/step - accuracy: 0.7158 - ce: 0.5682 - loss: 0.6192 - val_accuracy: 0.6453 - val_ce: 0.6214 - val_loss: 0.6713 - learning_rate: 1.0000e-05
Epoch 4/20
127/127 - 4s - 33ms/step - accuracy: 0.7721 - ce: 0.4861 - loss: 0.5376 - val_accuracy: 0.6564 - val_ce: 0.6255 - val_loss: 0.6751 - learning_rate: 1.0000e-05
Epoch 5/20

Epoch 5: ReduceLROnPlateau reducing learning rate to 4.999999873689376e-06.
127/127 - 4s - 33ms/step - accuracy: 0.8309 - ce: 0.3900 - loss: 0.4404 - val_accuracy: 0.6536 - val_ce: 0.6913 - val_loss: 0.7406 - learning_rate: 1.0000e-05
Epoch 6/20
127/127 - 4s - 33ms/step - accuracy: 0.9031 - ce: 0.2803 - loss: 0.3318 - val_accuracy: 0.6285 - val_ce: 0.7054 - val_loss: 0.7546 - learning_rate: 5.0000e-06
Epoch 7/20

Epoch 7: ReduceLROnPlateau reducing learning rate to 2.499999936844688e-06.
127/127 - 4s - 33ms/step - accuracy: 0.9293 - ce: 0.2219 - loss: 0.2711 - val_accuracy: 0.6508 - val_ce: 0.7274 - val_loss: 0.7765 - learning_rate: 5.0000e-06
Fold 3: accuracy=0.6403  F1(w/m)=0.6208/0.6018  CE=0.6569  epochs=7  

===== Fold 4/5  05:44:03 =====
Class weights (balanced): Human-written=1.182  V2=0.867
Epoch 1/20
127/127 - 15s - 114ms/step - accuracy: 0.5264 - ce: 0.7184 - loss: 0.7690 - val_accuracy: 0.4218 - val_ce: 0.6953 - val_loss: 0.7355 - learning_rate: 1.0000e-04
Epoch 2/20
127/127 - 4s - 34ms/step - accuracy: 0.5111 - ce: 0.6929 - loss: 0.7258 - val_accuracy: 0.6089 - val_ce: 0.6803 - val_loss: 0.7107 - learning_rate: 1.0000e-04
Epoch 3/20
127/127 - 4s - 33ms/step - accuracy: 0.5803 - ce: 0.6910 - loss: 0.7154 - val_accuracy: 0.5307 - val_ce: 0.6857 - val_loss: 0.7093 - learning_rate: 1.0000e-04
Epoch 4/20
127/127 - 4s - 33ms/step - accuracy: 0.5798 - ce: 0.6914 - loss: 0.7086 - val_accuracy: 0.5978 - val_ce: 0.6754 - val_loss: 0.6945 - learning_rate: 1.0000e-04
Epoch 5/20
127/127 - 4s - 33ms/step - accuracy: 0.5897 - ce: 0.6855 - loss: 0.7069 - val_accuracy: 0.6006 - val_ce: 0.6796 - val_loss: 0.6953 - learning_rate: 1.0000e-04
Epoch 6/20

Epoch 6: ReduceLROnPlateau reducing learning rate to 4.999999873689376e-05.
127/127 - 4s - 33ms/step - accuracy: 0.5220 - ce: 0.6861 - loss: 0.7025 - val_accuracy: 0.5028 - val_ce: 0.6877 - val_loss: 0.7010 - learning_rate: 1.0000e-04
Epoch 7/20
127/127 - 4s - 33ms/step - accuracy: 0.5912 - ce: 0.6813 - loss: 0.6872 - val_accuracy: 0.6201 - val_ce: 0.6748 - val_loss: 0.6872 - learning_rate: 5.0000e-05
Epoch 8/20
127/127 - 4s - 34ms/step - accuracy: 0.6115 - ce: 0.6634 - loss: 0.6760 - val_accuracy: 0.5950 - val_ce: 0.6798 - val_loss: 0.6914 - learning_rate: 5.0000e-05
Epoch 9/20

Epoch 9: ReduceLROnPlateau reducing learning rate to 2.499999936844688e-05.
127/127 - 4s - 33ms/step - accuracy: 0.6362 - ce: 0.6433 - loss: 0.6534 - val_accuracy: 0.5978 - val_ce: 0.6846 - val_loss: 0.6954 - learning_rate: 5.0000e-05
Epoch 10/20
127/127 - 4s - 33ms/step - accuracy: 0.6940 - ce: 0.5841 - loss: 0.5938 - val_accuracy: 0.5866 - val_ce: 0.7080 - val_loss: 0.7186 - learning_rate: 2.5000e-05
Epoch 11/20

Epoch 11: ReduceLROnPlateau reducing learning rate to 1.249999968422344e-05.
127/127 - 4s - 33ms/step - accuracy: 0.7593 - ce: 0.4983 - loss: 0.5116 - val_accuracy: 0.5810 - val_ce: 0.8938 - val_loss: 0.9041 - learning_rate: 2.5000e-05
Fold 4: accuracy=0.6050  F1(w/m)=0.5597/0.5313  CE=0.6721  epochs=11  

===== Fold 5/5  05:45:05 =====
Class weights (balanced): Human-written=1.182  V2=0.867
Epoch 1/20
127/127 - 15s - 114ms/step - accuracy: 0.5200 - ce: 0.7173 - loss: 0.7605 - val_accuracy: 0.5922 - val_ce: 0.6805 - val_loss: 0.7228 - learning_rate: 1.0000e-04
Epoch 2/20
127/127 - 4s - 33ms/step - accuracy: 0.5517 - ce: 0.7001 - loss: 0.7343 - val_accuracy: 0.5978 - val_ce: 0.6834 - val_loss: 0.7163 - learning_rate: 1.0000e-04
Epoch 3/20

Epoch 3: ReduceLROnPlateau reducing learning rate to 4.999999873689376e-05.
127/127 - 4s - 33ms/step - accuracy: 0.5655 - ce: 0.6999 - loss: 0.7260 - val_accuracy: 0.5615 - val_ce: 0.6968 - val_loss: 0.7233 - learning_rate: 1.0000e-04
Epoch 4/20
127/127 - 4s - 33ms/step - accuracy: 0.5818 - ce: 0.6883 - loss: 0.7121 - val_accuracy: 0.6006 - val_ce: 0.6796 - val_loss: 0.7035 - learning_rate: 5.0000e-05
Epoch 5/20
127/127 - 4s - 33ms/step - accuracy: 0.5769 - ce: 0.6868 - loss: 0.7049 - val_accuracy: 0.6061 - val_ce: 0.6766 - val_loss: 0.6983 - learning_rate: 5.0000e-05
Epoch 6/20
127/127 - 4s - 33ms/step - accuracy: 0.5882 - ce: 0.6811 - loss: 0.6980 - val_accuracy: 0.6006 - val_ce: 0.6698 - val_loss: 0.6896 - learning_rate: 5.0000e-05
Epoch 7/20
127/127 - 4s - 33ms/step - accuracy: 0.5937 - ce: 0.6798 - loss: 0.6964 - val_accuracy: 0.5978 - val_ce: 0.6688 - val_loss: 0.6868 - learning_rate: 5.0000e-05
Epoch 8/20
127/127 - 4s - 34ms/step - accuracy: 0.6006 - ce: 0.6767 - loss: 0.6908 - val_accuracy: 0.6257 - val_ce: 0.6625 - val_loss: 0.6790 - learning_rate: 5.0000e-05
Epoch 9/20
127/127 - 4s - 33ms/step - accuracy: 0.6243 - ce: 0.6653 - loss: 0.6807 - val_accuracy: 0.5922 - val_ce: 0.6865 - val_loss: 0.7018 - learning_rate: 5.0000e-05
Epoch 10/20
127/127 - 4s - 33ms/step - accuracy: 0.6238 - ce: 0.6694 - loss: 0.6810 - val_accuracy: 0.6201 - val_ce: 0.6593 - val_loss: 0.6736 - learning_rate: 5.0000e-05
Epoch 11/20
127/127 - 4s - 33ms/step - accuracy: 0.6520 - ce: 0.6407 - loss: 0.6517 - val_accuracy: 0.6145 - val_ce: 0.6614 - val_loss: 0.6747 - learning_rate: 5.0000e-05
Epoch 12/20

Epoch 12: ReduceLROnPlateau reducing learning rate to 2.499999936844688e-05.
127/127 - 4s - 33ms/step - accuracy: 0.6723 - ce: 0.6240 - loss: 0.6335 - val_accuracy: 0.6341 - val_ce: 0.6790 - val_loss: 0.6916 - learning_rate: 5.0000e-05
Epoch 13/20
127/127 - 4s - 33ms/step - accuracy: 0.7370 - ce: 0.5591 - loss: 0.5716 - val_accuracy: 0.6034 - val_ce: 0.7459 - val_loss: 0.7581 - learning_rate: 2.5000e-05
Epoch 14/20

Epoch 14: ReduceLROnPlateau reducing learning rate to 1.249999968422344e-05.
127/127 - 4s - 33ms/step - accuracy: 0.7776 - ce: 0.4729 - loss: 0.4899 - val_accuracy: 0.6313 - val_ce: 0.8060 - val_loss: 0.8178 - learning_rate: 2.5000e-05
Fold 5: accuracy=0.5765  F1(w/m)=0.5481/0.5231  CE=0.6739  epochs=14  

CV mean ± std:
  accuracy               0.6092 ± 0.0243
  balanced_accuracy      0.5618 ± 0.0307
  mcc                    0.1634 ± 0.0580
  cross_entropy          0.6732 ± 0.0102
  roc_auc                0.5983 ± 0.0445
  precision_macro        0.6156 ± 0.0458
  recall_macro           0.5618 ± 0.0307
  f1_macro               0.5304 ± 0.0571
  precision_micro        0.6092 ± 0.0243
  recall_micro           0.6092 ± 0.0243
  f1_micro               0.6092 ± 0.0243
  precision_weighted     0.6155 ± 0.0392
  recall_weighted        0.6092 ± 0.0243
  f1_weighted            0.5594 ± 0.0480

===== Final training  05:46:19 =====
Class weights (balanced): Human-written=1.182  V2=0.866
Epoch 1/20
154/154 - 18s - 118ms/step - accuracy: 0.4910 - ce: 0.7416 - loss: 0.7749 - val_accuracy: 0.5760 - val_ce: 0.6911 - val_loss: 0.7301 - learning_rate: 1.0000e-04
Epoch 2/20
154/154 - 5s - 34ms/step - accuracy: 0.5771 - ce: 0.6911 - loss: 0.7271 - val_accuracy: 0.5760 - val_ce: 0.6917 - val_loss: 0.7208 - learning_rate: 1.0000e-04
Epoch 3/20

Epoch 3: ReduceLROnPlateau reducing learning rate to 4.999999873689376e-05.
154/154 - 5s - 33ms/step - accuracy: 0.5771 - ce: 0.6922 - loss: 0.7188 - val_accuracy: 0.5760 - val_ce: 0.6922 - val_loss: 0.7146 - learning_rate: 1.0000e-04
Epoch 4/20
154/154 - 5s - 33ms/step - accuracy: 0.5771 - ce: 0.6922 - loss: 0.7142 - val_accuracy: 0.5760 - val_ce: 0.6922 - val_loss: 0.7120 - learning_rate: 5.0000e-05
Epoch 5/20

Epoch 5: ReduceLROnPlateau reducing learning rate to 2.499999936844688e-05.
154/154 - 5s - 33ms/step - accuracy: 0.5771 - ce: 0.6925 - loss: 0.7119 - val_accuracy: 0.5760 - val_ce: 0.6924 - val_loss: 0.7099 - learning_rate: 5.0000e-05
COLLAPSE: 100% of the validation predictions are in one class -> training is repeated once with lr 1e-05
Epoch 1/20
154/154 - 15s - 99ms/step - accuracy: 0.5665 - ce: 0.7381 - loss: 0.7858 - val_accuracy: 0.6654 - val_ce: 0.6327 - val_loss: 0.6833 - learning_rate: 1.0000e-05
Epoch 2/20
154/154 - 5s - 33ms/step - accuracy: 0.6722 - ce: 0.6011 - loss: 0.6527 - val_accuracy: 0.6350 - val_ce: 0.6416 - val_loss: 0.6918 - learning_rate: 1.0000e-05
Epoch 3/20

Epoch 3: ReduceLROnPlateau reducing learning rate to 4.999999873689376e-06.
154/154 - 5s - 33ms/step - accuracy: 0.7596 - ce: 0.5113 - loss: 0.5640 - val_accuracy: 0.6312 - val_ce: 0.6496 - val_loss: 0.6995 - learning_rate: 1.0000e-05
Epoch 4/20
154/154 - 5s - 33ms/step - accuracy: 0.8355 - ce: 0.4038 - loss: 0.4541 - val_accuracy: 0.6407 - val_ce: 0.6705 - val_loss: 0.7203 - learning_rate: 5.0000e-06
Epoch 5/20

Epoch 5: ReduceLROnPlateau reducing learning rate to 2.499999936844688e-06.
154/154 - 5s - 33ms/step - accuracy: 0.8747 - ce: 0.3350 - loss: 0.3847 - val_accuracy: 0.6312 - val_ce: 0.6949 - val_loss: 0.7446 - learning_rate: 5.0000e-06
               precision    recall  f1-score   support

Human-written     0.6356    0.3363    0.4399       223
           V2     0.6373    0.8581    0.7314       303

     accuracy                         0.6369       526
    macro avg     0.6364    0.5972    0.5856       526
 weighted avg     0.6366    0.6369    0.6078       526

Class distribution all  : {'Human-written': 1482, 'V2': 2020}  ratio {'Human-written': 0.4232, 'V2': 0.5768}
Class distribution train: {'Human-written': 1036, 'V2': 1414}  ratio {'Human-written': 0.4229, 'V2': 0.5771}
Class distribution val  : {'Human-written': 223, 'V2': 303}  ratio {'Human-written': 0.424, 'V2': 0.576}
Class distribution test : {'Human-written': 223, 'V2': 303}  ratio {'Human-written': 0.424, 'V2': 0.576}

subdataset15_graph_human_vs_v2_snippet_cv  VGG19 (relu, dropout 0.1, lr 0.0001)
CV mean    acc=0.6092  F1 w/m/micro=0.5594/0.5304/0.6092  P_w=0.6155  R_w=0.6092  CE=0.6732  AUC=0.5983  MCC=0.1634
VALIDATION acc=0.6654  F1 w/m/micro=0.6407/0.6210/0.6654  P_w=0.6718  R_w=0.6654  CE=0.6327  AUC=0.6654  MCC=0.2986
TEST       acc=0.6369  F1 w/m/micro=0.6078/0.5856/0.6369  P_w=0.6366  R_w=0.6369  CE=0.6331  AUC=0.6754  MCC=0.2303
TEST 95% CI: accuracy=[0.5950, 0.6787]  f1_weighted=[0.5594, 0.6545]  f1_macro=[0.5423, 0.6311]  mcc=[0.1452, 0.3159]  balanced_accuracy=[0.5606, 0.6359]
Outputs: Experiments/subdataset15/Snippet-Level Split/results/subdataset15_graph_human_vs_v2_snippet_cv
2026-10-03 05:47:50 FINISHED
