
====================================================================================================
2026-10-02 20:49:28  subdataset14_screenshot_human_vs_v5_snippet_cv  (config hash 6bd0b86b33ef)
Data    : Data/Subdataset_14
Classes : ['Human-written', 'V5']   Split: Snippet-Level Split
Model   : VGG19  activation=sigmoid  dropout=0.1  lr=0.0001  trained=base from block5_* on  preprocessing=caffe  L2=0.0001
Training: at most 20 epochs, early stopping val_ce patience 4, batch 16, 320x320 (no cropping), mixed precision True
Output  : Experiments/subdataset14/Snippet-Level Split/results/subdataset14_screenshot_human_vs_v5_snippet_cv
Human-written (label 0): 1218 images
V5  (label 1): 999 images
Total 2217 images
Train     :  1551 (70.0%)  Human-written=852 V5=699
Validation:   333 (15.0%)  Human-written=183 V5=150
Test      :   333 (15.0%)  Human-written=183 V5=150
Fold 1: train=1507 (Human-written=828 V5=679)  evaluation=377 (Human-written=207 V5=170)
Fold 2: train=1507 (Human-written=828 V5=679)  evaluation=377 (Human-written=207 V5=170)
Fold 3: train=1507 (Human-written=828 V5=679)  evaluation=377 (Human-written=207 V5=170)
Fold 4: train=1507 (Human-written=828 V5=679)  evaluation=377 (Human-written=207 V5=170)
Fold 5: train=1508 (Human-written=828 V5=680)  evaluation=376 (Human-written=207 V5=169)
Leakage check PASSED.
TensorFlow 2.20.0 | GPU: [PhysicalDevice(name='/physical_device:GPU:0', device_type='GPU')]
Mixed precision: mixed_float16 (output layer float32)
Images loaded: 2217, 0.7 GB, 2 s

===== Fold 1/5  20:49:32 =====
Class weights (balanced): Human-written=0.910  V5=1.109
Fold 1: accuracy=nan  F1(w/m)=nan/nan  CE=nan  epochs=-  InternalError: {{function_node __wrapped__Cast_device_/job:localhost/replica:0/task:0/device:GPU:0}} 'cuLaunchKernel(function, gridX, gridY, gridZ, blockX, blockY, blockZ, 0, reinterpret_cast<CUstream>(stream), params, nullptr)' failed with 'CUDA_ERROR_INVALID_HANDLE' [Op:Cast] name: 

===== Fold 2/5  20:49:33 =====
Class weights (balanced): Human-written=0.910  V5=1.109
Fold 2: accuracy=nan  F1(w/m)=nan/nan  CE=nan  epochs=-  InternalError: {{function_node __wrapped__Cast_device_/job:localhost/replica:0/task:0/device:GPU:0}} 'cuLaunchKernel(function, gridX, gridY, gridZ, blockX, blockY, blockZ, 0, reinterpret_cast<CUstream>(stream), params, nullptr)' failed with 'CUDA_ERROR_INVALID_HANDLE' [Op:Cast] name: 

===== Fold 3/5  20:49:33 =====
Class weights (balanced): Human-written=0.910  V5=1.109
Fold 3: accuracy=nan  F1(w/m)=nan/nan  CE=nan  epochs=-  InternalError: {{function_node __wrapped__Cast_device_/job:localhost/replica:0/task:0/device:GPU:0}} 'cuLaunchKernel(function, gridX, gridY, gridZ, blockX, blockY, blockZ, 0, reinterpret_cast<CUstream>(stream), params, nullptr)' failed with 'CUDA_ERROR_INVALID_HANDLE' [Op:Cast] name: 

===== Fold 4/5  20:49:34 =====
Class weights (balanced): Human-written=0.910  V5=1.109
Fold 4: accuracy=nan  F1(w/m)=nan/nan  CE=nan  epochs=-  InternalError: {{function_node __wrapped__Cast_device_/job:localhost/replica:0/task:0/device:GPU:0}} 'cuLaunchKernel(function, gridX, gridY, gridZ, blockX, blockY, blockZ, 0, reinterpret_cast<CUstream>(stream), params, nullptr)' failed with 'CUDA_ERROR_INVALID_HANDLE' [Op:Cast] name: 

===== Fold 5/5  20:49:35 =====
Class weights (balanced): Human-written=0.911  V5=1.108
Fold 5: accuracy=nan  F1(w/m)=nan/nan  CE=nan  epochs=-  InternalError: {{function_node __wrapped__Cast_device_/job:localhost/replica:0/task:0/device:GPU:0}} 'cuLaunchKernel(function, gridX, gridY, gridZ, blockX, blockY, blockZ, 0, reinterpret_cast<CUstream>(stream), params, nullptr)' failed with 'CUDA_ERROR_INVALID_HANDLE' [Op:Cast] name: 
Traceback (most recent call last):
  File "Experiments/subdataset14/Snippet-Level Split/subdataset14_screenshot_human_vs_v5_snippet_cv.py", line 653, in <module>
    assert len(cv) == CV_FOLDS, f"not all {CV_FOLDS} folds are complete ({len(cv)}); run the script again (it resumes from the missing fold)."
           ^^^^^^^^^^^^^^^^^^^
AssertionError: not all 5 folds are complete (0); run the script again (it resumes from the missing fold).

====================================================================================================
2026-10-02 20:49:37  subdataset14_screenshot_human_vs_v5_snippet_cv  (config hash 6bd0b86b33ef)
Data    : Data/Subdataset_14
Classes : ['Human-written', 'V5']   Split: Snippet-Level Split
Model   : VGG19  activation=sigmoid  dropout=0.1  lr=0.0001  trained=base from block5_* on  preprocessing=caffe  L2=0.0001
Training: at most 20 epochs, early stopping val_ce patience 4, batch 16, 320x320 (no cropping), mixed precision True
Output  : Experiments/subdataset14/Snippet-Level Split/results/subdataset14_screenshot_human_vs_v5_snippet_cv
Human-written (label 0): 1218 images
V5  (label 1): 999 images
Total 2217 images
Train     :  1551 (70.0%)  Human-written=852 V5=699
Validation:   333 (15.0%)  Human-written=183 V5=150
Test      :   333 (15.0%)  Human-written=183 V5=150
Fold 1: train=1507 (Human-written=828 V5=679)  evaluation=377 (Human-written=207 V5=170)
Fold 2: train=1507 (Human-written=828 V5=679)  evaluation=377 (Human-written=207 V5=170)
Fold 3: train=1507 (Human-written=828 V5=679)  evaluation=377 (Human-written=207 V5=170)
Fold 4: train=1507 (Human-written=828 V5=679)  evaluation=377 (Human-written=207 V5=170)
Fold 5: train=1508 (Human-written=828 V5=680)  evaluation=376 (Human-written=207 V5=169)
Leakage check PASSED.
TensorFlow 2.20.0 | GPU: [PhysicalDevice(name='/physical_device:GPU:0', device_type='GPU')]
Mixed precision: mixed_float16 (output layer float32)
Images loaded: 2217, 0.7 GB, 2 s
Previously completed folds: [] (will be skipped)

===== Fold 1/5  20:49:41 =====
Class weights (balanced): Human-written=0.910  V5=1.109
Fold 1: accuracy=nan  F1(w/m)=nan/nan  CE=nan  epochs=-  InternalError: {{function_node __wrapped__Cast_device_/job:localhost/replica:0/task:0/device:GPU:0}} 'cuLaunchKernel(function, gridX, gridY, gridZ, blockX, blockY, blockZ, 0, reinterpret_cast<CUstream>(stream), params, nullptr)' failed with 'CUDA_ERROR_INVALID_HANDLE' [Op:Cast] name: 

===== Fold 2/5  20:49:41 =====
Class weights (balanced): Human-written=0.910  V5=1.109
Fold 2: accuracy=nan  F1(w/m)=nan/nan  CE=nan  epochs=-  InternalError: {{function_node __wrapped__Cast_device_/job:localhost/replica:0/task:0/device:GPU:0}} 'cuLaunchKernel(function, gridX, gridY, gridZ, blockX, blockY, blockZ, 0, reinterpret_cast<CUstream>(stream), params, nullptr)' failed with 'CUDA_ERROR_INVALID_HANDLE' [Op:Cast] name: 

===== Fold 3/5  20:49:42 =====
Class weights (balanced): Human-written=0.910  V5=1.109
Fold 3: accuracy=nan  F1(w/m)=nan/nan  CE=nan  epochs=-  InternalError: {{function_node __wrapped__Cast_device_/job:localhost/replica:0/task:0/device:GPU:0}} 'cuLaunchKernel(function, gridX, gridY, gridZ, blockX, blockY, blockZ, 0, reinterpret_cast<CUstream>(stream), params, nullptr)' failed with 'CUDA_ERROR_INVALID_HANDLE' [Op:Cast] name: 

===== Fold 4/5  20:49:42 =====
Class weights (balanced): Human-written=0.910  V5=1.109
Fold 4: accuracy=nan  F1(w/m)=nan/nan  CE=nan  epochs=-  InternalError: {{function_node __wrapped__Cast_device_/job:localhost/replica:0/task:0/device:GPU:0}} 'cuLaunchKernel(function, gridX, gridY, gridZ, blockX, blockY, blockZ, 0, reinterpret_cast<CUstream>(stream), params, nullptr)' failed with 'CUDA_ERROR_INVALID_HANDLE' [Op:Cast] name: 

===== Fold 5/5  20:49:43 =====
Class weights (balanced): Human-written=0.911  V5=1.108
Fold 5: accuracy=nan  F1(w/m)=nan/nan  CE=nan  epochs=-  InternalError: {{function_node __wrapped__Cast_device_/job:localhost/replica:0/task:0/device:GPU:0}} 'cuLaunchKernel(function, gridX, gridY, gridZ, blockX, blockY, blockZ, 0, reinterpret_cast<CUstream>(stream), params, nullptr)' failed with 'CUDA_ERROR_INVALID_HANDLE' [Op:Cast] name: 
Traceback (most recent call last):
  File "Experiments/subdataset14/Snippet-Level Split/subdataset14_screenshot_human_vs_v5_snippet_cv.py", line 653, in <module>
    assert len(cv) == CV_FOLDS, f"not all {CV_FOLDS} folds are complete ({len(cv)}); run the script again (it resumes from the missing fold)."
           ^^^^^^^^^^^^^^^^^^^
AssertionError: not all 5 folds are complete (0); run the script again (it resumes from the missing fold).

====================================================================================================
2026-10-02 20:49:45  subdataset14_screenshot_human_vs_v5_snippet_cv  (config hash 6bd0b86b33ef)
Data    : Data/Subdataset_14
Classes : ['Human-written', 'V5']   Split: Snippet-Level Split
Model   : VGG19  activation=sigmoid  dropout=0.1  lr=0.0001  trained=base from block5_* on  preprocessing=caffe  L2=0.0001
Training: at most 20 epochs, early stopping val_ce patience 4, batch 16, 320x320 (no cropping), mixed precision True
Output  : Experiments/subdataset14/Snippet-Level Split/results/subdataset14_screenshot_human_vs_v5_snippet_cv
Human-written (label 0): 1218 images
V5  (label 1): 999 images
Total 2217 images
Train     :  1551 (70.0%)  Human-written=852 V5=699
Validation:   333 (15.0%)  Human-written=183 V5=150
Test      :   333 (15.0%)  Human-written=183 V5=150
Fold 1: train=1507 (Human-written=828 V5=679)  evaluation=377 (Human-written=207 V5=170)
Fold 2: train=1507 (Human-written=828 V5=679)  evaluation=377 (Human-written=207 V5=170)
Fold 3: train=1507 (Human-written=828 V5=679)  evaluation=377 (Human-written=207 V5=170)
Fold 4: train=1507 (Human-written=828 V5=679)  evaluation=377 (Human-written=207 V5=170)
Fold 5: train=1508 (Human-written=828 V5=680)  evaluation=376 (Human-written=207 V5=169)
Leakage check PASSED.
TensorFlow 2.20.0 | GPU: [PhysicalDevice(name='/physical_device:GPU:0', device_type='GPU')]
Mixed precision: mixed_float16 (output layer float32)
Images loaded: 2217, 0.7 GB, 2 s
Previously completed folds: [] (will be skipped)

===== Fold 1/5  20:49:49 =====
Class weights (balanced): Human-written=0.910  V5=1.109
Fold 1: accuracy=nan  F1(w/m)=nan/nan  CE=nan  epochs=-  InternalError: {{function_node __wrapped__Cast_device_/job:localhost/replica:0/task:0/device:GPU:0}} 'cuLaunchKernel(function, gridX, gridY, gridZ, blockX, blockY, blockZ, 0, reinterpret_cast<CUstream>(stream), params, nullptr)' failed with 'CUDA_ERROR_INVALID_HANDLE' [Op:Cast] name: 

===== Fold 2/5  20:49:50 =====
Class weights (balanced): Human-written=0.910  V5=1.109
Fold 2: accuracy=nan  F1(w/m)=nan/nan  CE=nan  epochs=-  InternalError: {{function_node __wrapped__Cast_device_/job:localhost/replica:0/task:0/device:GPU:0}} 'cuLaunchKernel(function, gridX, gridY, gridZ, blockX, blockY, blockZ, 0, reinterpret_cast<CUstream>(stream), params, nullptr)' failed with 'CUDA_ERROR_INVALID_HANDLE' [Op:Cast] name: 

===== Fold 3/5  20:49:50 =====
Class weights (balanced): Human-written=0.910  V5=1.109
Fold 3: accuracy=nan  F1(w/m)=nan/nan  CE=nan  epochs=-  InternalError: {{function_node __wrapped__Cast_device_/job:localhost/replica:0/task:0/device:GPU:0}} 'cuLaunchKernel(function, gridX, gridY, gridZ, blockX, blockY, blockZ, 0, reinterpret_cast<CUstream>(stream), params, nullptr)' failed with 'CUDA_ERROR_INVALID_HANDLE' [Op:Cast] name: 

===== Fold 4/5  20:49:51 =====
Class weights (balanced): Human-written=0.910  V5=1.109
Fold 4: accuracy=nan  F1(w/m)=nan/nan  CE=nan  epochs=-  InternalError: {{function_node __wrapped__Cast_device_/job:localhost/replica:0/task:0/device:GPU:0}} 'cuLaunchKernel(function, gridX, gridY, gridZ, blockX, blockY, blockZ, 0, reinterpret_cast<CUstream>(stream), params, nullptr)' failed with 'CUDA_ERROR_INVALID_HANDLE' [Op:Cast] name: 

===== Fold 5/5  20:49:51 =====
Class weights (balanced): Human-written=0.911  V5=1.108
Fold 5: accuracy=nan  F1(w/m)=nan/nan  CE=nan  epochs=-  InternalError: {{function_node __wrapped__Cast_device_/job:localhost/replica:0/task:0/device:GPU:0}} 'cuLaunchKernel(function, gridX, gridY, gridZ, blockX, blockY, blockZ, 0, reinterpret_cast<CUstream>(stream), params, nullptr)' failed with 'CUDA_ERROR_INVALID_HANDLE' [Op:Cast] name: 
Traceback (most recent call last):
  File "Experiments/subdataset14/Snippet-Level Split/subdataset14_screenshot_human_vs_v5_snippet_cv.py", line 653, in <module>
    assert len(cv) == CV_FOLDS, f"not all {CV_FOLDS} folds are complete ({len(cv)}); run the script again (it resumes from the missing fold)."
           ^^^^^^^^^^^^^^^^^^^
AssertionError: not all 5 folds are complete (0); run the script again (it resumes from the missing fold).

====================================================================================================
2026-10-02 22:53:11  subdataset14_screenshot_human_vs_v5_snippet_cv  (config hash 6bd0b86b33ef)
Data    : Data/Subdataset_14
Classes : ['Human-written', 'V5']   Split: Snippet-Level Split
Model   : VGG19  activation=sigmoid  dropout=0.1  lr=0.0001  trained=base from block5_* on  preprocessing=caffe  L2=0.0001
Training: at most 20 epochs, early stopping val_ce patience 4, batch 16, 320x320 (no cropping), mixed precision True
Output  : Experiments/subdataset14/Snippet-Level Split/results/subdataset14_screenshot_human_vs_v5_snippet_cv
Human-written (label 0): 1218 images
V5  (label 1): 999 images
Total 2217 images
Train     :  1551 (70.0%)  Human-written=852 V5=699
Validation:   333 (15.0%)  Human-written=183 V5=150
Test      :   333 (15.0%)  Human-written=183 V5=150
Fold 1: train=1507 (Human-written=828 V5=679)  evaluation=377 (Human-written=207 V5=170)
Fold 2: train=1507 (Human-written=828 V5=679)  evaluation=377 (Human-written=207 V5=170)
Fold 3: train=1507 (Human-written=828 V5=679)  evaluation=377 (Human-written=207 V5=170)
Fold 4: train=1507 (Human-written=828 V5=679)  evaluation=377 (Human-written=207 V5=170)
Fold 5: train=1508 (Human-written=828 V5=680)  evaluation=376 (Human-written=207 V5=169)
Leakage check PASSED.
TensorFlow 2.20.0 | GPU: [PhysicalDevice(name='/physical_device:GPU:0', device_type='GPU')]
Mixed precision: mixed_float16 (output layer float32)
Images loaded: 2217, 0.7 GB, 11 s
Previously completed folds: [] (will be skipped)

===== Fold 1/5  22:53:29 =====
Class weights (balanced): Human-written=0.910  V5=1.109
Model: base 22 layers, trained base layers 5 (first: block5_conv1); trained parameters 9,702,401 / 20,287,553
Epoch 1/20
80/80 - 15s - 185ms/step - accuracy: 0.7305 - ce: 0.5383 - loss: 0.5877 - val_accuracy: 0.8150 - val_ce: 0.4370 - val_loss: 0.4843 - learning_rate: 1.0000e-04
Epoch 2/20
80/80 - 3s - 37ms/step - accuracy: 0.8352 - ce: 0.3794 - loss: 0.4246 - val_accuracy: 0.8326 - val_ce: 0.4192 - val_loss: 0.4634 - learning_rate: 1.0000e-04
Epoch 3/20
80/80 - 3s - 37ms/step - accuracy: 0.8680 - ce: 0.3234 - loss: 0.3699 - val_accuracy: 0.6476 - val_ce: 0.7452 - val_loss: 0.7873 - learning_rate: 1.0000e-04
Epoch 4/20
80/80 - 3s - 38ms/step - accuracy: 0.8945 - ce: 0.2643 - loss: 0.3096 - val_accuracy: 0.8590 - val_ce: 0.3375 - val_loss: 0.3776 - learning_rate: 1.0000e-04
Epoch 5/20
80/80 - 3s - 37ms/step - accuracy: 0.9148 - ce: 0.2210 - loss: 0.2653 - val_accuracy: 0.8767 - val_ce: 0.3260 - val_loss: 0.3644 - learning_rate: 1.0000e-04
Epoch 6/20
80/80 - 3s - 37ms/step - accuracy: 0.9336 - ce: 0.1654 - loss: 0.2042 - val_accuracy: 0.9119 - val_ce: 0.2812 - val_loss: 0.3180 - learning_rate: 1.0000e-04
Epoch 7/20
80/80 - 3s - 37ms/step - accuracy: 0.9398 - ce: 0.1482 - loss: 0.1837 - val_accuracy: 0.9163 - val_ce: 0.2702 - val_loss: 0.3057 - learning_rate: 1.0000e-04
Epoch 8/20
80/80 - 3s - 38ms/step - accuracy: 0.9578 - ce: 0.1095 - loss: 0.1441 - val_accuracy: 0.9207 - val_ce: 0.2548 - val_loss: 0.2893 - learning_rate: 1.0000e-04
Epoch 9/20
80/80 - 3s - 36ms/step - accuracy: 0.9617 - ce: 0.0938 - loss: 0.1292 - val_accuracy: 0.8943 - val_ce: 0.4335 - val_loss: 0.4671 - learning_rate: 1.0000e-04
Epoch 10/20

Epoch 10: ReduceLROnPlateau reducing learning rate to 4.999999873689376e-05.
80/80 - 3s - 37ms/step - accuracy: 0.9789 - ce: 0.0580 - loss: 0.0908 - val_accuracy: 0.9075 - val_ce: 0.3484 - val_loss: 0.3811 - learning_rate: 1.0000e-04
Epoch 11/20
80/80 - 3s - 36ms/step - accuracy: 0.9914 - ce: 0.0257 - loss: 0.0579 - val_accuracy: 0.9119 - val_ce: 0.3344 - val_loss: 0.3666 - learning_rate: 5.0000e-05
Epoch 12/20

Epoch 12: ReduceLROnPlateau reducing learning rate to 2.499999936844688e-05.
80/80 - 3s - 36ms/step - accuracy: 0.9969 - ce: 0.0105 - loss: 0.0422 - val_accuracy: 0.9119 - val_ce: 0.3616 - val_loss: 0.3935 - learning_rate: 5.0000e-05
Fold 1: accuracy=0.9019  F1(w/m)=0.9016/0.9004  CE=0.2846  epochs=12  

===== Fold 2/5  22:54:25 =====
Class weights (balanced): Human-written=0.910  V5=1.109
Epoch 1/20
80/80 - 10s - 130ms/step - accuracy: 0.7430 - ce: 0.5133 - loss: 0.5639 - val_accuracy: 0.7093 - val_ce: 0.6454 - val_loss: 0.6885 - learning_rate: 1.0000e-04
Epoch 2/20
80/80 - 3s - 37ms/step - accuracy: 0.8336 - ce: 0.3759 - loss: 0.4159 - val_accuracy: 0.5903 - val_ce: 0.8718 - val_loss: 0.9092 - learning_rate: 1.0000e-04
Epoch 3/20
80/80 - 3s - 37ms/step - accuracy: 0.8609 - ce: 0.3322 - loss: 0.3705 - val_accuracy: 0.8590 - val_ce: 0.3824 - val_loss: 0.4160 - learning_rate: 1.0000e-04
Epoch 4/20
80/80 - 3s - 37ms/step - accuracy: 0.9102 - ce: 0.2439 - loss: 0.2761 - val_accuracy: 0.8414 - val_ce: 0.4482 - val_loss: 0.4787 - learning_rate: 1.0000e-04
Epoch 5/20

Epoch 5: ReduceLROnPlateau reducing learning rate to 4.999999873689376e-05.
80/80 - 3s - 37ms/step - accuracy: 0.8859 - ce: 0.2587 - loss: 0.2924 - val_accuracy: 0.8678 - val_ce: 0.3938 - val_loss: 0.4222 - learning_rate: 1.0000e-04
Epoch 6/20
80/80 - 3s - 36ms/step - accuracy: 0.9484 - ce: 0.1287 - loss: 0.1587 - val_accuracy: 0.8767 - val_ce: 0.4056 - val_loss: 0.4329 - learning_rate: 5.0000e-05
Epoch 7/20

Epoch 7: ReduceLROnPlateau reducing learning rate to 2.499999936844688e-05.
80/80 - 3s - 37ms/step - accuracy: 0.9617 - ce: 0.0957 - loss: 0.1236 - val_accuracy: 0.8722 - val_ce: 0.4050 - val_loss: 0.4315 - learning_rate: 5.0000e-05
Fold 2: accuracy=0.8806  F1(w/m)=0.8806/0.8794  CE=0.2855  epochs=7  

===== Fold 3/5  22:54:58 =====
Class weights (balanced): Human-written=0.910  V5=1.109
Epoch 1/20
80/80 - 10s - 131ms/step - accuracy: 0.7281 - ce: 0.5296 - loss: 0.5801 - val_accuracy: 0.7930 - val_ce: 0.4610 - val_loss: 0.5040 - learning_rate: 1.0000e-04
Epoch 2/20
80/80 - 3s - 37ms/step - accuracy: 0.8125 - ce: 0.4284 - loss: 0.4719 - val_accuracy: 0.7269 - val_ce: 0.5779 - val_loss: 0.6141 - learning_rate: 1.0000e-04
Epoch 3/20
80/80 - 3s - 37ms/step - accuracy: 0.8430 - ce: 0.3800 - loss: 0.4142 - val_accuracy: 0.8458 - val_ce: 0.3196 - val_loss: 0.3504 - learning_rate: 1.0000e-04
Epoch 4/20
80/80 - 3s - 36ms/step - accuracy: 0.8734 - ce: 0.3100 - loss: 0.3427 - val_accuracy: 0.8590 - val_ce: 0.3418 - val_loss: 0.3686 - learning_rate: 1.0000e-04
Epoch 5/20
80/80 - 3s - 37ms/step - accuracy: 0.9000 - ce: 0.2420 - loss: 0.2675 - val_accuracy: 0.8987 - val_ce: 0.2635 - val_loss: 0.2876 - learning_rate: 1.0000e-04
Epoch 6/20
80/80 - 3s - 37ms/step - accuracy: 0.9148 - ce: 0.2062 - loss: 0.2309 - val_accuracy: 0.8943 - val_ce: 0.2797 - val_loss: 0.3019 - learning_rate: 1.0000e-04
Epoch 7/20

Epoch 7: ReduceLROnPlateau reducing learning rate to 4.999999873689376e-05.
80/80 - 3s - 36ms/step - accuracy: 0.9297 - ce: 0.1699 - loss: 0.1909 - val_accuracy: 0.8899 - val_ce: 0.3098 - val_loss: 0.3306 - learning_rate: 1.0000e-04
Epoch 8/20
80/80 - 3s - 37ms/step - accuracy: 0.9609 - ce: 0.1109 - loss: 0.1314 - val_accuracy: 0.9031 - val_ce: 0.2772 - val_loss: 0.2974 - learning_rate: 5.0000e-05
Epoch 9/20
80/80 - 3s - 37ms/step - accuracy: 0.9742 - ce: 0.0680 - loss: 0.0868 - val_accuracy: 0.9295 - val_ce: 0.2485 - val_loss: 0.2681 - learning_rate: 5.0000e-05
Epoch 10/20
80/80 - 3s - 36ms/step - accuracy: 0.9781 - ce: 0.0644 - loss: 0.0829 - val_accuracy: 0.9251 - val_ce: 0.2885 - val_loss: 0.3076 - learning_rate: 5.0000e-05
Epoch 11/20

Epoch 11: ReduceLROnPlateau reducing learning rate to 2.499999936844688e-05.
80/80 - 3s - 38ms/step - accuracy: 0.9836 - ce: 0.0472 - loss: 0.0647 - val_accuracy: 0.9075 - val_ce: 0.3150 - val_loss: 0.3337 - learning_rate: 5.0000e-05
Epoch 12/20
80/80 - 3s - 36ms/step - accuracy: 0.9953 - ce: 0.0205 - loss: 0.0383 - val_accuracy: 0.9031 - val_ce: 0.2988 - val_loss: 0.3172 - learning_rate: 2.5000e-05
Epoch 13/20

Epoch 13: ReduceLROnPlateau reducing learning rate to 1.249999968422344e-05.
80/80 - 3s - 37ms/step - accuracy: 0.9969 - ce: 0.0150 - loss: 0.0326 - val_accuracy: 0.8987 - val_ce: 0.3354 - val_loss: 0.3536 - learning_rate: 2.5000e-05
Fold 3: accuracy=0.9125  F1(w/m)=0.9124/0.9116  CE=0.3380  epochs=13  

===== Fold 4/5  22:55:49 =====
Class weights (balanced): Human-written=0.910  V5=1.109
Epoch 1/20
80/80 - 10s - 130ms/step - accuracy: 0.7445 - ce: 0.5338 - loss: 0.5865 - val_accuracy: 0.7621 - val_ce: 0.5152 - val_loss: 0.5589 - learning_rate: 1.0000e-04
Epoch 2/20
80/80 - 3s - 37ms/step - accuracy: 0.8352 - ce: 0.3956 - loss: 0.4361 - val_accuracy: 0.8546 - val_ce: 0.3720 - val_loss: 0.4093 - learning_rate: 1.0000e-04
Epoch 3/20
80/80 - 3s - 36ms/step - accuracy: 0.8680 - ce: 0.3160 - loss: 0.3523 - val_accuracy: 0.8414 - val_ce: 0.3818 - val_loss: 0.4138 - learning_rate: 1.0000e-04
Epoch 4/20

Epoch 4: ReduceLROnPlateau reducing learning rate to 4.999999873689376e-05.
80/80 - 3s - 36ms/step - accuracy: 0.8883 - ce: 0.2802 - loss: 0.3138 - val_accuracy: 0.7181 - val_ce: 0.6714 - val_loss: 0.6996 - learning_rate: 1.0000e-04
Epoch 5/20
80/80 - 3s - 37ms/step - accuracy: 0.9367 - ce: 0.1820 - loss: 0.2118 - val_accuracy: 0.8722 - val_ce: 0.4244 - val_loss: 0.4509 - learning_rate: 5.0000e-05
Epoch 6/20

Epoch 6: ReduceLROnPlateau reducing learning rate to 2.499999936844688e-05.
80/80 - 3s - 37ms/step - accuracy: 0.9281 - ce: 0.1871 - loss: 0.2115 - val_accuracy: 0.8722 - val_ce: 0.4467 - val_loss: 0.4719 - learning_rate: 5.0000e-05
Fold 4: accuracy=0.8647  F1(w/m)=0.8649/0.8639  CE=0.3370  epochs=6  

===== Fold 5/5  22:56:20 =====
Class weights (balanced): Human-written=0.911  V5=1.108
Epoch 1/20
81/81 - 14s - 179ms/step - accuracy: 0.7502 - ce: 0.4995 - loss: 0.5518 - val_accuracy: 0.8106 - val_ce: 0.4270 - val_loss: 0.4711 - learning_rate: 1.0000e-04
Epoch 2/20
81/81 - 3s - 37ms/step - accuracy: 0.8283 - ce: 0.4015 - loss: 0.4437 - val_accuracy: 0.8370 - val_ce: 0.3692 - val_loss: 0.4078 - learning_rate: 1.0000e-04
Epoch 3/20
81/81 - 3s - 38ms/step - accuracy: 0.8767 - ce: 0.3274 - loss: 0.3671 - val_accuracy: 0.8811 - val_ce: 0.3411 - val_loss: 0.3752 - learning_rate: 1.0000e-04
Epoch 4/20
81/81 - 3s - 36ms/step - accuracy: 0.9048 - ce: 0.2545 - loss: 0.2894 - val_accuracy: 0.8634 - val_ce: 0.3949 - val_loss: 0.4255 - learning_rate: 1.0000e-04
Epoch 5/20

Epoch 5: ReduceLROnPlateau reducing learning rate to 4.999999873689376e-05.
81/81 - 3s - 37ms/step - accuracy: 0.9235 - ce: 0.2213 - loss: 0.2526 - val_accuracy: 0.8282 - val_ce: 0.5120 - val_loss: 0.5400 - learning_rate: 1.0000e-04
Epoch 6/20
81/81 - 3s - 37ms/step - accuracy: 0.9454 - ce: 0.1533 - loss: 0.1828 - val_accuracy: 0.8855 - val_ce: 0.3942 - val_loss: 0.4210 - learning_rate: 5.0000e-05
Epoch 7/20

Epoch 7: ReduceLROnPlateau reducing learning rate to 2.499999936844688e-05.
81/81 - 3s - 37ms/step - accuracy: 0.9516 - ce: 0.1365 - loss: 0.1614 - val_accuracy: 0.8811 - val_ce: 0.4133 - val_loss: 0.4389 - learning_rate: 5.0000e-05
Fold 5: accuracy=0.8803  F1(w/m)=0.8805/0.8796  CE=0.3508  epochs=7  

CV mean ± std:
  accuracy               0.8880 ± 0.0190
  balanced_accuracy      0.8872 ± 0.0180
  mcc                    0.7745 ± 0.0377
  cross_entropy          0.3192 ± 0.0316
  roc_auc                0.9474 ± 0.0159
  precision_macro        0.8873 ± 0.0198
  recall_macro           0.8872 ± 0.0180
  f1_macro               0.8870 ± 0.0189
  precision_micro        0.8880 ± 0.0190
  recall_micro           0.8880 ± 0.0190
  f1_micro               0.8880 ± 0.0190
  precision_weighted     0.8886 ± 0.0186
  recall_weighted        0.8880 ± 0.0190
  f1_weighted            0.8880 ± 0.0189

===== Final training  22:56:59 =====
Class weights (balanced): Human-written=0.910  V5=1.109
Epoch 1/20
97/97 - 19s - 198ms/step - accuracy: 0.7595 - ce: 0.5194 - loss: 0.5712 - val_accuracy: 0.8438 - val_ce: 0.3783 - val_loss: 0.4196 - learning_rate: 1.0000e-04
Epoch 2/20
97/97 - 4s - 37ms/step - accuracy: 0.8324 - ce: 0.3994 - loss: 0.4335 - val_accuracy: 0.8739 - val_ce: 0.3136 - val_loss: 0.3477 - learning_rate: 1.0000e-04
Epoch 3/20
97/97 - 4s - 37ms/step - accuracy: 0.8704 - ce: 0.3370 - loss: 0.3682 - val_accuracy: 0.8529 - val_ce: 0.3759 - val_loss: 0.4045 - learning_rate: 1.0000e-04
Epoch 4/20
97/97 - 4s - 37ms/step - accuracy: 0.8936 - ce: 0.2594 - loss: 0.2877 - val_accuracy: 0.9129 - val_ce: 0.2420 - val_loss: 0.2668 - learning_rate: 1.0000e-04
Epoch 5/20
97/97 - 4s - 37ms/step - accuracy: 0.9136 - ce: 0.2147 - loss: 0.2419 - val_accuracy: 0.9099 - val_ce: 0.2333 - val_loss: 0.2555 - learning_rate: 1.0000e-04
Epoch 6/20
97/97 - 4s - 36ms/step - accuracy: 0.9213 - ce: 0.1933 - loss: 0.2162 - val_accuracy: 0.9009 - val_ce: 0.2497 - val_loss: 0.2702 - learning_rate: 1.0000e-04
Epoch 7/20

Epoch 7: ReduceLROnPlateau reducing learning rate to 4.999999873689376e-05.
97/97 - 3s - 36ms/step - accuracy: 0.9310 - ce: 0.2033 - loss: 0.2231 - val_accuracy: 0.9129 - val_ce: 0.2545 - val_loss: 0.2737 - learning_rate: 1.0000e-04
Epoch 8/20
97/97 - 4s - 36ms/step - accuracy: 0.9710 - ce: 0.0884 - loss: 0.1081 - val_accuracy: 0.9129 - val_ce: 0.2649 - val_loss: 0.2836 - learning_rate: 5.0000e-05
Epoch 9/20

Epoch 9: ReduceLROnPlateau reducing learning rate to 2.499999936844688e-05.
97/97 - 4s - 36ms/step - accuracy: 0.9832 - ce: 0.0577 - loss: 0.0777 - val_accuracy: 0.8949 - val_ce: 0.3196 - val_loss: 0.3378 - learning_rate: 5.0000e-05
               precision    recall  f1-score   support

Human-written     0.9341    0.9290    0.9315       183
           V5     0.9139    0.9200    0.9169       150

     accuracy                         0.9249       333
    macro avg     0.9240    0.9245    0.9242       333
 weighted avg     0.9250    0.9249    0.9249       333

Class distribution all  : {'Human-written': 1218, 'V5': 999}  ratio {'Human-written': 0.5494, 'V5': 0.4506}
Class distribution train: {'Human-written': 852, 'V5': 699}  ratio {'Human-written': 0.5493, 'V5': 0.4507}
Class distribution val  : {'Human-written': 183, 'V5': 150}  ratio {'Human-written': 0.5495, 'V5': 0.4505}
Class distribution test : {'Human-written': 183, 'V5': 150}  ratio {'Human-written': 0.5495, 'V5': 0.4505}

subdataset14_screenshot_human_vs_v5_snippet_cv  VGG19 (sigmoid, dropout 0.1, lr 0.0001)
CV mean    acc=0.8880  F1 w/m/micro=0.8880/0.8870/0.8880  P_w=0.8886  R_w=0.8880  CE=0.3192  AUC=0.9474  MCC=0.7745
VALIDATION acc=0.9099  F1 w/m/micro=0.9091/0.9077/0.9099  P_w=0.9139  R_w=0.9099  CE=0.2333  AUC=0.9684  MCC=0.8211
TEST       acc=0.9249  F1 w/m/micro=0.9249/0.9242/0.9249  P_w=0.9250  R_w=0.9249  CE=0.1813  AUC=0.9779  MCC=0.8485
TEST 95% CI: accuracy=[0.8979, 0.9520]  f1_weighted=[0.8978, 0.9518]  f1_macro=[0.8962, 0.9500]  mcc=[0.7926, 0.8999]  balanced_accuracy=[0.8960, 0.9507]
Outputs: Experiments/subdataset14/Snippet-Level Split/results/subdataset14_screenshot_human_vs_v5_snippet_cv
2026-10-02 22:57:59 FINISHED
