
====================================================================================================
2026-10-02 20:49:54  subdataset14_screenshot_6class_group_cv  (config hash 82d426f86d9b)
Data    : Data/Subdataset_14
Classes : ['Human-written', 'V1', 'V2', 'V3', 'V4', 'V5']   Split: Group-Based Split
Model   : VGG19  activation=relu  dropout=0.2  lr=0.0001  trained=base from block5_* on  preprocessing=caffe  L2=0.0001
Training: at most 20 epochs, early stopping val_ce patience 4, batch 16, 320x320 (no cropping), mixed precision True
Output  : Experiments/subdataset14/Group-Based Split/results/subdataset14_screenshot_6class_group_cv
Human-written (label 0): 1218 images
V1  (label 1): 1433 images
V2  (label 2): 1350 images
V3  (label 3): 1157 images
V4  (label 4): 1019 images
V5  (label 5): 999 images
Total 7176 images
Groups: {'n_groups': 1257, 'groups_with_human_and_version': 1198, 'groups_with_all_classes': 729, 'human_only_groups': 6, 'groups_without_human': 53, 'match_ratio': 0.9530628480509149, 'groups_merged_by_content': 2}
CHECK 4: human/version pairs found with the simple rule 5443, in different groups 0
Files whose folder and version tag in the name do not match (data unchanged): 246
Train     :  5002 (69.7%)  Human-written=851 V1=989 V2=949 V3=804 V4=707 V5=702
Validation:  1061 (14.8%)  Human-written=184 V1=214 V2=206 V3=172 V4=143 V5=142
Test      :  1113 (15.5%)  Human-written=183 V1=230 V2=195 V3=181 V4=169 V5=155
Fold 1: train=4794 (Human-written=828 V1=944 V2=917 V3=767 V4=672 V5=666)  evaluation=1269 (Human-written=207 V1=259 V2=238 V3=209 V4=178 V5=178)
Fold 2: train=4889 (Human-written=827 V1=979 V2=935 V3=787 V4=684 V5=677)  evaluation=1174 (Human-written=208 V1=224 V2=220 V3=189 V4=166 V5=167)
Fold 3: train=4869 (Human-written=831 V1=968 V2=921 V3=785 V4=686 V5=678)  evaluation=1194 (Human-written=204 V1=235 V2=234 V3=191 V4=164 V5=166)
Fold 4: train=4839 (Human-written=824 V1=965 V2=919 V3=780 V4=676 V5=675)  evaluation=1224 (Human-written=211 V1=238 V2=236 V3=196 V4=174 V5=169)
Fold 5: train=4861 (Human-written=830 V1=956 V2=928 V3=785 V4=682 V5=680)  evaluation=1202 (Human-written=205 V1=247 V2=227 V3=191 V4=168 V5=164)
Leakage check PASSED.
TensorFlow 2.20.0 | GPU: [PhysicalDevice(name='/physical_device:GPU:0', device_type='GPU')]
Mixed precision: mixed_float16 (output layer float32)
Images loaded: 7176, 2.2 GB, 6 s

===== Fold 1/5  20:50:04 =====
Class weights (balanced): Human-written=0.981  V1=0.847  V2=0.860  V3=1.037  V4=1.184  V5=1.207
Fold 1: accuracy=nan  F1(w/m)=nan/nan  CE=nan  epochs=-  InternalError: {{function_node __wrapped__Cast_device_/job:localhost/replica:0/task:0/device:GPU:0}} 'cuLaunchKernel(function, gridX, gridY, gridZ, blockX, blockY, blockZ, 0, reinterpret_cast<CUstream>(stream), params, nullptr)' failed with 'CUDA_ERROR_INVALID_HANDLE' [Op:Cast] name: 

===== Fold 2/5  20:50:05 =====
Class weights (balanced): Human-written=0.984  V1=0.841  V2=0.872  V3=1.034  V4=1.177  V5=1.205
Fold 2: accuracy=nan  F1(w/m)=nan/nan  CE=nan  epochs=-  InternalError: {{function_node __wrapped__Cast_device_/job:localhost/replica:0/task:0/device:GPU:0}} 'cuLaunchKernel(function, gridX, gridY, gridZ, blockX, blockY, blockZ, 0, reinterpret_cast<CUstream>(stream), params, nullptr)' failed with 'CUDA_ERROR_INVALID_HANDLE' [Op:Cast] name: 

===== Fold 3/5  20:50:05 =====
Class weights (balanced): Human-written=0.971  V1=0.839  V2=0.879  V3=1.044  V4=1.183  V5=1.193
Fold 3: accuracy=nan  F1(w/m)=nan/nan  CE=nan  epochs=-  InternalError: {{function_node __wrapped__Cast_device_/job:localhost/replica:0/task:0/device:GPU:0}} 'cuLaunchKernel(function, gridX, gridY, gridZ, blockX, blockY, blockZ, 0, reinterpret_cast<CUstream>(stream), params, nullptr)' failed with 'CUDA_ERROR_INVALID_HANDLE' [Op:Cast] name: 

===== Fold 4/5  20:50:06 =====
Class weights (balanced): Human-written=0.961  V1=0.840  V2=0.889  V3=1.034  V4=1.195  V5=1.191
Fold 4: accuracy=nan  F1(w/m)=nan/nan  CE=nan  epochs=-  InternalError: {{function_node __wrapped__Cast_device_/job:localhost/replica:0/task:0/device:GPU:0}} 'cuLaunchKernel(function, gridX, gridY, gridZ, blockX, blockY, blockZ, 0, reinterpret_cast<CUstream>(stream), params, nullptr)' failed with 'CUDA_ERROR_INVALID_HANDLE' [Op:Cast] name: 

===== Fold 5/5  20:50:07 =====
Class weights (balanced): Human-written=0.988  V1=0.854  V2=0.874  V3=1.029  V4=1.167  V5=1.185
Fold 5: accuracy=nan  F1(w/m)=nan/nan  CE=nan  epochs=-  InternalError: {{function_node __wrapped__Cast_device_/job:localhost/replica:0/task:0/device:GPU:0}} 'cuLaunchKernel(function, gridX, gridY, gridZ, blockX, blockY, blockZ, 0, reinterpret_cast<CUstream>(stream), params, nullptr)' failed with 'CUDA_ERROR_INVALID_HANDLE' [Op:Cast] name: 
Traceback (most recent call last):
  File "Experiments/subdataset14/Group-Based Split/subdataset14_screenshot_6class_group_cv.py", line 653, in <module>
    assert len(cv) == CV_FOLDS, f"not all {CV_FOLDS} folds are complete ({len(cv)}); run the script again (it resumes from the missing fold)."
           ^^^^^^^^^^^^^^^^^^^
AssertionError: not all 5 folds are complete (0); run the script again (it resumes from the missing fold).

====================================================================================================
2026-10-02 20:50:09  subdataset14_screenshot_6class_group_cv  (config hash 82d426f86d9b)
Data    : Data/Subdataset_14
Classes : ['Human-written', 'V1', 'V2', 'V3', 'V4', 'V5']   Split: Group-Based Split
Model   : VGG19  activation=relu  dropout=0.2  lr=0.0001  trained=base from block5_* on  preprocessing=caffe  L2=0.0001
Training: at most 20 epochs, early stopping val_ce patience 4, batch 16, 320x320 (no cropping), mixed precision True
Output  : Experiments/subdataset14/Group-Based Split/results/subdataset14_screenshot_6class_group_cv
Human-written (label 0): 1218 images
V1  (label 1): 1433 images
V2  (label 2): 1350 images
V3  (label 3): 1157 images
V4  (label 4): 1019 images
V5  (label 5): 999 images
Total 7176 images
Groups: {'n_groups': 1257, 'groups_with_human_and_version': 1198, 'groups_with_all_classes': 729, 'human_only_groups': 6, 'groups_without_human': 53, 'match_ratio': 0.9530628480509149, 'groups_merged_by_content': 2}
CHECK 4: human/version pairs found with the simple rule 5443, in different groups 0
Files whose folder and version tag in the name do not match (data unchanged): 246
Train     :  5002 (69.7%)  Human-written=851 V1=989 V2=949 V3=804 V4=707 V5=702
Validation:  1061 (14.8%)  Human-written=184 V1=214 V2=206 V3=172 V4=143 V5=142
Test      :  1113 (15.5%)  Human-written=183 V1=230 V2=195 V3=181 V4=169 V5=155
Fold 1: train=4794 (Human-written=828 V1=944 V2=917 V3=767 V4=672 V5=666)  evaluation=1269 (Human-written=207 V1=259 V2=238 V3=209 V4=178 V5=178)
Fold 2: train=4889 (Human-written=827 V1=979 V2=935 V3=787 V4=684 V5=677)  evaluation=1174 (Human-written=208 V1=224 V2=220 V3=189 V4=166 V5=167)
Fold 3: train=4869 (Human-written=831 V1=968 V2=921 V3=785 V4=686 V5=678)  evaluation=1194 (Human-written=204 V1=235 V2=234 V3=191 V4=164 V5=166)
Fold 4: train=4839 (Human-written=824 V1=965 V2=919 V3=780 V4=676 V5=675)  evaluation=1224 (Human-written=211 V1=238 V2=236 V3=196 V4=174 V5=169)
Fold 5: train=4861 (Human-written=830 V1=956 V2=928 V3=785 V4=682 V5=680)  evaluation=1202 (Human-written=205 V1=247 V2=227 V3=191 V4=168 V5=164)
Leakage check PASSED.
TensorFlow 2.20.0 | GPU: [PhysicalDevice(name='/physical_device:GPU:0', device_type='GPU')]
Mixed precision: mixed_float16 (output layer float32)
Images loaded: 7176, 2.2 GB, 6 s
Previously completed folds: [] (will be skipped)

===== Fold 1/5  20:50:19 =====
Class weights (balanced): Human-written=0.981  V1=0.847  V2=0.860  V3=1.037  V4=1.184  V5=1.207
Fold 1: accuracy=nan  F1(w/m)=nan/nan  CE=nan  epochs=-  InternalError: {{function_node __wrapped__Cast_device_/job:localhost/replica:0/task:0/device:GPU:0}} 'cuLaunchKernel(function, gridX, gridY, gridZ, blockX, blockY, blockZ, 0, reinterpret_cast<CUstream>(stream), params, nullptr)' failed with 'CUDA_ERROR_INVALID_HANDLE' [Op:Cast] name: 

===== Fold 2/5  20:50:20 =====
Class weights (balanced): Human-written=0.984  V1=0.841  V2=0.872  V3=1.034  V4=1.177  V5=1.205
Fold 2: accuracy=nan  F1(w/m)=nan/nan  CE=nan  epochs=-  InternalError: {{function_node __wrapped__Cast_device_/job:localhost/replica:0/task:0/device:GPU:0}} 'cuLaunchKernel(function, gridX, gridY, gridZ, blockX, blockY, blockZ, 0, reinterpret_cast<CUstream>(stream), params, nullptr)' failed with 'CUDA_ERROR_INVALID_HANDLE' [Op:Cast] name: 

===== Fold 3/5  20:50:20 =====
Class weights (balanced): Human-written=0.971  V1=0.839  V2=0.879  V3=1.044  V4=1.183  V5=1.193
Fold 3: accuracy=nan  F1(w/m)=nan/nan  CE=nan  epochs=-  InternalError: {{function_node __wrapped__Cast_device_/job:localhost/replica:0/task:0/device:GPU:0}} 'cuLaunchKernel(function, gridX, gridY, gridZ, blockX, blockY, blockZ, 0, reinterpret_cast<CUstream>(stream), params, nullptr)' failed with 'CUDA_ERROR_INVALID_HANDLE' [Op:Cast] name: 

===== Fold 4/5  20:50:21 =====
Class weights (balanced): Human-written=0.961  V1=0.840  V2=0.889  V3=1.034  V4=1.195  V5=1.191
Fold 4: accuracy=nan  F1(w/m)=nan/nan  CE=nan  epochs=-  InternalError: {{function_node __wrapped__Cast_device_/job:localhost/replica:0/task:0/device:GPU:0}} 'cuLaunchKernel(function, gridX, gridY, gridZ, blockX, blockY, blockZ, 0, reinterpret_cast<CUstream>(stream), params, nullptr)' failed with 'CUDA_ERROR_INVALID_HANDLE' [Op:Cast] name: 

===== Fold 5/5  20:50:22 =====
Class weights (balanced): Human-written=0.988  V1=0.854  V2=0.874  V3=1.029  V4=1.167  V5=1.185
Fold 5: accuracy=nan  F1(w/m)=nan/nan  CE=nan  epochs=-  InternalError: {{function_node __wrapped__Cast_device_/job:localhost/replica:0/task:0/device:GPU:0}} 'cuLaunchKernel(function, gridX, gridY, gridZ, blockX, blockY, blockZ, 0, reinterpret_cast<CUstream>(stream), params, nullptr)' failed with 'CUDA_ERROR_INVALID_HANDLE' [Op:Cast] name: 
Traceback (most recent call last):
  File "Experiments/subdataset14/Group-Based Split/subdataset14_screenshot_6class_group_cv.py", line 653, in <module>
    assert len(cv) == CV_FOLDS, f"not all {CV_FOLDS} folds are complete ({len(cv)}); run the script again (it resumes from the missing fold)."
           ^^^^^^^^^^^^^^^^^^^
AssertionError: not all 5 folds are complete (0); run the script again (it resumes from the missing fold).

====================================================================================================
2026-10-02 20:50:24  subdataset14_screenshot_6class_group_cv  (config hash 82d426f86d9b)
Data    : Data/Subdataset_14
Classes : ['Human-written', 'V1', 'V2', 'V3', 'V4', 'V5']   Split: Group-Based Split
Model   : VGG19  activation=relu  dropout=0.2  lr=0.0001  trained=base from block5_* on  preprocessing=caffe  L2=0.0001
Training: at most 20 epochs, early stopping val_ce patience 4, batch 16, 320x320 (no cropping), mixed precision True
Output  : Experiments/subdataset14/Group-Based Split/results/subdataset14_screenshot_6class_group_cv
Human-written (label 0): 1218 images
V1  (label 1): 1433 images
V2  (label 2): 1350 images
V3  (label 3): 1157 images
V4  (label 4): 1019 images
V5  (label 5): 999 images
Total 7176 images
Groups: {'n_groups': 1257, 'groups_with_human_and_version': 1198, 'groups_with_all_classes': 729, 'human_only_groups': 6, 'groups_without_human': 53, 'match_ratio': 0.9530628480509149, 'groups_merged_by_content': 2}
CHECK 4: human/version pairs found with the simple rule 5443, in different groups 0
Files whose folder and version tag in the name do not match (data unchanged): 246
Train     :  5002 (69.7%)  Human-written=851 V1=989 V2=949 V3=804 V4=707 V5=702
Validation:  1061 (14.8%)  Human-written=184 V1=214 V2=206 V3=172 V4=143 V5=142
Test      :  1113 (15.5%)  Human-written=183 V1=230 V2=195 V3=181 V4=169 V5=155
Fold 1: train=4794 (Human-written=828 V1=944 V2=917 V3=767 V4=672 V5=666)  evaluation=1269 (Human-written=207 V1=259 V2=238 V3=209 V4=178 V5=178)
Fold 2: train=4889 (Human-written=827 V1=979 V2=935 V3=787 V4=684 V5=677)  evaluation=1174 (Human-written=208 V1=224 V2=220 V3=189 V4=166 V5=167)
Fold 3: train=4869 (Human-written=831 V1=968 V2=921 V3=785 V4=686 V5=678)  evaluation=1194 (Human-written=204 V1=235 V2=234 V3=191 V4=164 V5=166)
Fold 4: train=4839 (Human-written=824 V1=965 V2=919 V3=780 V4=676 V5=675)  evaluation=1224 (Human-written=211 V1=238 V2=236 V3=196 V4=174 V5=169)
Fold 5: train=4861 (Human-written=830 V1=956 V2=928 V3=785 V4=682 V5=680)  evaluation=1202 (Human-written=205 V1=247 V2=227 V3=191 V4=168 V5=164)
Leakage check PASSED.
TensorFlow 2.20.0 | GPU: [PhysicalDevice(name='/physical_device:GPU:0', device_type='GPU')]
Mixed precision: mixed_float16 (output layer float32)
Images loaded: 7176, 2.2 GB, 6 s
Previously completed folds: [] (will be skipped)

===== Fold 1/5  20:50:34 =====
Class weights (balanced): Human-written=0.981  V1=0.847  V2=0.860  V3=1.037  V4=1.184  V5=1.207
Fold 1: accuracy=nan  F1(w/m)=nan/nan  CE=nan  epochs=-  InternalError: {{function_node __wrapped__Cast_device_/job:localhost/replica:0/task:0/device:GPU:0}} 'cuLaunchKernel(function, gridX, gridY, gridZ, blockX, blockY, blockZ, 0, reinterpret_cast<CUstream>(stream), params, nullptr)' failed with 'CUDA_ERROR_INVALID_HANDLE' [Op:Cast] name: 

===== Fold 2/5  20:50:35 =====
Class weights (balanced): Human-written=0.984  V1=0.841  V2=0.872  V3=1.034  V4=1.177  V5=1.205
Fold 2: accuracy=nan  F1(w/m)=nan/nan  CE=nan  epochs=-  InternalError: {{function_node __wrapped__Cast_device_/job:localhost/replica:0/task:0/device:GPU:0}} 'cuLaunchKernel(function, gridX, gridY, gridZ, blockX, blockY, blockZ, 0, reinterpret_cast<CUstream>(stream), params, nullptr)' failed with 'CUDA_ERROR_INVALID_HANDLE' [Op:Cast] name: 

===== Fold 3/5  20:50:36 =====
Class weights (balanced): Human-written=0.971  V1=0.839  V2=0.879  V3=1.044  V4=1.183  V5=1.193
Fold 3: accuracy=nan  F1(w/m)=nan/nan  CE=nan  epochs=-  InternalError: {{function_node __wrapped__Cast_device_/job:localhost/replica:0/task:0/device:GPU:0}} 'cuLaunchKernel(function, gridX, gridY, gridZ, blockX, blockY, blockZ, 0, reinterpret_cast<CUstream>(stream), params, nullptr)' failed with 'CUDA_ERROR_INVALID_HANDLE' [Op:Cast] name: 

===== Fold 4/5  20:50:36 =====
Class weights (balanced): Human-written=0.961  V1=0.840  V2=0.889  V3=1.034  V4=1.195  V5=1.191
Fold 4: accuracy=nan  F1(w/m)=nan/nan  CE=nan  epochs=-  InternalError: {{function_node __wrapped__Cast_device_/job:localhost/replica:0/task:0/device:GPU:0}} 'cuLaunchKernel(function, gridX, gridY, gridZ, blockX, blockY, blockZ, 0, reinterpret_cast<CUstream>(stream), params, nullptr)' failed with 'CUDA_ERROR_INVALID_HANDLE' [Op:Cast] name: 

===== Fold 5/5  20:50:37 =====
Class weights (balanced): Human-written=0.988  V1=0.854  V2=0.874  V3=1.029  V4=1.167  V5=1.185
Fold 5: accuracy=nan  F1(w/m)=nan/nan  CE=nan  epochs=-  InternalError: {{function_node __wrapped__Cast_device_/job:localhost/replica:0/task:0/device:GPU:0}} 'cuLaunchKernel(function, gridX, gridY, gridZ, blockX, blockY, blockZ, 0, reinterpret_cast<CUstream>(stream), params, nullptr)' failed with 'CUDA_ERROR_INVALID_HANDLE' [Op:Cast] name: 
Traceback (most recent call last):
  File "Experiments/subdataset14/Group-Based Split/subdataset14_screenshot_6class_group_cv.py", line 653, in <module>
    assert len(cv) == CV_FOLDS, f"not all {CV_FOLDS} folds are complete ({len(cv)}); run the script again (it resumes from the missing fold)."
           ^^^^^^^^^^^^^^^^^^^
AssertionError: not all 5 folds are complete (0); run the script again (it resumes from the missing fold).

====================================================================================================
2026-10-02 22:58:05  subdataset14_screenshot_6class_group_cv  (config hash 82d426f86d9b)
Data    : Data/Subdataset_14
Classes : ['Human-written', 'V1', 'V2', 'V3', 'V4', 'V5']   Split: Group-Based Split
Model   : VGG19  activation=relu  dropout=0.2  lr=0.0001  trained=base from block5_* on  preprocessing=caffe  L2=0.0001
Training: at most 20 epochs, early stopping val_ce patience 4, batch 16, 320x320 (no cropping), mixed precision True
Output  : Experiments/subdataset14/Group-Based Split/results/subdataset14_screenshot_6class_group_cv
Human-written (label 0): 1218 images
V1  (label 1): 1433 images
V2  (label 2): 1350 images
V3  (label 3): 1157 images
V4  (label 4): 1019 images
V5  (label 5): 999 images
Total 7176 images
Groups: {'n_groups': 1257, 'groups_with_human_and_version': 1198, 'groups_with_all_classes': 729, 'human_only_groups': 6, 'groups_without_human': 53, 'match_ratio': 0.9530628480509149, 'groups_merged_by_content': 2}
CHECK 4: human/version pairs found with the simple rule 5443, in different groups 0
Files whose folder and version tag in the name do not match (data unchanged): 246
Train     :  5002 (69.7%)  Human-written=851 V1=989 V2=949 V3=804 V4=707 V5=702
Validation:  1061 (14.8%)  Human-written=184 V1=214 V2=206 V3=172 V4=143 V5=142
Test      :  1113 (15.5%)  Human-written=183 V1=230 V2=195 V3=181 V4=169 V5=155
Fold 1: train=4794 (Human-written=828 V1=944 V2=917 V3=767 V4=672 V5=666)  evaluation=1269 (Human-written=207 V1=259 V2=238 V3=209 V4=178 V5=178)
Fold 2: train=4889 (Human-written=827 V1=979 V2=935 V3=787 V4=684 V5=677)  evaluation=1174 (Human-written=208 V1=224 V2=220 V3=189 V4=166 V5=167)
Fold 3: train=4869 (Human-written=831 V1=968 V2=921 V3=785 V4=686 V5=678)  evaluation=1194 (Human-written=204 V1=235 V2=234 V3=191 V4=164 V5=166)
Fold 4: train=4839 (Human-written=824 V1=965 V2=919 V3=780 V4=676 V5=675)  evaluation=1224 (Human-written=211 V1=238 V2=236 V3=196 V4=174 V5=169)
Fold 5: train=4861 (Human-written=830 V1=956 V2=928 V3=785 V4=682 V5=680)  evaluation=1202 (Human-written=205 V1=247 V2=227 V3=191 V4=168 V5=164)
Leakage check PASSED.
TensorFlow 2.20.0 | GPU: [PhysicalDevice(name='/physical_device:GPU:0', device_type='GPU')]
Mixed precision: mixed_float16 (output layer float32)
Images loaded: 7176, 2.2 GB, 34 s
Previously completed folds: [] (will be skipped)

===== Fold 1/5  22:58:50 =====
Class weights (balanced): Human-written=0.981  V1=0.847  V2=0.860  V3=1.037  V4=1.184  V5=1.207
Model: base 22 layers, trained base layers 5 (first: block5_conv1); trained parameters 9,704,966 / 20,290,118
Epoch 1/20
258/258 - 27s - 103ms/step - accuracy: 0.2281 - ce: 1.7657 - loss: 1.8088 - val_accuracy: 0.2805 - val_ce: 1.6606 - val_loss: 1.6916 - learning_rate: 1.0000e-04
Epoch 2/20
258/258 - 8s - 32ms/step - accuracy: 0.2876 - ce: 1.6344 - loss: 1.6645 - val_accuracy: 0.2996 - val_ce: 1.5870 - val_loss: 1.6079 - learning_rate: 1.0000e-04
Epoch 3/20
258/258 - 8s - 32ms/step - accuracy: 0.3173 - ce: 1.5713 - loss: 1.5923 - val_accuracy: 0.2761 - val_ce: 1.6605 - val_loss: 1.6760 - learning_rate: 1.0000e-04
Epoch 4/20
258/258 - 8s - 32ms/step - accuracy: 0.3190 - ce: 1.5379 - loss: 1.5579 - val_accuracy: 0.3069 - val_ce: 1.5244 - val_loss: 1.5370 - learning_rate: 1.0000e-04
Epoch 5/20
258/258 - 8s - 32ms/step - accuracy: 0.3307 - ce: 1.5010 - loss: 1.5166 - val_accuracy: 0.3642 - val_ce: 1.5014 - val_loss: 1.5125 - learning_rate: 1.0000e-04
Epoch 6/20
258/258 - 8s - 32ms/step - accuracy: 0.3389 - ce: 1.4679 - loss: 1.4854 - val_accuracy: 0.3656 - val_ce: 1.4908 - val_loss: 1.5011 - learning_rate: 1.0000e-04
Epoch 7/20
258/258 - 8s - 32ms/step - accuracy: 0.3671 - ce: 1.4331 - loss: 1.4478 - val_accuracy: 0.3451 - val_ce: 1.4823 - val_loss: 1.4921 - learning_rate: 1.0000e-04
Epoch 8/20
258/258 - 8s - 32ms/step - accuracy: 0.3790 - ce: 1.3929 - loss: 1.4083 - val_accuracy: 0.3216 - val_ce: 1.5676 - val_loss: 1.5769 - learning_rate: 1.0000e-04
Epoch 9/20

Epoch 9: ReduceLROnPlateau reducing learning rate to 4.999999873689376e-05.
258/258 - 8s - 32ms/step - accuracy: 0.4119 - ce: 1.3505 - loss: 1.3669 - val_accuracy: 0.3524 - val_ce: 1.5350 - val_loss: 1.5440 - learning_rate: 1.0000e-04
Epoch 10/20
258/258 - 8s - 32ms/step - accuracy: 0.4585 - ce: 1.2369 - loss: 1.2553 - val_accuracy: 0.3627 - val_ce: 1.6041 - val_loss: 1.6129 - learning_rate: 5.0000e-05
Epoch 11/20

Epoch 11: ReduceLROnPlateau reducing learning rate to 2.499999936844688e-05.
258/258 - 8s - 32ms/step - accuracy: 0.4999 - ce: 1.1435 - loss: 1.1624 - val_accuracy: 0.3539 - val_ce: 1.7808 - val_loss: 1.7895 - learning_rate: 5.0000e-05
/usr/local/lib/python3.13/dist-packages/sklearn/metrics/_classification.py:3001: UserWarning: The y_pred values do not sum to one. Make sure to pass probabilities.
  warnings.warn(
/usr/local/lib/python3.13/dist-packages/sklearn/metrics/_classification.py:3001: UserWarning: The y_pred values do not sum to one. Make sure to pass probabilities.
  warnings.warn(
Fold 1: accuracy=0.3436  F1(w/m)=0.3072/0.2976  CE=1.5202  epochs=11  

===== Fold 2/5  23:00:50 =====
Class weights (balanced): Human-written=0.984  V1=0.841  V2=0.872  V3=1.034  V4=1.177  V5=1.205
Epoch 1/20
259/259 - 20s - 77ms/step - accuracy: 0.2272 - ce: 1.7460 - loss: 1.7828 - val_accuracy: 0.2753 - val_ce: 1.6979 - val_loss: 1.7251 - learning_rate: 1.0000e-04
Epoch 2/20
259/259 - 8s - 32ms/step - accuracy: 0.2782 - ce: 1.6574 - loss: 1.6806 - val_accuracy: 0.3019 - val_ce: 1.5821 - val_loss: 1.6002 - learning_rate: 1.0000e-04
Epoch 3/20
259/259 - 8s - 32ms/step - accuracy: 0.3092 - ce: 1.5921 - loss: 1.6098 - val_accuracy: 0.3178 - val_ce: 1.5817 - val_loss: 1.5958 - learning_rate: 1.0000e-04
Epoch 4/20
259/259 - 8s - 32ms/step - accuracy: 0.3411 - ce: 1.5379 - loss: 1.5544 - val_accuracy: 0.3072 - val_ce: 1.6414 - val_loss: 1.6533 - learning_rate: 1.0000e-04
Epoch 5/20

Epoch 5: ReduceLROnPlateau reducing learning rate to 4.999999873689376e-05.
259/259 - 8s - 32ms/step - accuracy: 0.3580 - ce: 1.4850 - loss: 1.5001 - val_accuracy: 0.3245 - val_ce: 1.6087 - val_loss: 1.6194 - learning_rate: 1.0000e-04
Epoch 6/20
259/259 - 8s - 33ms/step - accuracy: 0.3713 - ce: 1.4236 - loss: 1.4392 - val_accuracy: 0.3378 - val_ce: 1.5706 - val_loss: 1.5809 - learning_rate: 5.0000e-05
Epoch 7/20
259/259 - 8s - 32ms/step - accuracy: 0.3870 - ce: 1.3770 - loss: 1.3909 - val_accuracy: 0.3364 - val_ce: 1.5863 - val_loss: 1.5963 - learning_rate: 5.0000e-05
Epoch 8/20

Epoch 8: ReduceLROnPlateau reducing learning rate to 2.499999936844688e-05.
259/259 - 8s - 32ms/step - accuracy: 0.4131 - ce: 1.3253 - loss: 1.3435 - val_accuracy: 0.3431 - val_ce: 1.5972 - val_loss: 1.6069 - learning_rate: 5.0000e-05
Epoch 9/20
259/259 - 8s - 32ms/step - accuracy: 0.4740 - ce: 1.2226 - loss: 1.2433 - val_accuracy: 0.3617 - val_ce: 1.7521 - val_loss: 1.7618 - learning_rate: 2.5000e-05
Epoch 10/20

Epoch 10: ReduceLROnPlateau reducing learning rate to 1.249999968422344e-05.
259/259 - 8s - 32ms/step - accuracy: 0.5059 - ce: 1.1431 - loss: 1.1648 - val_accuracy: 0.3511 - val_ce: 1.9358 - val_loss: 1.9454 - learning_rate: 2.5000e-05
/usr/local/lib/python3.13/dist-packages/sklearn/metrics/_classification.py:3001: UserWarning: The y_pred values do not sum to one. Make sure to pass probabilities.
  warnings.warn(
/usr/local/lib/python3.13/dist-packages/sklearn/metrics/_classification.py:3001: UserWarning: The y_pred values do not sum to one. Make sure to pass probabilities.
  warnings.warn(
Fold 2: accuracy=0.3382  F1(w/m)=0.2985/0.2934  CE=1.4869  epochs=10  

===== Fold 3/5  23:02:34 =====
Class weights (balanced): Human-written=0.971  V1=0.839  V2=0.879  V3=1.044  V4=1.183  V5=1.193
Epoch 1/20
257/257 - 25s - 97ms/step - accuracy: 0.2303 - ce: 1.7670 - loss: 1.8064 - val_accuracy: 0.2559 - val_ce: 1.6988 - val_loss: 1.7263 - learning_rate: 1.0000e-04
Epoch 2/20
257/257 - 8s - 33ms/step - accuracy: 0.2630 - ce: 1.6930 - loss: 1.7176 - val_accuracy: 0.2311 - val_ce: 1.7484 - val_loss: 1.7657 - learning_rate: 1.0000e-04
Epoch 3/20
257/257 - 8s - 33ms/step - accuracy: 0.2871 - ce: 1.6340 - loss: 1.6513 - val_accuracy: 0.3355 - val_ce: 1.5413 - val_loss: 1.5545 - learning_rate: 1.0000e-04
Epoch 4/20
257/257 - 8s - 33ms/step - accuracy: 0.3129 - ce: 1.5717 - loss: 1.5903 - val_accuracy: 0.3303 - val_ce: 1.5549 - val_loss: 1.5661 - learning_rate: 1.0000e-04
Epoch 5/20
257/257 - 8s - 33ms/step - accuracy: 0.3307 - ce: 1.5130 - loss: 1.5309 - val_accuracy: 0.3446 - val_ce: 1.4811 - val_loss: 1.4914 - learning_rate: 1.0000e-04
Epoch 6/20
257/257 - 8s - 33ms/step - accuracy: 0.3556 - ce: 1.4819 - loss: 1.4975 - val_accuracy: 0.3433 - val_ce: 1.4717 - val_loss: 1.4815 - learning_rate: 1.0000e-04
Epoch 7/20
257/257 - 8s - 33ms/step - accuracy: 0.3739 - ce: 1.4376 - loss: 1.4547 - val_accuracy: 0.3538 - val_ce: 1.4544 - val_loss: 1.4638 - learning_rate: 1.0000e-04
Epoch 8/20
257/257 - 8s - 33ms/step - accuracy: 0.3929 - ce: 1.3895 - loss: 1.4073 - val_accuracy: 0.3551 - val_ce: 1.4655 - val_loss: 1.4746 - learning_rate: 1.0000e-04
Epoch 9/20

Epoch 9: ReduceLROnPlateau reducing learning rate to 4.999999873689376e-05.
257/257 - 8s - 32ms/step - accuracy: 0.4143 - ce: 1.3383 - loss: 1.3572 - val_accuracy: 0.3420 - val_ce: 1.5044 - val_loss: 1.5133 - learning_rate: 1.0000e-04
Epoch 10/20
257/257 - 8s - 33ms/step - accuracy: 0.4643 - ce: 1.2305 - loss: 1.2513 - val_accuracy: 0.3525 - val_ce: 1.5899 - val_loss: 1.5987 - learning_rate: 5.0000e-05
Epoch 11/20

Epoch 11: ReduceLROnPlateau reducing learning rate to 2.499999936844688e-05.
257/257 - 8s - 33ms/step - accuracy: 0.5048 - ce: 1.1332 - loss: 1.1555 - val_accuracy: 0.3486 - val_ce: 1.8299 - val_loss: 1.8386 - learning_rate: 5.0000e-05
/usr/local/lib/python3.13/dist-packages/sklearn/metrics/_classification.py:3001: UserWarning: The y_pred values do not sum to one. Make sure to pass probabilities.
  warnings.warn(
/usr/local/lib/python3.13/dist-packages/sklearn/metrics/_classification.py:3001: UserWarning: The y_pred values do not sum to one. Make sure to pass probabilities.
  warnings.warn(
Fold 3: accuracy=0.3693  F1(w/m)=0.3375/0.3205  CE=1.4617  epochs=11  

===== Fold 4/5  23:04:32 =====
Class weights (balanced): Human-written=0.961  V1=0.840  V2=0.889  V3=1.034  V4=1.195  V5=1.191
Epoch 1/20
254/254 - 23s - 91ms/step - accuracy: 0.2302 - ce: 1.7398 - loss: 1.7794 - val_accuracy: 0.2766 - val_ce: 1.6692 - val_loss: 1.6990 - learning_rate: 1.0000e-04
Epoch 2/20
254/254 - 8s - 33ms/step - accuracy: 0.2896 - ce: 1.6586 - loss: 1.6858 - val_accuracy: 0.2843 - val_ce: 1.6226 - val_loss: 1.6424 - learning_rate: 1.0000e-04
Epoch 3/20
254/254 - 8s - 33ms/step - accuracy: 0.2982 - ce: 1.5967 - loss: 1.6177 - val_accuracy: 0.3163 - val_ce: 1.5590 - val_loss: 1.5735 - learning_rate: 1.0000e-04
Epoch 4/20
254/254 - 8s - 33ms/step - accuracy: 0.3191 - ce: 1.5351 - loss: 1.5562 - val_accuracy: 0.2817 - val_ce: 1.6342 - val_loss: 1.6462 - learning_rate: 1.0000e-04
Epoch 5/20
254/254 - 8s - 33ms/step - accuracy: 0.3435 - ce: 1.4813 - loss: 1.4995 - val_accuracy: 0.3444 - val_ce: 1.5114 - val_loss: 1.5221 - learning_rate: 1.0000e-04
Epoch 6/20
254/254 - 8s - 33ms/step - accuracy: 0.3593 - ce: 1.4320 - loss: 1.4507 - val_accuracy: 0.3111 - val_ce: 1.5645 - val_loss: 1.5744 - learning_rate: 1.0000e-04
Epoch 7/20

Epoch 7: ReduceLROnPlateau reducing learning rate to 4.999999873689376e-05.
254/254 - 8s - 33ms/step - accuracy: 0.3696 - ce: 1.4064 - loss: 1.4238 - val_accuracy: 0.3163 - val_ce: 1.5973 - val_loss: 1.6066 - learning_rate: 1.0000e-04
Epoch 8/20
254/254 - 8s - 33ms/step - accuracy: 0.4113 - ce: 1.3140 - loss: 1.3340 - val_accuracy: 0.3470 - val_ce: 1.5887 - val_loss: 1.5978 - learning_rate: 5.0000e-05
Epoch 9/20

Epoch 9: ReduceLROnPlateau reducing learning rate to 2.499999936844688e-05.
254/254 - 8s - 33ms/step - accuracy: 0.4460 - ce: 1.2467 - loss: 1.2690 - val_accuracy: 0.3547 - val_ce: 1.7461 - val_loss: 1.7550 - learning_rate: 5.0000e-05
/usr/local/lib/python3.13/dist-packages/sklearn/metrics/_classification.py:3001: UserWarning: The y_pred values do not sum to one. Make sure to pass probabilities.
  warnings.warn(
/usr/local/lib/python3.13/dist-packages/sklearn/metrics/_classification.py:3001: UserWarning: The y_pred values do not sum to one. Make sure to pass probabilities.
  warnings.warn(
Fold 4: accuracy=0.3456  F1(w/m)=0.3250/0.3086  CE=1.5205  epochs=9  

===== Fold 5/5  23:06:12 =====
Class weights (balanced): Human-written=0.988  V1=0.854  V2=0.874  V3=1.029  V4=1.167  V5=1.185
Epoch 1/20
261/261 - 22s - 85ms/step - accuracy: 0.2494 - ce: 1.7326 - loss: 1.7761 - val_accuracy: 0.3036 - val_ce: 1.5806 - val_loss: 1.6116 - learning_rate: 1.0000e-04
Epoch 2/20
261/261 - 9s - 33ms/step - accuracy: 0.2854 - ce: 1.6299 - loss: 1.6579 - val_accuracy: 0.2906 - val_ce: 1.5567 - val_loss: 1.5784 - learning_rate: 1.0000e-04
Epoch 3/20
261/261 - 9s - 33ms/step - accuracy: 0.3101 - ce: 1.5828 - loss: 1.6022 - val_accuracy: 0.3410 - val_ce: 1.5264 - val_loss: 1.5433 - learning_rate: 1.0000e-04
Epoch 4/20
261/261 - 8s - 32ms/step - accuracy: 0.3217 - ce: 1.5284 - loss: 1.5455 - val_accuracy: 0.3295 - val_ce: 1.5830 - val_loss: 1.5977 - learning_rate: 1.0000e-04
Epoch 5/20

Epoch 5: ReduceLROnPlateau reducing learning rate to 4.999999873689376e-05.
261/261 - 9s - 33ms/step - accuracy: 0.3368 - ce: 1.4995 - loss: 1.5182 - val_accuracy: 0.3281 - val_ce: 1.5302 - val_loss: 1.5436 - learning_rate: 1.0000e-04
Epoch 6/20
261/261 - 8s - 32ms/step - accuracy: 0.3680 - ce: 1.4251 - loss: 1.4415 - val_accuracy: 0.3165 - val_ce: 1.4911 - val_loss: 1.5040 - learning_rate: 5.0000e-05
Epoch 7/20
261/261 - 9s - 33ms/step - accuracy: 0.3682 - ce: 1.4037 - loss: 1.4195 - val_accuracy: 0.3367 - val_ce: 1.5342 - val_loss: 1.5467 - learning_rate: 5.0000e-05
Epoch 8/20

Epoch 8: ReduceLROnPlateau reducing learning rate to 2.499999936844688e-05.
261/261 - 9s - 33ms/step - accuracy: 0.3956 - ce: 1.3568 - loss: 1.3744 - val_accuracy: 0.3439 - val_ce: 1.4980 - val_loss: 1.5102 - learning_rate: 5.0000e-05
Epoch 9/20
261/261 - 9s - 33ms/step - accuracy: 0.4169 - ce: 1.3009 - loss: 1.3186 - val_accuracy: 0.3568 - val_ce: 1.5381 - val_loss: 1.5501 - learning_rate: 2.5000e-05
Epoch 10/20

Epoch 10: ReduceLROnPlateau reducing learning rate to 1.249999968422344e-05.
261/261 - 8s - 32ms/step - accuracy: 0.4522 - ce: 1.2433 - loss: 1.2624 - val_accuracy: 0.3626 - val_ce: 1.6282 - val_loss: 1.6401 - learning_rate: 2.5000e-05
/usr/local/lib/python3.13/dist-packages/sklearn/metrics/_classification.py:3001: UserWarning: The y_pred values do not sum to one. Make sure to pass probabilities.
  warnings.warn(
/usr/local/lib/python3.13/dist-packages/sklearn/metrics/_classification.py:3001: UserWarning: The y_pred values do not sum to one. Make sure to pass probabilities.
  warnings.warn(
Fold 5: accuracy=0.3153  F1(w/m)=0.2886/0.2849  CE=1.5236  epochs=10  

CV mean ± std:
  accuracy               0.3424 ± 0.0193
  balanced_accuracy      0.3324 ± 0.0094
  mcc                    0.2164 ± 0.0147
  cross_entropy          1.5026 ± 0.0273
  roc_auc                0.6960 ± 0.0081
  precision_macro        0.3302 ± 0.0200
  recall_macro           0.3324 ± 0.0094
  f1_macro               0.3010 ± 0.0139
  precision_micro        0.3424 ± 0.0193
  recall_micro           0.3424 ± 0.0193
  f1_micro               0.3424 ± 0.0193
  precision_weighted     0.3365 ± 0.0192
  recall_weighted        0.3424 ± 0.0193
  f1_weighted            0.3114 ± 0.0198

===== Final training  23:08:00 =====
Class weights (balanced): Human-written=0.980  V1=0.843  V2=0.878  V3=1.037  V4=1.179  V5=1.188
Epoch 1/20
313/313 - 23s - 75ms/step - accuracy: 0.2321 - ce: 1.7570 - loss: 1.7926 - val_accuracy: 0.3101 - val_ce: 1.6167 - val_loss: 1.6432 - learning_rate: 1.0000e-04
Epoch 2/20
313/313 - 10s - 33ms/step - accuracy: 0.2831 - ce: 1.6519 - loss: 1.6746 - val_accuracy: 0.3044 - val_ce: 1.6004 - val_loss: 1.6179 - learning_rate: 1.0000e-04
Epoch 3/20
313/313 - 10s - 33ms/step - accuracy: 0.3035 - ce: 1.5939 - loss: 1.6109 - val_accuracy: 0.3308 - val_ce: 1.5585 - val_loss: 1.5720 - learning_rate: 1.0000e-04
Epoch 4/20
313/313 - 10s - 33ms/step - accuracy: 0.3245 - ce: 1.5390 - loss: 1.5535 - val_accuracy: 0.3468 - val_ce: 1.5194 - val_loss: 1.5313 - learning_rate: 1.0000e-04
Epoch 5/20
313/313 - 10s - 33ms/step - accuracy: 0.3491 - ce: 1.4873 - loss: 1.5025 - val_accuracy: 0.3572 - val_ce: 1.4957 - val_loss: 1.5067 - learning_rate: 1.0000e-04
Epoch 6/20
313/313 - 10s - 33ms/step - accuracy: 0.3613 - ce: 1.4471 - loss: 1.4625 - val_accuracy: 0.3563 - val_ce: 1.4978 - val_loss: 1.5082 - learning_rate: 1.0000e-04
Epoch 7/20
313/313 - 10s - 33ms/step - accuracy: 0.3699 - ce: 1.4138 - loss: 1.4294 - val_accuracy: 0.3704 - val_ce: 1.4912 - val_loss: 1.5011 - learning_rate: 1.0000e-04
Epoch 8/20
313/313 - 10s - 33ms/step - accuracy: 0.3948 - ce: 1.3631 - loss: 1.3782 - val_accuracy: 0.3459 - val_ce: 1.7015 - val_loss: 1.7111 - learning_rate: 1.0000e-04
Epoch 9/20

Epoch 9: ReduceLROnPlateau reducing learning rate to 4.999999873689376e-05.
313/313 - 10s - 33ms/step - accuracy: 0.4212 - ce: 1.3117 - loss: 1.3295 - val_accuracy: 0.3374 - val_ce: 1.6116 - val_loss: 1.6209 - learning_rate: 1.0000e-04
Epoch 10/20
313/313 - 10s - 33ms/step - accuracy: 0.4834 - ce: 1.1919 - loss: 1.2130 - val_accuracy: 0.3421 - val_ce: 1.6295 - val_loss: 1.6387 - learning_rate: 5.0000e-05
Epoch 11/20

Epoch 11: ReduceLROnPlateau reducing learning rate to 2.499999936844688e-05.
313/313 - 10s - 33ms/step - accuracy: 0.5190 - ce: 1.0918 - loss: 1.1152 - val_accuracy: 0.3459 - val_ce: 1.7851 - val_loss: 1.7942 - learning_rate: 5.0000e-05
/usr/local/lib/python3.13/dist-packages/sklearn/metrics/_classification.py:3001: UserWarning: The y_pred values do not sum to one. Make sure to pass probabilities.
  warnings.warn(
/usr/local/lib/python3.13/dist-packages/sklearn/metrics/_classification.py:3001: UserWarning: The y_pred values do not sum to one. Make sure to pass probabilities.
  warnings.warn(
               precision    recall  f1-score   support

Human-written     0.7784    0.8251    0.8011       183
           V1     0.3991    0.4043    0.4017       230
           V2     0.2317    0.1949    0.2117       195
           V3     0.2570    0.6077    0.3612       181
           V4     0.2619    0.0651    0.1043       169
           V5     0.2885    0.0968    0.1449       155

     accuracy                         0.3756      1113
    macro avg     0.3694    0.3657    0.3375      1113
 weighted avg     0.3728    0.3756    0.3466      1113

Class distribution all  : {'Human-written': 1218, 'V1': 1433, 'V2': 1350, 'V3': 1157, 'V4': 1019, 'V5': 999}  ratio {'Human-written': 0.1697, 'V1': 0.1997, 'V2': 0.1881, 'V3': 0.1612, 'V4': 0.142, 'V5': 0.1392}
Class distribution train: {'Human-written': 851, 'V1': 989, 'V2': 949, 'V3': 804, 'V4': 707, 'V5': 702}  ratio {'Human-written': 0.1701, 'V1': 0.1977, 'V2': 0.1897, 'V3': 0.1607, 'V4': 0.1413, 'V5': 0.1403}
Class distribution val  : {'Human-written': 184, 'V1': 214, 'V2': 206, 'V3': 172, 'V4': 143, 'V5': 142}  ratio {'Human-written': 0.1734, 'V1': 0.2017, 'V2': 0.1942, 'V3': 0.1621, 'V4': 0.1348, 'V5': 0.1338}
Class distribution test : {'Human-written': 183, 'V1': 230, 'V2': 195, 'V3': 181, 'V4': 169, 'V5': 155}  ratio {'Human-written': 0.1644, 'V1': 0.2066, 'V2': 0.1752, 'V3': 0.1626, 'V4': 0.1518, 'V5': 0.1393}

subdataset14_screenshot_6class_group_cv  VGG19 (relu, dropout 0.2, lr 0.0001)
CV mean    acc=0.3424  F1 w/m/micro=0.3114/0.3010/0.3424  P_w=0.3365  R_w=0.3424  CE=1.5026  AUC=0.6960  MCC=0.2164
VALIDATION acc=0.3704  F1 w/m/micro=0.3442/0.3298/0.3704  P_w=0.3747  R_w=0.3704  CE=1.4912  AUC=0.7019  MCC=0.2444
TEST       acc=0.3756  F1 w/m/micro=0.3466/0.3375/0.3756  P_w=0.3728  R_w=0.3756  CE=1.4530  AUC=0.7232  MCC=0.2568
TEST 95% CI: accuracy=[0.3459, 0.4071]  f1_weighted=[0.3168, 0.3785]  f1_macro=[0.3120, 0.3637]  mcc=[0.2226, 0.2932]  balanced_accuracy=[0.3408, 0.3906]
Outputs: Experiments/subdataset14/Group-Based Split/results/subdataset14_screenshot_6class_group_cv
2026-10-02 23:10:22 FINISHED
