
====================================================================================================
2026-10-03 02:00:40  subdataset13_graph_6class_snippet_cv  (config hash 469b921f4488)
Data    : Data/Subdataset_13
Classes : ['Human-written', 'V1', 'V2', 'V3', 'V4', 'V5']   Split: Snippet-Level Split
Model   : DenseNet169  activation=tanh  dropout=0.2  lr=0.0001  trained=base from conv5_* on  preprocessing=torch  L2=0.0001
Training: at most 20 epochs, early stopping val_ce patience 4, batch 16, 320x320 (no cropping), mixed precision True
Output  : Experiments/subdataset13/Snippet-Level Split/results/subdataset13_graph_6class_snippet_cv
Human-written (label 0): 1629 images
V1  (label 1): 2272 images
V2  (label 2): 2178 images
V3  (label 3): 1976 images
V4  (label 4): 1913 images
V5  (label 5): 1794 images
Total 11762 images
Train     :  8232 (70.0%)  Human-written=1140 V1=1590 V2=1524 V3=1383 V4=1339 V5=1256
Validation:  1765 (15.0%)  Human-written=245 V1=341 V2=327 V3=296 V4=287 V5=269
Test      :  1765 (15.0%)  Human-written=244 V1=341 V2=327 V3=297 V4=287 V5=269
Fold 1: train=7997 (Human-written=1108 V1=1545 V2=1480 V3=1343 V4=1301 V5=1220)  evaluation=2000 (Human-written=277 V1=386 V2=371 V3=336 V4=325 V5=305)
Fold 2: train=7997 (Human-written=1108 V1=1544 V2=1481 V3=1343 V4=1301 V5=1220)  evaluation=2000 (Human-written=277 V1=387 V2=370 V3=336 V4=325 V5=305)
Fold 3: train=7998 (Human-written=1108 V1=1545 V2=1481 V3=1343 V4=1301 V5=1220)  evaluation=1999 (Human-written=277 V1=386 V2=370 V3=336 V4=325 V5=305)
Fold 4: train=7998 (Human-written=1108 V1=1545 V2=1481 V3=1343 V4=1301 V5=1220)  evaluation=1999 (Human-written=277 V1=386 V2=370 V3=336 V4=325 V5=305)
Fold 5: train=7998 (Human-written=1108 V1=1545 V2=1481 V3=1344 V4=1300 V5=1220)  evaluation=1999 (Human-written=277 V1=386 V2=370 V3=335 V4=326 V5=305)
Leakage check PASSED.
TensorFlow 2.20.0 | GPU: [PhysicalDevice(name='/physical_device:GPU:0', device_type='GPU')]
Mixed precision: mixed_float16 (output layer float32)
Images loaded: 11762, 3.6 GB, 14 s

===== Fold 1/5  02:00:58 =====
Class weights (balanced): Human-written=1.203  V1=0.863  V2=0.901  V3=0.993  V4=1.024  V5=1.092
Model: base 595 layers, trained base layers 226 (first: conv5_block1_0_bn); trained parameters 6,772,486 / 13,498,438
Epoch 1/20
425/425 - 289s - 679ms/step - accuracy: 0.1817 - ce: 1.9191 - loss: 1.9811 - val_accuracy: 0.2100 - val_ce: 1.8381 - val_loss: 1.8873 - learning_rate: 1.0000e-04
Epoch 2/20
425/425 - 20s - 47ms/step - accuracy: 0.2383 - ce: 1.7937 - loss: 1.8350 - val_accuracy: 0.1992 - val_ce: 1.7842 - val_loss: 1.8269 - learning_rate: 1.0000e-04
Epoch 3/20
425/425 - 20s - 46ms/step - accuracy: 0.3157 - ce: 1.6657 - loss: 1.7005 - val_accuracy: 0.1933 - val_ce: 1.9189 - val_loss: 1.9599 - learning_rate: 1.0000e-04
Epoch 4/20

Epoch 4: ReduceLROnPlateau reducing learning rate to 4.999999873689376e-05.
425/425 - 19s - 45ms/step - accuracy: 0.4605 - ce: 1.3696 - loss: 1.3984 - val_accuracy: 0.1892 - val_ce: 2.2069 - val_loss: 2.2470 - learning_rate: 1.0000e-04
Epoch 5/20
425/425 - 20s - 46ms/step - accuracy: 0.7971 - ce: 0.6410 - loss: 0.6674 - val_accuracy: 0.1933 - val_ce: 2.5736 - val_loss: 2.6135 - learning_rate: 5.0000e-05
Epoch 6/20

Epoch 6: ReduceLROnPlateau reducing learning rate to 2.499999936844688e-05.
425/425 - 20s - 46ms/step - accuracy: 0.9395 - ce: 0.2365 - loss: 0.2710 - val_accuracy: 0.1933 - val_ce: 3.2093 - val_loss: 3.2487 - learning_rate: 5.0000e-05
/usr/local/lib/python3.13/dist-packages/sklearn/metrics/_classification.py:3001: UserWarning: The y_pred values do not sum to one. Make sure to pass probabilities.
  warnings.warn(
/usr/local/lib/python3.13/dist-packages/sklearn/metrics/_classification.py:3001: UserWarning: The y_pred values do not sum to one. Make sure to pass probabilities.
  warnings.warn(
Fold 1: accuracy=0.2005  F1(w/m)=0.1728/0.1735  CE=1.7897  epochs=6  

===== Fold 2/5  02:07:57 =====
Class weights (balanced): Human-written=1.203  V1=0.863  V2=0.900  V3=0.993  V4=1.024  V5=1.092
Epoch 1/20
425/425 - 273s - 643ms/step - accuracy: 0.1836 - ce: 1.9383 - loss: 1.9983 - val_accuracy: 0.1850 - val_ce: 1.8422 - val_loss: 1.8914 - learning_rate: 1.0000e-04
Epoch 2/20
425/425 - 20s - 47ms/step - accuracy: 0.2510 - ce: 1.7784 - loss: 1.8215 - val_accuracy: 0.1983 - val_ce: 1.9278 - val_loss: 1.9704 - learning_rate: 1.0000e-04
Epoch 3/20

Epoch 3: ReduceLROnPlateau reducing learning rate to 4.999999873689376e-05.
425/425 - 20s - 47ms/step - accuracy: 0.3429 - ce: 1.6161 - loss: 1.6528 - val_accuracy: 0.2000 - val_ce: 2.0284 - val_loss: 2.0693 - learning_rate: 1.0000e-04
Epoch 4/20
425/425 - 20s - 47ms/step - accuracy: 0.6088 - ce: 1.0716 - loss: 1.1017 - val_accuracy: 0.1875 - val_ce: 2.2360 - val_loss: 2.2764 - learning_rate: 5.0000e-05
Epoch 5/20

Epoch 5: ReduceLROnPlateau reducing learning rate to 2.499999936844688e-05.
425/425 - 20s - 47ms/step - accuracy: 0.8307 - ce: 0.5610 - loss: 0.5910 - val_accuracy: 0.1875 - val_ce: 2.6728 - val_loss: 2.7128 - learning_rate: 5.0000e-05
/usr/local/lib/python3.13/dist-packages/sklearn/metrics/_classification.py:3001: UserWarning: The y_pred values do not sum to one. Make sure to pass probabilities.
  warnings.warn(
/usr/local/lib/python3.13/dist-packages/sklearn/metrics/_classification.py:3001: UserWarning: The y_pred values do not sum to one. Make sure to pass probabilities.
  warnings.warn(
Fold 2: accuracy=0.1860  F1(w/m)=0.1434/0.1473  CE=1.8226  epochs=5  

===== Fold 3/5  02:14:25 =====
Class weights (balanced): Human-written=1.203  V1=0.863  V2=0.900  V3=0.993  V4=1.024  V5=1.093
Epoch 1/20
425/425 - 282s - 664ms/step - accuracy: 0.1859 - ce: 1.9195 - loss: 1.9806 - val_accuracy: 0.2075 - val_ce: 1.7765 - val_loss: 1.8254 - learning_rate: 1.0000e-04
Epoch 2/20
425/425 - 20s - 48ms/step - accuracy: 0.2370 - ce: 1.7949 - loss: 1.8357 - val_accuracy: 0.1883 - val_ce: 1.8028 - val_loss: 1.8453 - learning_rate: 1.0000e-04
Epoch 3/20

Epoch 3: ReduceLROnPlateau reducing learning rate to 4.999999873689376e-05.
425/425 - 20s - 48ms/step - accuracy: 0.3195 - ce: 1.6556 - loss: 1.6909 - val_accuracy: 0.1983 - val_ce: 2.0247 - val_loss: 2.0654 - learning_rate: 1.0000e-04
Epoch 4/20
425/425 - 20s - 47ms/step - accuracy: 0.5759 - ce: 1.1547 - loss: 1.1828 - val_accuracy: 0.1925 - val_ce: 2.1948 - val_loss: 2.2350 - learning_rate: 5.0000e-05
Epoch 5/20

Epoch 5: ReduceLROnPlateau reducing learning rate to 2.499999936844688e-05.
425/425 - 20s - 47ms/step - accuracy: 0.8020 - ce: 0.6380 - loss: 0.6660 - val_accuracy: 0.1833 - val_ce: 2.6004 - val_loss: 2.6403 - learning_rate: 5.0000e-05
/usr/local/lib/python3.13/dist-packages/sklearn/metrics/_classification.py:3001: UserWarning: The y_pred values do not sum to one. Make sure to pass probabilities.
  warnings.warn(
/usr/local/lib/python3.13/dist-packages/sklearn/metrics/_classification.py:3001: UserWarning: The y_pred values do not sum to one. Make sure to pass probabilities.
  warnings.warn(
Fold 3: accuracy=0.2046  F1(w/m)=0.1893/0.1893  CE=1.7831  epochs=5  

===== Fold 4/5  02:21:29 =====
Class weights (balanced): Human-written=1.203  V1=0.863  V2=0.900  V3=0.993  V4=1.024  V5=1.093
Epoch 1/20
425/425 - 274s - 645ms/step - accuracy: 0.1821 - ce: 1.9276 - loss: 1.9886 - val_accuracy: 0.2283 - val_ce: 1.7821 - val_loss: 1.8315 - learning_rate: 1.0000e-04
Epoch 2/20
425/425 - 20s - 48ms/step - accuracy: 0.2424 - ce: 1.7895 - loss: 1.8309 - val_accuracy: 0.2142 - val_ce: 1.8073 - val_loss: 1.8499 - learning_rate: 1.0000e-04
Epoch 3/20

Epoch 3: ReduceLROnPlateau reducing learning rate to 4.999999873689376e-05.
425/425 - 20s - 48ms/step - accuracy: 0.3197 - ce: 1.6630 - loss: 1.6965 - val_accuracy: 0.2067 - val_ce: 1.8646 - val_loss: 1.9055 - learning_rate: 1.0000e-04
Epoch 4/20
425/425 - 20s - 48ms/step - accuracy: 0.5838 - ce: 1.1359 - loss: 1.1618 - val_accuracy: 0.2233 - val_ce: 2.1126 - val_loss: 2.1529 - learning_rate: 5.0000e-05
Epoch 5/20

Epoch 5: ReduceLROnPlateau reducing learning rate to 2.499999936844688e-05.
425/425 - 20s - 47ms/step - accuracy: 0.8004 - ce: 0.6371 - loss: 0.6626 - val_accuracy: 0.2258 - val_ce: 2.5821 - val_loss: 2.6221 - learning_rate: 5.0000e-05
/usr/local/lib/python3.13/dist-packages/sklearn/metrics/_classification.py:3001: UserWarning: The y_pred values do not sum to one. Make sure to pass probabilities.
  warnings.warn(
/usr/local/lib/python3.13/dist-packages/sklearn/metrics/_classification.py:3001: UserWarning: The y_pred values do not sum to one. Make sure to pass probabilities.
  warnings.warn(
Fold 4: accuracy=0.2176  F1(w/m)=0.1833/0.1773  CE=1.7975  epochs=5  

===== Fold 5/5  02:28:19 =====
Class weights (balanced): Human-written=1.203  V1=0.863  V2=0.900  V3=0.992  V4=1.025  V5=1.093
Epoch 1/20
425/425 - 259s - 611ms/step - accuracy: 0.1912 - ce: 1.9155 - loss: 1.9743 - val_accuracy: 0.1992 - val_ce: 1.8114 - val_loss: 1.8605 - learning_rate: 1.0000e-04
Epoch 2/20
425/425 - 20s - 46ms/step - accuracy: 0.2510 - ce: 1.7907 - loss: 1.8313 - val_accuracy: 0.2200 - val_ce: 1.8343 - val_loss: 1.8769 - learning_rate: 1.0000e-04
Epoch 3/20

Epoch 3: ReduceLROnPlateau reducing learning rate to 4.999999873689376e-05.
425/425 - 20s - 46ms/step - accuracy: 0.3149 - ce: 1.6534 - loss: 1.6885 - val_accuracy: 0.2050 - val_ce: 1.8999 - val_loss: 1.9407 - learning_rate: 1.0000e-04
Epoch 4/20
425/425 - 20s - 47ms/step - accuracy: 0.5894 - ce: 1.1284 - loss: 1.1568 - val_accuracy: 0.2142 - val_ce: 2.1306 - val_loss: 2.1709 - learning_rate: 5.0000e-05
Epoch 5/20

Epoch 5: ReduceLROnPlateau reducing learning rate to 2.499999936844688e-05.
425/425 - 20s - 47ms/step - accuracy: 0.7941 - ce: 0.6414 - loss: 0.6702 - val_accuracy: 0.2125 - val_ce: 2.5524 - val_loss: 2.5924 - learning_rate: 5.0000e-05
/usr/local/lib/python3.13/dist-packages/sklearn/metrics/_classification.py:3001: UserWarning: The y_pred values do not sum to one. Make sure to pass probabilities.
  warnings.warn(
/usr/local/lib/python3.13/dist-packages/sklearn/metrics/_classification.py:3001: UserWarning: The y_pred values do not sum to one. Make sure to pass probabilities.
  warnings.warn(
Fold 5: accuracy=0.2026  F1(w/m)=0.1234/0.1308  CE=1.8154  epochs=5  

CV mean ± std:
  accuracy               0.2023 ± 0.0113
  balanced_accuracy      0.2053 ± 0.0068
  mcc                    0.0475 ± 0.0106
  cross_entropy          1.8017 ± 0.0168
  roc_auc                0.5711 ± 0.0043
  precision_macro        0.1940 ± 0.0263
  recall_macro           0.2053 ± 0.0068
  f1_macro               0.1636 ± 0.0239
  precision_micro        0.2023 ± 0.0113
  recall_micro           0.2023 ± 0.0113
  f1_micro               0.2023 ± 0.0113
  precision_weighted     0.1931 ± 0.0249
  recall_weighted        0.2023 ± 0.0113
  f1_weighted            0.1624 ± 0.0281

===== Final training  02:34:54 =====
Class weights (balanced): Human-written=1.204  V1=0.863  V2=0.900  V3=0.992  V4=1.025  V5=1.092
Epoch 1/20
515/515 - 293s - 569ms/step - accuracy: 0.1907 - ce: 1.9300 - loss: 1.9896 - val_accuracy: 0.1915 - val_ce: 1.8429 - val_loss: 1.8898 - learning_rate: 1.0000e-04
Epoch 2/20
515/515 - 25s - 48ms/step - accuracy: 0.2257 - ce: 1.8273 - loss: 1.8667 - val_accuracy: 0.2187 - val_ce: 1.8343 - val_loss: 1.8759 - learning_rate: 1.0000e-04
Epoch 3/20
515/515 - 24s - 47ms/step - accuracy: 0.2942 - ce: 1.7083 - loss: 1.7437 - val_accuracy: 0.1983 - val_ce: 1.9062 - val_loss: 1.9463 - learning_rate: 1.0000e-04
Epoch 4/20

Epoch 4: ReduceLROnPlateau reducing learning rate to 4.999999873689376e-05.
515/515 - 24s - 48ms/step - accuracy: 0.4208 - ce: 1.4653 - loss: 1.4947 - val_accuracy: 0.2249 - val_ce: 1.9501 - val_loss: 1.9895 - learning_rate: 1.0000e-04
Epoch 5/20
515/515 - 24s - 47ms/step - accuracy: 0.7348 - ce: 0.7952 - loss: 0.8190 - val_accuracy: 0.2051 - val_ce: 2.4967 - val_loss: 2.5358 - learning_rate: 5.0000e-05
Epoch 6/20

Epoch 6: ReduceLROnPlateau reducing learning rate to 2.499999936844688e-05.
515/515 - 24s - 47ms/step - accuracy: 0.8961 - ce: 0.3538 - loss: 0.3829 - val_accuracy: 0.2079 - val_ce: 3.0598 - val_loss: 3.0987 - learning_rate: 5.0000e-05
/usr/local/lib/python3.13/dist-packages/sklearn/metrics/_classification.py:3001: UserWarning: The y_pred values do not sum to one. Make sure to pass probabilities.
  warnings.warn(
/usr/local/lib/python3.13/dist-packages/sklearn/metrics/_classification.py:3001: UserWarning: The y_pred values do not sum to one. Make sure to pass probabilities.
  warnings.warn(
               precision    recall  f1-score   support

Human-written     0.3174    0.2172    0.2579       244
           V1     0.2441    0.3314    0.2811       341
           V2     0.2000    0.0275    0.0484       327
           V3     0.2424    0.0269    0.0485       297
           V4     0.1429    0.0174    0.0311       287
           V5     0.1771    0.6729    0.2804       269

     accuracy                         0.2091      1765
    macro avg     0.2206    0.2156    0.1579      1765
 weighted avg     0.2191    0.2091    0.1549      1765

Class distribution all  : {'Human-written': 1629, 'V1': 2272, 'V2': 2178, 'V3': 1976, 'V4': 1913, 'V5': 1794}  ratio {'Human-written': 0.1385, 'V1': 0.1932, 'V2': 0.1852, 'V3': 0.168, 'V4': 0.1626, 'V5': 0.1525}
Class distribution train: {'Human-written': 1140, 'V1': 1590, 'V2': 1524, 'V3': 1383, 'V4': 1339, 'V5': 1256}  ratio {'Human-written': 0.1385, 'V1': 0.1931, 'V2': 0.1851, 'V3': 0.168, 'V4': 0.1627, 'V5': 0.1526}
Class distribution val  : {'Human-written': 245, 'V1': 341, 'V2': 327, 'V3': 296, 'V4': 287, 'V5': 269}  ratio {'Human-written': 0.1388, 'V1': 0.1932, 'V2': 0.1853, 'V3': 0.1677, 'V4': 0.1626, 'V5': 0.1524}
Class distribution test : {'Human-written': 244, 'V1': 341, 'V2': 327, 'V3': 297, 'V4': 287, 'V5': 269}  ratio {'Human-written': 0.1382, 'V1': 0.1932, 'V2': 0.1853, 'V3': 0.1683, 'V4': 0.1626, 'V5': 0.1524}

subdataset13_graph_6class_snippet_cv  DenseNet169 (tanh, dropout 0.2, lr 0.0001)
CV mean    acc=0.2023  F1 w/m/micro=0.1624/0.1636/0.2023  P_w=0.1931  R_w=0.2023  CE=1.8017  AUC=0.5711  MCC=0.0475
VALIDATION acc=0.2187  F1 w/m/micro=0.1601/0.1642/0.2187  P_w=0.2036  R_w=0.2187  CE=1.8343  AUC=0.5927  MCC=0.0794
TEST       acc=0.2091  F1 w/m/micro=0.1549/0.1579/0.2091  P_w=0.2191  R_w=0.2091  CE=1.8597  AUC=0.5659  MCC=0.0659
TEST 95% CI: accuracy=[0.1898, 0.2283]  f1_weighted=[0.1376, 0.1716]  f1_macro=[0.1423, 0.1723]  mcc=[0.0441, 0.0886]  balanced_accuracy=[0.1997, 0.2314]
Outputs: Experiments/subdataset13/Snippet-Level Split/results/subdataset13_graph_6class_snippet_cv
2026-10-03 02:42:53 FINISHED
