
====================================================================================================
2026-10-02 23:08:18  subdataset10_screenshot_human_vs_v5_group_cv  (config hash 3bdff4513046)
Data    : Data/Subdataset_10
Classes : ['Human-written', 'V5']   Split: Group-Based Split
Model   : VGG19  activation=sigmoid  dropout=0.1  lr=0.0001  trained=base from block5_* on  preprocessing=caffe  L2=0.0001
Training: at most 20 epochs, early stopping val_ce patience 4, batch 16, 320x320 (no cropping), mixed precision True
Output  : Experiments/subdataset10/Group-Based Split/results/subdataset10_screenshot_human_vs_v5_group_cv
Human-written (label 0): 2234 images
V5  (label 1): 1985 images
Total 4219 images
Groups: {'n_groups': 2258, 'groups_with_human_and_version': 1885, 'groups_with_all_classes': 1885, 'human_only_groups': 323, 'groups_without_human': 50, 'match_ratio': 0.8348095659875997, 'groups_merged_by_content': 2}
CHECK 4: human/version pairs found with the simple rule 1914, in different groups 0
Files whose folder and version tag in the name do not match (data unchanged): 0
Train     :  2947 (69.9%)  Human-written=1564 V5=1383
Validation:   635 (15.1%)  Human-written=331 V5=304
Test      :   637 (15.1%)  Human-written=339 V5=298
Fold 1: train=2854 (Human-written=1511 V5=1343)  evaluation=728 (Human-written=384 V5=344)
Fold 2: train=2858 (Human-written=1513 V5=1345)  evaluation=724 (Human-written=382 V5=342)
Fold 3: train=2891 (Human-written=1525 V5=1366)  evaluation=691 (Human-written=370 V5=321)
Fold 4: train=2876 (Human-written=1518 V5=1358)  evaluation=706 (Human-written=377 V5=329)
Fold 5: train=2849 (Human-written=1513 V5=1336)  evaluation=733 (Human-written=382 V5=351)
Leakage check PASSED.
TensorFlow 2.20.0 | GPU: [PhysicalDevice(name='/physical_device:GPU:0', device_type='GPU')]
Mixed precision: mixed_float16 (output layer float32)
Images loaded: 4219, 1.3 GB, 18 s

===== Fold 1/5  23:08:41 =====
Class weights (balanced): Human-written=0.946  V5=1.060
Model: base 22 layers, trained base layers 5 (first: block5_conv1); trained parameters 9,702,401 / 20,287,553
Epoch 1/20
152/152 - 42s - 274ms/step - accuracy: 0.5938 - ce: 0.6669 - loss: 0.7136 - val_accuracy: 0.6777 - val_ce: 0.5960 - val_loss: 0.6402 - learning_rate: 1.0000e-04
Epoch 2/20
152/152 - 15s - 100ms/step - accuracy: 0.6924 - ce: 0.5938 - loss: 0.6358 - val_accuracy: 0.6919 - val_ce: 0.5684 - val_loss: 0.6083 - learning_rate: 1.0000e-04
Epoch 3/20
152/152 - 15s - 100ms/step - accuracy: 0.7438 - ce: 0.5205 - loss: 0.5589 - val_accuracy: 0.7251 - val_ce: 0.5359 - val_loss: 0.5725 - learning_rate: 1.0000e-04
Epoch 4/20
152/152 - 15s - 99ms/step - accuracy: 0.7619 - ce: 0.4911 - loss: 0.5256 - val_accuracy: 0.7393 - val_ce: 0.5179 - val_loss: 0.5518 - learning_rate: 1.0000e-04
Epoch 5/20
152/152 - 15s - 99ms/step - accuracy: 0.7812 - ce: 0.4667 - loss: 0.4997 - val_accuracy: 0.7275 - val_ce: 0.5365 - val_loss: 0.5683 - learning_rate: 1.0000e-04
Epoch 6/20

Epoch 6: ReduceLROnPlateau reducing learning rate to 4.999999873689376e-05.
152/152 - 15s - 99ms/step - accuracy: 0.8183 - ce: 0.4100 - loss: 0.4420 - val_accuracy: 0.6754 - val_ce: 0.7601 - val_loss: 0.7900 - learning_rate: 1.0000e-04
Epoch 7/20
152/152 - 15s - 99ms/step - accuracy: 0.8569 - ce: 0.3285 - loss: 0.3569 - val_accuracy: 0.7678 - val_ce: 0.5388 - val_loss: 0.5680 - learning_rate: 5.0000e-05
Epoch 8/20

Epoch 8: ReduceLROnPlateau reducing learning rate to 2.499999936844688e-05.
152/152 - 15s - 99ms/step - accuracy: 0.8972 - ce: 0.2396 - loss: 0.2683 - val_accuracy: 0.7583 - val_ce: 0.6048 - val_loss: 0.6332 - learning_rate: 5.0000e-05
Fold 1: accuracy=0.7074  F1(w/m)=0.7001/0.6970  CE=0.6001  epochs=8  

===== Fold 2/5  23:11:25 =====
Class weights (balanced): Human-written=0.945  V5=1.062
Epoch 1/20
152/152 - 33s - 220ms/step - accuracy: 0.5837 - ce: 0.6796 - loss: 0.7248 - val_accuracy: 0.6343 - val_ce: 0.6649 - val_loss: 0.7028 - learning_rate: 1.0000e-04
Epoch 2/20
152/152 - 15s - 100ms/step - accuracy: 0.6834 - ce: 0.5978 - loss: 0.6317 - val_accuracy: 0.7199 - val_ce: 0.5665 - val_loss: 0.5964 - learning_rate: 1.0000e-04
Epoch 3/20
152/152 - 15s - 100ms/step - accuracy: 0.7300 - ce: 0.5296 - loss: 0.5573 - val_accuracy: 0.6759 - val_ce: 0.5879 - val_loss: 0.6126 - learning_rate: 1.0000e-04
Epoch 4/20
152/152 - 15s - 99ms/step - accuracy: 0.7593 - ce: 0.4877 - loss: 0.5113 - val_accuracy: 0.7245 - val_ce: 0.5623 - val_loss: 0.5836 - learning_rate: 1.0000e-04
Epoch 5/20
152/152 - 15s - 99ms/step - accuracy: 0.7927 - ce: 0.4468 - loss: 0.4673 - val_accuracy: 0.7014 - val_ce: 0.6498 - val_loss: 0.6688 - learning_rate: 1.0000e-04
Epoch 6/20

Epoch 6: ReduceLROnPlateau reducing learning rate to 4.999999873689376e-05.
152/152 - 15s - 99ms/step - accuracy: 0.8129 - ce: 0.4025 - loss: 0.4207 - val_accuracy: 0.6991 - val_ce: 0.6362 - val_loss: 0.6536 - learning_rate: 1.0000e-04
Epoch 7/20
152/152 - 15s - 99ms/step - accuracy: 0.8607 - ce: 0.3230 - loss: 0.3400 - val_accuracy: 0.7106 - val_ce: 0.6459 - val_loss: 0.6627 - learning_rate: 5.0000e-05
Epoch 8/20

Epoch 8: ReduceLROnPlateau reducing learning rate to 2.499999936844688e-05.
152/152 - 15s - 99ms/step - accuracy: 0.8932 - ce: 0.2712 - loss: 0.2879 - val_accuracy: 0.7130 - val_ce: 0.7187 - val_loss: 0.7349 - learning_rate: 5.0000e-05
Fold 2: accuracy=0.7569  F1(w/m)=0.7568/0.7559  CE=0.4916  epochs=8  

===== Fold 3/5  23:13:56 =====
Class weights (balanced): Human-written=0.949  V5=1.057
Epoch 1/20
155/155 - 37s - 239ms/step - accuracy: 0.5973 - ce: 0.6766 - loss: 0.7226 - val_accuracy: 0.6871 - val_ce: 0.5981 - val_loss: 0.6390 - learning_rate: 1.0000e-04
Epoch 2/20
155/155 - 15s - 100ms/step - accuracy: 0.6942 - ce: 0.5765 - loss: 0.6140 - val_accuracy: 0.7318 - val_ce: 0.5151 - val_loss: 0.5492 - learning_rate: 1.0000e-04
Epoch 3/20
155/155 - 15s - 99ms/step - accuracy: 0.7388 - ce: 0.5301 - loss: 0.5611 - val_accuracy: 0.7412 - val_ce: 0.5094 - val_loss: 0.5385 - learning_rate: 1.0000e-04
Epoch 4/20
155/155 - 15s - 99ms/step - accuracy: 0.7571 - ce: 0.4968 - loss: 0.5237 - val_accuracy: 0.7576 - val_ce: 0.4916 - val_loss: 0.5173 - learning_rate: 1.0000e-04
Epoch 5/20
155/155 - 15s - 99ms/step - accuracy: 0.7624 - ce: 0.4747 - loss: 0.4997 - val_accuracy: 0.7482 - val_ce: 0.4892 - val_loss: 0.5123 - learning_rate: 1.0000e-04
Epoch 6/20
155/155 - 15s - 99ms/step - accuracy: 0.7895 - ce: 0.4469 - loss: 0.4692 - val_accuracy: 0.7624 - val_ce: 0.4797 - val_loss: 0.5009 - learning_rate: 1.0000e-04
Epoch 7/20
155/155 - 15s - 99ms/step - accuracy: 0.8200 - ce: 0.3847 - loss: 0.4054 - val_accuracy: 0.7388 - val_ce: 0.5064 - val_loss: 0.5261 - learning_rate: 1.0000e-04
Epoch 8/20

Epoch 8: ReduceLROnPlateau reducing learning rate to 4.999999873689376e-05.
155/155 - 15s - 99ms/step - accuracy: 0.8682 - ce: 0.3217 - loss: 0.3409 - val_accuracy: 0.7506 - val_ce: 0.5724 - val_loss: 0.5908 - learning_rate: 1.0000e-04
Epoch 9/20
155/155 - 15s - 99ms/step - accuracy: 0.9201 - ce: 0.2016 - loss: 0.2196 - val_accuracy: 0.7600 - val_ce: 0.6303 - val_loss: 0.6481 - learning_rate: 5.0000e-05
Epoch 10/20

Epoch 10: ReduceLROnPlateau reducing learning rate to 2.499999936844688e-05.
155/155 - 15s - 99ms/step - accuracy: 0.9481 - ce: 0.1393 - loss: 0.1569 - val_accuracy: 0.7553 - val_ce: 0.6549 - val_loss: 0.6721 - learning_rate: 5.0000e-05
Fold 3: accuracy=0.7627  F1(w/m)=0.7614/0.7594  CE=0.4941  epochs=10  

===== Fold 4/5  23:17:05 =====
Class weights (balanced): Human-written=0.949  V5=1.057
Epoch 1/20
153/153 - 27s - 175ms/step - accuracy: 0.5772 - ce: 0.6734 - loss: 0.7161 - val_accuracy: 0.5471 - val_ce: 0.7037 - val_loss: 0.7407 - learning_rate: 1.0000e-04
Epoch 2/20
153/153 - 15s - 100ms/step - accuracy: 0.6710 - ce: 0.6076 - loss: 0.6406 - val_accuracy: 0.6874 - val_ce: 0.5900 - val_loss: 0.6193 - learning_rate: 1.0000e-04
Epoch 3/20
153/153 - 15s - 101ms/step - accuracy: 0.7325 - ce: 0.5368 - loss: 0.5642 - val_accuracy: 0.6966 - val_ce: 0.5655 - val_loss: 0.5893 - learning_rate: 1.0000e-04
Epoch 4/20
153/153 - 15s - 100ms/step - accuracy: 0.7743 - ce: 0.4861 - loss: 0.5075 - val_accuracy: 0.6966 - val_ce: 0.5725 - val_loss: 0.5925 - learning_rate: 1.0000e-04
Epoch 5/20
153/153 - 15s - 99ms/step - accuracy: 0.7939 - ce: 0.4458 - loss: 0.4652 - val_accuracy: 0.7494 - val_ce: 0.5031 - val_loss: 0.5207 - learning_rate: 1.0000e-04
Epoch 6/20
153/153 - 15s - 99ms/step - accuracy: 0.8226 - ce: 0.4008 - loss: 0.4183 - val_accuracy: 0.7356 - val_ce: 0.5547 - val_loss: 0.5706 - learning_rate: 1.0000e-04
Epoch 7/20

Epoch 7: ReduceLROnPlateau reducing learning rate to 4.999999873689376e-05.
153/153 - 15s - 99ms/step - accuracy: 0.8329 - ce: 0.3712 - loss: 0.3868 - val_accuracy: 0.7034 - val_ce: 0.6328 - val_loss: 0.6475 - learning_rate: 1.0000e-04
Epoch 8/20
153/153 - 15s - 99ms/step - accuracy: 0.8865 - ce: 0.2719 - loss: 0.2860 - val_accuracy: 0.7563 - val_ce: 0.5977 - val_loss: 0.6119 - learning_rate: 5.0000e-05
Epoch 9/20

Epoch 9: ReduceLROnPlateau reducing learning rate to 2.499999936844688e-05.
153/153 - 15s - 99ms/step - accuracy: 0.9308 - ce: 0.1953 - loss: 0.2085 - val_accuracy: 0.7747 - val_ce: 0.6473 - val_loss: 0.6610 - learning_rate: 5.0000e-05
Fold 4: accuracy=0.7663  F1(w/m)=0.7665/0.7656  CE=0.5013  epochs=9  

===== Fold 5/5  23:19:43 =====
Class weights (balanced): Human-written=0.947  V5=1.060
Epoch 1/20
153/153 - 28s - 181ms/step - accuracy: 0.5783 - ce: 0.6734 - loss: 0.7190 - val_accuracy: 0.5457 - val_ce: 0.9086 - val_loss: 0.9502 - learning_rate: 1.0000e-04
Epoch 2/20
153/153 - 15s - 99ms/step - accuracy: 0.7032 - ce: 0.5825 - loss: 0.6221 - val_accuracy: 0.7284 - val_ce: 0.5328 - val_loss: 0.5685 - learning_rate: 1.0000e-04
Epoch 3/20
153/153 - 15s - 100ms/step - accuracy: 0.7476 - ce: 0.5286 - loss: 0.5620 - val_accuracy: 0.7380 - val_ce: 0.5206 - val_loss: 0.5521 - learning_rate: 1.0000e-04
Epoch 4/20
153/153 - 15s - 99ms/step - accuracy: 0.7661 - ce: 0.4901 - loss: 0.5207 - val_accuracy: 0.7476 - val_ce: 0.5133 - val_loss: 0.5418 - learning_rate: 1.0000e-04
Epoch 5/20
153/153 - 15s - 98ms/step - accuracy: 0.7826 - ce: 0.4630 - loss: 0.4909 - val_accuracy: 0.7284 - val_ce: 0.5516 - val_loss: 0.5779 - learning_rate: 1.0000e-04
Epoch 6/20

Epoch 6: ReduceLROnPlateau reducing learning rate to 4.999999873689376e-05.
153/153 - 15s - 98ms/step - accuracy: 0.8159 - ce: 0.4146 - loss: 0.4402 - val_accuracy: 0.6779 - val_ce: 0.5830 - val_loss: 0.6076 - learning_rate: 1.0000e-04
Epoch 7/20
153/153 - 15s - 98ms/step - accuracy: 0.8644 - ce: 0.3155 - loss: 0.3397 - val_accuracy: 0.7332 - val_ce: 0.5957 - val_loss: 0.6195 - learning_rate: 5.0000e-05
Epoch 8/20

Epoch 8: ReduceLROnPlateau reducing learning rate to 2.499999936844688e-05.
153/153 - 15s - 98ms/step - accuracy: 0.8886 - ce: 0.2671 - loss: 0.2907 - val_accuracy: 0.7476 - val_ce: 0.6891 - val_loss: 0.7122 - learning_rate: 5.0000e-05
Fold 5: accuracy=0.7490  F1(w/m)=0.7468/0.7456  CE=0.5065  epochs=8  

CV mean ± std:
  accuracy               0.7485 ± 0.0239
  balanced_accuracy      0.7449 ± 0.0265
  mcc                    0.4969 ± 0.0448
  cross_entropy          0.5187 ± 0.0459
  roc_auc                0.8322 ± 0.0188
  precision_macro        0.7521 ± 0.0181
  recall_macro           0.7449 ± 0.0265
  f1_macro               0.7447 ± 0.0276
  precision_micro        0.7485 ± 0.0239
  recall_micro           0.7485 ± 0.0239
  f1_micro               0.7485 ± 0.0239
  precision_weighted     0.7517 ± 0.0194
  recall_weighted        0.7485 ± 0.0239
  f1_weighted            0.7463 ± 0.0268

===== Final training  23:22:14 =====
Class weights (balanced): Human-written=0.942  V5=1.065
Epoch 1/20
185/185 - 39s - 210ms/step - accuracy: 0.5735 - ce: 0.6860 - loss: 0.7328 - val_accuracy: 0.6378 - val_ce: 0.6060 - val_loss: 0.6455 - learning_rate: 1.0000e-04
Epoch 2/20
185/185 - 19s - 102ms/step - accuracy: 0.6817 - ce: 0.5947 - loss: 0.6310 - val_accuracy: 0.7244 - val_ce: 0.5291 - val_loss: 0.5611 - learning_rate: 1.0000e-04
Epoch 3/20
185/185 - 19s - 102ms/step - accuracy: 0.7319 - ce: 0.5370 - loss: 0.5670 - val_accuracy: 0.7213 - val_ce: 0.5624 - val_loss: 0.5897 - learning_rate: 1.0000e-04
Epoch 4/20
185/185 - 19s - 101ms/step - accuracy: 0.7560 - ce: 0.5207 - loss: 0.5467 - val_accuracy: 0.7543 - val_ce: 0.5031 - val_loss: 0.5270 - learning_rate: 1.0000e-04
Epoch 5/20
185/185 - 19s - 101ms/step - accuracy: 0.7754 - ce: 0.4645 - loss: 0.4875 - val_accuracy: 0.7465 - val_ce: 0.5069 - val_loss: 0.5283 - learning_rate: 1.0000e-04
Epoch 6/20

Epoch 6: ReduceLROnPlateau reducing learning rate to 4.999999873689376e-05.
185/185 - 19s - 101ms/step - accuracy: 0.8096 - ce: 0.4255 - loss: 0.4468 - val_accuracy: 0.7480 - val_ce: 0.5589 - val_loss: 0.5783 - learning_rate: 1.0000e-04
Epoch 7/20
185/185 - 19s - 101ms/step - accuracy: 0.8629 - ce: 0.3301 - loss: 0.3492 - val_accuracy: 0.7717 - val_ce: 0.5192 - val_loss: 0.5378 - learning_rate: 5.0000e-05
Epoch 8/20

Epoch 8: ReduceLROnPlateau reducing learning rate to 2.499999936844688e-05.
185/185 - 19s - 101ms/step - accuracy: 0.8826 - ce: 0.2800 - loss: 0.2986 - val_accuracy: 0.7685 - val_ce: 0.5150 - val_loss: 0.5327 - learning_rate: 5.0000e-05
               precision    recall  f1-score   support

Human-written     0.8073    0.7168    0.7594       339
           V5     0.7143    0.8054    0.7571       298

     accuracy                         0.7582       637
    macro avg     0.7608    0.7611    0.7582       637
 weighted avg     0.7638    0.7582    0.7583       637

Class distribution all  : {'Human-written': 2234, 'V5': 1985}  ratio {'Human-written': 0.5295, 'V5': 0.4705}
Class distribution train: {'Human-written': 1564, 'V5': 1383}  ratio {'Human-written': 0.5307, 'V5': 0.4693}
Class distribution val  : {'Human-written': 331, 'V5': 304}  ratio {'Human-written': 0.5213, 'V5': 0.4787}
Class distribution test : {'Human-written': 339, 'V5': 298}  ratio {'Human-written': 0.5322, 'V5': 0.4678}

subdataset10_screenshot_human_vs_v5_group_cv  VGG19 (sigmoid, dropout 0.1, lr 0.0001)
CV mean    acc=0.7485  F1 w/m/micro=0.7463/0.7447/0.7485  P_w=0.7517  R_w=0.7485  CE=0.5187  AUC=0.8322  MCC=0.4969
VALIDATION acc=0.7543  F1 w/m/micro=0.7539/0.7542/0.7543  P_w=0.7602  R_w=0.7543  CE=0.5031  AUC=0.8388  MCC=0.5150
TEST       acc=0.7582  F1 w/m/micro=0.7583/0.7582/0.7582  P_w=0.7638  R_w=0.7582  CE=0.5108  AUC=0.8346  MCC=0.5219
TEST 95% CI: accuracy=[0.7237, 0.7912]  f1_weighted=[0.7242, 0.7912]  f1_macro=[0.7237, 0.7911]  mcc=[0.4557, 0.5868]  balanced_accuracy=[0.7281, 0.7929]
Outputs: Experiments/subdataset10/Group-Based Split/results/subdataset10_screenshot_human_vs_v5_group_cv
2026-10-02 23:25:22 FINISHED
