
====================================================================================================
2026-10-02 20:43:22  subdataset12_screenshot_human_vs_v1_snippet_cv  (config hash cd2bfd334318)
Data    : Data/Subdataset_12
Classes : ['Human-written', 'V1']   Split: Snippet-Level Split
Model   : VGG19  activation=tanh  dropout=0.1  lr=0.0001  trained=base from block5_* on  preprocessing=caffe  L2=0.0001
Training: at most 20 epochs, early stopping val_ce patience 4, batch 16, 320x320 (no cropping), mixed precision True
Output  : Experiments/subdataset12/Snippet-Level Split/results/subdataset12_screenshot_human_vs_v1_snippet_cv
Human-written (label 0): 2236 images
V1  (label 1): 2514 images
Total 4750 images
Train     :  3324 (70.0%)  Human-written=1564 V1=1760
Validation:   713 (15.0%)  Human-written=336 V1=377
Test      :   713 (15.0%)  Human-written=336 V1=377
Fold 1: train=3229 (Human-written=1520 V1=1709)  evaluation=808 (Human-written=380 V1=428)
Fold 2: train=3229 (Human-written=1520 V1=1709)  evaluation=808 (Human-written=380 V1=428)
Fold 3: train=3230 (Human-written=1520 V1=1710)  evaluation=807 (Human-written=380 V1=427)
Fold 4: train=3230 (Human-written=1520 V1=1710)  evaluation=807 (Human-written=380 V1=427)
Fold 5: train=3230 (Human-written=1520 V1=1710)  evaluation=807 (Human-written=380 V1=427)
Leakage check PASSED.
TensorFlow 2.20.0 | GPU: [PhysicalDevice(name='/physical_device:GPU:0', device_type='GPU')]
Mixed precision: mixed_float16 (output layer float32)
Images loaded: 4750, 1.5 GB, 21 s

===== Fold 1/5  20:43:48 =====
Class weights (balanced): Human-written=1.062  V1=0.945
Model: base 22 layers, trained base layers 5 (first: block5_conv1); trained parameters 9,702,401 / 20,287,553
Epoch 1/20
172/172 - 22s - 129ms/step - accuracy: 0.5394 - ce: 0.7084 - loss: 0.7531 - val_accuracy: 0.5856 - val_ce: 0.6750 - val_loss: 0.7125 - learning_rate: 1.0000e-04
Epoch 2/20
172/172 - 6s - 32ms/step - accuracy: 0.6170 - ce: 0.6620 - loss: 0.6923 - val_accuracy: 0.6371 - val_ce: 0.6247 - val_loss: 0.6486 - learning_rate: 1.0000e-04
Epoch 3/20
172/172 - 6s - 33ms/step - accuracy: 0.6596 - ce: 0.6237 - loss: 0.6450 - val_accuracy: 0.6619 - val_ce: 0.6175 - val_loss: 0.6355 - learning_rate: 1.0000e-04
Epoch 4/20
172/172 - 6s - 33ms/step - accuracy: 0.7074 - ce: 0.5754 - loss: 0.5914 - val_accuracy: 0.6887 - val_ce: 0.5719 - val_loss: 0.5867 - learning_rate: 1.0000e-04
Epoch 5/20
172/172 - 6s - 32ms/step - accuracy: 0.7285 - ce: 0.5456 - loss: 0.5594 - val_accuracy: 0.6866 - val_ce: 0.5815 - val_loss: 0.5944 - learning_rate: 1.0000e-04
Epoch 6/20

Epoch 6: ReduceLROnPlateau reducing learning rate to 4.999999873689376e-05.
172/172 - 6s - 32ms/step - accuracy: 0.7591 - ce: 0.5083 - loss: 0.5212 - val_accuracy: 0.6887 - val_ce: 0.5898 - val_loss: 0.6014 - learning_rate: 1.0000e-04
Epoch 7/20
172/172 - 5s - 32ms/step - accuracy: 0.8090 - ce: 0.4130 - loss: 0.4242 - val_accuracy: 0.6680 - val_ce: 0.7112 - val_loss: 0.7223 - learning_rate: 5.0000e-05
Epoch 8/20

Epoch 8: ReduceLROnPlateau reducing learning rate to 2.499999936844688e-05.
172/172 - 6s - 32ms/step - accuracy: 0.8437 - ce: 0.3475 - loss: 0.3580 - val_accuracy: 0.6825 - val_ce: 0.8242 - val_loss: 0.8348 - learning_rate: 5.0000e-05
Fold 1: accuracy=0.6918  F1(w/m)=0.6907/0.6889  CE=0.5867  epochs=8  

===== Fold 2/5  20:44:56 =====
Class weights (balanced): Human-written=1.062  V1=0.945
Epoch 1/20
172/172 - 16s - 93ms/step - accuracy: 0.5241 - ce: 0.7407 - loss: 0.7865 - val_accuracy: 0.5691 - val_ce: 0.6839 - val_loss: 0.7269 - learning_rate: 1.0000e-04
Epoch 2/20
172/172 - 6s - 32ms/step - accuracy: 0.5878 - ce: 0.6857 - loss: 0.7255 - val_accuracy: 0.5856 - val_ce: 0.6908 - val_loss: 0.7272 - learning_rate: 1.0000e-04
Epoch 3/20

Epoch 3: ReduceLROnPlateau reducing learning rate to 4.999999873689376e-05.
172/172 - 6s - 32ms/step - accuracy: 0.6163 - ce: 0.6687 - loss: 0.7022 - val_accuracy: 0.6000 - val_ce: 0.7295 - val_loss: 0.7597 - learning_rate: 1.0000e-04
Epoch 4/20
172/172 - 6s - 32ms/step - accuracy: 0.6706 - ce: 0.6308 - loss: 0.6592 - val_accuracy: 0.6330 - val_ce: 0.6575 - val_loss: 0.6847 - learning_rate: 5.0000e-05
Epoch 5/20
172/172 - 6s - 32ms/step - accuracy: 0.7132 - ce: 0.5820 - loss: 0.6063 - val_accuracy: 0.6412 - val_ce: 0.6580 - val_loss: 0.6819 - learning_rate: 5.0000e-05
Epoch 6/20
172/172 - 6s - 32ms/step - accuracy: 0.7263 - ce: 0.5543 - loss: 0.5766 - val_accuracy: 0.6577 - val_ce: 0.6283 - val_loss: 0.6496 - learning_rate: 5.0000e-05
Epoch 7/20
172/172 - 6s - 32ms/step - accuracy: 0.7690 - ce: 0.5064 - loss: 0.5264 - val_accuracy: 0.6660 - val_ce: 0.6469 - val_loss: 0.6660 - learning_rate: 5.0000e-05
Epoch 8/20

Epoch 8: ReduceLROnPlateau reducing learning rate to 2.499999936844688e-05.
172/172 - 6s - 32ms/step - accuracy: 0.7879 - ce: 0.4714 - loss: 0.4894 - val_accuracy: 0.6330 - val_ce: 0.6652 - val_loss: 0.6824 - learning_rate: 5.0000e-05
Epoch 9/20
172/172 - 6s - 32ms/step - accuracy: 0.8313 - ce: 0.3886 - loss: 0.4050 - val_accuracy: 0.6557 - val_ce: 0.7519 - val_loss: 0.7683 - learning_rate: 2.5000e-05
Epoch 10/20

Epoch 10: ReduceLROnPlateau reducing learning rate to 1.249999968422344e-05.
172/172 - 6s - 32ms/step - accuracy: 0.8677 - ce: 0.3137 - loss: 0.3297 - val_accuracy: 0.6515 - val_ce: 0.8158 - val_loss: 0.8313 - learning_rate: 2.5000e-05
Fold 2: accuracy=0.6621  F1(w/m)=0.6596/0.6572  CE=0.6398  epochs=10  

===== Fold 3/5  20:46:08 =====
Class weights (balanced): Human-written=1.062  V1=0.945
Epoch 1/20
172/172 - 18s - 103ms/step - accuracy: 0.5483 - ce: 0.6995 - loss: 0.7440 - val_accuracy: 0.6289 - val_ce: 0.6657 - val_loss: 0.6991 - learning_rate: 1.0000e-04
Epoch 2/20
172/172 - 6s - 32ms/step - accuracy: 0.6386 - ce: 0.6390 - loss: 0.6673 - val_accuracy: 0.6289 - val_ce: 0.6949 - val_loss: 0.7175 - learning_rate: 1.0000e-04
Epoch 3/20
172/172 - 6s - 33ms/step - accuracy: 0.6831 - ce: 0.6029 - loss: 0.6224 - val_accuracy: 0.6680 - val_ce: 0.6332 - val_loss: 0.6496 - learning_rate: 1.0000e-04
Epoch 4/20
172/172 - 6s - 32ms/step - accuracy: 0.7158 - ce: 0.5620 - loss: 0.5769 - val_accuracy: 0.6474 - val_ce: 0.6170 - val_loss: 0.6298 - learning_rate: 1.0000e-04
Epoch 5/20
172/172 - 6s - 33ms/step - accuracy: 0.7384 - ce: 0.5348 - loss: 0.5469 - val_accuracy: 0.6619 - val_ce: 0.6109 - val_loss: 0.6216 - learning_rate: 1.0000e-04
Epoch 6/20
172/172 - 6s - 32ms/step - accuracy: 0.7723 - ce: 0.4798 - loss: 0.4905 - val_accuracy: 0.6680 - val_ce: 0.6396 - val_loss: 0.6491 - learning_rate: 1.0000e-04
Epoch 7/20

Epoch 7: ReduceLROnPlateau reducing learning rate to 4.999999873689376e-05.
172/172 - 6s - 33ms/step - accuracy: 0.8117 - ce: 0.4209 - loss: 0.4299 - val_accuracy: 0.6742 - val_ce: 0.9251 - val_loss: 0.9337 - learning_rate: 1.0000e-04
Epoch 8/20
172/172 - 6s - 32ms/step - accuracy: 0.8630 - ce: 0.3115 - loss: 0.3193 - val_accuracy: 0.6619 - val_ce: 0.9472 - val_loss: 0.9554 - learning_rate: 5.0000e-05
Epoch 9/20

Epoch 9: ReduceLROnPlateau reducing learning rate to 2.499999936844688e-05.
172/172 - 6s - 32ms/step - accuracy: 0.9046 - ce: 0.2365 - loss: 0.2437 - val_accuracy: 0.6639 - val_ce: 1.1445 - val_loss: 1.1523 - learning_rate: 5.0000e-05
Fold 3: accuracy=0.6716  F1(w/m)=0.6715/0.6716  CE=0.6074  epochs=9  

===== Fold 4/5  20:47:18 =====
Class weights (balanced): Human-written=1.062  V1=0.945
Epoch 1/20
172/172 - 16s - 93ms/step - accuracy: 0.5290 - ce: 0.7059 - loss: 0.7492 - val_accuracy: 0.5423 - val_ce: 0.6850 - val_loss: 0.7202 - learning_rate: 1.0000e-04
Epoch 2/20
172/172 - 6s - 33ms/step - accuracy: 0.6044 - ce: 0.6775 - loss: 0.7082 - val_accuracy: 0.6268 - val_ce: 0.6473 - val_loss: 0.6726 - learning_rate: 1.0000e-04
Epoch 3/20
172/172 - 6s - 33ms/step - accuracy: 0.6696 - ce: 0.6107 - loss: 0.6332 - val_accuracy: 0.6577 - val_ce: 0.6394 - val_loss: 0.6587 - learning_rate: 1.0000e-04
Epoch 4/20
172/172 - 6s - 32ms/step - accuracy: 0.7126 - ce: 0.5691 - loss: 0.5871 - val_accuracy: 0.6330 - val_ce: 0.6475 - val_loss: 0.6631 - learning_rate: 1.0000e-04
Epoch 5/20

Epoch 5: ReduceLROnPlateau reducing learning rate to 4.999999873689376e-05.
172/172 - 6s - 32ms/step - accuracy: 0.7424 - ce: 0.5299 - loss: 0.5443 - val_accuracy: 0.6619 - val_ce: 0.6772 - val_loss: 0.6906 - learning_rate: 1.0000e-04
Epoch 6/20
172/172 - 6s - 32ms/step - accuracy: 0.7902 - ce: 0.4477 - loss: 0.4603 - val_accuracy: 0.6577 - val_ce: 0.6778 - val_loss: 0.6903 - learning_rate: 5.0000e-05
Epoch 7/20

Epoch 7: ReduceLROnPlateau reducing learning rate to 2.499999936844688e-05.
172/172 - 6s - 33ms/step - accuracy: 0.8208 - ce: 0.3927 - loss: 0.4051 - val_accuracy: 0.6474 - val_ce: 0.7519 - val_loss: 0.7638 - learning_rate: 5.0000e-05
Fold 4: accuracy=0.6481  F1(w/m)=0.6419/0.6441  CE=0.6316  epochs=7  

===== Fold 5/5  20:48:13 =====
Class weights (balanced): Human-written=1.062  V1=0.945
Epoch 1/20
172/172 - 16s - 93ms/step - accuracy: 0.5217 - ce: 0.7282 - loss: 0.7737 - val_accuracy: 0.5608 - val_ce: 0.6745 - val_loss: 0.7158 - learning_rate: 1.0000e-04
Epoch 2/20
172/172 - 6s - 33ms/step - accuracy: 0.5872 - ce: 0.6972 - loss: 0.7352 - val_accuracy: 0.6515 - val_ce: 0.6393 - val_loss: 0.6726 - learning_rate: 1.0000e-04
Epoch 3/20
172/172 - 6s - 32ms/step - accuracy: 0.6335 - ce: 0.6493 - loss: 0.6772 - val_accuracy: 0.6557 - val_ce: 0.6167 - val_loss: 0.6412 - learning_rate: 1.0000e-04
Epoch 4/20
172/172 - 6s - 33ms/step - accuracy: 0.6801 - ce: 0.6163 - loss: 0.6388 - val_accuracy: 0.6660 - val_ce: 0.6050 - val_loss: 0.6234 - learning_rate: 1.0000e-04
Epoch 5/20
172/172 - 6s - 32ms/step - accuracy: 0.7078 - ce: 0.5673 - loss: 0.5850 - val_accuracy: 0.6701 - val_ce: 0.6243 - val_loss: 0.6391 - learning_rate: 1.0000e-04
Epoch 6/20
172/172 - 6s - 33ms/step - accuracy: 0.7399 - ce: 0.5186 - loss: 0.5322 - val_accuracy: 0.6887 - val_ce: 0.5932 - val_loss: 0.6060 - learning_rate: 1.0000e-04
Epoch 7/20
172/172 - 6s - 32ms/step - accuracy: 0.7789 - ce: 0.4593 - loss: 0.4698 - val_accuracy: 0.6763 - val_ce: 0.7014 - val_loss: 0.7127 - learning_rate: 1.0000e-04
Epoch 8/20

Epoch 8: ReduceLROnPlateau reducing learning rate to 4.999999873689376e-05.
172/172 - 6s - 32ms/step - accuracy: 0.8077 - ce: 0.4052 - loss: 0.4148 - val_accuracy: 0.6639 - val_ce: 0.6617 - val_loss: 0.6718 - learning_rate: 1.0000e-04
Epoch 9/20
172/172 - 6s - 32ms/step - accuracy: 0.8710 - ce: 0.2934 - loss: 0.3023 - val_accuracy: 0.6474 - val_ce: 0.8414 - val_loss: 0.8510 - learning_rate: 5.0000e-05
Epoch 10/20

Epoch 10: ReduceLROnPlateau reducing learning rate to 2.499999936844688e-05.
172/172 - 6s - 32ms/step - accuracy: 0.9053 - ce: 0.2255 - loss: 0.2346 - val_accuracy: 0.6680 - val_ce: 1.0831 - val_loss: 1.0923 - learning_rate: 5.0000e-05
Fold 5: accuracy=0.6629  F1(w/m)=0.6602/0.6578  CE=0.6048  epochs=10  

CV mean ± std:
  accuracy               0.6673 ± 0.0161
  balanced_accuracy      0.6669 ± 0.0141
  mcc                    0.3387 ± 0.0259
  cross_entropy          0.6141 ± 0.0215
  roc_auc                0.7408 ± 0.0133
  precision_macro        0.6719 ± 0.0120
  recall_macro           0.6669 ± 0.0141
  f1_macro               0.6639 ± 0.0170
  precision_micro        0.6673 ± 0.0161
  recall_micro           0.6673 ± 0.0161
  f1_micro               0.6673 ± 0.0161
  precision_weighted     0.6733 ± 0.0120
  recall_weighted        0.6673 ± 0.0161
  f1_weighted            0.6648 ± 0.0179

===== Final training  20:49:26 =====
Class weights (balanced): Human-written=1.063  V1=0.944
Epoch 1/20
208/208 - 20s - 94ms/step - accuracy: 0.5749 - ce: 0.6921 - loss: 0.7327 - val_accuracy: 0.5119 - val_ce: 0.7193 - val_loss: 0.7520 - learning_rate: 1.0000e-04
Epoch 2/20
208/208 - 7s - 33ms/step - accuracy: 0.6345 - ce: 0.6507 - loss: 0.6751 - val_accuracy: 0.6311 - val_ce: 0.6351 - val_loss: 0.6565 - learning_rate: 1.0000e-04
Epoch 3/20
208/208 - 7s - 33ms/step - accuracy: 0.6925 - ce: 0.5947 - loss: 0.6133 - val_accuracy: 0.6704 - val_ce: 0.6208 - val_loss: 0.6365 - learning_rate: 1.0000e-04
Epoch 4/20
208/208 - 7s - 33ms/step - accuracy: 0.7181 - ce: 0.5638 - loss: 0.5784 - val_accuracy: 0.6774 - val_ce: 0.6091 - val_loss: 0.6218 - learning_rate: 1.0000e-04
Epoch 5/20
208/208 - 7s - 33ms/step - accuracy: 0.7407 - ce: 0.5309 - loss: 0.5423 - val_accuracy: 0.6802 - val_ce: 0.6086 - val_loss: 0.6195 - learning_rate: 1.0000e-04
Epoch 6/20
208/208 - 7s - 33ms/step - accuracy: 0.7650 - ce: 0.4866 - loss: 0.4969 - val_accuracy: 0.6732 - val_ce: 0.6781 - val_loss: 0.6878 - learning_rate: 1.0000e-04
Epoch 7/20

Epoch 7: ReduceLROnPlateau reducing learning rate to 4.999999873689376e-05.
208/208 - 7s - 33ms/step - accuracy: 0.7915 - ce: 0.4435 - loss: 0.4527 - val_accuracy: 0.6802 - val_ce: 0.6646 - val_loss: 0.6734 - learning_rate: 1.0000e-04
Epoch 8/20
208/208 - 7s - 33ms/step - accuracy: 0.8481 - ce: 0.3440 - loss: 0.3525 - val_accuracy: 0.6830 - val_ce: 0.7214 - val_loss: 0.7298 - learning_rate: 5.0000e-05
Epoch 9/20

Epoch 9: ReduceLROnPlateau reducing learning rate to 2.499999936844688e-05.
208/208 - 7s - 33ms/step - accuracy: 0.8745 - ce: 0.2827 - loss: 0.2908 - val_accuracy: 0.6620 - val_ce: 0.9059 - val_loss: 0.9139 - learning_rate: 5.0000e-05
               precision    recall  f1-score   support

Human-written     0.6473    0.8304    0.7275       336
           V1     0.7979    0.5968    0.6829       377

     accuracy                         0.7069       713
    macro avg     0.7226    0.7136    0.7052       713
 weighted avg     0.7269    0.7069    0.7039       713

Class distribution all  : {'Human-written': 2236, 'V1': 2514}  ratio {'Human-written': 0.4707, 'V1': 0.5293}
Class distribution train: {'Human-written': 1564, 'V1': 1760}  ratio {'Human-written': 0.4705, 'V1': 0.5295}
Class distribution val  : {'Human-written': 336, 'V1': 377}  ratio {'Human-written': 0.4712, 'V1': 0.5288}
Class distribution test : {'Human-written': 336, 'V1': 377}  ratio {'Human-written': 0.4712, 'V1': 0.5288}

subdataset12_screenshot_human_vs_v1_snippet_cv  VGG19 (tanh, dropout 0.1, lr 0.0001)
CV mean    acc=0.6673  F1 w/m/micro=0.6648/0.6639/0.6673  P_w=0.6733  R_w=0.6673  CE=0.6141  AUC=0.7408  MCC=0.3387
VALIDATION acc=0.6802  F1 w/m/micro=0.6773/0.6786/0.6802  P_w=0.6977  R_w=0.6802  CE=0.6086  AUC=0.7550  MCC=0.3803
TEST       acc=0.7069  F1 w/m/micro=0.7039/0.7052/0.7069  P_w=0.7269  R_w=0.7069  CE=0.5709  AUC=0.7953  MCC=0.4361
TEST 95% CI: accuracy=[0.6746, 0.7405]  f1_weighted=[0.6707, 0.7382]  f1_macro=[0.6725, 0.7393]  mcc=[0.3740, 0.4998]  balanced_accuracy=[0.6828, 0.7458]
Outputs: Experiments/subdataset12/Snippet-Level Split/results/subdataset12_screenshot_human_vs_v1_snippet_cv
2026-10-02 20:50:53 FINISHED
