
====================================================================================================
2026-10-03 10:00:24  subdataset12_screenshot_6class_snippet_cv  (config hash 534744ad2bbe)
Data    : Data/Subdataset_12
Classes : ['Human-written', 'V1', 'V2', 'V3', 'V4', 'V5']   Split: Snippet-Level Split
Model   : VGG19  activation=sigmoid  dropout=0.2  lr=0.0001  trained=base from block5_* on  preprocessing=caffe  L2=0.0001
Training: at most 20 epochs, early stopping val_ce patience 4, batch 16, 320x320 (no cropping), mixed precision True
Output  : Experiments/subdataset12/Snippet-Level Split/results/subdataset12_screenshot_6class_snippet_cv
Human-written (label 0): 2236 images
V1  (label 1): 2514 images
V2  (label 2): 2428 images
V3  (label 3): 2184 images
V4  (label 4): 2115 images
V5  (label 5): 1986 images
Total 13463 images
Train     :  9423 (70.0%)  Human-written=1564 V1=1760 V2=1700 V3=1528 V4=1481 V5=1390
Validation:  2020 (15.0%)  Human-written=336 V1=377 V2=364 V3=328 V4=317 V5=298
Test      :  2020 (15.0%)  Human-written=336 V1=377 V2=364 V3=328 V4=317 V5=298
Fold 1: train=9154 (Human-written=1520 V1=1709 V2=1651 V3=1485 V4=1438 V5=1351)  evaluation=2289 (Human-written=380 V1=428 V2=413 V3=371 V4=360 V5=337)
Fold 2: train=9154 (Human-written=1520 V1=1709 V2=1652 V3=1485 V4=1438 V5=1350)  evaluation=2289 (Human-written=380 V1=428 V2=412 V3=371 V4=360 V5=338)
Fold 3: train=9154 (Human-written=1520 V1=1710 V2=1651 V3=1485 V4=1438 V5=1350)  evaluation=2289 (Human-written=380 V1=427 V2=413 V3=371 V4=360 V5=338)
Fold 4: train=9155 (Human-written=1520 V1=1710 V2=1651 V3=1485 V4=1439 V5=1350)  evaluation=2288 (Human-written=380 V1=427 V2=413 V3=371 V4=359 V5=338)
Fold 5: train=9155 (Human-written=1520 V1=1710 V2=1651 V3=1484 V4=1439 V5=1351)  evaluation=2288 (Human-written=380 V1=427 V2=413 V3=372 V4=359 V5=337)
Leakage check PASSED.
TensorFlow 2.21.0 | GPU: [PhysicalDevice(name='/physical_device:GPU:0', device_type='GPU')]
Mixed precision: mixed_float16 (output layer float32)
Images loaded: 13463, 4.1 GB, 41 s

===== Fold 1/5  10:01:06 =====
Class weights (balanced): Human-written=1.004  V1=0.892  V2=0.924  V3=1.027  V4=1.061  V5=1.130
Model: base 22 layers, trained base layers 5 (first: block5_conv1); trained parameters 9,704,966 / 20,290,118
<venv>/lib/python3.13/site-packages/keras/src/trainers/epoch_iterator.py:74: UserWarning: `shuffle=True` was passed, but will be ignored since the data `x` was provided as a tf.data.Dataset. The Dataset is expected to already be shuffled (via `.shuffle(buffer_size)`).
  self.data_adapter = data_adapters.get_data_adapter(
Epoch 1/20
487/487 - 140s - 287ms/step - accuracy: 0.2062 - ce: 1.8252 - loss: 1.8649 - val_accuracy: 0.2504 - val_ce: 1.7217 - val_loss: 1.7519 - learning_rate: 1.0000e-04
Epoch 2/20
487/487 - 34s - 69ms/step - accuracy: 0.2450 - ce: 1.7438 - loss: 1.7690 - val_accuracy: 0.2613 - val_ce: 1.6768 - val_loss: 1.7006 - learning_rate: 1.0000e-04
Epoch 3/20
487/487 - 34s - 69ms/step - accuracy: 0.2596 - ce: 1.7107 - loss: 1.7314 - val_accuracy: 0.2962 - val_ce: 1.6684 - val_loss: 1.6891 - learning_rate: 1.0000e-04
Epoch 4/20
487/487 - 34s - 70ms/step - accuracy: 0.2864 - ce: 1.6615 - loss: 1.6796 - val_accuracy: 0.2387 - val_ce: 1.6753 - val_loss: 1.6940 - learning_rate: 1.0000e-04
Epoch 5/20
487/487 - 34s - 69ms/step - accuracy: 0.3042 - ce: 1.6181 - loss: 1.6336 - val_accuracy: 0.2868 - val_ce: 1.6452 - val_loss: 1.6624 - learning_rate: 1.0000e-04
Epoch 6/20
487/487 - 34s - 70ms/step - accuracy: 0.3269 - ce: 1.5601 - loss: 1.5749 - val_accuracy: 0.2926 - val_ce: 1.6856 - val_loss: 1.7016 - learning_rate: 1.0000e-04
Epoch 7/20

Epoch 7: ReduceLROnPlateau reducing learning rate to 4.999999873689376e-05.
487/487 - 34s - 69ms/step - accuracy: 0.3576 - ce: 1.4913 - loss: 1.5044 - val_accuracy: 0.2809 - val_ce: 1.7176 - val_loss: 1.7326 - learning_rate: 1.0000e-04
Epoch 8/20
487/487 - 34s - 70ms/step - accuracy: 0.4260 - ce: 1.3389 - loss: 1.3521 - val_accuracy: 0.2729 - val_ce: 1.7709 - val_loss: 1.7855 - learning_rate: 5.0000e-05
Epoch 9/20

Epoch 9: ReduceLROnPlateau reducing learning rate to 2.499999936844688e-05.
487/487 - 34s - 70ms/step - accuracy: 0.4877 - ce: 1.2111 - loss: 1.2228 - val_accuracy: 0.2540 - val_ce: 1.9126 - val_loss: 1.9268 - learning_rate: 5.0000e-05
<venv>/lib/python3.13/site-packages/sklearn/metrics/_classification.py:304: UserWarning: The y_prob values do not sum to one. Make sure to pass probabilities.
  warnings.warn(
<venv>/lib/python3.13/site-packages/sklearn/metrics/_classification.py:304: UserWarning: The y_prob values do not sum to one. Make sure to pass probabilities.
  warnings.warn(
Fold 1: accuracy=0.2879  F1(w/m)=0.2611/0.2624  CE=1.6558  epochs=9  

===== Fold 2/5  10:08:43 =====
Class weights (balanced): Human-written=1.004  V1=0.892  V2=0.924  V3=1.027  V4=1.061  V5=1.130
<venv>/lib/python3.13/site-packages/keras/src/trainers/epoch_iterator.py:74: UserWarning: `shuffle=True` was passed, but will be ignored since the data `x` was provided as a tf.data.Dataset. The Dataset is expected to already be shuffled (via `.shuffle(buffer_size)`).
  self.data_adapter = data_adapters.get_data_adapter(
Epoch 1/20
487/487 - 39s - 80ms/step - accuracy: 0.2040 - ce: 1.8349 - loss: 1.8730 - val_accuracy: 0.2424 - val_ce: 1.7261 - val_loss: 1.7553 - learning_rate: 1.0000e-04
Epoch 2/20
487/487 - 34s - 70ms/step - accuracy: 0.2425 - ce: 1.7421 - loss: 1.7667 - val_accuracy: 0.2758 - val_ce: 1.6911 - val_loss: 1.7136 - learning_rate: 1.0000e-04
Epoch 3/20
487/487 - 34s - 70ms/step - accuracy: 0.2686 - ce: 1.6951 - loss: 1.7146 - val_accuracy: 0.2715 - val_ce: 1.7179 - val_loss: 1.7373 - learning_rate: 1.0000e-04
Epoch 4/20
487/487 - 34s - 69ms/step - accuracy: 0.2794 - ce: 1.6508 - loss: 1.6672 - val_accuracy: 0.2962 - val_ce: 1.6573 - val_loss: 1.6747 - learning_rate: 1.0000e-04
Epoch 5/20
487/487 - 34s - 70ms/step - accuracy: 0.3030 - ce: 1.6040 - loss: 1.6189 - val_accuracy: 0.2918 - val_ce: 1.6411 - val_loss: 1.6570 - learning_rate: 1.0000e-04
Epoch 6/20
487/487 - 34s - 69ms/step - accuracy: 0.3317 - ce: 1.5514 - loss: 1.5653 - val_accuracy: 0.2882 - val_ce: 1.6808 - val_loss: 1.6956 - learning_rate: 1.0000e-04
Epoch 7/20

Epoch 7: ReduceLROnPlateau reducing learning rate to 4.999999873689376e-05.
487/487 - 34s - 69ms/step - accuracy: 0.3656 - ce: 1.4784 - loss: 1.4909 - val_accuracy: 0.2860 - val_ce: 1.6931 - val_loss: 1.7070 - learning_rate: 1.0000e-04
Epoch 8/20
487/487 - 34s - 70ms/step - accuracy: 0.4339 - ce: 1.3237 - loss: 1.3356 - val_accuracy: 0.2766 - val_ce: 1.8095 - val_loss: 1.8231 - learning_rate: 5.0000e-05
Epoch 9/20

Epoch 9: ReduceLROnPlateau reducing learning rate to 2.499999936844688e-05.
487/487 - 34s - 70ms/step - accuracy: 0.4928 - ce: 1.1983 - loss: 1.2103 - val_accuracy: 0.2853 - val_ce: 1.8601 - val_loss: 1.8734 - learning_rate: 5.0000e-05
<venv>/lib/python3.13/site-packages/sklearn/metrics/_classification.py:304: UserWarning: The y_prob values do not sum to one. Make sure to pass probabilities.
  warnings.warn(
<venv>/lib/python3.13/site-packages/sklearn/metrics/_classification.py:304: UserWarning: The y_prob values do not sum to one. Make sure to pass probabilities.
  warnings.warn(
Fold 2: accuracy=0.2682  F1(w/m)=0.2184/0.2142  CE=1.6745  epochs=9  

===== Fold 3/5  10:14:07 =====
Class weights (balanced): Human-written=1.004  V1=0.892  V2=0.924  V3=1.027  V4=1.061  V5=1.130
<venv>/lib/python3.13/site-packages/keras/src/trainers/epoch_iterator.py:74: UserWarning: `shuffle=True` was passed, but will be ignored since the data `x` was provided as a tf.data.Dataset. The Dataset is expected to already be shuffled (via `.shuffle(buffer_size)`).
  self.data_adapter = data_adapters.get_data_adapter(
Epoch 1/20
487/487 - 39s - 80ms/step - accuracy: 0.1963 - ce: 1.8203 - loss: 1.8576 - val_accuracy: 0.2671 - val_ce: 1.6962 - val_loss: 1.7254 - learning_rate: 1.0000e-04
Epoch 2/20
487/487 - 34s - 70ms/step - accuracy: 0.2431 - ce: 1.7451 - loss: 1.7701 - val_accuracy: 0.2635 - val_ce: 1.6912 - val_loss: 1.7129 - learning_rate: 1.0000e-04
Epoch 3/20
487/487 - 34s - 70ms/step - accuracy: 0.2596 - ce: 1.6983 - loss: 1.7166 - val_accuracy: 0.2773 - val_ce: 1.6922 - val_loss: 1.7103 - learning_rate: 1.0000e-04
Epoch 4/20
487/487 - 34s - 70ms/step - accuracy: 0.2787 - ce: 1.6571 - loss: 1.6722 - val_accuracy: 0.2758 - val_ce: 1.6728 - val_loss: 1.6887 - learning_rate: 1.0000e-04
Epoch 5/20
487/487 - 34s - 69ms/step - accuracy: 0.2987 - ce: 1.6181 - loss: 1.6321 - val_accuracy: 0.2809 - val_ce: 1.7006 - val_loss: 1.7149 - learning_rate: 1.0000e-04
Epoch 6/20

Epoch 6: ReduceLROnPlateau reducing learning rate to 4.999999873689376e-05.
487/487 - 34s - 69ms/step - accuracy: 0.3278 - ce: 1.5672 - loss: 1.5796 - val_accuracy: 0.2817 - val_ce: 1.6833 - val_loss: 1.6964 - learning_rate: 1.0000e-04
Epoch 7/20
487/487 - 34s - 70ms/step - accuracy: 0.3751 - ce: 1.4482 - loss: 1.4592 - val_accuracy: 0.2875 - val_ce: 1.7202 - val_loss: 1.7328 - learning_rate: 5.0000e-05
Epoch 8/20

Epoch 8: ReduceLROnPlateau reducing learning rate to 2.499999936844688e-05.
487/487 - 34s - 70ms/step - accuracy: 0.4126 - ce: 1.3545 - loss: 1.3647 - val_accuracy: 0.2649 - val_ce: 1.8155 - val_loss: 1.8277 - learning_rate: 5.0000e-05
<venv>/lib/python3.13/site-packages/sklearn/metrics/_classification.py:304: UserWarning: The y_prob values do not sum to one. Make sure to pass probabilities.
  warnings.warn(
<venv>/lib/python3.13/site-packages/sklearn/metrics/_classification.py:304: UserWarning: The y_prob values do not sum to one. Make sure to pass probabilities.
  warnings.warn(
Fold 3: accuracy=0.2691  F1(w/m)=0.2249/0.2202  CE=1.6924  epochs=8  

===== Fold 4/5  10:18:57 =====
Class weights (balanced): Human-written=1.004  V1=0.893  V2=0.924  V3=1.028  V4=1.060  V5=1.130
<venv>/lib/python3.13/site-packages/keras/src/trainers/epoch_iterator.py:74: UserWarning: `shuffle=True` was passed, but will be ignored since the data `x` was provided as a tf.data.Dataset. The Dataset is expected to already be shuffled (via `.shuffle(buffer_size)`).
  self.data_adapter = data_adapters.get_data_adapter(
Epoch 1/20
487/487 - 72s - 148ms/step - accuracy: 0.2105 - ce: 1.8112 - loss: 1.8459 - val_accuracy: 0.2402 - val_ce: 1.7192 - val_loss: 1.7436 - learning_rate: 1.0000e-04
Epoch 2/20
487/487 - 34s - 70ms/step - accuracy: 0.2426 - ce: 1.7432 - loss: 1.7620 - val_accuracy: 0.2591 - val_ce: 1.6855 - val_loss: 1.7026 - learning_rate: 1.0000e-04
Epoch 3/20
487/487 - 34s - 70ms/step - accuracy: 0.2596 - ce: 1.6928 - loss: 1.7070 - val_accuracy: 0.2787 - val_ce: 1.6689 - val_loss: 1.6828 - learning_rate: 1.0000e-04
Epoch 4/20
487/487 - 34s - 70ms/step - accuracy: 0.2847 - ce: 1.6575 - loss: 1.6691 - val_accuracy: 0.2606 - val_ce: 1.7484 - val_loss: 1.7605 - learning_rate: 1.0000e-04
Epoch 5/20

Epoch 5: ReduceLROnPlateau reducing learning rate to 4.999999873689376e-05.
487/487 - 34s - 69ms/step - accuracy: 0.3039 - ce: 1.6122 - loss: 1.6223 - val_accuracy: 0.2715 - val_ce: 1.6828 - val_loss: 1.6936 - learning_rate: 1.0000e-04
Epoch 6/20
487/487 - 34s - 70ms/step - accuracy: 0.3493 - ce: 1.5121 - loss: 1.5208 - val_accuracy: 0.2722 - val_ce: 1.7235 - val_loss: 1.7338 - learning_rate: 5.0000e-05
Epoch 7/20

Epoch 7: ReduceLROnPlateau reducing learning rate to 2.499999936844688e-05.
487/487 - 34s - 70ms/step - accuracy: 0.3825 - ce: 1.4381 - loss: 1.4466 - val_accuracy: 0.2831 - val_ce: 1.7736 - val_loss: 1.7834 - learning_rate: 5.0000e-05
<venv>/lib/python3.13/site-packages/sklearn/metrics/_classification.py:304: UserWarning: The y_prob values do not sum to one. Make sure to pass probabilities.
  warnings.warn(
<venv>/lib/python3.13/site-packages/sklearn/metrics/_classification.py:304: UserWarning: The y_prob values do not sum to one. Make sure to pass probabilities.
  warnings.warn(
Fold 4: accuracy=0.2832  F1(w/m)=0.2418/0.2386  CE=1.6489  epochs=7  

===== Fold 5/5  10:23:46 =====
Class weights (balanced): Human-written=1.004  V1=0.892  V2=0.924  V3=1.028  V4=1.060  V5=1.130
<venv>/lib/python3.13/site-packages/keras/src/trainers/epoch_iterator.py:74: UserWarning: `shuffle=True` was passed, but will be ignored since the data `x` was provided as a tf.data.Dataset. The Dataset is expected to already be shuffled (via `.shuffle(buffer_size)`).
  self.data_adapter = data_adapters.get_data_adapter(
Epoch 1/20
487/487 - 39s - 80ms/step - accuracy: 0.1962 - ce: 1.8329 - loss: 1.8708 - val_accuracy: 0.2678 - val_ce: 1.7075 - val_loss: 1.7385 - learning_rate: 1.0000e-04
Epoch 2/20
487/487 - 34s - 70ms/step - accuracy: 0.2351 - ce: 1.7545 - loss: 1.7804 - val_accuracy: 0.2533 - val_ce: 1.7176 - val_loss: 1.7418 - learning_rate: 1.0000e-04
Epoch 3/20
487/487 - 34s - 70ms/step - accuracy: 0.2570 - ce: 1.7085 - loss: 1.7291 - val_accuracy: 0.2744 - val_ce: 1.6806 - val_loss: 1.7013 - learning_rate: 1.0000e-04
Epoch 4/20
487/487 - 34s - 70ms/step - accuracy: 0.2770 - ce: 1.6623 - loss: 1.6810 - val_accuracy: 0.2904 - val_ce: 1.6397 - val_loss: 1.6583 - learning_rate: 1.0000e-04
Epoch 5/20
487/487 - 34s - 70ms/step - accuracy: 0.3057 - ce: 1.6148 - loss: 1.6312 - val_accuracy: 0.2802 - val_ce: 1.6505 - val_loss: 1.6676 - learning_rate: 1.0000e-04
Epoch 6/20

Epoch 6: ReduceLROnPlateau reducing learning rate to 4.999999873689376e-05.
487/487 - 34s - 70ms/step - accuracy: 0.3187 - ce: 1.5775 - loss: 1.5929 - val_accuracy: 0.2817 - val_ce: 1.6954 - val_loss: 1.7114 - learning_rate: 1.0000e-04
Epoch 7/20
487/487 - 34s - 70ms/step - accuracy: 0.3726 - ce: 1.4551 - loss: 1.4694 - val_accuracy: 0.2729 - val_ce: 1.7409 - val_loss: 1.7565 - learning_rate: 5.0000e-05
Epoch 8/20

Epoch 8: ReduceLROnPlateau reducing learning rate to 2.499999936844688e-05.
487/487 - 34s - 70ms/step - accuracy: 0.4074 - ce: 1.3719 - loss: 1.3860 - val_accuracy: 0.2700 - val_ce: 1.7365 - val_loss: 1.7517 - learning_rate: 5.0000e-05
<venv>/lib/python3.13/site-packages/sklearn/metrics/_classification.py:304: UserWarning: The y_prob values do not sum to one. Make sure to pass probabilities.
  warnings.warn(
<venv>/lib/python3.13/site-packages/sklearn/metrics/_classification.py:304: UserWarning: The y_prob values do not sum to one. Make sure to pass probabilities.
  warnings.warn(
Fold 5: accuracy=0.2723  F1(w/m)=0.2402/0.2365  CE=1.6565  epochs=8  

CV mean ± std:
  accuracy               0.2762 ± 0.0089
  balanced_accuracy      0.2734 ± 0.0117
  mcc                    0.1357 ± 0.0116
  cross_entropy          1.6656 ± 0.0177
  roc_auc                0.6451 ± 0.0074
  precision_macro        0.2441 ± 0.0278
  recall_macro           0.2734 ± 0.0117
  f1_macro               0.2344 ± 0.0188
  precision_micro        0.2762 ± 0.0089
  recall_micro           0.2762 ± 0.0089
  f1_micro               0.2762 ± 0.0089
  precision_weighted     0.2470 ± 0.0259
  recall_weighted        0.2762 ± 0.0089
  f1_weighted            0.2373 ± 0.0167

===== Final training  10:28:36 =====
Class weights (balanced): Human-written=1.004  V1=0.892  V2=0.924  V3=1.028  V4=1.060  V5=1.130
<venv>/lib/python3.13/site-packages/keras/src/trainers/epoch_iterator.py:74: UserWarning: `shuffle=True` was passed, but will be ignored since the data `x` was provided as a tf.data.Dataset. The Dataset is expected to already be shuffled (via `.shuffle(buffer_size)`).
  self.data_adapter = data_adapters.get_data_adapter(
Epoch 1/20
589/589 - 81s - 138ms/step - accuracy: 0.1979 - ce: 1.8205 - loss: 1.8553 - val_accuracy: 0.2559 - val_ce: 1.7090 - val_loss: 1.7342 - learning_rate: 1.0000e-04
Epoch 2/20
589/589 - 42s - 72ms/step - accuracy: 0.2434 - ce: 1.7324 - loss: 1.7523 - val_accuracy: 0.2441 - val_ce: 1.6997 - val_loss: 1.7179 - learning_rate: 1.0000e-04
Epoch 3/20
589/589 - 42s - 72ms/step - accuracy: 0.2634 - ce: 1.6905 - loss: 1.7060 - val_accuracy: 0.2629 - val_ce: 1.7270 - val_loss: 1.7421 - learning_rate: 1.0000e-04
Epoch 4/20
589/589 - 42s - 72ms/step - accuracy: 0.2801 - ce: 1.6577 - loss: 1.6701 - val_accuracy: 0.3015 - val_ce: 1.6278 - val_loss: 1.6409 - learning_rate: 1.0000e-04
Epoch 5/20
589/589 - 42s - 72ms/step - accuracy: 0.3011 - ce: 1.6087 - loss: 1.6185 - val_accuracy: 0.2926 - val_ce: 1.6515 - val_loss: 1.6633 - learning_rate: 1.0000e-04
Epoch 6/20

Epoch 6: ReduceLROnPlateau reducing learning rate to 4.999999873689376e-05.
589/589 - 42s - 72ms/step - accuracy: 0.3257 - ce: 1.5559 - loss: 1.5651 - val_accuracy: 0.3025 - val_ce: 1.6539 - val_loss: 1.6646 - learning_rate: 1.0000e-04
Epoch 7/20
589/589 - 42s - 72ms/step - accuracy: 0.3729 - ce: 1.4530 - loss: 1.4613 - val_accuracy: 0.2921 - val_ce: 1.6778 - val_loss: 1.6881 - learning_rate: 5.0000e-05
Epoch 8/20

Epoch 8: ReduceLROnPlateau reducing learning rate to 2.499999936844688e-05.
589/589 - 42s - 72ms/step - accuracy: 0.4035 - ce: 1.3727 - loss: 1.3816 - val_accuracy: 0.2752 - val_ce: 1.7247 - val_loss: 1.7346 - learning_rate: 5.0000e-05
<venv>/lib/python3.13/site-packages/sklearn/metrics/_classification.py:304: UserWarning: The y_prob values do not sum to one. Make sure to pass probabilities.
  warnings.warn(
<venv>/lib/python3.13/site-packages/sklearn/metrics/_classification.py:304: UserWarning: The y_prob values do not sum to one. Make sure to pass probabilities.
  warnings.warn(
               precision    recall  f1-score   support

Human-written     0.4634    0.6964    0.5565       336
           V1     0.2255    0.2626    0.2426       377
           V2     0.2029    0.0769    0.1116       364
           V3     0.2672    0.5335    0.3561       328
           V4     0.2092    0.1861    0.1970       317
           V5     0.0000    0.0000    0.0000       298

     accuracy                         0.2946      2020
    macro avg     0.2280    0.2926    0.2440      2020
 weighted avg     0.2319    0.2946    0.2467      2020

Class distribution all  : {'Human-written': 2236, 'V1': 2514, 'V2': 2428, 'V3': 2184, 'V4': 2115, 'V5': 1986}  ratio {'Human-written': 0.1661, 'V1': 0.1867, 'V2': 0.1803, 'V3': 0.1622, 'V4': 0.1571, 'V5': 0.1475}
Class distribution train: {'Human-written': 1564, 'V1': 1760, 'V2': 1700, 'V3': 1528, 'V4': 1481, 'V5': 1390}  ratio {'Human-written': 0.166, 'V1': 0.1868, 'V2': 0.1804, 'V3': 0.1622, 'V4': 0.1572, 'V5': 0.1475}
Class distribution val  : {'Human-written': 336, 'V1': 377, 'V2': 364, 'V3': 328, 'V4': 317, 'V5': 298}  ratio {'Human-written': 0.1663, 'V1': 0.1866, 'V2': 0.1802, 'V3': 0.1624, 'V4': 0.1569, 'V5': 0.1475}
Class distribution test : {'Human-written': 336, 'V1': 377, 'V2': 364, 'V3': 328, 'V4': 317, 'V5': 298}  ratio {'Human-written': 0.1663, 'V1': 0.1866, 'V2': 0.1802, 'V3': 0.1624, 'V4': 0.1569, 'V5': 0.1475}

subdataset12_screenshot_6class_snippet_cv  VGG19 (sigmoid, dropout 0.2, lr 0.0001)
CV mean    acc=0.2762  F1 w/m/micro=0.2373/0.2344/0.2762  P_w=0.2470  R_w=0.2762  CE=1.6656  AUC=0.6451  MCC=0.1357
VALIDATION acc=0.3015  F1 w/m/micro=0.2515/0.2490/0.3015  P_w=0.2910  R_w=0.3015  CE=1.6278  AUC=0.6606  MCC=0.1671
TEST       acc=0.2946  F1 w/m/micro=0.2467/0.2440/0.2946  P_w=0.2319  R_w=0.2946  CE=1.6318  AUC=0.6579  MCC=0.1577
TEST 95% CI: accuracy=[0.2748, 0.3129]  f1_weighted=[0.2284, 0.2659]  f1_macro=[0.2286, 0.2594]  mcc=[0.1362, 0.1798]  balanced_accuracy=[0.2764, 0.3084]
Outputs: Experiments/subdataset12/Snippet-Level Split/results/subdataset12_screenshot_6class_snippet_cv
2026-10-03 10:35:12 FINISHED
