
====================================================================================================
2026-10-03 07:36:31  subdataset2_graph_human_vs_v2_snippet_cv  (config hash 864b8c84f5a2)
Data    : Data/Subdataset_2
Classes : ['Human-written', 'V2']   Split: Snippet-Level Split
Model   : VGG19  activation=relu  dropout=0.1  lr=0.0001  trained=base from block5_* on  preprocessing=caffe  L2=0.0001
Training: at most 20 epochs, early stopping val_ce patience 4, batch 16, 320x320 (no cropping), mixed precision True
Output  : Experiments/subdataset2/Snippet-Level Split/results/subdataset2_graph_human_vs_v2_snippet_cv
Human-written (label 0): 772 images
V2  (label 1): 674 images
Total 1446 images
Train     :  1012 (70.0%)  Human-written=540 V2=472
Validation:   217 (15.0%)  Human-written=116 V2=101
Test      :   217 (15.0%)  Human-written=116 V2=101
Fold 1: train=983 (Human-written=525 V2=458)  evaluation=246 (Human-written=131 V2=115)
Fold 2: train=983 (Human-written=525 V2=458)  evaluation=246 (Human-written=131 V2=115)
Fold 3: train=983 (Human-written=525 V2=458)  evaluation=246 (Human-written=131 V2=115)
Fold 4: train=983 (Human-written=524 V2=459)  evaluation=246 (Human-written=132 V2=114)
Fold 5: train=984 (Human-written=525 V2=459)  evaluation=245 (Human-written=131 V2=114)
Leakage check PASSED.
TensorFlow 2.20.0 | GPU: [PhysicalDevice(name='/physical_device:GPU:0', device_type='GPU')]
Mixed precision: mixed_float16 (output layer float32)
Images loaded: 1446, 0.4 GB, 9 s

===== Fold 1/5  07:36:44 =====
Class weights (balanced): Human-written=0.936  V2=1.073
Model: base 22 layers, trained base layers 5 (first: block5_conv1); trained parameters 9,702,401 / 20,287,553
Epoch 1/20
53/53 - 18s - 331ms/step - accuracy: 0.4599 - ce: 0.7753 - loss: 0.8260 - val_accuracy: 0.4932 - val_ce: 0.7070 - val_loss: 0.7551 - learning_rate: 1.0000e-04
Epoch 2/20
53/53 - 2s - 39ms/step - accuracy: 0.4587 - ce: 0.6937 - loss: 0.7395 - val_accuracy: 0.5405 - val_ce: 0.6931 - val_loss: 0.7371 - learning_rate: 1.0000e-04
Epoch 3/20
53/53 - 2s - 38ms/step - accuracy: 0.4994 - ce: 0.6929 - loss: 0.7371 - val_accuracy: 0.4595 - val_ce: 0.6938 - val_loss: 0.7340 - learning_rate: 1.0000e-04
Epoch 4/20

Epoch 4: ReduceLROnPlateau reducing learning rate to 4.999999873689376e-05.
53/53 - 2s - 37ms/step - accuracy: 0.4683 - ce: 0.6922 - loss: 0.7305 - val_accuracy: 0.4662 - val_ce: 0.7051 - val_loss: 0.7419 - learning_rate: 1.0000e-04
Epoch 5/20
53/53 - 2s - 38ms/step - accuracy: 0.4695 - ce: 0.6961 - loss: 0.7328 - val_accuracy: 0.4595 - val_ce: 0.6942 - val_loss: 0.7295 - learning_rate: 5.0000e-05
Epoch 6/20

Epoch 6: ReduceLROnPlateau reducing learning rate to 2.499999936844688e-05.
53/53 - 2s - 38ms/step - accuracy: 0.4778 - ce: 0.6901 - loss: 0.7245 - val_accuracy: 0.4527 - val_ce: 0.7097 - val_loss: 0.7435 - learning_rate: 5.0000e-05
COLLAPSE: 99% of the validation predictions are in one class -> training is repeated once with lr 1e-05
Epoch 1/20
53/53 - 12s - 228ms/step - accuracy: 0.4515 - ce: 0.8377 - loss: 0.8844 - val_accuracy: 0.5000 - val_ce: 0.7055 - val_loss: 0.7566 - learning_rate: 1.0000e-05
Epoch 2/20
53/53 - 2s - 38ms/step - accuracy: 0.6024 - ce: 0.6659 - loss: 0.7191 - val_accuracy: 0.5541 - val_ce: 0.7286 - val_loss: 0.7795 - learning_rate: 1.0000e-05
Epoch 3/20

Epoch 3: ReduceLROnPlateau reducing learning rate to 4.999999873689376e-06.
53/53 - 2s - 38ms/step - accuracy: 0.6934 - ce: 0.5701 - loss: 0.6203 - val_accuracy: 0.4932 - val_ce: 0.7339 - val_loss: 0.7847 - learning_rate: 1.0000e-05
Epoch 4/20
53/53 - 2s - 37ms/step - accuracy: 0.7772 - ce: 0.4910 - loss: 0.5398 - val_accuracy: 0.5270 - val_ce: 0.7457 - val_loss: 0.7965 - learning_rate: 5.0000e-06
Epoch 5/20

Epoch 5: ReduceLROnPlateau reducing learning rate to 2.499999936844688e-06.
53/53 - 2s - 37ms/step - accuracy: 0.8072 - ce: 0.4477 - loss: 0.4989 - val_accuracy: 0.5405 - val_ce: 0.7571 - val_loss: 0.8079 - learning_rate: 5.0000e-06
Fold 1: accuracy=0.5285  F1(w/m)=0.5289/0.5277  CE=0.7143  epochs=5  

===== Fold 2/5  07:37:43 =====
Class weights (balanced): Human-written=0.936  V2=1.073
Epoch 1/20
53/53 - 12s - 228ms/step - accuracy: 0.5054 - ce: 0.7775 - loss: 0.8278 - val_accuracy: 0.5338 - val_ce: 0.6916 - val_loss: 0.7389 - learning_rate: 1.0000e-04
Epoch 2/20
53/53 - 2s - 37ms/step - accuracy: 0.4826 - ce: 0.6940 - loss: 0.7401 - val_accuracy: 0.4662 - val_ce: 0.6933 - val_loss: 0.7356 - learning_rate: 1.0000e-04
Epoch 3/20

Epoch 3: ReduceLROnPlateau reducing learning rate to 4.999999873689376e-05.
53/53 - 2s - 38ms/step - accuracy: 0.4910 - ce: 0.6951 - loss: 0.7361 - val_accuracy: 0.4662 - val_ce: 0.6936 - val_loss: 0.7315 - learning_rate: 1.0000e-04
Epoch 4/20
53/53 - 2s - 38ms/step - accuracy: 0.4659 - ce: 0.6936 - loss: 0.7302 - val_accuracy: 0.4662 - val_ce: 0.6935 - val_loss: 0.7294 - learning_rate: 5.0000e-05
Epoch 5/20

Epoch 5: ReduceLROnPlateau reducing learning rate to 2.499999936844688e-05.
53/53 - 2s - 38ms/step - accuracy: 0.4659 - ce: 0.6935 - loss: 0.7282 - val_accuracy: 0.4662 - val_ce: 0.6934 - val_loss: 0.7275 - learning_rate: 5.0000e-05
COLLAPSE: 100% of the validation predictions are in one class -> training is repeated once with lr 1e-05
Epoch 1/20
53/53 - 12s - 228ms/step - accuracy: 0.5365 - ce: 0.8018 - loss: 0.8546 - val_accuracy: 0.5473 - val_ce: 0.7129 - val_loss: 0.7641 - learning_rate: 1.0000e-05
Epoch 2/20
53/53 - 2s - 39ms/step - accuracy: 0.6204 - ce: 0.6478 - loss: 0.6987 - val_accuracy: 0.5203 - val_ce: 0.6785 - val_loss: 0.7295 - learning_rate: 1.0000e-05
Epoch 3/20
53/53 - 2s - 38ms/step - accuracy: 0.6838 - ce: 0.5895 - loss: 0.6400 - val_accuracy: 0.5405 - val_ce: 0.6960 - val_loss: 0.7468 - learning_rate: 1.0000e-05
Epoch 4/20

Epoch 4: ReduceLROnPlateau reducing learning rate to 4.999999873689376e-06.
53/53 - 2s - 37ms/step - accuracy: 0.8072 - ce: 0.4773 - loss: 0.5270 - val_accuracy: 0.5676 - val_ce: 0.6978 - val_loss: 0.7485 - learning_rate: 1.0000e-05
Epoch 5/20
53/53 - 2s - 38ms/step - accuracy: 0.8683 - ce: 0.3905 - loss: 0.4416 - val_accuracy: 0.5338 - val_ce: 0.7061 - val_loss: 0.7567 - learning_rate: 5.0000e-06
Epoch 6/20

Epoch 6: ReduceLROnPlateau reducing learning rate to 2.499999936844688e-06.
53/53 - 2s - 37ms/step - accuracy: 0.8958 - ce: 0.3359 - loss: 0.3874 - val_accuracy: 0.5676 - val_ce: 0.7062 - val_loss: 0.7568 - learning_rate: 5.0000e-06
Fold 2: accuracy=0.5244  F1(w/m)=0.5236/0.5209  CE=0.6975  epochs=6  

===== Fold 3/5  07:38:33 =====
Class weights (balanced): Human-written=0.936  V2=1.073
Epoch 1/20
53/53 - 12s - 228ms/step - accuracy: 0.5174 - ce: 0.7829 - loss: 0.8353 - val_accuracy: 0.5338 - val_ce: 0.6904 - val_loss: 0.7387 - learning_rate: 1.0000e-04
Epoch 2/20
53/53 - 2s - 38ms/step - accuracy: 0.4623 - ce: 0.6937 - loss: 0.7399 - val_accuracy: 0.4662 - val_ce: 0.6932 - val_loss: 0.7372 - learning_rate: 1.0000e-04
Epoch 3/20

Epoch 3: ReduceLROnPlateau reducing learning rate to 4.999999873689376e-05.
53/53 - 2s - 37ms/step - accuracy: 0.4647 - ce: 0.6936 - loss: 0.7354 - val_accuracy: 0.4662 - val_ce: 0.6933 - val_loss: 0.7335 - learning_rate: 1.0000e-04
Epoch 4/20
53/53 - 2s - 37ms/step - accuracy: 0.4707 - ce: 0.6935 - loss: 0.7328 - val_accuracy: 0.4662 - val_ce: 0.6934 - val_loss: 0.7319 - learning_rate: 5.0000e-05
Epoch 5/20

Epoch 5: ReduceLROnPlateau reducing learning rate to 2.499999936844688e-05.
53/53 - 2s - 38ms/step - accuracy: 0.4683 - ce: 0.6933 - loss: 0.7309 - val_accuracy: 0.4662 - val_ce: 0.6933 - val_loss: 0.7301 - learning_rate: 5.0000e-05
COLLAPSE: 100% of the validation predictions are in one class -> training is repeated once with lr 1e-05
Epoch 1/20
53/53 - 12s - 227ms/step - accuracy: 0.5090 - ce: 0.7978 - loss: 0.8489 - val_accuracy: 0.5405 - val_ce: 0.6850 - val_loss: 0.7361 - learning_rate: 1.0000e-05
Epoch 2/20
53/53 - 2s - 39ms/step - accuracy: 0.6120 - ce: 0.6569 - loss: 0.7082 - val_accuracy: 0.5541 - val_ce: 0.6833 - val_loss: 0.7342 - learning_rate: 1.0000e-05
Epoch 3/20
53/53 - 2s - 38ms/step - accuracy: 0.6826 - ce: 0.6008 - loss: 0.6531 - val_accuracy: 0.5473 - val_ce: 0.7212 - val_loss: 0.7719 - learning_rate: 1.0000e-05
Epoch 4/20

Epoch 4: ReduceLROnPlateau reducing learning rate to 4.999999873689376e-06.
53/53 - 2s - 37ms/step - accuracy: 0.8108 - ce: 0.4916 - loss: 0.5411 - val_accuracy: 0.5473 - val_ce: 0.6883 - val_loss: 0.7389 - learning_rate: 1.0000e-05
Epoch 5/20
53/53 - 2s - 38ms/step - accuracy: 0.8539 - ce: 0.3947 - loss: 0.4460 - val_accuracy: 0.5946 - val_ce: 0.7073 - val_loss: 0.7579 - learning_rate: 5.0000e-06
Epoch 6/20

Epoch 6: ReduceLROnPlateau reducing learning rate to 2.499999936844688e-06.
53/53 - 2s - 38ms/step - accuracy: 0.8934 - ce: 0.3543 - loss: 0.4057 - val_accuracy: 0.5743 - val_ce: 0.7098 - val_loss: 0.7604 - learning_rate: 5.0000e-06
Fold 3: accuracy=0.4837  F1(w/m)=0.4843/0.4833  CE=0.7156  epochs=6  

===== Fold 4/5  07:39:23 =====
Class weights (balanced): Human-written=0.938  V2=1.071
Epoch 1/20
53/53 - 12s - 230ms/step - accuracy: 0.5078 - ce: 0.7861 - loss: 0.8321 - val_accuracy: 0.4662 - val_ce: 0.7192 - val_loss: 0.7665 - learning_rate: 1.0000e-04
Epoch 2/20
53/53 - 2s - 39ms/step - accuracy: 0.5174 - ce: 0.6962 - loss: 0.7431 - val_accuracy: 0.5338 - val_ce: 0.6930 - val_loss: 0.7352 - learning_rate: 1.0000e-04
Epoch 3/20
53/53 - 2s - 38ms/step - accuracy: 0.5138 - ce: 0.6944 - loss: 0.7340 - val_accuracy: 0.5338 - val_ce: 0.6929 - val_loss: 0.7303 - learning_rate: 1.0000e-04
Epoch 4/20
53/53 - 2s - 38ms/step - accuracy: 0.5329 - ce: 0.6929 - loss: 0.7286 - val_accuracy: 0.5338 - val_ce: 0.6929 - val_loss: 0.7262 - learning_rate: 1.0000e-04
Epoch 5/20

Epoch 5: ReduceLROnPlateau reducing learning rate to 4.999999873689376e-05.
53/53 - 2s - 38ms/step - accuracy: 0.5329 - ce: 0.6930 - loss: 0.7248 - val_accuracy: 0.5338 - val_ce: 0.6930 - val_loss: 0.7229 - learning_rate: 1.0000e-04
Epoch 6/20
53/53 - 2s - 38ms/step - accuracy: 0.5329 - ce: 0.6930 - loss: 0.7223 - val_accuracy: 0.5338 - val_ce: 0.6929 - val_loss: 0.7213 - learning_rate: 5.0000e-05
Epoch 7/20

Epoch 7: ReduceLROnPlateau reducing learning rate to 2.499999936844688e-05.
53/53 - 2s - 39ms/step - accuracy: 0.5329 - ce: 0.6931 - loss: 0.7208 - val_accuracy: 0.5338 - val_ce: 0.6931 - val_loss: 0.7199 - learning_rate: 5.0000e-05
COLLAPSE: 100% of the validation predictions are in one class -> training is repeated once with lr 1e-05
Epoch 1/20
53/53 - 12s - 228ms/step - accuracy: 0.5401 - ce: 0.8493 - loss: 0.8945 - val_accuracy: 0.5000 - val_ce: 0.7251 - val_loss: 0.7761 - learning_rate: 1.0000e-05
Epoch 2/20
53/53 - 2s - 39ms/step - accuracy: 0.6240 - ce: 0.6508 - loss: 0.7015 - val_accuracy: 0.5270 - val_ce: 0.7169 - val_loss: 0.7678 - learning_rate: 1.0000e-05
Epoch 3/20
53/53 - 2s - 38ms/step - accuracy: 0.7006 - ce: 0.5718 - loss: 0.6232 - val_accuracy: 0.5608 - val_ce: 0.6964 - val_loss: 0.7472 - learning_rate: 1.0000e-05
Epoch 4/20
53/53 - 2s - 38ms/step - accuracy: 0.7784 - ce: 0.4990 - loss: 0.5503 - val_accuracy: 0.5878 - val_ce: 0.7040 - val_loss: 0.7546 - learning_rate: 1.0000e-05
Epoch 5/20

Epoch 5: ReduceLROnPlateau reducing learning rate to 4.999999873689376e-06.
53/53 - 2s - 38ms/step - accuracy: 0.8419 - ce: 0.4068 - loss: 0.4555 - val_accuracy: 0.5068 - val_ce: 0.8059 - val_loss: 0.8565 - learning_rate: 1.0000e-05
Epoch 6/20
53/53 - 2s - 39ms/step - accuracy: 0.9078 - ce: 0.3110 - loss: 0.3631 - val_accuracy: 0.5135 - val_ce: 0.7922 - val_loss: 0.8427 - learning_rate: 5.0000e-06
Epoch 7/20

Epoch 7: ReduceLROnPlateau reducing learning rate to 2.499999936844688e-06.
53/53 - 2s - 38ms/step - accuracy: 0.9210 - ce: 0.2756 - loss: 0.3245 - val_accuracy: 0.5743 - val_ce: 0.7455 - val_loss: 0.7959 - learning_rate: 5.0000e-06
Fold 4: accuracy=0.5813  F1(w/m)=0.5791/0.5805  CE=0.6906  epochs=7  

===== Fold 5/5  07:40:20 =====
Class weights (balanced): Human-written=0.937  V2=1.072
Epoch 1/20
53/53 - 13s - 243ms/step - accuracy: 0.5419 - ce: 0.7834 - loss: 0.8393 - val_accuracy: 0.4730 - val_ce: 0.7370 - val_loss: 0.7841 - learning_rate: 1.0000e-04
Epoch 2/20
53/53 - 2s - 39ms/step - accuracy: 0.4988 - ce: 0.7615 - loss: 0.8153 - val_accuracy: 0.4662 - val_ce: 0.6937 - val_loss: 0.7364 - learning_rate: 1.0000e-04
Epoch 3/20
53/53 - 2s - 38ms/step - accuracy: 0.4725 - ce: 0.6951 - loss: 0.7345 - val_accuracy: 0.4662 - val_ce: 0.6939 - val_loss: 0.7320 - learning_rate: 1.0000e-04
Epoch 4/20

Epoch 4: ReduceLROnPlateau reducing learning rate to 4.999999873689376e-05.
53/53 - 2s - 39ms/step - accuracy: 0.5060 - ce: 0.6882 - loss: 0.7247 - val_accuracy: 0.4595 - val_ce: 0.7037 - val_loss: 0.7378 - learning_rate: 1.0000e-04
Epoch 5/20
53/53 - 2s - 37ms/step - accuracy: 0.5263 - ce: 0.6795 - loss: 0.7147 - val_accuracy: 0.5135 - val_ce: 0.7236 - val_loss: 0.7559 - learning_rate: 5.0000e-05
Epoch 6/20

Epoch 6: ReduceLROnPlateau reducing learning rate to 2.499999936844688e-05.
53/53 - 2s - 38ms/step - accuracy: 0.5144 - ce: 0.6827 - loss: 0.7148 - val_accuracy: 0.4730 - val_ce: 0.7005 - val_loss: 0.7311 - learning_rate: 5.0000e-05
COLLAPSE: 100% of the validation predictions are in one class -> training is repeated once with lr 1e-05
Epoch 1/20
53/53 - 13s - 239ms/step - accuracy: 0.5036 - ce: 0.8255 - loss: 0.8752 - val_accuracy: 0.4865 - val_ce: 0.7393 - val_loss: 0.7904 - learning_rate: 1.0000e-05
Epoch 2/20
53/53 - 2s - 39ms/step - accuracy: 0.6184 - ce: 0.6660 - loss: 0.7170 - val_accuracy: 0.5000 - val_ce: 0.7233 - val_loss: 0.7742 - learning_rate: 1.0000e-05
Epoch 3/20
53/53 - 2s - 39ms/step - accuracy: 0.7344 - ce: 0.5587 - loss: 0.6086 - val_accuracy: 0.5000 - val_ce: 0.7913 - val_loss: 0.8421 - learning_rate: 1.0000e-05
Epoch 4/20

Epoch 4: ReduceLROnPlateau reducing learning rate to 4.999999873689376e-06.
53/53 - 2s - 37ms/step - accuracy: 0.7799 - ce: 0.4777 - loss: 0.5278 - val_accuracy: 0.5135 - val_ce: 0.7732 - val_loss: 0.8239 - learning_rate: 1.0000e-05
Epoch 5/20
53/53 - 2s - 37ms/step - accuracy: 0.8696 - ce: 0.3747 - loss: 0.4253 - val_accuracy: 0.5135 - val_ce: 0.7901 - val_loss: 0.8408 - learning_rate: 5.0000e-06
Epoch 6/20

Epoch 6: ReduceLROnPlateau reducing learning rate to 2.499999936844688e-06.
53/53 - 2s - 38ms/step - accuracy: 0.9127 - ce: 0.3134 - loss: 0.3630 - val_accuracy: 0.5068 - val_ce: 0.8322 - val_loss: 0.8828 - learning_rate: 5.0000e-06
Fold 5: accuracy=0.5102  F1(w/m)=0.5102/0.5078  CE=0.6996  epochs=6  

CV mean ± std:
  accuracy               0.5256 ± 0.0357
  balanced_accuracy      0.5257 ± 0.0385
  mcc                    0.0518 ± 0.0778
  cross_entropy          0.7035 ± 0.0110
  roc_auc                0.5417 ± 0.0381
  precision_macro        0.5261 ± 0.0393
  recall_macro           0.5257 ± 0.0385
  f1_macro               0.5240 ± 0.0358
  precision_micro        0.5256 ± 0.0357
  recall_micro           0.5256 ± 0.0357
  f1_micro               0.5256 ± 0.0357
  precision_weighted     0.5286 ± 0.0399
  recall_weighted        0.5256 ± 0.0357
  f1_weighted            0.5252 ± 0.0347

===== Final training  07:41:16 =====
Class weights (balanced): Human-written=0.937  V2=1.072
Epoch 1/20
64/64 - 14s - 224ms/step - accuracy: 0.5168 - ce: 0.7560 - loss: 0.8111 - val_accuracy: 0.5346 - val_ce: 0.6917 - val_loss: 0.7380 - learning_rate: 1.0000e-04
Epoch 2/20
64/64 - 2s - 37ms/step - accuracy: 0.4684 - ce: 0.6939 - loss: 0.7371 - val_accuracy: 0.4747 - val_ce: 0.6929 - val_loss: 0.7330 - learning_rate: 1.0000e-04
Epoch 3/20

Epoch 3: ReduceLROnPlateau reducing learning rate to 4.999999873689376e-05.
64/64 - 2s - 37ms/step - accuracy: 0.4694 - ce: 0.6966 - loss: 0.7337 - val_accuracy: 0.4747 - val_ce: 0.7081 - val_loss: 0.7431 - learning_rate: 1.0000e-04
Epoch 4/20
64/64 - 2s - 37ms/step - accuracy: 0.4872 - ce: 0.6943 - loss: 0.7289 - val_accuracy: 0.4700 - val_ce: 0.6926 - val_loss: 0.7254 - learning_rate: 5.0000e-05
Epoch 5/20

Epoch 5: ReduceLROnPlateau reducing learning rate to 2.499999936844688e-05.
64/64 - 2s - 38ms/step - accuracy: 0.4812 - ce: 0.6933 - loss: 0.7247 - val_accuracy: 0.4700 - val_ce: 0.6926 - val_loss: 0.7232 - learning_rate: 5.0000e-05
COLLAPSE: 100% of the validation predictions are in one class -> training is repeated once with lr 1e-05
Epoch 1/20
64/64 - 13s - 201ms/step - accuracy: 0.5316 - ce: 0.7857 - loss: 0.8389 - val_accuracy: 0.5300 - val_ce: 0.6903 - val_loss: 0.7413 - learning_rate: 1.0000e-05
Epoch 2/20
64/64 - 2s - 37ms/step - accuracy: 0.6324 - ce: 0.6403 - loss: 0.6910 - val_accuracy: 0.5300 - val_ce: 0.7162 - val_loss: 0.7670 - learning_rate: 1.0000e-05
Epoch 3/20

Epoch 3: ReduceLROnPlateau reducing learning rate to 4.999999873689376e-06.
64/64 - 2s - 37ms/step - accuracy: 0.7105 - ce: 0.5701 - loss: 0.6202 - val_accuracy: 0.5484 - val_ce: 0.7133 - val_loss: 0.7639 - learning_rate: 1.0000e-05
Epoch 4/20
64/64 - 2s - 37ms/step - accuracy: 0.8014 - ce: 0.4717 - loss: 0.5230 - val_accuracy: 0.5069 - val_ce: 0.7856 - val_loss: 0.8362 - learning_rate: 5.0000e-06
Epoch 5/20

Epoch 5: ReduceLROnPlateau reducing learning rate to 2.499999936844688e-06.
64/64 - 2s - 38ms/step - accuracy: 0.8281 - ce: 0.4254 - loss: 0.4758 - val_accuracy: 0.5207 - val_ce: 0.7640 - val_loss: 0.8146 - learning_rate: 5.0000e-06
               precision    recall  f1-score   support

Human-written     0.5547    0.6121    0.5820       116
           V2     0.4944    0.4356    0.4632       101

     accuracy                         0.5300       217
    macro avg     0.5245    0.5239    0.5226       217
 weighted avg     0.5266    0.5300    0.5267       217

Class distribution all  : {'Human-written': 772, 'V2': 674}  ratio {'Human-written': 0.5339, 'V2': 0.4661}
Class distribution train: {'Human-written': 540, 'V2': 472}  ratio {'Human-written': 0.5336, 'V2': 0.4664}
Class distribution val  : {'Human-written': 116, 'V2': 101}  ratio {'Human-written': 0.5346, 'V2': 0.4654}
Class distribution test : {'Human-written': 116, 'V2': 101}  ratio {'Human-written': 0.5346, 'V2': 0.4654}

subdataset2_graph_human_vs_v2_snippet_cv  VGG19 (relu, dropout 0.1, lr 0.0001)
CV mean    acc=0.5256  F1 w/m/micro=0.5252/0.5240/0.5256  P_w=0.5286  R_w=0.5256  CE=0.7035  AUC=0.5417  MCC=0.0518
VALIDATION acc=0.5300  F1 w/m/micro=0.5296/0.5271/0.5300  P_w=0.5294  R_w=0.5300  CE=0.6903  AUC=0.5599  MCC=0.0542
TEST       acc=0.5300  F1 w/m/micro=0.5267/0.5226/0.5300  P_w=0.5266  R_w=0.5300  CE=0.7112  AUC=0.5182  MCC=0.0484
TEST 95% CI: accuracy=[0.4608, 0.5946]  f1_weighted=[0.4575, 0.5960]  f1_macro=[0.4517, 0.5890]  mcc=[-0.0879, 0.1806]  balanced_accuracy=[0.4566, 0.5893]
Outputs: Experiments/subdataset2/Snippet-Level Split/results/subdataset2_graph_human_vs_v2_snippet_cv
2026-10-03 07:42:18 FINISHED
