
====================================================================================================
2026-10-03 06:55:31  subdataset15_graph_6class_snippet_cv  (config hash 8463dc548edd)
Data    : Data/Subdataset_15
Classes : ['Human-written', 'V1', 'V2', 'V3', 'V4', 'V5']   Split: Snippet-Level Split
Model   : VGG19  activation=relu  dropout=0.1  lr=0.0001  trained=base from block5_* on  preprocessing=caffe  L2=0.0001
Training: at most 20 epochs, early stopping val_ce patience 4, batch 16, 320x320 (no cropping), mixed precision True
Output  : Experiments/subdataset15/Snippet-Level Split/results/subdataset15_graph_6class_snippet_cv
Human-written (label 0): 1482 images
V1  (label 1): 2112 images
V2  (label 2): 2020 images
V3  (label 3): 1799 images
V4  (label 4): 1693 images
V5  (label 5): 1584 images
Total 10690 images
Train     :  7482 (70.0%)  Human-written=1038 V1=1478 V2=1414 V3=1259 V4=1185 V5=1108
Validation:  1604 (15.0%)  Human-written=222 V1=317 V2=303 V3=270 V4=254 V5=238
Test      :  1604 (15.0%)  Human-written=222 V1=317 V2=303 V3=270 V4=254 V5=238
Fold 1: train=7268 (Human-written=1008 V1=1436 V2=1373 V3=1223 V4=1151 V5=1077)  evaluation=1818 (Human-written=252 V1=359 V2=344 V3=306 V4=288 V5=269)
Fold 2: train=7269 (Human-written=1008 V1=1436 V2=1374 V3=1223 V4=1151 V5=1077)  evaluation=1817 (Human-written=252 V1=359 V2=343 V3=306 V4=288 V5=269)
Fold 3: train=7269 (Human-written=1008 V1=1436 V2=1374 V3=1223 V4=1151 V5=1077)  evaluation=1817 (Human-written=252 V1=359 V2=343 V3=306 V4=288 V5=269)
Fold 4: train=7269 (Human-written=1008 V1=1436 V2=1374 V3=1223 V4=1151 V5=1077)  evaluation=1817 (Human-written=252 V1=359 V2=343 V3=306 V4=288 V5=269)
Fold 5: train=7269 (Human-written=1008 V1=1436 V2=1373 V3=1224 V4=1152 V5=1076)  evaluation=1817 (Human-written=252 V1=359 V2=344 V3=305 V4=287 V5=270)
Leakage check PASSED.
TensorFlow 2.20.0 | GPU: [PhysicalDevice(name='/physical_device:GPU:0', device_type='GPU')]
Mixed precision: mixed_float16 (output layer float32)
Images loaded: 10690, 3.3 GB, 12 s

===== Fold 1/5  06:55:47 =====
Class weights (balanced): Human-written=1.201  V1=0.843  V2=0.882  V3=0.991  V4=1.053  V5=1.125
Model: base 22 layers, trained base layers 5 (first: block5_conv1); trained parameters 9,704,966 / 20,290,118
Epoch 1/20
387/387 - 29s - 75ms/step - accuracy: 0.1633 - ce: 1.8187 - loss: 1.8557 - val_accuracy: 0.1687 - val_ce: 1.7914 - val_loss: 1.8184 - learning_rate: 1.0000e-04
Epoch 2/20
387/387 - 12s - 30ms/step - accuracy: 0.1781 - ce: 1.7914 - loss: 1.8126 - val_accuracy: 0.1687 - val_ce: 1.7915 - val_loss: 1.8075 - learning_rate: 1.0000e-04
Epoch 3/20

Epoch 3: ReduceLROnPlateau reducing learning rate to 4.999999873689376e-05.
387/387 - 12s - 30ms/step - accuracy: 0.1808 - ce: 1.7916 - loss: 1.8050 - val_accuracy: 0.1687 - val_ce: 1.7916 - val_loss: 1.8025 - learning_rate: 1.0000e-04
Epoch 4/20
387/387 - 12s - 30ms/step - accuracy: 0.1674 - ce: 1.7916 - loss: 1.8018 - val_accuracy: 0.1687 - val_ce: 1.7916 - val_loss: 1.8008 - learning_rate: 5.0000e-05
Epoch 5/20

Epoch 5: ReduceLROnPlateau reducing learning rate to 2.499999936844688e-05.
387/387 - 12s - 30ms/step - accuracy: 0.1679 - ce: 1.7916 - loss: 1.8002 - val_accuracy: 0.1687 - val_ce: 1.7916 - val_loss: 1.7993 - learning_rate: 5.0000e-05
COLLAPSE: 100% of the validation predictions are in one class -> training is repeated once with lr 1e-05
Epoch 1/20
387/387 - 23s - 60ms/step - accuracy: 0.1833 - ce: 1.8708 - loss: 1.9207 - val_accuracy: 0.2016 - val_ce: 1.7887 - val_loss: 1.8383 - learning_rate: 1.0000e-05
Epoch 2/20
387/387 - 12s - 31ms/step - accuracy: 0.2071 - ce: 1.7715 - loss: 1.8209 - val_accuracy: 0.2007 - val_ce: 1.7773 - val_loss: 1.8255 - learning_rate: 1.0000e-05
Epoch 3/20
387/387 - 12s - 30ms/step - accuracy: 0.2430 - ce: 1.7400 - loss: 1.7866 - val_accuracy: 0.2053 - val_ce: 1.7781 - val_loss: 1.8253 - learning_rate: 1.0000e-05
Epoch 4/20

Epoch 4: ReduceLROnPlateau reducing learning rate to 4.999999873689376e-06.
387/387 - 12s - 31ms/step - accuracy: 0.2917 - ce: 1.6885 - loss: 1.7326 - val_accuracy: 0.2191 - val_ce: 1.7809 - val_loss: 1.8275 - learning_rate: 1.0000e-05
Epoch 5/20
387/387 - 12s - 30ms/step - accuracy: 0.3649 - ce: 1.5817 - loss: 1.6235 - val_accuracy: 0.2191 - val_ce: 1.8077 - val_loss: 1.8542 - learning_rate: 5.0000e-06
Epoch 6/20

Epoch 6: ReduceLROnPlateau reducing learning rate to 2.499999936844688e-06.
387/387 - 12s - 31ms/step - accuracy: 0.4093 - ce: 1.5057 - loss: 1.5464 - val_accuracy: 0.2099 - val_ce: 1.8272 - val_loss: 1.8736 - learning_rate: 5.0000e-06
/usr/local/lib/python3.13/dist-packages/sklearn/metrics/_classification.py:3001: UserWarning: The y_pred values do not sum to one. Make sure to pass probabilities.
  warnings.warn(
/usr/local/lib/python3.13/dist-packages/sklearn/metrics/_classification.py:3001: UserWarning: The y_pred values do not sum to one. Make sure to pass probabilities.
  warnings.warn(
Fold 1: accuracy=0.1656  F1(w/m)=0.1531/0.1587  CE=1.7929  epochs=6  

===== Fold 2/5  06:58:43 =====
Class weights (balanced): Human-written=1.201  V1=0.843  V2=0.882  V3=0.991  V4=1.053  V5=1.125
Epoch 1/20
387/387 - 25s - 64ms/step - accuracy: 0.1434 - ce: 1.8094 - loss: 1.8452 - val_accuracy: 0.1384 - val_ce: 1.7919 - val_loss: 1.8160 - learning_rate: 1.0000e-04
Epoch 2/20
387/387 - 12s - 31ms/step - accuracy: 0.1530 - ce: 1.7919 - loss: 1.8096 - val_accuracy: 0.1384 - val_ce: 1.7918 - val_loss: 1.8049 - learning_rate: 1.0000e-04
Epoch 3/20
387/387 - 12s - 31ms/step - accuracy: 0.1399 - ce: 1.7920 - loss: 1.8023 - val_accuracy: 0.1384 - val_ce: 1.7918 - val_loss: 1.8002 - learning_rate: 1.0000e-04
Epoch 4/20

Epoch 4: ReduceLROnPlateau reducing learning rate to 4.999999873689376e-05.
387/387 - 12s - 31ms/step - accuracy: 0.1581 - ce: 1.7918 - loss: 1.7988 - val_accuracy: 0.1971 - val_ce: 1.7917 - val_loss: 1.7976 - learning_rate: 1.0000e-04
Epoch 5/20
387/387 - 12s - 30ms/step - accuracy: 0.1753 - ce: 1.7918 - loss: 1.7972 - val_accuracy: 0.1971 - val_ce: 1.7917 - val_loss: 1.7967 - learning_rate: 5.0000e-05
Epoch 6/20

Epoch 6: ReduceLROnPlateau reducing learning rate to 2.499999936844688e-05.
387/387 - 12s - 30ms/step - accuracy: 0.1641 - ce: 1.7918 - loss: 1.7963 - val_accuracy: 0.1971 - val_ce: 1.7918 - val_loss: 1.7959 - learning_rate: 5.0000e-05
Epoch 7/20
387/387 - 12s - 31ms/step - accuracy: 0.1721 - ce: 1.7918 - loss: 1.7957 - val_accuracy: 0.1586 - val_ce: 1.7918 - val_loss: 1.7956 - learning_rate: 2.5000e-05
Epoch 8/20

Epoch 8: ReduceLROnPlateau reducing learning rate to 1.249999968422344e-05.
387/387 - 12s - 31ms/step - accuracy: 0.1677 - ce: 1.7918 - loss: 1.7954 - val_accuracy: 0.1586 - val_ce: 1.7918 - val_loss: 1.7952 - learning_rate: 2.5000e-05
COLLAPSE: 100% of the validation predictions are in one class -> training is repeated once with lr 1e-05
Epoch 1/20
387/387 - 23s - 60ms/step - accuracy: 0.1708 - ce: 1.8442 - loss: 1.8961 - val_accuracy: 0.1732 - val_ce: 1.7881 - val_loss: 1.8368 - learning_rate: 1.0000e-05
Epoch 2/20
387/387 - 12s - 31ms/step - accuracy: 0.1996 - ce: 1.7835 - loss: 1.8299 - val_accuracy: 0.1916 - val_ce: 1.7880 - val_loss: 1.8345 - learning_rate: 1.0000e-05
Epoch 3/20
387/387 - 12s - 31ms/step - accuracy: 0.2334 - ce: 1.7576 - loss: 1.8012 - val_accuracy: 0.2090 - val_ce: 1.7614 - val_loss: 1.8065 - learning_rate: 1.0000e-05
Epoch 4/20
387/387 - 12s - 31ms/step - accuracy: 0.2664 - ce: 1.7057 - loss: 1.7466 - val_accuracy: 0.2035 - val_ce: 1.7783 - val_loss: 1.8225 - learning_rate: 1.0000e-05
Epoch 5/20

Epoch 5: ReduceLROnPlateau reducing learning rate to 4.999999873689376e-06.
387/387 - 12s - 30ms/step - accuracy: 0.3190 - ce: 1.6328 - loss: 1.6698 - val_accuracy: 0.1952 - val_ce: 1.8312 - val_loss: 1.8750 - learning_rate: 1.0000e-05
Epoch 6/20
387/387 - 12s - 31ms/step - accuracy: 0.4021 - ce: 1.5112 - loss: 1.5450 - val_accuracy: 0.1897 - val_ce: 1.8264 - val_loss: 1.8700 - learning_rate: 5.0000e-06
Epoch 7/20

Epoch 7: ReduceLROnPlateau reducing learning rate to 2.499999936844688e-06.
387/387 - 12s - 31ms/step - accuracy: 0.4480 - ce: 1.4274 - loss: 1.4599 - val_accuracy: 0.1925 - val_ce: 1.8461 - val_loss: 1.8896 - learning_rate: 5.0000e-06
/usr/local/lib/python3.13/dist-packages/sklearn/metrics/_classification.py:3001: UserWarning: The y_pred values do not sum to one. Make sure to pass probabilities.
  warnings.warn(
/usr/local/lib/python3.13/dist-packages/sklearn/metrics/_classification.py:3001: UserWarning: The y_pred values do not sum to one. Make sure to pass probabilities.
  warnings.warn(
Fold 2: accuracy=0.2201  F1(w/m)=0.2137/0.2111  CE=1.7646  epochs=7  

===== Fold 3/5  07:02:20 =====
Class weights (balanced): Human-written=1.201  V1=0.843  V2=0.882  V3=0.991  V4=1.053  V5=1.125
Epoch 1/20
387/387 - 23s - 60ms/step - accuracy: 0.1507 - ce: 1.8134 - loss: 1.8524 - val_accuracy: 0.1586 - val_ce: 1.7918 - val_loss: 1.8204 - learning_rate: 1.0000e-04
Epoch 2/20
387/387 - 12s - 31ms/step - accuracy: 0.1407 - ce: 1.7919 - loss: 1.8144 - val_accuracy: 0.1586 - val_ce: 1.7918 - val_loss: 1.8096 - learning_rate: 1.0000e-04
Epoch 3/20

Epoch 3: ReduceLROnPlateau reducing learning rate to 4.999999873689376e-05.
387/387 - 12s - 31ms/step - accuracy: 0.1500 - ce: 1.7918 - loss: 1.8068 - val_accuracy: 0.1971 - val_ce: 1.7917 - val_loss: 1.8043 - learning_rate: 1.0000e-04
Epoch 4/20
387/387 - 12s - 31ms/step - accuracy: 0.1931 - ce: 1.7917 - loss: 1.8034 - val_accuracy: 0.1971 - val_ce: 1.7917 - val_loss: 1.8024 - learning_rate: 5.0000e-05
Epoch 5/20

Epoch 5: ReduceLROnPlateau reducing learning rate to 2.499999936844688e-05.
387/387 - 12s - 31ms/step - accuracy: 0.1926 - ce: 1.7917 - loss: 1.8016 - val_accuracy: 0.1971 - val_ce: 1.7917 - val_loss: 1.8008 - learning_rate: 5.0000e-05
Epoch 6/20
387/387 - 12s - 30ms/step - accuracy: 0.1936 - ce: 1.7917 - loss: 1.8004 - val_accuracy: 0.1971 - val_ce: 1.7917 - val_loss: 1.8000 - learning_rate: 2.5000e-05
Epoch 7/20

Epoch 7: ReduceLROnPlateau reducing learning rate to 1.249999968422344e-05.
387/387 - 12s - 30ms/step - accuracy: 0.1863 - ce: 1.7917 - loss: 1.7997 - val_accuracy: 0.1971 - val_ce: 1.7917 - val_loss: 1.7992 - learning_rate: 2.5000e-05
Epoch 8/20
387/387 - 12s - 30ms/step - accuracy: 0.1690 - ce: 1.7917 - loss: 1.7991 - val_accuracy: 0.1971 - val_ce: 1.7917 - val_loss: 1.7988 - learning_rate: 1.2500e-05
COLLAPSE: 100% of the validation predictions are in one class -> training is repeated once with lr 1e-05
Epoch 1/20
387/387 - 23s - 60ms/step - accuracy: 0.1732 - ce: 1.8344 - loss: 1.8820 - val_accuracy: 0.1934 - val_ce: 1.7805 - val_loss: 1.8304 - learning_rate: 1.0000e-05
Epoch 2/20
387/387 - 12s - 31ms/step - accuracy: 0.2159 - ce: 1.7618 - loss: 1.8087 - val_accuracy: 0.2044 - val_ce: 1.7624 - val_loss: 1.8112 - learning_rate: 1.0000e-05
Epoch 3/20
387/387 - 12s - 31ms/step - accuracy: 0.2459 - ce: 1.7246 - loss: 1.7681 - val_accuracy: 0.1998 - val_ce: 1.7795 - val_loss: 1.8276 - learning_rate: 1.0000e-05
Epoch 4/20

Epoch 4: ReduceLROnPlateau reducing learning rate to 4.999999873689376e-06.
387/387 - 12s - 30ms/step - accuracy: 0.2930 - ce: 1.6606 - loss: 1.7008 - val_accuracy: 0.2246 - val_ce: 1.7763 - val_loss: 1.8239 - learning_rate: 1.0000e-05
Epoch 5/20
387/387 - 12s - 30ms/step - accuracy: 0.3715 - ce: 1.5598 - loss: 1.5969 - val_accuracy: 0.2200 - val_ce: 1.8033 - val_loss: 1.8508 - learning_rate: 5.0000e-06
Epoch 6/20

Epoch 6: ReduceLROnPlateau reducing learning rate to 2.499999936844688e-06.
387/387 - 12s - 31ms/step - accuracy: 0.4163 - ce: 1.4816 - loss: 1.5174 - val_accuracy: 0.2154 - val_ce: 1.8074 - val_loss: 1.8547 - learning_rate: 5.0000e-06
/usr/local/lib/python3.13/dist-packages/sklearn/metrics/_classification.py:3001: UserWarning: The y_pred values do not sum to one. Make sure to pass probabilities.
  warnings.warn(
/usr/local/lib/python3.13/dist-packages/sklearn/metrics/_classification.py:3001: UserWarning: The y_pred values do not sum to one. Make sure to pass probabilities.
  warnings.warn(
Fold 3: accuracy=0.2163  F1(w/m)=0.2029/0.2024  CE=1.7682  epochs=6  

===== Fold 4/5  07:05:43 =====
Class weights (balanced): Human-written=1.201  V1=0.843  V2=0.882  V3=0.991  V4=1.053  V5=1.125
Epoch 1/20
387/387 - 23s - 60ms/step - accuracy: 0.1573 - ce: 1.8010 - loss: 1.8398 - val_accuracy: 0.1888 - val_ce: 1.7920 - val_loss: 1.8187 - learning_rate: 1.0000e-04
Epoch 2/20
387/387 - 12s - 31ms/step - accuracy: 0.1594 - ce: 1.7921 - loss: 1.8123 - val_accuracy: 0.1888 - val_ce: 1.7919 - val_loss: 1.8076 - learning_rate: 1.0000e-04
Epoch 3/20

Epoch 3: ReduceLROnPlateau reducing learning rate to 4.999999873689376e-05.
387/387 - 12s - 31ms/step - accuracy: 0.1397 - ce: 1.7921 - loss: 1.8046 - val_accuracy: 0.1384 - val_ce: 1.7919 - val_loss: 1.8023 - learning_rate: 1.0000e-04
Epoch 4/20
387/387 - 12s - 30ms/step - accuracy: 0.1420 - ce: 1.7920 - loss: 1.8013 - val_accuracy: 0.1384 - val_ce: 1.7920 - val_loss: 1.8006 - learning_rate: 5.0000e-05
Epoch 5/20

Epoch 5: ReduceLROnPlateau reducing learning rate to 2.499999936844688e-05.
387/387 - 12s - 31ms/step - accuracy: 0.1389 - ce: 1.7920 - loss: 1.7996 - val_accuracy: 0.1384 - val_ce: 1.7919 - val_loss: 1.7990 - learning_rate: 5.0000e-05
Epoch 6/20
387/387 - 12s - 31ms/step - accuracy: 0.1392 - ce: 1.7919 - loss: 1.7985 - val_accuracy: 0.1384 - val_ce: 1.7919 - val_loss: 1.7983 - learning_rate: 2.5000e-05
COLLAPSE: 100% of the validation predictions are in one class -> training is repeated once with lr 1e-05
Epoch 1/20
387/387 - 23s - 60ms/step - accuracy: 0.1774 - ce: 1.8318 - loss: 1.8859 - val_accuracy: 0.1815 - val_ce: 1.7840 - val_loss: 1.8334 - learning_rate: 1.0000e-05
Epoch 2/20
387/387 - 12s - 31ms/step - accuracy: 0.2125 - ce: 1.7673 - loss: 1.8159 - val_accuracy: 0.2090 - val_ce: 1.7896 - val_loss: 1.8376 - learning_rate: 1.0000e-05
Epoch 3/20

Epoch 3: ReduceLROnPlateau reducing learning rate to 4.999999873689376e-06.
387/387 - 12s - 31ms/step - accuracy: 0.2470 - ce: 1.7320 - loss: 1.7753 - val_accuracy: 0.1769 - val_ce: 1.8032 - val_loss: 1.8502 - learning_rate: 1.0000e-05
Epoch 4/20
387/387 - 12s - 31ms/step - accuracy: 0.2875 - ce: 1.6751 - loss: 1.7125 - val_accuracy: 0.2145 - val_ce: 1.7912 - val_loss: 1.8378 - learning_rate: 5.0000e-06
Epoch 5/20

Epoch 5: ReduceLROnPlateau reducing learning rate to 2.499999936844688e-06.
387/387 - 12s - 31ms/step - accuracy: 0.3386 - ce: 1.6130 - loss: 1.6506 - val_accuracy: 0.2246 - val_ce: 1.7974 - val_loss: 1.8437 - learning_rate: 5.0000e-06
/usr/local/lib/python3.13/dist-packages/sklearn/metrics/_classification.py:3001: UserWarning: The y_pred values do not sum to one. Make sure to pass probabilities.
  warnings.warn(
/usr/local/lib/python3.13/dist-packages/sklearn/metrics/_classification.py:3001: UserWarning: The y_pred values do not sum to one. Make sure to pass probabilities.
  warnings.warn(
Fold 4: accuracy=0.1789  F1(w/m)=0.1514/0.1537  CE=1.7810  epochs=5  

===== Fold 5/5  07:08:30 =====
Class weights (balanced): Human-written=1.201  V1=0.844  V2=0.882  V3=0.990  V4=1.052  V5=1.125
Epoch 1/20
387/387 - 23s - 60ms/step - accuracy: 0.1667 - ce: 1.8160 - loss: 1.8520 - val_accuracy: 0.1586 - val_ce: 1.7918 - val_loss: 1.8172 - learning_rate: 1.0000e-04
Epoch 2/20
387/387 - 12s - 31ms/step - accuracy: 0.1585 - ce: 1.7919 - loss: 1.8109 - val_accuracy: 0.1586 - val_ce: 1.7918 - val_loss: 1.8063 - learning_rate: 1.0000e-04
Epoch 3/20

Epoch 3: ReduceLROnPlateau reducing learning rate to 4.999999873689376e-05.
387/387 - 12s - 31ms/step - accuracy: 0.1585 - ce: 1.7919 - loss: 1.8036 - val_accuracy: 0.1586 - val_ce: 1.7918 - val_loss: 1.8014 - learning_rate: 1.0000e-04
Epoch 4/20
387/387 - 12s - 31ms/step - accuracy: 0.1585 - ce: 1.7918 - loss: 1.8006 - val_accuracy: 0.1586 - val_ce: 1.7918 - val_loss: 1.7998 - learning_rate: 5.0000e-05
Epoch 5/20

Epoch 5: ReduceLROnPlateau reducing learning rate to 2.499999936844688e-05.
387/387 - 12s - 31ms/step - accuracy: 0.1585 - ce: 1.7918 - loss: 1.7991 - val_accuracy: 0.1586 - val_ce: 1.7918 - val_loss: 1.7985 - learning_rate: 5.0000e-05
Epoch 6/20
387/387 - 12s - 31ms/step - accuracy: 0.1585 - ce: 1.7918 - loss: 1.7981 - val_accuracy: 0.1586 - val_ce: 1.7918 - val_loss: 1.7979 - learning_rate: 2.5000e-05
Epoch 7/20

Epoch 7: ReduceLROnPlateau reducing learning rate to 1.249999968422344e-05.
387/387 - 12s - 31ms/step - accuracy: 0.1585 - ce: 1.7918 - loss: 1.7975 - val_accuracy: 0.1586 - val_ce: 1.7918 - val_loss: 1.7972 - learning_rate: 2.5000e-05
Epoch 8/20
387/387 - 12s - 31ms/step - accuracy: 0.1585 - ce: 1.7918 - loss: 1.7970 - val_accuracy: 0.1586 - val_ce: 1.7918 - val_loss: 1.7969 - learning_rate: 1.2500e-05
Epoch 9/20

Epoch 9: ReduceLROnPlateau reducing learning rate to 6.24999984211172e-06.
387/387 - 12s - 31ms/step - accuracy: 0.1585 - ce: 1.7918 - loss: 1.7967 - val_accuracy: 0.1586 - val_ce: 1.7918 - val_loss: 1.7966 - learning_rate: 1.2500e-05
Epoch 10/20
387/387 - 12s - 30ms/step - accuracy: 0.1585 - ce: 1.7918 - loss: 1.7964 - val_accuracy: 0.1586 - val_ce: 1.7918 - val_loss: 1.7964 - learning_rate: 6.2500e-06
Epoch 11/20

Epoch 11: ReduceLROnPlateau reducing learning rate to 3.12499992105586e-06.
387/387 - 12s - 31ms/step - accuracy: 0.1585 - ce: 1.7918 - loss: 1.7963 - val_accuracy: 0.1586 - val_ce: 1.7918 - val_loss: 1.7962 - learning_rate: 6.2500e-06
COLLAPSE: 100% of the validation predictions are in one class -> training is repeated once with lr 1e-05
Epoch 1/20
387/387 - 23s - 60ms/step - accuracy: 0.1790 - ce: 1.8233 - loss: 1.8765 - val_accuracy: 0.1897 - val_ce: 1.7806 - val_loss: 1.8300 - learning_rate: 1.0000e-05
Epoch 2/20
387/387 - 12s - 31ms/step - accuracy: 0.2209 - ce: 1.7701 - loss: 1.8165 - val_accuracy: 0.2081 - val_ce: 1.7707 - val_loss: 1.8189 - learning_rate: 1.0000e-05
Epoch 3/20
387/387 - 12s - 31ms/step - accuracy: 0.2465 - ce: 1.7289 - loss: 1.7737 - val_accuracy: 0.2090 - val_ce: 1.7778 - val_loss: 1.8252 - learning_rate: 1.0000e-05
Epoch 4/20

Epoch 4: ReduceLROnPlateau reducing learning rate to 4.999999873689376e-06.
387/387 - 12s - 31ms/step - accuracy: 0.3058 - ce: 1.6660 - loss: 1.7073 - val_accuracy: 0.2016 - val_ce: 1.7764 - val_loss: 1.8234 - learning_rate: 1.0000e-05
Epoch 5/20
387/387 - 12s - 30ms/step - accuracy: 0.3820 - ce: 1.5432 - loss: 1.5812 - val_accuracy: 0.1925 - val_ce: 1.8094 - val_loss: 1.8562 - learning_rate: 5.0000e-06
Epoch 6/20

Epoch 6: ReduceLROnPlateau reducing learning rate to 2.499999936844688e-06.
387/387 - 12s - 31ms/step - accuracy: 0.4341 - ce: 1.4653 - loss: 1.5017 - val_accuracy: 0.1925 - val_ce: 1.8313 - val_loss: 1.8780 - learning_rate: 5.0000e-06
/usr/local/lib/python3.13/dist-packages/sklearn/metrics/_classification.py:3001: UserWarning: The y_pred values do not sum to one. Make sure to pass probabilities.
  warnings.warn(
/usr/local/lib/python3.13/dist-packages/sklearn/metrics/_classification.py:3001: UserWarning: The y_pred values do not sum to one. Make sure to pass probabilities.
  warnings.warn(
Fold 5: accuracy=0.2179  F1(w/m)=0.1864/0.1871  CE=1.7711  epochs=6  

CV mean ± std:
  accuracy               0.1998 ± 0.0256
  balanced_accuracy      0.2007 ± 0.0202
  mcc                    0.0390 ± 0.0251
  cross_entropy          1.7755 ± 0.0114
  roc_auc                0.5482 ± 0.0183
  precision_macro        0.1956 ± 0.0195
  recall_macro           0.2007 ± 0.0202
  f1_macro               0.1826 ± 0.0257
  precision_micro        0.1998 ± 0.0256
  recall_micro           0.1998 ± 0.0256
  f1_micro               0.1998 ± 0.0256
  precision_weighted     0.1954 ± 0.0195
  recall_weighted        0.1998 ± 0.0256
  f1_weighted            0.1815 ± 0.0284

===== Final training  07:12:29 =====
Class weights (balanced): Human-written=1.201  V1=0.844  V2=0.882  V3=0.990  V4=1.052  V5=1.125
Epoch 1/20
468/468 - 28s - 61ms/step - accuracy: 0.1532 - ce: 1.8091 - loss: 1.8428 - val_accuracy: 0.1384 - val_ce: 1.7919 - val_loss: 1.8121 - learning_rate: 1.0000e-04
Epoch 2/20
468/468 - 15s - 31ms/step - accuracy: 0.1385 - ce: 1.7918 - loss: 1.8061 - val_accuracy: 0.1384 - val_ce: 1.7918 - val_loss: 1.8020 - learning_rate: 1.0000e-04
Epoch 3/20

Epoch 3: ReduceLROnPlateau reducing learning rate to 4.999999873689376e-05.
468/468 - 15s - 31ms/step - accuracy: 0.1383 - ce: 1.7919 - loss: 1.7999 - val_accuracy: 0.1384 - val_ce: 1.7918 - val_loss: 1.7983 - learning_rate: 1.0000e-04
Epoch 4/20
468/468 - 15s - 31ms/step - accuracy: 0.1389 - ce: 1.7918 - loss: 1.7976 - val_accuracy: 0.1384 - val_ce: 1.7918 - val_loss: 1.7970 - learning_rate: 5.0000e-05
Epoch 5/20

Epoch 5: ReduceLROnPlateau reducing learning rate to 2.499999936844688e-05.
468/468 - 15s - 31ms/step - accuracy: 0.1387 - ce: 1.7918 - loss: 1.7965 - val_accuracy: 0.1384 - val_ce: 1.7918 - val_loss: 1.7960 - learning_rate: 5.0000e-05
Epoch 6/20
468/468 - 15s - 31ms/step - accuracy: 0.1387 - ce: 1.7918 - loss: 1.7958 - val_accuracy: 0.1384 - val_ce: 1.7918 - val_loss: 1.7955 - learning_rate: 2.5000e-05
Epoch 7/20

Epoch 7: ReduceLROnPlateau reducing learning rate to 1.249999968422344e-05.
468/468 - 15s - 31ms/step - accuracy: 0.1383 - ce: 1.7918 - loss: 1.7953 - val_accuracy: 0.1384 - val_ce: 1.7918 - val_loss: 1.7951 - learning_rate: 2.5000e-05
Epoch 8/20
468/468 - 15s - 31ms/step - accuracy: 0.1387 - ce: 1.7918 - loss: 1.7949 - val_accuracy: 0.1384 - val_ce: 1.7918 - val_loss: 1.7948 - learning_rate: 1.2500e-05
Epoch 9/20

Epoch 9: ReduceLROnPlateau reducing learning rate to 6.24999984211172e-06.
468/468 - 15s - 31ms/step - accuracy: 0.1389 - ce: 1.7918 - loss: 1.7947 - val_accuracy: 0.1384 - val_ce: 1.7918 - val_loss: 1.7946 - learning_rate: 1.2500e-05
Epoch 10/20
468/468 - 15s - 31ms/step - accuracy: 0.1387 - ce: 1.7918 - loss: 1.7945 - val_accuracy: 0.1384 - val_ce: 1.7918 - val_loss: 1.7944 - learning_rate: 6.2500e-06
COLLAPSE: 100% of the validation predictions are in one class -> training is repeated once with lr 1e-05
Epoch 1/20
468/468 - 26s - 56ms/step - accuracy: 0.1788 - ce: 1.8331 - loss: 1.8861 - val_accuracy: 0.1958 - val_ce: 1.7804 - val_loss: 1.8292 - learning_rate: 1.0000e-05
Epoch 2/20
468/468 - 15s - 31ms/step - accuracy: 0.1979 - ce: 1.7751 - loss: 1.8224 - val_accuracy: 0.1864 - val_ce: 1.7832 - val_loss: 1.8297 - learning_rate: 1.0000e-05
Epoch 3/20
468/468 - 15s - 31ms/step - accuracy: 0.2303 - ce: 1.7504 - loss: 1.7934 - val_accuracy: 0.2032 - val_ce: 1.7711 - val_loss: 1.8161 - learning_rate: 1.0000e-05
Epoch 4/20
468/468 - 15s - 31ms/step - accuracy: 0.2660 - ce: 1.7094 - loss: 1.7485 - val_accuracy: 0.2213 - val_ce: 1.7752 - val_loss: 1.8193 - learning_rate: 1.0000e-05
Epoch 5/20

Epoch 5: ReduceLROnPlateau reducing learning rate to 4.999999873689376e-06.
468/468 - 15s - 31ms/step - accuracy: 0.3065 - ce: 1.6437 - loss: 1.6789 - val_accuracy: 0.2070 - val_ce: 1.7936 - val_loss: 1.8370 - learning_rate: 1.0000e-05
Epoch 6/20
468/468 - 15s - 31ms/step - accuracy: 0.3905 - ce: 1.5179 - loss: 1.5508 - val_accuracy: 0.2101 - val_ce: 1.7952 - val_loss: 1.8384 - learning_rate: 5.0000e-06
Epoch 7/20

Epoch 7: ReduceLROnPlateau reducing learning rate to 2.499999936844688e-06.
468/468 - 15s - 31ms/step - accuracy: 0.4383 - ce: 1.4460 - loss: 1.4769 - val_accuracy: 0.2039 - val_ce: 1.8047 - val_loss: 1.8477 - learning_rate: 5.0000e-06
/usr/local/lib/python3.13/dist-packages/sklearn/metrics/_classification.py:3001: UserWarning: The y_pred values do not sum to one. Make sure to pass probabilities.
  warnings.warn(
/usr/local/lib/python3.13/dist-packages/sklearn/metrics/_classification.py:3001: UserWarning: The y_pred values do not sum to one. Make sure to pass probabilities.
  warnings.warn(
               precision    recall  f1-score   support

Human-written     0.2268    0.4505    0.3017       222
           V1     0.1803    0.0694    0.1002       317
           V2     0.1848    0.0561    0.0861       303
           V3     0.1775    0.3037    0.2240       270
           V4     0.1200    0.0118    0.0215       254
           V5     0.1861    0.3613    0.2457       238

     accuracy                         0.1933      1604
    macro avg     0.1793    0.2088    0.1632      1604
 weighted avg     0.1784    0.1933    0.1554      1604

Class distribution all  : {'Human-written': 1482, 'V1': 2112, 'V2': 2020, 'V3': 1799, 'V4': 1693, 'V5': 1584}  ratio {'Human-written': 0.1386, 'V1': 0.1976, 'V2': 0.189, 'V3': 0.1683, 'V4': 0.1584, 'V5': 0.1482}
Class distribution train: {'Human-written': 1038, 'V1': 1478, 'V2': 1414, 'V3': 1259, 'V4': 1185, 'V5': 1108}  ratio {'Human-written': 0.1387, 'V1': 0.1975, 'V2': 0.189, 'V3': 0.1683, 'V4': 0.1584, 'V5': 0.1481}
Class distribution val  : {'Human-written': 222, 'V1': 317, 'V2': 303, 'V3': 270, 'V4': 254, 'V5': 238}  ratio {'Human-written': 0.1384, 'V1': 0.1976, 'V2': 0.1889, 'V3': 0.1683, 'V4': 0.1584, 'V5': 0.1484}
Class distribution test : {'Human-written': 222, 'V1': 317, 'V2': 303, 'V3': 270, 'V4': 254, 'V5': 238}  ratio {'Human-written': 0.1384, 'V1': 0.1976, 'V2': 0.1889, 'V3': 0.1683, 'V4': 0.1584, 'V5': 0.1484}

subdataset15_graph_6class_snippet_cv  VGG19 (relu, dropout 0.1, lr 0.0001)
CV mean    acc=0.1998  F1 w/m/micro=0.1815/0.1826/0.1998  P_w=0.1954  R_w=0.1998  CE=1.7755  AUC=0.5482  MCC=0.0390
VALIDATION acc=0.2032  F1 w/m/micro=0.1650/0.1721/0.2032  P_w=0.1903  R_w=0.2032  CE=1.7711  AUC=0.5566  MCC=0.0582
TEST       acc=0.1933  F1 w/m/micro=0.1554/0.1632/0.1933  P_w=0.1784  R_w=0.1933  CE=1.7789  AUC=0.5489  MCC=0.0452
TEST 95% CI: accuracy=[0.1746, 0.2101]  f1_weighted=[0.1378, 0.1724]  f1_macro=[0.1466, 0.1790]  mcc=[0.0222, 0.0660]  balanced_accuracy=[0.1897, 0.2265]
Outputs: Experiments/subdataset15/Snippet-Level Split/results/subdataset15_graph_6class_snippet_cv
2026-10-03 07:17:25 FINISHED
