
====================================================================================================
2026-10-02 22:50:59  subdataset10_screenshot_human_vs_v4_snippet_cv  (config hash 69cd4b3753a5)
Data    : Data/Subdataset_10
Classes : ['Human-written', 'V4']   Split: Snippet-Level Split
Model   : VGG19  activation=sigmoid  dropout=0.1  lr=0.0001  trained=base from block5_* on  preprocessing=caffe  L2=0.0001
Training: at most 20 epochs, early stopping val_ce patience 4, batch 16, 320x320 (no cropping), mixed precision True
Output  : Experiments/subdataset10/Snippet-Level Split/results/subdataset10_screenshot_human_vs_v4_snippet_cv
Human-written (label 0): 2234 images
V4  (label 1): 2118 images
Total 4352 images
Train     :  3046 (70.0%)  Human-written=1564 V4=1482
Validation:   653 (15.0%)  Human-written=335 V4=318
Test      :   653 (15.0%)  Human-written=335 V4=318
Fold 1: train=2959 (Human-written=1519 V4=1440)  evaluation=740 (Human-written=380 V4=360)
Fold 2: train=2959 (Human-written=1519 V4=1440)  evaluation=740 (Human-written=380 V4=360)
Fold 3: train=2959 (Human-written=1519 V4=1440)  evaluation=740 (Human-written=380 V4=360)
Fold 4: train=2959 (Human-written=1519 V4=1440)  evaluation=740 (Human-written=380 V4=360)
Fold 5: train=2960 (Human-written=1520 V4=1440)  evaluation=739 (Human-written=379 V4=360)
Leakage check PASSED.
TensorFlow 2.20.0 | GPU: [PhysicalDevice(name='/physical_device:GPU:0', device_type='GPU')]
Mixed precision: mixed_float16 (output layer float32)
Images loaded: 4352, 1.3 GB, 18 s

===== Fold 1/5  22:51:21 =====
Class weights (balanced): Human-written=0.974  V4=1.027
Model: base 22 layers, trained base layers 5 (first: block5_conv1); trained parameters 9,702,401 / 20,287,553
Epoch 1/20
158/158 - 52s - 329ms/step - accuracy: 0.4970 - ce: 0.7099 - loss: 0.7530 - val_accuracy: 0.5000 - val_ce: 0.6969 - val_loss: 0.7311 - learning_rate: 1.0000e-04
Epoch 2/20
158/158 - 16s - 100ms/step - accuracy: 0.5272 - ce: 0.6965 - loss: 0.7250 - val_accuracy: 0.5495 - val_ce: 0.6828 - val_loss: 0.7060 - learning_rate: 1.0000e-04
Epoch 3/20
158/158 - 16s - 100ms/step - accuracy: 0.6167 - ce: 0.6584 - loss: 0.6784 - val_accuracy: 0.6239 - val_ce: 0.6310 - val_loss: 0.6480 - learning_rate: 1.0000e-04
Epoch 4/20
158/158 - 16s - 99ms/step - accuracy: 0.6497 - ce: 0.6355 - loss: 0.6505 - val_accuracy: 0.6689 - val_ce: 0.6119 - val_loss: 0.6253 - learning_rate: 1.0000e-04
Epoch 5/20
158/158 - 16s - 99ms/step - accuracy: 0.6827 - ce: 0.5995 - loss: 0.6124 - val_accuracy: 0.6554 - val_ce: 0.6084 - val_loss: 0.6196 - learning_rate: 1.0000e-04
Epoch 6/20
158/158 - 16s - 99ms/step - accuracy: 0.7225 - ce: 0.5496 - loss: 0.5600 - val_accuracy: 0.6329 - val_ce: 0.6022 - val_loss: 0.6118 - learning_rate: 1.0000e-04
Epoch 7/20
158/158 - 16s - 99ms/step - accuracy: 0.7372 - ce: 0.5218 - loss: 0.5305 - val_accuracy: 0.6396 - val_ce: 0.6173 - val_loss: 0.6259 - learning_rate: 1.0000e-04
Epoch 8/20

Epoch 8: ReduceLROnPlateau reducing learning rate to 4.999999873689376e-05.
158/158 - 16s - 99ms/step - accuracy: 0.7666 - ce: 0.4761 - loss: 0.4843 - val_accuracy: 0.6261 - val_ce: 0.6569 - val_loss: 0.6648 - learning_rate: 1.0000e-04
Epoch 9/20
158/158 - 16s - 99ms/step - accuracy: 0.8370 - ce: 0.3878 - loss: 0.3953 - val_accuracy: 0.6419 - val_ce: 0.7786 - val_loss: 0.7861 - learning_rate: 5.0000e-05
Epoch 10/20

Epoch 10: ReduceLROnPlateau reducing learning rate to 2.499999936844688e-05.
158/158 - 16s - 99ms/step - accuracy: 0.8509 - ce: 0.3502 - loss: 0.3572 - val_accuracy: 0.6644 - val_ce: 0.7105 - val_loss: 0.7177 - learning_rate: 5.0000e-05
Fold 1: accuracy=0.6270  F1(w/m)=0.6266/0.6261  CE=0.6280  epochs=10  

===== Fold 2/5  22:54:50 =====
Class weights (balanced): Human-written=0.974  V4=1.027
Epoch 1/20
158/158 - 27s - 169ms/step - accuracy: 0.5396 - ce: 0.7038 - loss: 0.7481 - val_accuracy: 0.5878 - val_ce: 0.6651 - val_loss: 0.7030 - learning_rate: 1.0000e-04
Epoch 2/20
158/158 - 16s - 100ms/step - accuracy: 0.5698 - ce: 0.6932 - loss: 0.7269 - val_accuracy: 0.6126 - val_ce: 0.6517 - val_loss: 0.6799 - learning_rate: 1.0000e-04
Epoch 3/20
158/158 - 16s - 100ms/step - accuracy: 0.6358 - ce: 0.6488 - loss: 0.6733 - val_accuracy: 0.6396 - val_ce: 0.6582 - val_loss: 0.6793 - learning_rate: 1.0000e-04
Epoch 4/20
158/158 - 16s - 100ms/step - accuracy: 0.6577 - ce: 0.6200 - loss: 0.6391 - val_accuracy: 0.6329 - val_ce: 0.6347 - val_loss: 0.6510 - learning_rate: 1.0000e-04
Epoch 5/20
158/158 - 16s - 99ms/step - accuracy: 0.7062 - ce: 0.5778 - loss: 0.5929 - val_accuracy: 0.6216 - val_ce: 0.6629 - val_loss: 0.6762 - learning_rate: 1.0000e-04
Epoch 6/20

Epoch 6: ReduceLROnPlateau reducing learning rate to 4.999999873689376e-05.
158/158 - 16s - 99ms/step - accuracy: 0.7368 - ce: 0.5369 - loss: 0.5490 - val_accuracy: 0.6329 - val_ce: 0.6714 - val_loss: 0.6829 - learning_rate: 1.0000e-04
Epoch 7/20
158/158 - 16s - 99ms/step - accuracy: 0.7988 - ce: 0.4355 - loss: 0.4466 - val_accuracy: 0.6239 - val_ce: 0.7445 - val_loss: 0.7553 - learning_rate: 5.0000e-05
Epoch 8/20

Epoch 8: ReduceLROnPlateau reducing learning rate to 2.499999936844688e-05.
158/158 - 16s - 99ms/step - accuracy: 0.8354 - ce: 0.3639 - loss: 0.3742 - val_accuracy: 0.6306 - val_ce: 0.8288 - val_loss: 0.8389 - learning_rate: 5.0000e-05
Fold 2: accuracy=0.6392  F1(w/m)=0.6347/0.6356  CE=0.6108  epochs=8  

===== Fold 3/5  22:57:16 =====
Class weights (balanced): Human-written=0.974  V4=1.027
Epoch 1/20
158/158 - 27s - 168ms/step - accuracy: 0.5447 - ce: 0.6938 - loss: 0.7385 - val_accuracy: 0.6081 - val_ce: 0.6447 - val_loss: 0.6826 - learning_rate: 1.0000e-04
Epoch 2/20
158/158 - 16s - 100ms/step - accuracy: 0.6044 - ce: 0.6695 - loss: 0.7026 - val_accuracy: 0.6734 - val_ce: 0.6082 - val_loss: 0.6371 - learning_rate: 1.0000e-04
Epoch 3/20
158/158 - 16s - 100ms/step - accuracy: 0.6338 - ce: 0.6443 - loss: 0.6701 - val_accuracy: 0.6486 - val_ce: 0.6271 - val_loss: 0.6506 - learning_rate: 1.0000e-04
Epoch 4/20

Epoch 4: ReduceLROnPlateau reducing learning rate to 4.999999873689376e-05.
158/158 - 16s - 99ms/step - accuracy: 0.6712 - ce: 0.6065 - loss: 0.6282 - val_accuracy: 0.6667 - val_ce: 0.6181 - val_loss: 0.6380 - learning_rate: 1.0000e-04
Epoch 5/20
158/158 - 16s - 99ms/step - accuracy: 0.7316 - ce: 0.5340 - loss: 0.5527 - val_accuracy: 0.6779 - val_ce: 0.5864 - val_loss: 0.6049 - learning_rate: 5.0000e-05
Epoch 6/20
158/158 - 16s - 99ms/step - accuracy: 0.7666 - ce: 0.4924 - loss: 0.5101 - val_accuracy: 0.6779 - val_ce: 0.6027 - val_loss: 0.6201 - learning_rate: 5.0000e-05
Epoch 7/20

Epoch 7: ReduceLROnPlateau reducing learning rate to 2.499999936844688e-05.
158/158 - 16s - 99ms/step - accuracy: 0.8036 - ce: 0.4381 - loss: 0.4546 - val_accuracy: 0.6734 - val_ce: 0.6621 - val_loss: 0.6786 - learning_rate: 5.0000e-05
Epoch 8/20
158/158 - 16s - 99ms/step - accuracy: 0.8561 - ce: 0.3331 - loss: 0.3489 - val_accuracy: 0.6802 - val_ce: 0.7334 - val_loss: 0.7496 - learning_rate: 2.5000e-05
Epoch 9/20

Epoch 9: ReduceLROnPlateau reducing learning rate to 1.249999968422344e-05.
158/158 - 16s - 99ms/step - accuracy: 0.8942 - ce: 0.2621 - loss: 0.2781 - val_accuracy: 0.6509 - val_ce: 0.9525 - val_loss: 0.9683 - learning_rate: 2.5000e-05
Fold 3: accuracy=0.6649  F1(w/m)=0.6633/0.6625  CE=0.6311  epochs=9  

===== Fold 4/5  22:59:58 =====
Class weights (balanced): Human-written=0.974  V4=1.027
Epoch 1/20
158/158 - 27s - 169ms/step - accuracy: 0.5479 - ce: 0.6963 - loss: 0.7399 - val_accuracy: 0.6351 - val_ce: 0.6546 - val_loss: 0.6917 - learning_rate: 1.0000e-04
Epoch 2/20
158/158 - 16s - 100ms/step - accuracy: 0.6243 - ce: 0.6463 - loss: 0.6792 - val_accuracy: 0.6396 - val_ce: 0.6376 - val_loss: 0.6661 - learning_rate: 1.0000e-04
Epoch 3/20
158/158 - 16s - 100ms/step - accuracy: 0.6680 - ce: 0.6229 - loss: 0.6484 - val_accuracy: 0.6599 - val_ce: 0.6071 - val_loss: 0.6299 - learning_rate: 1.0000e-04
Epoch 4/20
158/158 - 16s - 100ms/step - accuracy: 0.6903 - ce: 0.5846 - loss: 0.6052 - val_accuracy: 0.6599 - val_ce: 0.5955 - val_loss: 0.6144 - learning_rate: 1.0000e-04
Epoch 5/20
158/158 - 16s - 99ms/step - accuracy: 0.7296 - ce: 0.5427 - loss: 0.5606 - val_accuracy: 0.6599 - val_ce: 0.6059 - val_loss: 0.6223 - learning_rate: 1.0000e-04
Epoch 6/20

Epoch 6: ReduceLROnPlateau reducing learning rate to 4.999999873689376e-05.
158/158 - 16s - 99ms/step - accuracy: 0.7594 - ce: 0.4980 - loss: 0.5136 - val_accuracy: 0.6464 - val_ce: 0.6893 - val_loss: 0.7038 - learning_rate: 1.0000e-04
Epoch 7/20
158/158 - 16s - 99ms/step - accuracy: 0.8147 - ce: 0.4109 - loss: 0.4251 - val_accuracy: 0.6734 - val_ce: 0.6920 - val_loss: 0.7059 - learning_rate: 5.0000e-05
Epoch 8/20

Epoch 8: ReduceLROnPlateau reducing learning rate to 2.499999936844688e-05.
158/158 - 16s - 99ms/step - accuracy: 0.8505 - ce: 0.3447 - loss: 0.3585 - val_accuracy: 0.6554 - val_ce: 0.7768 - val_loss: 0.7901 - learning_rate: 5.0000e-05
Fold 4: accuracy=0.6541  F1(w/m)=0.6540/0.6540  CE=0.6225  epochs=8  

===== Fold 5/5  23:02:24 =====
Class weights (balanced): Human-written=0.974  V4=1.028
Epoch 1/20
158/158 - 27s - 172ms/step - accuracy: 0.5310 - ce: 0.7046 - loss: 0.7504 - val_accuracy: 0.5968 - val_ce: 0.6700 - val_loss: 0.7119 - learning_rate: 1.0000e-04
Epoch 2/20
158/158 - 16s - 100ms/step - accuracy: 0.6228 - ce: 0.6563 - loss: 0.6955 - val_accuracy: 0.6284 - val_ce: 0.6281 - val_loss: 0.6640 - learning_rate: 1.0000e-04
Epoch 3/20
158/158 - 16s - 100ms/step - accuracy: 0.6590 - ce: 0.6221 - loss: 0.6561 - val_accuracy: 0.6509 - val_ce: 0.6147 - val_loss: 0.6465 - learning_rate: 1.0000e-04
Epoch 4/20
158/158 - 16s - 100ms/step - accuracy: 0.6955 - ce: 0.5717 - loss: 0.6019 - val_accuracy: 0.6509 - val_ce: 0.6426 - val_loss: 0.6714 - learning_rate: 1.0000e-04
Epoch 5/20

Epoch 5: ReduceLROnPlateau reducing learning rate to 4.999999873689376e-05.
158/158 - 16s - 99ms/step - accuracy: 0.7186 - ce: 0.5415 - loss: 0.5696 - val_accuracy: 0.6081 - val_ce: 0.7470 - val_loss: 0.7735 - learning_rate: 1.0000e-04
Epoch 6/20
158/158 - 16s - 99ms/step - accuracy: 0.7806 - ce: 0.4652 - loss: 0.4913 - val_accuracy: 0.6554 - val_ce: 0.6846 - val_loss: 0.7102 - learning_rate: 5.0000e-05
Epoch 7/20

Epoch 7: ReduceLROnPlateau reducing learning rate to 2.499999936844688e-05.
158/158 - 16s - 99ms/step - accuracy: 0.8116 - ce: 0.4058 - loss: 0.4310 - val_accuracy: 0.6554 - val_ce: 0.7474 - val_loss: 0.7722 - learning_rate: 5.0000e-05
Fold 5: accuracy=0.6468  F1(w/m)=0.6448/0.6440  CE=0.6226  epochs=7  

CV mean ± std:
  accuracy               0.6464 ± 0.0144
  balanced_accuracy      0.6462 ± 0.0139
  mcc                    0.2954 ± 0.0282
  cross_entropy          0.6230 ± 0.0077
  roc_auc                0.7182 ± 0.0109
  precision_macro        0.6492 ± 0.0144
  recall_macro           0.6462 ± 0.0139
  f1_macro               0.6445 ± 0.0144
  precision_micro        0.6464 ± 0.0144
  recall_micro           0.6464 ± 0.0144
  f1_micro               0.6464 ± 0.0144
  precision_weighted     0.6494 ± 0.0144
  recall_weighted        0.6464 ± 0.0144
  f1_weighted            0.6447 ± 0.0146

===== Final training  23:04:35 =====
Class weights (balanced): Human-written=0.974  V4=1.028
Epoch 1/20
191/191 - 46s - 243ms/step - accuracy: 0.5443 - ce: 0.6993 - loss: 0.7426 - val_accuracy: 0.4931 - val_ce: 0.7991 - val_loss: 0.8350 - learning_rate: 1.0000e-04
Epoch 2/20
191/191 - 20s - 103ms/step - accuracy: 0.5827 - ce: 0.6753 - loss: 0.7062 - val_accuracy: 0.6570 - val_ce: 0.6081 - val_loss: 0.6342 - learning_rate: 1.0000e-04
Epoch 3/20
191/191 - 19s - 102ms/step - accuracy: 0.6520 - ce: 0.6264 - loss: 0.6490 - val_accuracy: 0.6769 - val_ce: 0.5916 - val_loss: 0.6110 - learning_rate: 1.0000e-04
Epoch 4/20
191/191 - 19s - 101ms/step - accuracy: 0.6858 - ce: 0.5926 - loss: 0.6095 - val_accuracy: 0.6554 - val_ce: 0.6074 - val_loss: 0.6227 - learning_rate: 1.0000e-04
Epoch 5/20
191/191 - 19s - 101ms/step - accuracy: 0.6986 - ce: 0.5692 - loss: 0.5836 - val_accuracy: 0.6753 - val_ce: 0.5784 - val_loss: 0.5911 - learning_rate: 1.0000e-04
Epoch 6/20
191/191 - 19s - 101ms/step - accuracy: 0.7262 - ce: 0.5329 - loss: 0.5445 - val_accuracy: 0.6922 - val_ce: 0.5815 - val_loss: 0.5926 - learning_rate: 1.0000e-04
Epoch 7/20

Epoch 7: ReduceLROnPlateau reducing learning rate to 4.999999873689376e-05.
191/191 - 19s - 102ms/step - accuracy: 0.7699 - ce: 0.4684 - loss: 0.4786 - val_accuracy: 0.6677 - val_ce: 0.6756 - val_loss: 0.6854 - learning_rate: 1.0000e-04
Epoch 8/20
191/191 - 19s - 102ms/step - accuracy: 0.8329 - ce: 0.3677 - loss: 0.3771 - val_accuracy: 0.6677 - val_ce: 0.7540 - val_loss: 0.7632 - learning_rate: 5.0000e-05
Epoch 9/20

Epoch 9: ReduceLROnPlateau reducing learning rate to 2.499999936844688e-05.
191/191 - 19s - 101ms/step - accuracy: 0.8736 - ce: 0.2889 - loss: 0.2975 - val_accuracy: 0.6493 - val_ce: 0.8217 - val_loss: 0.8305 - learning_rate: 5.0000e-05
               precision    recall  f1-score   support

Human-written     0.6585    0.7194    0.6876       335
           V4     0.6725    0.6069    0.6380       318

     accuracy                         0.6646       653
    macro avg     0.6655    0.6632    0.6628       653
 weighted avg     0.6653    0.6646    0.6634       653

Class distribution all  : {'Human-written': 2234, 'V4': 2118}  ratio {'Human-written': 0.5133, 'V4': 0.4867}
Class distribution train: {'Human-written': 1564, 'V4': 1482}  ratio {'Human-written': 0.5135, 'V4': 0.4865}
Class distribution val  : {'Human-written': 335, 'V4': 318}  ratio {'Human-written': 0.513, 'V4': 0.487}
Class distribution test : {'Human-written': 335, 'V4': 318}  ratio {'Human-written': 0.513, 'V4': 0.487}

subdataset10_screenshot_human_vs_v4_snippet_cv  VGG19 (sigmoid, dropout 0.1, lr 0.0001)
CV mean    acc=0.6464  F1 w/m/micro=0.6447/0.6445/0.6464  P_w=0.6494  R_w=0.6464  CE=0.6230  AUC=0.7182  MCC=0.2954
VALIDATION acc=0.6753  F1 w/m/micro=0.6741/0.6735/0.6753  P_w=0.6762  R_w=0.6753  CE=0.5784  AUC=0.7585  MCC=0.3503
TEST       acc=0.6646  F1 w/m/micro=0.6634/0.6628/0.6646  P_w=0.6653  R_w=0.6646  CE=0.5936  AUC=0.7467  MCC=0.3286
TEST 95% CI: accuracy=[0.6279, 0.6968]  f1_weighted=[0.6261, 0.6964]  f1_macro=[0.6258, 0.6950]  mcc=[0.2542, 0.3962]  balanced_accuracy=[0.6263, 0.6955]
Outputs: Experiments/subdataset10/Snippet-Level Split/results/subdataset10_screenshot_human_vs_v4_snippet_cv
2026-10-02 23:08:14 FINISHED
