
====================================================================================================
2026-10-03 01:05:05  subdataset13_graph_human_vs_v5_snippet_cv  (config hash cea82c19071c)
Data    : Data/Subdataset_13
Classes : ['Human-written', 'V5']   Split: Snippet-Level Split
Model   : VGG19  activation=tanh  dropout=0.1  lr=0.0001  trained=base from block5_* on  preprocessing=caffe  L2=0.0001
Training: at most 20 epochs, early stopping val_ce patience 4, batch 16, 320x320 (no cropping), mixed precision True
Output  : Experiments/subdataset13/Snippet-Level Split/results/subdataset13_graph_human_vs_v5_snippet_cv
Human-written (label 0): 1629 images
V5  (label 1): 1794 images
Total 3423 images
Train     :  2395 (70.0%)  Human-written=1139 V5=1256
Validation:   514 (15.0%)  Human-written=245 V5=269
Test      :   514 (15.0%)  Human-written=245 V5=269
Fold 1: train=2327 (Human-written=1107 V5=1220)  evaluation=582 (Human-written=277 V5=305)
Fold 2: train=2327 (Human-written=1107 V5=1220)  evaluation=582 (Human-written=277 V5=305)
Fold 3: train=2327 (Human-written=1107 V5=1220)  evaluation=582 (Human-written=277 V5=305)
Fold 4: train=2327 (Human-written=1107 V5=1220)  evaluation=582 (Human-written=277 V5=305)
Fold 5: train=2328 (Human-written=1108 V5=1220)  evaluation=581 (Human-written=276 V5=305)
Leakage check PASSED.
TensorFlow 2.20.0 | GPU: [PhysicalDevice(name='/physical_device:GPU:0', device_type='GPU')]
Mixed precision: mixed_float16 (output layer float32)
Images loaded: 3423, 1.1 GB, 4 s

===== Fold 1/5  01:05:13 =====
Class weights (balanced): Human-written=1.052  V5=0.953
Model: base 22 layers, trained base layers 5 (first: block5_conv1); trained parameters 9,702,401 / 20,287,553
Epoch 1/20
124/124 - 22s - 174ms/step - accuracy: 0.4977 - ce: 0.7656 - loss: 0.8183 - val_accuracy: 0.5229 - val_ce: 0.6952 - val_loss: 0.7439 - learning_rate: 1.0000e-04
Epoch 2/20
124/124 - 4s - 34ms/step - accuracy: 0.4815 - ce: 0.7567 - loss: 0.8001 - val_accuracy: 0.5229 - val_ce: 0.6922 - val_loss: 0.7328 - learning_rate: 1.0000e-04
Epoch 3/20
124/124 - 4s - 34ms/step - accuracy: 0.5235 - ce: 0.7133 - loss: 0.7501 - val_accuracy: 0.5343 - val_ce: 0.6920 - val_loss: 0.7260 - learning_rate: 1.0000e-04
Epoch 4/20
124/124 - 4s - 34ms/step - accuracy: 0.5028 - ce: 0.7277 - loss: 0.7584 - val_accuracy: 0.4771 - val_ce: 0.7023 - val_loss: 0.7299 - learning_rate: 1.0000e-04
Epoch 5/20

Epoch 5: ReduceLROnPlateau reducing learning rate to 4.999999873689376e-05.
124/124 - 4s - 33ms/step - accuracy: 0.4876 - ce: 0.7314 - loss: 0.7561 - val_accuracy: 0.5229 - val_ce: 0.6979 - val_loss: 0.7211 - learning_rate: 1.0000e-04
Epoch 6/20
124/124 - 4s - 34ms/step - accuracy: 0.4937 - ce: 0.7274 - loss: 0.7521 - val_accuracy: 0.5229 - val_ce: 0.6923 - val_loss: 0.7141 - learning_rate: 5.0000e-05
Epoch 7/20

Epoch 7: ReduceLROnPlateau reducing learning rate to 2.499999936844688e-05.
124/124 - 4s - 33ms/step - accuracy: 0.5104 - ce: 0.7188 - loss: 0.7415 - val_accuracy: 0.4771 - val_ce: 0.6956 - val_loss: 0.7159 - learning_rate: 5.0000e-05
COLLAPSE: 98% of the validation predictions are in one class -> training is repeated once with lr 1e-05
Epoch 1/20
124/124 - 15s - 118ms/step - accuracy: 0.5260 - ce: 0.7412 - loss: 0.7926 - val_accuracy: 0.5686 - val_ce: 0.6932 - val_loss: 0.7441 - learning_rate: 1.0000e-05
Epoch 2/20
124/124 - 4s - 33ms/step - accuracy: 0.6576 - ce: 0.6310 - loss: 0.6831 - val_accuracy: 0.5486 - val_ce: 0.6948 - val_loss: 0.7454 - learning_rate: 1.0000e-05
Epoch 3/20
124/124 - 4s - 35ms/step - accuracy: 0.7198 - ce: 0.5556 - loss: 0.6068 - val_accuracy: 0.6114 - val_ce: 0.6735 - val_loss: 0.7239 - learning_rate: 1.0000e-05
Epoch 4/20
124/124 - 4s - 33ms/step - accuracy: 0.7613 - ce: 0.4859 - loss: 0.5362 - val_accuracy: 0.5714 - val_ce: 0.6902 - val_loss: 0.7404 - learning_rate: 1.0000e-05
Epoch 5/20

Epoch 5: ReduceLROnPlateau reducing learning rate to 4.999999873689376e-06.
124/124 - 4s - 33ms/step - accuracy: 0.8477 - ce: 0.4013 - loss: 0.4515 - val_accuracy: 0.6200 - val_ce: 0.7183 - val_loss: 0.7683 - learning_rate: 1.0000e-05
Epoch 6/20
124/124 - 4s - 34ms/step - accuracy: 0.9125 - ce: 0.3035 - loss: 0.3537 - val_accuracy: 0.5943 - val_ce: 0.7050 - val_loss: 0.7548 - learning_rate: 5.0000e-06
Epoch 7/20

Epoch 7: ReduceLROnPlateau reducing learning rate to 2.499999936844688e-06.
124/124 - 4s - 34ms/step - accuracy: 0.9423 - ce: 0.2624 - loss: 0.3121 - val_accuracy: 0.6114 - val_ce: 0.7087 - val_loss: 0.7584 - learning_rate: 5.0000e-06
Fold 1: accuracy=0.6186  F1(w/m)=0.6157/0.6136  CE=0.6523  epochs=7  

===== Fold 2/5  01:06:51 =====
Class weights (balanced): Human-written=1.052  V5=0.953
Epoch 1/20
124/124 - 15s - 118ms/step - accuracy: 0.5220 - ce: 0.7341 - loss: 0.7863 - val_accuracy: 0.5229 - val_ce: 0.7180 - val_loss: 0.7659 - learning_rate: 1.0000e-04
Epoch 2/20
124/124 - 4s - 34ms/step - accuracy: 0.5043 - ce: 0.7484 - loss: 0.7934 - val_accuracy: 0.4771 - val_ce: 0.6971 - val_loss: 0.7379 - learning_rate: 1.0000e-04
Epoch 3/20
124/124 - 4s - 33ms/step - accuracy: 0.5159 - ce: 0.7234 - loss: 0.7561 - val_accuracy: 0.5229 - val_ce: 0.7219 - val_loss: 0.7535 - learning_rate: 1.0000e-04
Epoch 4/20

Epoch 4: ReduceLROnPlateau reducing learning rate to 4.999999873689376e-05.
124/124 - 4s - 34ms/step - accuracy: 0.5185 - ce: 0.7215 - loss: 0.7518 - val_accuracy: 0.4771 - val_ce: 0.7037 - val_loss: 0.7292 - learning_rate: 1.0000e-04
Epoch 5/20
124/124 - 4s - 33ms/step - accuracy: 0.4987 - ce: 0.7178 - loss: 0.7406 - val_accuracy: 0.4771 - val_ce: 0.6978 - val_loss: 0.7202 - learning_rate: 5.0000e-05
Epoch 6/20
124/124 - 4s - 34ms/step - accuracy: 0.4815 - ce: 0.7320 - loss: 0.7520 - val_accuracy: 0.4771 - val_ce: 0.6938 - val_loss: 0.7138 - learning_rate: 5.0000e-05
Epoch 7/20
124/124 - 4s - 34ms/step - accuracy: 0.4932 - ce: 0.7212 - loss: 0.7395 - val_accuracy: 0.5229 - val_ce: 0.6921 - val_loss: 0.7102 - learning_rate: 5.0000e-05
Epoch 8/20
124/124 - 4s - 34ms/step - accuracy: 0.5089 - ce: 0.7200 - loss: 0.7405 - val_accuracy: 0.5229 - val_ce: 0.6925 - val_loss: 0.7089 - learning_rate: 5.0000e-05
Epoch 9/20

Epoch 9: ReduceLROnPlateau reducing learning rate to 2.499999936844688e-05.
124/124 - 4s - 33ms/step - accuracy: 0.4917 - ce: 0.7227 - loss: 0.7396 - val_accuracy: 0.5229 - val_ce: 0.6930 - val_loss: 0.7080 - learning_rate: 5.0000e-05
Epoch 10/20
124/124 - 4s - 34ms/step - accuracy: 0.4967 - ce: 0.7186 - loss: 0.7338 - val_accuracy: 0.4771 - val_ce: 0.6949 - val_loss: 0.7093 - learning_rate: 2.5000e-05
Epoch 11/20

Epoch 11: ReduceLROnPlateau reducing learning rate to 1.249999968422344e-05.
124/124 - 4s - 34ms/step - accuracy: 0.4957 - ce: 0.7213 - loss: 0.7339 - val_accuracy: 0.5229 - val_ce: 0.6928 - val_loss: 0.7066 - learning_rate: 2.5000e-05
COLLAPSE: 100% of the validation predictions are in one class -> training is repeated once with lr 1e-05
Epoch 1/20
124/124 - 15s - 118ms/step - accuracy: 0.5660 - ce: 0.7048 - loss: 0.7566 - val_accuracy: 0.5400 - val_ce: 0.6922 - val_loss: 0.7431 - learning_rate: 1.0000e-05
Epoch 2/20
124/124 - 4s - 34ms/step - accuracy: 0.6444 - ce: 0.6323 - loss: 0.6835 - val_accuracy: 0.6457 - val_ce: 0.6602 - val_loss: 0.7108 - learning_rate: 1.0000e-05
Epoch 3/20
124/124 - 4s - 34ms/step - accuracy: 0.7334 - ce: 0.5576 - loss: 0.6087 - val_accuracy: 0.6657 - val_ce: 0.6439 - val_loss: 0.6943 - learning_rate: 1.0000e-05
Epoch 4/20
124/124 - 4s - 33ms/step - accuracy: 0.7815 - ce: 0.4754 - loss: 0.5261 - val_accuracy: 0.6229 - val_ce: 0.6744 - val_loss: 0.7246 - learning_rate: 1.0000e-05
Epoch 5/20

Epoch 5: ReduceLROnPlateau reducing learning rate to 4.999999873689376e-06.
124/124 - 4s - 34ms/step - accuracy: 0.8498 - ce: 0.3948 - loss: 0.4451 - val_accuracy: 0.6486 - val_ce: 0.6611 - val_loss: 0.7110 - learning_rate: 1.0000e-05
Epoch 6/20
124/124 - 4s - 33ms/step - accuracy: 0.9236 - ce: 0.2891 - loss: 0.3392 - val_accuracy: 0.6543 - val_ce: 0.6741 - val_loss: 0.7239 - learning_rate: 5.0000e-06
Epoch 7/20

Epoch 7: ReduceLROnPlateau reducing learning rate to 2.499999936844688e-06.
124/124 - 4s - 34ms/step - accuracy: 0.9530 - ce: 0.2387 - loss: 0.2887 - val_accuracy: 0.6257 - val_ce: 0.7053 - val_loss: 0.7551 - learning_rate: 5.0000e-06
Fold 2: accuracy=0.6220  F1(w/m)=0.6213/0.6200  CE=0.6574  epochs=7  

===== Fold 3/5  01:08:37 =====
Class weights (balanced): Human-written=1.052  V5=0.953
Epoch 1/20
124/124 - 15s - 118ms/step - accuracy: 0.5083 - ce: 0.7295 - loss: 0.7810 - val_accuracy: 0.5229 - val_ce: 0.7009 - val_loss: 0.7483 - learning_rate: 1.0000e-04
Epoch 2/20
124/124 - 4s - 33ms/step - accuracy: 0.4881 - ce: 0.7321 - loss: 0.7761 - val_accuracy: 0.4771 - val_ce: 0.7147 - val_loss: 0.7570 - learning_rate: 1.0000e-04
Epoch 3/20
124/124 - 4s - 34ms/step - accuracy: 0.5038 - ce: 0.7256 - loss: 0.7662 - val_accuracy: 0.4771 - val_ce: 0.6934 - val_loss: 0.7309 - learning_rate: 1.0000e-04
Epoch 4/20
124/124 - 4s - 33ms/step - accuracy: 0.5028 - ce: 0.7212 - loss: 0.7573 - val_accuracy: 0.5229 - val_ce: 0.6934 - val_loss: 0.7240 - learning_rate: 1.0000e-04
Epoch 5/20
124/124 - 4s - 34ms/step - accuracy: 0.4977 - ce: 0.7232 - loss: 0.7535 - val_accuracy: 0.5171 - val_ce: 0.6918 - val_loss: 0.7184 - learning_rate: 1.0000e-04
Epoch 6/20
124/124 - 4s - 34ms/step - accuracy: 0.4937 - ce: 0.7205 - loss: 0.7450 - val_accuracy: 0.4771 - val_ce: 0.6956 - val_loss: 0.7189 - learning_rate: 1.0000e-04
Epoch 7/20

Epoch 7: ReduceLROnPlateau reducing learning rate to 4.999999873689376e-05.
124/124 - 4s - 34ms/step - accuracy: 0.4734 - ce: 0.7353 - loss: 0.7570 - val_accuracy: 0.4771 - val_ce: 0.7034 - val_loss: 0.7241 - learning_rate: 1.0000e-04
Epoch 8/20
124/124 - 4s - 33ms/step - accuracy: 0.5195 - ce: 0.7100 - loss: 0.7285 - val_accuracy: 0.4771 - val_ce: 0.6938 - val_loss: 0.7135 - learning_rate: 5.0000e-05
Epoch 9/20

Epoch 9: ReduceLROnPlateau reducing learning rate to 2.499999936844688e-05.
124/124 - 4s - 34ms/step - accuracy: 0.4815 - ce: 0.7242 - loss: 0.7416 - val_accuracy: 0.4771 - val_ce: 0.6959 - val_loss: 0.7145 - learning_rate: 5.0000e-05
Fold 3: accuracy=0.5395  F1(w/m)=0.5393/0.5395  CE=0.6912  epochs=9  

===== Fold 4/5  01:09:30 =====
Class weights (balanced): Human-written=1.052  V5=0.953
Epoch 1/20
124/124 - 15s - 118ms/step - accuracy: 0.4820 - ce: 0.7628 - loss: 0.8132 - val_accuracy: 0.5229 - val_ce: 0.7552 - val_loss: 0.8037 - learning_rate: 1.0000e-04
Epoch 2/20
124/124 - 4s - 34ms/step - accuracy: 0.4992 - ce: 0.7344 - loss: 0.7802 - val_accuracy: 0.4743 - val_ce: 0.6937 - val_loss: 0.7375 - learning_rate: 1.0000e-04
Epoch 3/20
124/124 - 4s - 34ms/step - accuracy: 0.5033 - ce: 0.7414 - loss: 0.7796 - val_accuracy: 0.5229 - val_ce: 0.7756 - val_loss: 0.8111 - learning_rate: 1.0000e-04
Epoch 4/20
124/124 - 4s - 33ms/step - accuracy: 0.4992 - ce: 0.7510 - loss: 0.7874 - val_accuracy: 0.5229 - val_ce: 0.6922 - val_loss: 0.7233 - learning_rate: 1.0000e-04
Epoch 5/20
124/124 - 4s - 34ms/step - accuracy: 0.4937 - ce: 0.7316 - loss: 0.7594 - val_accuracy: 0.5229 - val_ce: 0.6894 - val_loss: 0.7161 - learning_rate: 1.0000e-04
Epoch 6/20
124/124 - 4s - 34ms/step - accuracy: 0.5018 - ce: 0.7417 - loss: 0.7730 - val_accuracy: 0.5229 - val_ce: 0.8106 - val_loss: 0.8338 - learning_rate: 1.0000e-04
Epoch 7/20

Epoch 7: ReduceLROnPlateau reducing learning rate to 4.999999873689376e-05.
124/124 - 4s - 33ms/step - accuracy: 0.5053 - ce: 0.7326 - loss: 0.7575 - val_accuracy: 0.4771 - val_ce: 0.6961 - val_loss: 0.7168 - learning_rate: 1.0000e-04
Epoch 8/20
124/124 - 4s - 33ms/step - accuracy: 0.4911 - ce: 0.7222 - loss: 0.7424 - val_accuracy: 0.5229 - val_ce: 0.6931 - val_loss: 0.7122 - learning_rate: 5.0000e-05
Epoch 9/20

Epoch 9: ReduceLROnPlateau reducing learning rate to 2.499999936844688e-05.
124/124 - 4s - 34ms/step - accuracy: 0.5023 - ce: 0.7155 - loss: 0.7338 - val_accuracy: 0.5257 - val_ce: 0.6930 - val_loss: 0.7109 - learning_rate: 5.0000e-05
COLLAPSE: 100% of the validation predictions are in one class -> training is repeated once with lr 1e-05
Epoch 1/20
124/124 - 15s - 118ms/step - accuracy: 0.5331 - ce: 0.7352 - loss: 0.7876 - val_accuracy: 0.5486 - val_ce: 0.6963 - val_loss: 0.7472 - learning_rate: 1.0000e-05
Epoch 2/20
124/124 - 4s - 34ms/step - accuracy: 0.6085 - ce: 0.6558 - loss: 0.7063 - val_accuracy: 0.5514 - val_ce: 0.7147 - val_loss: 0.7653 - learning_rate: 1.0000e-05
Epoch 3/20

Epoch 3: ReduceLROnPlateau reducing learning rate to 4.999999873689376e-06.
124/124 - 4s - 34ms/step - accuracy: 0.6869 - ce: 0.5882 - loss: 0.6390 - val_accuracy: 0.6057 - val_ce: 0.7115 - val_loss: 0.7619 - learning_rate: 1.0000e-05
Epoch 4/20
124/124 - 4s - 33ms/step - accuracy: 0.7633 - ce: 0.5020 - loss: 0.5535 - val_accuracy: 0.5343 - val_ce: 0.7641 - val_loss: 0.8143 - learning_rate: 5.0000e-06
Epoch 5/20

Epoch 5: ReduceLROnPlateau reducing learning rate to 2.499999936844688e-06.
124/124 - 4s - 34ms/step - accuracy: 0.8123 - ce: 0.4436 - loss: 0.4939 - val_accuracy: 0.5657 - val_ce: 0.7289 - val_loss: 0.7790 - learning_rate: 5.0000e-06
Fold 4: accuracy=0.5601  F1(w/m)=0.5385/0.5331  CE=0.6869  epochs=5  

===== Fold 5/5  01:10:59 =====
Class weights (balanced): Human-written=1.051  V5=0.954
Epoch 1/20
124/124 - 17s - 134ms/step - accuracy: 0.5005 - ce: 0.7501 - loss: 0.8018 - val_accuracy: 0.5229 - val_ce: 0.7691 - val_loss: 0.8181 - learning_rate: 1.0000e-04
Epoch 2/20
124/124 - 4s - 34ms/step - accuracy: 0.4995 - ce: 0.7495 - loss: 0.7945 - val_accuracy: 0.4771 - val_ce: 0.7302 - val_loss: 0.7738 - learning_rate: 1.0000e-04
Epoch 3/20
124/124 - 4s - 34ms/step - accuracy: 0.4914 - ce: 0.7279 - loss: 0.7648 - val_accuracy: 0.4771 - val_ce: 0.7558 - val_loss: 0.7904 - learning_rate: 1.0000e-04
Epoch 4/20
124/124 - 4s - 34ms/step - accuracy: 0.4975 - ce: 0.7320 - loss: 0.7603 - val_accuracy: 0.4771 - val_ce: 0.7152 - val_loss: 0.7431 - learning_rate: 1.0000e-04
Epoch 5/20
124/124 - 4s - 34ms/step - accuracy: 0.4788 - ce: 0.7370 - loss: 0.7626 - val_accuracy: 0.5229 - val_ce: 0.6925 - val_loss: 0.7161 - learning_rate: 1.0000e-04
Epoch 6/20
124/124 - 4s - 33ms/step - accuracy: 0.4934 - ce: 0.7294 - loss: 0.7508 - val_accuracy: 0.4771 - val_ce: 0.7305 - val_loss: 0.7515 - learning_rate: 1.0000e-04
Epoch 7/20

Epoch 7: ReduceLROnPlateau reducing learning rate to 4.999999873689376e-05.
124/124 - 4s - 33ms/step - accuracy: 0.4869 - ce: 0.7269 - loss: 0.7451 - val_accuracy: 0.4771 - val_ce: 0.6951 - val_loss: 0.7143 - learning_rate: 1.0000e-04
Epoch 8/20
124/124 - 4s - 34ms/step - accuracy: 0.5303 - ce: 0.7161 - loss: 0.7361 - val_accuracy: 0.4771 - val_ce: 0.6998 - val_loss: 0.7178 - learning_rate: 5.0000e-05
Epoch 9/20

Epoch 9: ReduceLROnPlateau reducing learning rate to 2.499999936844688e-05.
124/124 - 4s - 33ms/step - accuracy: 0.4939 - ce: 0.7225 - loss: 0.7385 - val_accuracy: 0.4771 - val_ce: 0.6985 - val_loss: 0.7153 - learning_rate: 5.0000e-05
COLLAPSE: 100% of the validation predictions are in one class -> training is repeated once with lr 1e-05
Epoch 1/20
124/124 - 15s - 119ms/step - accuracy: 0.5369 - ce: 0.7240 - loss: 0.7739 - val_accuracy: 0.6171 - val_ce: 0.6576 - val_loss: 0.7085 - learning_rate: 1.0000e-05
Epoch 2/20
124/124 - 4s - 34ms/step - accuracy: 0.6365 - ce: 0.6515 - loss: 0.7027 - val_accuracy: 0.5229 - val_ce: 0.7557 - val_loss: 0.8062 - learning_rate: 1.0000e-05
Epoch 3/20
124/124 - 4s - 34ms/step - accuracy: 0.7144 - ce: 0.5670 - loss: 0.6180 - val_accuracy: 0.6200 - val_ce: 0.6418 - val_loss: 0.6921 - learning_rate: 1.0000e-05
Epoch 4/20
124/124 - 4s - 34ms/step - accuracy: 0.7634 - ce: 0.4902 - loss: 0.5405 - val_accuracy: 0.6514 - val_ce: 0.6410 - val_loss: 0.6911 - learning_rate: 1.0000e-05
Epoch 5/20
124/124 - 4s - 34ms/step - accuracy: 0.8549 - ce: 0.3876 - loss: 0.4381 - val_accuracy: 0.6314 - val_ce: 0.6520 - val_loss: 0.7019 - learning_rate: 1.0000e-05
Epoch 6/20

Epoch 6: ReduceLROnPlateau reducing learning rate to 4.999999873689376e-06.
124/124 - 4s - 34ms/step - accuracy: 0.9055 - ce: 0.2931 - loss: 0.3432 - val_accuracy: 0.6600 - val_ce: 0.6806 - val_loss: 0.7302 - learning_rate: 1.0000e-05
Epoch 7/20
124/124 - 4s - 34ms/step - accuracy: 0.9590 - ce: 0.1996 - loss: 0.2493 - val_accuracy: 0.6229 - val_ce: 0.6953 - val_loss: 0.7448 - learning_rate: 5.0000e-06
Epoch 8/20

Epoch 8: ReduceLROnPlateau reducing learning rate to 2.499999936844688e-06.
124/124 - 4s - 34ms/step - accuracy: 0.9783 - ce: 0.1568 - loss: 0.2064 - val_accuracy: 0.6314 - val_ce: 0.7240 - val_loss: 0.7735 - learning_rate: 5.0000e-06
Fold 5: accuracy=0.6265  F1(w/m)=0.6213/0.6185  CE=0.6758  epochs=8  

CV mean ± std:
  accuracy               0.5933 ± 0.0405
  balanced_accuracy      0.5893 ± 0.0402
  mcc                    0.1829 ± 0.0798
  cross_entropy          0.6727 ± 0.0174
  roc_auc                0.6242 ± 0.0500
  precision_macro        0.5938 ± 0.0397
  recall_macro           0.5893 ± 0.0402
  f1_macro               0.5850 ± 0.0445
  precision_micro        0.5933 ± 0.0405
  recall_micro           0.5933 ± 0.0405
  f1_micro               0.5933 ± 0.0405
  precision_weighted     0.5941 ± 0.0394
  recall_weighted        0.5933 ± 0.0405
  f1_weighted            0.5872 ± 0.0442

===== Final training  01:12:44 =====
Class weights (balanced): Human-written=1.051  V5=0.953
Epoch 1/20
150/150 - 18s - 123ms/step - accuracy: 0.4898 - ce: 0.7839 - loss: 0.8304 - val_accuracy: 0.4767 - val_ce: 0.8348 - val_loss: 0.8824 - learning_rate: 1.0000e-04
Epoch 2/20
150/150 - 5s - 34ms/step - accuracy: 0.5035 - ce: 0.7334 - loss: 0.7767 - val_accuracy: 0.4767 - val_ce: 0.7093 - val_loss: 0.7488 - learning_rate: 1.0000e-04
Epoch 3/20
150/150 - 5s - 34ms/step - accuracy: 0.4998 - ce: 0.7275 - loss: 0.7624 - val_accuracy: 0.4767 - val_ce: 0.7311 - val_loss: 0.7622 - learning_rate: 1.0000e-04
Epoch 4/20
150/150 - 5s - 34ms/step - accuracy: 0.4994 - ce: 0.7276 - loss: 0.7550 - val_accuracy: 0.5233 - val_ce: 0.6932 - val_loss: 0.7176 - learning_rate: 1.0000e-04
Epoch 5/20
150/150 - 5s - 34ms/step - accuracy: 0.5090 - ce: 0.7174 - loss: 0.7421 - val_accuracy: 0.5233 - val_ce: 0.6924 - val_loss: 0.7134 - learning_rate: 1.0000e-04
Epoch 6/20
150/150 - 5s - 34ms/step - accuracy: 0.5086 - ce: 0.7177 - loss: 0.7354 - val_accuracy: 0.4767 - val_ce: 0.6957 - val_loss: 0.7138 - learning_rate: 1.0000e-04
Epoch 7/20

Epoch 7: ReduceLROnPlateau reducing learning rate to 4.999999873689376e-05.
150/150 - 5s - 33ms/step - accuracy: 0.5027 - ce: 0.7229 - loss: 0.7401 - val_accuracy: 0.4767 - val_ce: 0.7067 - val_loss: 0.7226 - learning_rate: 1.0000e-04
Epoch 8/20
150/150 - 5s - 34ms/step - accuracy: 0.4981 - ce: 0.7199 - loss: 0.7331 - val_accuracy: 0.5233 - val_ce: 0.6938 - val_loss: 0.7088 - learning_rate: 5.0000e-05
Epoch 9/20

Epoch 9: ReduceLROnPlateau reducing learning rate to 2.499999936844688e-05.
150/150 - 5s - 34ms/step - accuracy: 0.4969 - ce: 0.7165 - loss: 0.7316 - val_accuracy: 0.4767 - val_ce: 0.6936 - val_loss: 0.7077 - learning_rate: 5.0000e-05
COLLAPSE: 100% of the validation predictions are in one class -> training is repeated once with lr 1e-05
Epoch 1/20
150/150 - 16s - 104ms/step - accuracy: 0.5503 - ce: 0.7233 - loss: 0.7745 - val_accuracy: 0.5895 - val_ce: 0.6891 - val_loss: 0.7400 - learning_rate: 1.0000e-05
Epoch 2/20
150/150 - 5s - 34ms/step - accuracy: 0.6401 - ce: 0.6344 - loss: 0.6857 - val_accuracy: 0.6109 - val_ce: 0.6676 - val_loss: 0.7183 - learning_rate: 1.0000e-05
Epoch 3/20
150/150 - 5s - 34ms/step - accuracy: 0.7094 - ce: 0.5543 - loss: 0.6051 - val_accuracy: 0.6265 - val_ce: 0.6676 - val_loss: 0.7180 - learning_rate: 1.0000e-05
Epoch 4/20
150/150 - 5s - 34ms/step - accuracy: 0.7979 - ce: 0.4592 - loss: 0.5097 - val_accuracy: 0.6284 - val_ce: 0.6671 - val_loss: 0.7173 - learning_rate: 1.0000e-05
Epoch 5/20
150/150 - 5s - 34ms/step - accuracy: 0.8559 - ce: 0.3729 - loss: 0.4237 - val_accuracy: 0.6304 - val_ce: 0.6891 - val_loss: 0.7392 - learning_rate: 1.0000e-05
Epoch 6/20

Epoch 6: ReduceLROnPlateau reducing learning rate to 4.999999873689376e-06.
150/150 - 5s - 34ms/step - accuracy: 0.9198 - ce: 0.2818 - loss: 0.3321 - val_accuracy: 0.6031 - val_ce: 0.7087 - val_loss: 0.7586 - learning_rate: 1.0000e-05
Epoch 7/20
150/150 - 5s - 34ms/step - accuracy: 0.9666 - ce: 0.1917 - loss: 0.2416 - val_accuracy: 0.6420 - val_ce: 0.7292 - val_loss: 0.7789 - learning_rate: 5.0000e-06
Epoch 8/20

Epoch 8: ReduceLROnPlateau reducing learning rate to 2.499999936844688e-06.
150/150 - 5s - 34ms/step - accuracy: 0.9787 - ce: 0.1550 - loss: 0.2046 - val_accuracy: 0.6167 - val_ce: 0.7567 - val_loss: 0.8063 - learning_rate: 5.0000e-06
               precision    recall  f1-score   support

Human-written     0.6305    0.5224    0.5714       245
           V5     0.6238    0.7212    0.6690       269

     accuracy                         0.6265       514
    macro avg     0.6272    0.6218    0.6202       514
 weighted avg     0.6270    0.6265    0.6225       514

Class distribution all  : {'Human-written': 1629, 'V5': 1794}  ratio {'Human-written': 0.4759, 'V5': 0.5241}
Class distribution train: {'Human-written': 1139, 'V5': 1256}  ratio {'Human-written': 0.4756, 'V5': 0.5244}
Class distribution val  : {'Human-written': 245, 'V5': 269}  ratio {'Human-written': 0.4767, 'V5': 0.5233}
Class distribution test : {'Human-written': 245, 'V5': 269}  ratio {'Human-written': 0.4767, 'V5': 0.5233}

subdataset13_graph_human_vs_v5_snippet_cv  VGG19 (tanh, dropout 0.1, lr 0.0001)
CV mean    acc=0.5933  F1 w/m/micro=0.5872/0.5850/0.5933  P_w=0.5941  R_w=0.5933  CE=0.6727  AUC=0.6242  MCC=0.1829
VALIDATION acc=0.6284  F1 w/m/micro=0.6249/0.6227/0.6284  P_w=0.6287  R_w=0.6284  CE=0.6671  AUC=0.6729  MCC=0.2528
TEST       acc=0.6265  F1 w/m/micro=0.6225/0.6202/0.6265  P_w=0.6270  R_w=0.6265  CE=0.6394  AUC=0.6875  MCC=0.2489
TEST 95% CI: accuracy=[0.5837, 0.6654]  f1_weighted=[0.5782, 0.6634]  f1_macro=[0.5758, 0.6601]  mcc=[0.1642, 0.3335]  balanced_accuracy=[0.5807, 0.6634]
Outputs: Experiments/subdataset13/Snippet-Level Split/results/subdataset13_graph_human_vs_v5_snippet_cv
2026-10-03 01:14:52 FINISHED
