
====================================================================================================
2026-10-02 21:11:50  subdataset12_screenshot_human_vs_v3_snippet_cv  (config hash 1e20c62872f7)
Data    : Data/Subdataset_12
Classes : ['Human-written', 'V3']   Split: Snippet-Level Split
Model   : VGG19  activation=sigmoid  dropout=0.2  lr=0.0001  trained=base from block5_* on  preprocessing=caffe  L2=0.0001
Training: at most 20 epochs, early stopping val_ce patience 4, batch 16, 320x320 (no cropping), mixed precision True
Output  : Experiments/subdataset12/Snippet-Level Split/results/subdataset12_screenshot_human_vs_v3_snippet_cv
Human-written (label 0): 2236 images
V3  (label 1): 2184 images
Total 4420 images
Train     :  3094 (70.0%)  Human-written=1566 V3=1528
Validation:   663 (15.0%)  Human-written=335 V3=328
Test      :   663 (15.0%)  Human-written=335 V3=328
Fold 1: train=3005 (Human-written=1521 V3=1484)  evaluation=752 (Human-written=380 V3=372)
Fold 2: train=3005 (Human-written=1520 V3=1485)  evaluation=752 (Human-written=381 V3=371)
Fold 3: train=3006 (Human-written=1521 V3=1485)  evaluation=751 (Human-written=380 V3=371)
Fold 4: train=3006 (Human-written=1521 V3=1485)  evaluation=751 (Human-written=380 V3=371)
Fold 5: train=3006 (Human-written=1521 V3=1485)  evaluation=751 (Human-written=380 V3=371)
Leakage check PASSED.
TensorFlow 2.20.0 | GPU: [PhysicalDevice(name='/physical_device:GPU:0', device_type='GPU')]
Mixed precision: mixed_float16 (output layer float32)
Images loaded: 4420, 1.4 GB, 19 s

===== Fold 1/5  21:12:13 =====
Class weights (balanced): Human-written=0.988  V3=1.013
Model: base 22 layers, trained base layers 5 (first: block5_conv1); trained parameters 9,702,401 / 20,287,553
Epoch 1/20
160/160 - 22s - 135ms/step - accuracy: 0.6026 - ce: 0.6630 - loss: 0.7056 - val_accuracy: 0.6031 - val_ce: 0.7632 - val_loss: 0.7985 - learning_rate: 1.0000e-04
Epoch 2/20
160/160 - 5s - 33ms/step - accuracy: 0.7537 - ce: 0.5242 - loss: 0.5545 - val_accuracy: 0.7716 - val_ce: 0.4916 - val_loss: 0.5177 - learning_rate: 1.0000e-04
Epoch 3/20
160/160 - 5s - 33ms/step - accuracy: 0.7894 - ce: 0.4636 - loss: 0.4867 - val_accuracy: 0.7827 - val_ce: 0.4435 - val_loss: 0.4644 - learning_rate: 1.0000e-04
Epoch 4/20
160/160 - 5s - 32ms/step - accuracy: 0.8203 - ce: 0.4155 - loss: 0.4347 - val_accuracy: 0.7251 - val_ce: 0.5561 - val_loss: 0.5738 - learning_rate: 1.0000e-04
Epoch 5/20

Epoch 5: ReduceLROnPlateau reducing learning rate to 4.999999873689376e-05.
160/160 - 5s - 33ms/step - accuracy: 0.8493 - ce: 0.3587 - loss: 0.3749 - val_accuracy: 0.7450 - val_ce: 0.5230 - val_loss: 0.5385 - learning_rate: 1.0000e-04
Epoch 6/20
160/160 - 5s - 33ms/step - accuracy: 0.8970 - ce: 0.2688 - loss: 0.2840 - val_accuracy: 0.7561 - val_ce: 0.6179 - val_loss: 0.6326 - learning_rate: 5.0000e-05
Epoch 7/20

Epoch 7: ReduceLROnPlateau reducing learning rate to 2.499999936844688e-05.
160/160 - 5s - 33ms/step - accuracy: 0.9193 - ce: 0.2197 - loss: 0.2342 - val_accuracy: 0.8115 - val_ce: 0.4805 - val_loss: 0.4946 - learning_rate: 5.0000e-05
Fold 1: accuracy=0.7646  F1(w/m)=0.7632/0.7630  CE=0.4971  epochs=7  

===== Fold 2/5  21:13:13 =====
Class weights (balanced): Human-written=0.988  V3=1.012
Epoch 1/20
160/160 - 15s - 97ms/step - accuracy: 0.6547 - ce: 0.6324 - loss: 0.6778 - val_accuracy: 0.7339 - val_ce: 0.5428 - val_loss: 0.5845 - learning_rate: 1.0000e-04
Epoch 2/20
160/160 - 5s - 34ms/step - accuracy: 0.7627 - ce: 0.5133 - loss: 0.5521 - val_accuracy: 0.7517 - val_ce: 0.5087 - val_loss: 0.5451 - learning_rate: 1.0000e-04
Epoch 3/20
160/160 - 5s - 33ms/step - accuracy: 0.8105 - ce: 0.4363 - loss: 0.4707 - val_accuracy: 0.7361 - val_ce: 0.5965 - val_loss: 0.6293 - learning_rate: 1.0000e-04
Epoch 4/20

Epoch 4: ReduceLROnPlateau reducing learning rate to 4.999999873689376e-05.
160/160 - 5s - 32ms/step - accuracy: 0.8222 - ce: 0.3993 - loss: 0.4305 - val_accuracy: 0.7561 - val_ce: 0.5465 - val_loss: 0.5767 - learning_rate: 1.0000e-04
Epoch 5/20
160/160 - 5s - 33ms/step - accuracy: 0.8712 - ce: 0.3060 - loss: 0.3358 - val_accuracy: 0.7761 - val_ce: 0.5265 - val_loss: 0.5557 - learning_rate: 5.0000e-05
Epoch 6/20
160/160 - 5s - 33ms/step - accuracy: 0.9045 - ce: 0.2476 - loss: 0.2761 - val_accuracy: 0.7716 - val_ce: 0.4983 - val_loss: 0.5265 - learning_rate: 5.0000e-05
Epoch 7/20
160/160 - 5s - 33ms/step - accuracy: 0.9103 - ce: 0.2235 - loss: 0.2511 - val_accuracy: 0.7694 - val_ce: 0.6467 - val_loss: 0.6741 - learning_rate: 5.0000e-05
Epoch 8/20

Epoch 8: ReduceLROnPlateau reducing learning rate to 2.499999936844688e-05.
160/160 - 5s - 33ms/step - accuracy: 0.9475 - ce: 0.1519 - loss: 0.1790 - val_accuracy: 0.7650 - val_ce: 0.6565 - val_loss: 0.6832 - learning_rate: 5.0000e-05
Epoch 9/20
160/160 - 5s - 33ms/step - accuracy: 0.9683 - ce: 0.0850 - loss: 0.1115 - val_accuracy: 0.7650 - val_ce: 0.8008 - val_loss: 0.8272 - learning_rate: 2.5000e-05
Epoch 10/20

Epoch 10: ReduceLROnPlateau reducing learning rate to 1.249999968422344e-05.
160/160 - 5s - 33ms/step - accuracy: 0.9800 - ce: 0.0566 - loss: 0.0827 - val_accuracy: 0.7672 - val_ce: 0.8584 - val_loss: 0.8844 - learning_rate: 2.5000e-05
Fold 2: accuracy=0.7699  F1(w/m)=0.7679/0.7676  CE=0.5266  epochs=10  

===== Fold 3/5  21:14:21 =====
Class weights (balanced): Human-written=0.988  V3=1.012
Epoch 1/20
160/160 - 17s - 109ms/step - accuracy: 0.6689 - ce: 0.6092 - loss: 0.6559 - val_accuracy: 0.6851 - val_ce: 0.6316 - val_loss: 0.6749 - learning_rate: 1.0000e-04
Epoch 2/20
160/160 - 5s - 33ms/step - accuracy: 0.7816 - ce: 0.4812 - loss: 0.5221 - val_accuracy: 0.7627 - val_ce: 0.4928 - val_loss: 0.5314 - learning_rate: 1.0000e-04
Epoch 3/20
160/160 - 5s - 32ms/step - accuracy: 0.8070 - ce: 0.4389 - loss: 0.4760 - val_accuracy: 0.7650 - val_ce: 0.4713 - val_loss: 0.5066 - learning_rate: 1.0000e-04
Epoch 4/20
160/160 - 5s - 33ms/step - accuracy: 0.8368 - ce: 0.3758 - loss: 0.4101 - val_accuracy: 0.7162 - val_ce: 0.6391 - val_loss: 0.6720 - learning_rate: 1.0000e-04
Epoch 5/20

Epoch 5: ReduceLROnPlateau reducing learning rate to 4.999999873689376e-05.
160/160 - 5s - 33ms/step - accuracy: 0.8564 - ce: 0.3408 - loss: 0.3727 - val_accuracy: 0.7650 - val_ce: 0.5836 - val_loss: 0.6146 - learning_rate: 1.0000e-04
Epoch 6/20
160/160 - 5s - 32ms/step - accuracy: 0.9076 - ce: 0.2461 - loss: 0.2766 - val_accuracy: 0.7805 - val_ce: 0.6188 - val_loss: 0.6489 - learning_rate: 5.0000e-05
Epoch 7/20

Epoch 7: ReduceLROnPlateau reducing learning rate to 2.499999936844688e-05.
160/160 - 5s - 33ms/step - accuracy: 0.9331 - ce: 0.1888 - loss: 0.2185 - val_accuracy: 0.7849 - val_ce: 0.5806 - val_loss: 0.6098 - learning_rate: 5.0000e-05
Fold 3: accuracy=0.7723  F1(w/m)=0.7695/0.7691  CE=0.4663  epochs=7  

===== Fold 4/5  21:15:18 =====
Class weights (balanced): Human-written=0.988  V3=1.012
Epoch 1/20
160/160 - 16s - 97ms/step - accuracy: 0.6172 - ce: 0.6485 - loss: 0.6922 - val_accuracy: 0.7339 - val_ce: 0.5272 - val_loss: 0.5654 - learning_rate: 1.0000e-04
Epoch 2/20
160/160 - 5s - 33ms/step - accuracy: 0.7546 - ce: 0.5162 - loss: 0.5505 - val_accuracy: 0.7650 - val_ce: 0.4768 - val_loss: 0.5077 - learning_rate: 1.0000e-04
Epoch 3/20
160/160 - 5s - 33ms/step - accuracy: 0.7957 - ce: 0.4529 - loss: 0.4813 - val_accuracy: 0.7517 - val_ce: 0.5092 - val_loss: 0.5352 - learning_rate: 1.0000e-04
Epoch 4/20

Epoch 4: ReduceLROnPlateau reducing learning rate to 4.999999873689376e-05.
160/160 - 5s - 32ms/step - accuracy: 0.8149 - ce: 0.4104 - loss: 0.4345 - val_accuracy: 0.7561 - val_ce: 0.4964 - val_loss: 0.5192 - learning_rate: 1.0000e-04
Epoch 5/20
160/160 - 5s - 32ms/step - accuracy: 0.8571 - ce: 0.3449 - loss: 0.3671 - val_accuracy: 0.7761 - val_ce: 0.5185 - val_loss: 0.5401 - learning_rate: 5.0000e-05
Epoch 6/20

Epoch 6: ReduceLROnPlateau reducing learning rate to 2.499999936844688e-05.
160/160 - 5s - 33ms/step - accuracy: 0.8810 - ce: 0.2831 - loss: 0.3041 - val_accuracy: 0.7672 - val_ce: 0.5673 - val_loss: 0.5880 - learning_rate: 5.0000e-05
Fold 4: accuracy=0.7843  F1(w/m)=0.7818/0.7815  CE=0.4414  epochs=6  

===== Fold 5/5  21:16:05 =====
Class weights (balanced): Human-written=0.988  V3=1.012
Epoch 1/20
160/160 - 15s - 97ms/step - accuracy: 0.6317 - ce: 0.6445 - loss: 0.6894 - val_accuracy: 0.6874 - val_ce: 0.5615 - val_loss: 0.6011 - learning_rate: 1.0000e-04
Epoch 2/20
160/160 - 5s - 33ms/step - accuracy: 0.7409 - ce: 0.5391 - loss: 0.5747 - val_accuracy: 0.7494 - val_ce: 0.5217 - val_loss: 0.5543 - learning_rate: 1.0000e-04
Epoch 3/20
160/160 - 5s - 33ms/step - accuracy: 0.8000 - ce: 0.4386 - loss: 0.4686 - val_accuracy: 0.7738 - val_ce: 0.4704 - val_loss: 0.4980 - learning_rate: 1.0000e-04
Epoch 4/20
160/160 - 5s - 33ms/step - accuracy: 0.8262 - ce: 0.3869 - loss: 0.4126 - val_accuracy: 0.7894 - val_ce: 0.4553 - val_loss: 0.4796 - learning_rate: 1.0000e-04
Epoch 5/20
160/160 - 5s - 33ms/step - accuracy: 0.8489 - ce: 0.3454 - loss: 0.3686 - val_accuracy: 0.8182 - val_ce: 0.4073 - val_loss: 0.4293 - learning_rate: 1.0000e-04
Epoch 6/20
160/160 - 5s - 33ms/step - accuracy: 0.8751 - ce: 0.2984 - loss: 0.3195 - val_accuracy: 0.7960 - val_ce: 0.4415 - val_loss: 0.4619 - learning_rate: 1.0000e-04
Epoch 7/20

Epoch 7: ReduceLROnPlateau reducing learning rate to 4.999999873689376e-05.
160/160 - 5s - 33ms/step - accuracy: 0.9014 - ce: 0.2514 - loss: 0.2711 - val_accuracy: 0.7761 - val_ce: 0.5696 - val_loss: 0.5887 - learning_rate: 1.0000e-04
Epoch 8/20
160/160 - 5s - 33ms/step - accuracy: 0.9468 - ce: 0.1458 - loss: 0.1647 - val_accuracy: 0.8049 - val_ce: 0.5234 - val_loss: 0.5420 - learning_rate: 5.0000e-05
Epoch 9/20

Epoch 9: ReduceLROnPlateau reducing learning rate to 2.499999936844688e-05.
160/160 - 5s - 33ms/step - accuracy: 0.9667 - ce: 0.0927 - loss: 0.1111 - val_accuracy: 0.8027 - val_ce: 0.7041 - val_loss: 0.7221 - learning_rate: 5.0000e-05
Fold 5: accuracy=0.7843  F1(w/m)=0.7838/0.7839  CE=0.4766  epochs=9  

CV mean ± std:
  accuracy               0.7751 ± 0.0088
  balanced_accuracy      0.7743 ± 0.0092
  mcc                    0.5578 ± 0.0184
  cross_entropy          0.4816 ± 0.0322
  roc_auc                0.8721 ± 0.0121
  precision_macro        0.7836 ± 0.0098
  recall_macro           0.7743 ± 0.0092
  f1_macro               0.7730 ± 0.0092
  precision_micro        0.7751 ± 0.0088
  recall_micro           0.7751 ± 0.0088
  f1_micro               0.7751 ± 0.0088
  precision_weighted     0.7832 ± 0.0098
  recall_weighted        0.7751 ± 0.0088
  f1_weighted            0.7732 ± 0.0091

===== Final training  21:17:09 =====
Class weights (balanced): Human-written=0.988  V3=1.012
Epoch 1/20
194/194 - 20s - 102ms/step - accuracy: 0.6593 - ce: 0.6213 - loss: 0.6661 - val_accuracy: 0.6667 - val_ce: 0.6432 - val_loss: 0.6823 - learning_rate: 1.0000e-04
Epoch 2/20
194/194 - 6s - 33ms/step - accuracy: 0.7566 - ce: 0.5088 - loss: 0.5444 - val_accuracy: 0.7722 - val_ce: 0.4596 - val_loss: 0.4918 - learning_rate: 1.0000e-04
Epoch 3/20
194/194 - 6s - 33ms/step - accuracy: 0.7996 - ce: 0.4281 - loss: 0.4580 - val_accuracy: 0.8084 - val_ce: 0.4189 - val_loss: 0.4468 - learning_rate: 1.0000e-04
Epoch 4/20
194/194 - 6s - 33ms/step - accuracy: 0.8255 - ce: 0.3869 - loss: 0.4135 - val_accuracy: 0.7858 - val_ce: 0.4670 - val_loss: 0.4920 - learning_rate: 1.0000e-04
Epoch 5/20

Epoch 5: ReduceLROnPlateau reducing learning rate to 4.999999873689376e-05.
194/194 - 6s - 33ms/step - accuracy: 0.8510 - ce: 0.3412 - loss: 0.3651 - val_accuracy: 0.8009 - val_ce: 0.4311 - val_loss: 0.4541 - learning_rate: 1.0000e-04
Epoch 6/20
194/194 - 6s - 33ms/step - accuracy: 0.9014 - ce: 0.2523 - loss: 0.2749 - val_accuracy: 0.7783 - val_ce: 0.5070 - val_loss: 0.5292 - learning_rate: 5.0000e-05
Epoch 7/20

Epoch 7: ReduceLROnPlateau reducing learning rate to 2.499999936844688e-05.
194/194 - 6s - 33ms/step - accuracy: 0.9341 - ce: 0.1800 - loss: 0.2018 - val_accuracy: 0.7919 - val_ce: 0.5553 - val_loss: 0.5767 - learning_rate: 5.0000e-05
               precision    recall  f1-score   support

Human-written     0.8266    0.7970    0.8116       335
           V3     0.8000    0.8293    0.8144       328

     accuracy                         0.8130       663
    macro avg     0.8133    0.8131    0.8130       663
 weighted avg     0.8135    0.8130    0.8129       663

Class distribution all  : {'Human-written': 2236, 'V3': 2184}  ratio {'Human-written': 0.5059, 'V3': 0.4941}
Class distribution train: {'Human-written': 1566, 'V3': 1528}  ratio {'Human-written': 0.5061, 'V3': 0.4939}
Class distribution val  : {'Human-written': 335, 'V3': 328}  ratio {'Human-written': 0.5053, 'V3': 0.4947}
Class distribution test : {'Human-written': 335, 'V3': 328}  ratio {'Human-written': 0.5053, 'V3': 0.4947}

subdataset12_screenshot_human_vs_v3_snippet_cv  VGG19 (sigmoid, dropout 0.2, lr 0.0001)
CV mean    acc=0.7751  F1 w/m/micro=0.7732/0.7730/0.7751  P_w=0.7832  R_w=0.7751  CE=0.4816  AUC=0.8721  MCC=0.5578
VALIDATION acc=0.8084  F1 w/m/micro=0.8084/0.8084/0.8084  P_w=0.8089  R_w=0.8084  CE=0.4189  AUC=0.8906  MCC=0.6173
TEST       acc=0.8130  F1 w/m/micro=0.8129/0.8130/0.8130  P_w=0.8135  R_w=0.8130  CE=0.4286  AUC=0.8858  MCC=0.6265
TEST 95% CI: accuracy=[0.7813, 0.8416]  f1_weighted=[0.7813, 0.8415]  f1_macro=[0.7813, 0.8412]  mcc=[0.5641, 0.6830]  balanced_accuracy=[0.7818, 0.8412]
Outputs: Experiments/subdataset12/Snippet-Level Split/results/subdataset12_screenshot_human_vs_v3_snippet_cv
2026-10-02 21:18:19 FINISHED
