
====================================================================================================
2026-10-03 09:25:01  subdataset12_screenshot_6class_group_cv  (config hash e3edaf442ec2)
Data    : Data/Subdataset_12
Classes : ['Human-written', 'V1', 'V2', 'V3', 'V4', 'V5']   Split: Group-Based Split
Model   : VGG19  activation=sigmoid  dropout=0.2  lr=0.0001  trained=base from block5_* on  preprocessing=caffe  L2=0.0001
Training: at most 20 epochs, early stopping val_ce patience 4, batch 16, 320x320 (no cropping), mixed precision True
Output  : Experiments/subdataset12/Group-Based Split/results/subdataset12_screenshot_6class_group_cv
Human-written (label 0): 2236 images
V1  (label 1): 2514 images
V2  (label 2): 2428 images
V3  (label 3): 2184 images
V4  (label 4): 2115 images
V5  (label 5): 1986 images
Total 13463 images
Groups: {'n_groups': 2300, 'groups_with_human_and_version': 2201, 'groups_with_all_classes': 1572, 'human_only_groups': 9, 'groups_without_human': 90, 'match_ratio': 0.9569565217391305, 'groups_merged_by_content': 2}
CHECK 4: human/version pairs found with the simple rule 10467, in different groups 0
Files whose folder and version tag in the name do not match (data unchanged): 312
Train     :  9407 (69.9%)  Human-written=1563 V1=1769 V2=1698 V3=1527 V4=1468 V5=1382
Validation:  2007 (14.9%)  Human-written=328 V1=368 V2=370 V3=320 V4=328 V5=293
Test      :  2049 (15.2%)  Human-written=345 V1=377 V2=360 V3=337 V4=319 V5=311
Fold 1: train=9132 (Human-written=1511 V1=1714 V2=1655 V3=1477 V4=1435 V5=1340)  evaluation=2282 (Human-written=380 V1=423 V2=413 V3=370 V4=361 V5=335)
Fold 2: train=9132 (Human-written=1515 V1=1707 V2=1653 V3=1479 V4=1438 V5=1340)  evaluation=2282 (Human-written=376 V1=430 V2=415 V3=368 V4=358 V5=335)
Fold 3: train=9134 (Human-written=1514 V1=1709 V2=1655 V3=1478 V4=1438 V5=1340)  evaluation=2280 (Human-written=377 V1=428 V2=413 V3=369 V4=358 V5=335)
Fold 4: train=9125 (Human-written=1510 V1=1708 V2=1654 V3=1476 V4=1437 V5=1340)  evaluation=2289 (Human-written=381 V1=429 V2=414 V3=371 V4=359 V5=335)
Fold 5: train=9133 (Human-written=1514 V1=1710 V2=1655 V3=1478 V4=1436 V5=1340)  evaluation=2281 (Human-written=377 V1=427 V2=413 V3=369 V4=360 V5=335)
Leakage check PASSED.
TensorFlow 2.21.0 | GPU: [PhysicalDevice(name='/physical_device:GPU:0', device_type='GPU')]
Mixed precision: mixed_float16 (output layer float32)
Images loaded: 13463, 4.1 GB, 30 s

===== Fold 1/5  09:25:37 =====
Class weights (balanced): Human-written=1.014  V1=0.883  V2=0.914  V3=1.027  V4=1.061  V5=1.146
Model: base 22 layers, trained base layers 5 (first: block5_conv1); trained parameters 9,704,966 / 20,290,118
<venv>/lib/python3.13/site-packages/keras/src/trainers/epoch_iterator.py:74: UserWarning: `shuffle=True` was passed, but will be ignored since the data `x` was provided as a tf.data.Dataset. The Dataset is expected to already be shuffled (via `.shuffle(buffer_size)`).
  self.data_adapter = data_adapters.get_data_adapter(
Epoch 1/20
487/487 - 141s - 289ms/step - accuracy: 0.2006 - ce: 1.8253 - loss: 1.8626 - val_accuracy: 0.2543 - val_ce: 1.7173 - val_loss: 1.7464 - learning_rate: 1.0000e-04
Epoch 2/20
487/487 - 34s - 70ms/step - accuracy: 0.2475 - ce: 1.7324 - loss: 1.7558 - val_accuracy: 0.2483 - val_ce: 1.7120 - val_loss: 1.7344 - learning_rate: 1.0000e-04
Epoch 3/20
487/487 - 34s - 70ms/step - accuracy: 0.2683 - ce: 1.6900 - loss: 1.7088 - val_accuracy: 0.2737 - val_ce: 1.6894 - val_loss: 1.7088 - learning_rate: 1.0000e-04
Epoch 4/20
487/487 - 34s - 70ms/step - accuracy: 0.2891 - ce: 1.6492 - loss: 1.6651 - val_accuracy: 0.2737 - val_ce: 1.6837 - val_loss: 1.7013 - learning_rate: 1.0000e-04
Epoch 5/20
487/487 - 34s - 69ms/step - accuracy: 0.2964 - ce: 1.6106 - loss: 1.6242 - val_accuracy: 0.2759 - val_ce: 1.7113 - val_loss: 1.7275 - learning_rate: 1.0000e-04
Epoch 6/20

Epoch 6: ReduceLROnPlateau reducing learning rate to 4.999999873689376e-05.
487/487 - 34s - 70ms/step - accuracy: 0.3214 - ce: 1.5570 - loss: 1.5692 - val_accuracy: 0.2729 - val_ce: 1.6988 - val_loss: 1.7141 - learning_rate: 1.0000e-04
Epoch 7/20
487/487 - 34s - 70ms/step - accuracy: 0.3629 - ce: 1.4515 - loss: 1.4630 - val_accuracy: 0.2722 - val_ce: 1.7902 - val_loss: 1.8050 - learning_rate: 5.0000e-05
Epoch 8/20

Epoch 8: ReduceLROnPlateau reducing learning rate to 2.499999936844688e-05.
487/487 - 34s - 70ms/step - accuracy: 0.3974 - ce: 1.3744 - loss: 1.3847 - val_accuracy: 0.2946 - val_ce: 1.8231 - val_loss: 1.8375 - learning_rate: 5.0000e-05
<venv>/lib/python3.13/site-packages/sklearn/metrics/_classification.py:304: UserWarning: The y_prob values do not sum to one. Make sure to pass probabilities.
  warnings.warn(
<venv>/lib/python3.13/site-packages/sklearn/metrics/_classification.py:304: UserWarning: The y_prob values do not sum to one. Make sure to pass probabilities.
  warnings.warn(
Fold 1: accuracy=0.2734  F1(w/m)=0.2230/0.2255  CE=1.7175  epochs=8  

===== Fold 2/5  09:32:42 =====
Class weights (balanced): Human-written=1.002  V1=0.886  V2=0.921  V3=1.038  V4=1.064  V5=1.131
<venv>/lib/python3.13/site-packages/keras/src/trainers/epoch_iterator.py:74: UserWarning: `shuffle=True` was passed, but will be ignored since the data `x` was provided as a tf.data.Dataset. The Dataset is expected to already be shuffled (via `.shuffle(buffer_size)`).
  self.data_adapter = data_adapters.get_data_adapter(
Epoch 1/20
485/485 - 41s - 84ms/step - accuracy: 0.1950 - ce: 1.8346 - loss: 1.8725 - val_accuracy: 0.2080 - val_ce: 1.7712 - val_loss: 1.7999 - learning_rate: 1.0000e-04
Epoch 2/20
485/485 - 34s - 70ms/step - accuracy: 0.2449 - ce: 1.7455 - loss: 1.7695 - val_accuracy: 0.2175 - val_ce: 1.7587 - val_loss: 1.7804 - learning_rate: 1.0000e-04
Epoch 3/20
485/485 - 34s - 70ms/step - accuracy: 0.2648 - ce: 1.7011 - loss: 1.7202 - val_accuracy: 0.2553 - val_ce: 1.6885 - val_loss: 1.7070 - learning_rate: 1.0000e-04
Epoch 4/20
485/485 - 34s - 70ms/step - accuracy: 0.2885 - ce: 1.6607 - loss: 1.6764 - val_accuracy: 0.2785 - val_ce: 1.7022 - val_loss: 1.7186 - learning_rate: 1.0000e-04
Epoch 5/20

Epoch 5: ReduceLROnPlateau reducing learning rate to 4.999999873689376e-05.
485/485 - 34s - 70ms/step - accuracy: 0.3013 - ce: 1.6063 - loss: 1.6204 - val_accuracy: 0.2851 - val_ce: 1.6955 - val_loss: 1.7105 - learning_rate: 1.0000e-04
Epoch 6/20
485/485 - 34s - 70ms/step - accuracy: 0.3423 - ce: 1.5066 - loss: 1.5190 - val_accuracy: 0.2895 - val_ce: 1.7193 - val_loss: 1.7337 - learning_rate: 5.0000e-05
Epoch 7/20

Epoch 7: ReduceLROnPlateau reducing learning rate to 2.499999936844688e-05.
485/485 - 34s - 70ms/step - accuracy: 0.3804 - ce: 1.4217 - loss: 1.4353 - val_accuracy: 0.2487 - val_ce: 1.8844 - val_loss: 1.8984 - learning_rate: 5.0000e-05
<venv>/lib/python3.13/site-packages/sklearn/metrics/_classification.py:304: UserWarning: The y_prob values do not sum to one. Make sure to pass probabilities.
  warnings.warn(
<venv>/lib/python3.13/site-packages/sklearn/metrics/_classification.py:304: UserWarning: The y_prob values do not sum to one. Make sure to pass probabilities.
  warnings.warn(
Fold 2: accuracy=0.2691  F1(w/m)=0.2106/0.2141  CE=1.6814  epochs=7  

===== Fold 3/5  09:37:00 =====
Class weights (balanced): Human-written=1.003  V1=0.894  V2=0.920  V3=1.034  V4=1.057  V5=1.132
<venv>/lib/python3.13/site-packages/keras/src/trainers/epoch_iterator.py:74: UserWarning: `shuffle=True` was passed, but will be ignored since the data `x` was provided as a tf.data.Dataset. The Dataset is expected to already be shuffled (via `.shuffle(buffer_size)`).
  self.data_adapter = data_adapters.get_data_adapter(
Epoch 1/20
485/485 - 72s - 148ms/step - accuracy: 0.2060 - ce: 1.8162 - loss: 1.8546 - val_accuracy: 0.2208 - val_ce: 1.7596 - val_loss: 1.7896 - learning_rate: 1.0000e-04
Epoch 2/20
485/485 - 34s - 70ms/step - accuracy: 0.2370 - ce: 1.7524 - loss: 1.7776 - val_accuracy: 0.2554 - val_ce: 1.6879 - val_loss: 1.7113 - learning_rate: 1.0000e-04
Epoch 3/20
485/485 - 34s - 70ms/step - accuracy: 0.2598 - ce: 1.7042 - loss: 1.7240 - val_accuracy: 0.2872 - val_ce: 1.6692 - val_loss: 1.6890 - learning_rate: 1.0000e-04
Epoch 4/20
485/485 - 34s - 70ms/step - accuracy: 0.2845 - ce: 1.6632 - loss: 1.6798 - val_accuracy: 0.2691 - val_ce: 1.6700 - val_loss: 1.6875 - learning_rate: 1.0000e-04
Epoch 5/20

Epoch 5: ReduceLROnPlateau reducing learning rate to 4.999999873689376e-05.
485/485 - 34s - 70ms/step - accuracy: 0.2940 - ce: 1.6239 - loss: 1.6385 - val_accuracy: 0.2886 - val_ce: 1.8248 - val_loss: 1.8407 - learning_rate: 1.0000e-04
Epoch 6/20
485/485 - 34s - 70ms/step - accuracy: 0.3349 - ce: 1.5453 - loss: 1.5586 - val_accuracy: 0.2872 - val_ce: 1.7158 - val_loss: 1.7311 - learning_rate: 5.0000e-05
Epoch 7/20

Epoch 7: ReduceLROnPlateau reducing learning rate to 2.499999936844688e-05.
485/485 - 34s - 70ms/step - accuracy: 0.3640 - ce: 1.4812 - loss: 1.4936 - val_accuracy: 0.2785 - val_ce: 1.7321 - val_loss: 1.7469 - learning_rate: 5.0000e-05
<venv>/lib/python3.13/site-packages/sklearn/metrics/_classification.py:304: UserWarning: The y_prob values do not sum to one. Make sure to pass probabilities.
  warnings.warn(
<venv>/lib/python3.13/site-packages/sklearn/metrics/_classification.py:304: UserWarning: The y_prob values do not sum to one. Make sure to pass probabilities.
  warnings.warn(
Fold 3: accuracy=0.2860  F1(w/m)=0.2374/0.2378  CE=1.6438  epochs=7  

===== Fold 4/5  09:42:22 =====
Class weights (balanced): Human-written=1.003  V1=0.896  V2=0.921  V3=1.031  V4=1.057  V5=1.131
<venv>/lib/python3.13/site-packages/keras/src/trainers/epoch_iterator.py:74: UserWarning: `shuffle=True` was passed, but will be ignored since the data `x` was provided as a tf.data.Dataset. The Dataset is expected to already be shuffled (via `.shuffle(buffer_size)`).
  self.data_adapter = data_adapters.get_data_adapter(
Epoch 1/20
484/484 - 71s - 146ms/step - accuracy: 0.2051 - ce: 1.8184 - loss: 1.8568 - val_accuracy: 0.2070 - val_ce: 1.7536 - val_loss: 1.7843 - learning_rate: 1.0000e-04
Epoch 2/20
484/484 - 34s - 70ms/step - accuracy: 0.2409 - ce: 1.7543 - loss: 1.7804 - val_accuracy: 0.2550 - val_ce: 1.6797 - val_loss: 1.7031 - learning_rate: 1.0000e-04
Epoch 3/20
484/484 - 34s - 70ms/step - accuracy: 0.2624 - ce: 1.6976 - loss: 1.7175 - val_accuracy: 0.2665 - val_ce: 1.6713 - val_loss: 1.6907 - learning_rate: 1.0000e-04
Epoch 4/20
484/484 - 34s - 70ms/step - accuracy: 0.2779 - ce: 1.6605 - loss: 1.6769 - val_accuracy: 0.2736 - val_ce: 1.6558 - val_loss: 1.6724 - learning_rate: 1.0000e-04
Epoch 5/20
484/484 - 34s - 70ms/step - accuracy: 0.2943 - ce: 1.6156 - loss: 1.6296 - val_accuracy: 0.2794 - val_ce: 1.6598 - val_loss: 1.6746 - learning_rate: 1.0000e-04
Epoch 6/20

Epoch 6: ReduceLROnPlateau reducing learning rate to 4.999999873689376e-05.
484/484 - 34s - 70ms/step - accuracy: 0.3210 - ce: 1.5465 - loss: 1.5582 - val_accuracy: 0.2808 - val_ce: 1.7915 - val_loss: 1.8049 - learning_rate: 1.0000e-04
Epoch 7/20
484/484 - 34s - 70ms/step - accuracy: 0.3879 - ce: 1.4271 - loss: 1.4376 - val_accuracy: 0.2887 - val_ce: 1.8132 - val_loss: 1.8261 - learning_rate: 5.0000e-05
Epoch 8/20

Epoch 8: ReduceLROnPlateau reducing learning rate to 2.499999936844688e-05.
484/484 - 34s - 70ms/step - accuracy: 0.4340 - ce: 1.3222 - loss: 1.3330 - val_accuracy: 0.2887 - val_ce: 1.8275 - val_loss: 1.8399 - learning_rate: 5.0000e-05
<venv>/lib/python3.13/site-packages/sklearn/metrics/_classification.py:304: UserWarning: The y_prob values do not sum to one. Make sure to pass probabilities.
  warnings.warn(
<venv>/lib/python3.13/site-packages/sklearn/metrics/_classification.py:304: UserWarning: The y_prob values do not sum to one. Make sure to pass probabilities.
  warnings.warn(
Fold 4: accuracy=0.2617  F1(w/m)=0.2350/0.2357  CE=1.6963  epochs=8  

===== Fold 5/5  09:47:45 =====
Class weights (balanced): Human-written=1.002  V1=0.897  V2=0.919  V3=1.028  V4=1.056  V5=1.138
<venv>/lib/python3.13/site-packages/keras/src/trainers/epoch_iterator.py:74: UserWarning: `shuffle=True` was passed, but will be ignored since the data `x` was provided as a tf.data.Dataset. The Dataset is expected to already be shuffled (via `.shuffle(buffer_size)`).
  self.data_adapter = data_adapters.get_data_adapter(
Epoch 1/20
485/485 - 73s - 150ms/step - accuracy: 0.2019 - ce: 1.8349 - loss: 1.8740 - val_accuracy: 0.2582 - val_ce: 1.7276 - val_loss: 1.7586 - learning_rate: 1.0000e-04
Epoch 2/20
485/485 - 34s - 70ms/step - accuracy: 0.2445 - ce: 1.7416 - loss: 1.7678 - val_accuracy: 0.2393 - val_ce: 1.6988 - val_loss: 1.7230 - learning_rate: 1.0000e-04
Epoch 3/20
485/485 - 34s - 70ms/step - accuracy: 0.2676 - ce: 1.6925 - loss: 1.7138 - val_accuracy: 0.2662 - val_ce: 1.6831 - val_loss: 1.7038 - learning_rate: 1.0000e-04
Epoch 4/20
485/485 - 34s - 70ms/step - accuracy: 0.2720 - ce: 1.6612 - loss: 1.6786 - val_accuracy: 0.2705 - val_ce: 1.6710 - val_loss: 1.6895 - learning_rate: 1.0000e-04
Epoch 5/20
485/485 - 34s - 70ms/step - accuracy: 0.2944 - ce: 1.6162 - loss: 1.6320 - val_accuracy: 0.2720 - val_ce: 1.6729 - val_loss: 1.6896 - learning_rate: 1.0000e-04
Epoch 6/20

Epoch 6: ReduceLROnPlateau reducing learning rate to 4.999999873689376e-05.
485/485 - 34s - 70ms/step - accuracy: 0.3233 - ce: 1.5685 - loss: 1.5840 - val_accuracy: 0.2662 - val_ce: 1.7347 - val_loss: 1.7501 - learning_rate: 1.0000e-04
Epoch 7/20
485/485 - 34s - 70ms/step - accuracy: 0.3536 - ce: 1.4659 - loss: 1.4792 - val_accuracy: 0.2960 - val_ce: 1.7513 - val_loss: 1.7662 - learning_rate: 5.0000e-05
Epoch 8/20

Epoch 8: ReduceLROnPlateau reducing learning rate to 2.499999936844688e-05.
485/485 - 34s - 70ms/step - accuracy: 0.3939 - ce: 1.3918 - loss: 1.4058 - val_accuracy: 0.2749 - val_ce: 1.7962 - val_loss: 1.8106 - learning_rate: 5.0000e-05
<venv>/lib/python3.13/site-packages/sklearn/metrics/_classification.py:304: UserWarning: The y_prob values do not sum to one. Make sure to pass probabilities.
  warnings.warn(
<venv>/lib/python3.13/site-packages/sklearn/metrics/_classification.py:304: UserWarning: The y_prob values do not sum to one. Make sure to pass probabilities.
  warnings.warn(
Fold 5: accuracy=0.2810  F1(w/m)=0.2412/0.2429  CE=1.6623  epochs=8  

CV mean ± std:
  accuracy               0.2742 ± 0.0096
  balanced_accuracy      0.2784 ± 0.0067
  mcc                    0.1410 ± 0.0091
  cross_entropy          1.6803 ± 0.0287
  roc_auc                0.6429 ± 0.0060
  precision_macro        0.2703 ± 0.0284
  recall_macro           0.2784 ± 0.0067
  f1_macro               0.2312 ± 0.0115
  precision_micro        0.2742 ± 0.0096
  recall_micro           0.2742 ± 0.0096
  f1_micro               0.2742 ± 0.0096
  precision_weighted     0.2715 ± 0.0315
  recall_weighted        0.2742 ± 0.0096
  f1_weighted            0.2294 ± 0.0125

===== Final training  09:53:43 =====
Class weights (balanced): Human-written=1.003  V1=0.886  V2=0.923  V3=1.027  V4=1.068  V5=1.134
<venv>/lib/python3.13/site-packages/keras/src/trainers/epoch_iterator.py:74: UserWarning: `shuffle=True` was passed, but will be ignored since the data `x` was provided as a tf.data.Dataset. The Dataset is expected to already be shuffled (via `.shuffle(buffer_size)`).
  self.data_adapter = data_adapters.get_data_adapter(
Epoch 1/20
588/588 - 80s - 136ms/step - accuracy: 0.2000 - ce: 1.8144 - loss: 1.8452 - val_accuracy: 0.2631 - val_ce: 1.7014 - val_loss: 1.7214 - learning_rate: 1.0000e-04
Epoch 2/20
588/588 - 42s - 72ms/step - accuracy: 0.2523 - ce: 1.7304 - loss: 1.7458 - val_accuracy: 0.2531 - val_ce: 1.7339 - val_loss: 1.7478 - learning_rate: 1.0000e-04
Epoch 3/20
588/588 - 42s - 72ms/step - accuracy: 0.2704 - ce: 1.6880 - loss: 1.6987 - val_accuracy: 0.2531 - val_ce: 1.6862 - val_loss: 1.6975 - learning_rate: 1.0000e-04
Epoch 4/20
588/588 - 42s - 72ms/step - accuracy: 0.2854 - ce: 1.6531 - loss: 1.6618 - val_accuracy: 0.2740 - val_ce: 1.6817 - val_loss: 1.6914 - learning_rate: 1.0000e-04
Epoch 5/20
588/588 - 42s - 72ms/step - accuracy: 0.2925 - ce: 1.6135 - loss: 1.6217 - val_accuracy: 0.2496 - val_ce: 1.8558 - val_loss: 1.8645 - learning_rate: 1.0000e-04
Epoch 6/20

Epoch 6: ReduceLROnPlateau reducing learning rate to 4.999999873689376e-05.
588/588 - 42s - 72ms/step - accuracy: 0.3270 - ce: 1.5600 - loss: 1.5659 - val_accuracy: 0.2646 - val_ce: 1.7071 - val_loss: 1.7151 - learning_rate: 1.0000e-04
Epoch 7/20
588/588 - 42s - 72ms/step - accuracy: 0.3719 - ce: 1.4490 - loss: 1.4549 - val_accuracy: 0.2725 - val_ce: 1.8112 - val_loss: 1.8189 - learning_rate: 5.0000e-05
Epoch 8/20

Epoch 8: ReduceLROnPlateau reducing learning rate to 2.499999936844688e-05.
588/588 - 42s - 72ms/step - accuracy: 0.4079 - ce: 1.3679 - loss: 1.3743 - val_accuracy: 0.2711 - val_ce: 1.8569 - val_loss: 1.8642 - learning_rate: 5.0000e-05
<venv>/lib/python3.13/site-packages/sklearn/metrics/_classification.py:304: UserWarning: The y_prob values do not sum to one. Make sure to pass probabilities.
  warnings.warn(
<venv>/lib/python3.13/site-packages/sklearn/metrics/_classification.py:304: UserWarning: The y_prob values do not sum to one. Make sure to pass probabilities.
  warnings.warn(
               precision    recall  f1-score   support

Human-written     0.5366    0.5739    0.5546       345
           V1     0.2865    0.1459    0.1933       377
           V2     0.2294    0.1778    0.2003       360
           V3     0.2394    0.6024    0.3426       337
           V4     0.2040    0.2226    0.2129       319
           V5     0.1538    0.0064    0.0123       311

     accuracy                         0.2894      2049
    macro avg     0.2749    0.2882    0.2527      2049
 weighted avg     0.2778    0.2894    0.2555      2049

Class distribution all  : {'Human-written': 2236, 'V1': 2514, 'V2': 2428, 'V3': 2184, 'V4': 2115, 'V5': 1986}  ratio {'Human-written': 0.1661, 'V1': 0.1867, 'V2': 0.1803, 'V3': 0.1622, 'V4': 0.1571, 'V5': 0.1475}
Class distribution train: {'Human-written': 1563, 'V1': 1769, 'V2': 1698, 'V3': 1527, 'V4': 1468, 'V5': 1382}  ratio {'Human-written': 0.1662, 'V1': 0.1881, 'V2': 0.1805, 'V3': 0.1623, 'V4': 0.1561, 'V5': 0.1469}
Class distribution val  : {'Human-written': 328, 'V1': 368, 'V2': 370, 'V3': 320, 'V4': 328, 'V5': 293}  ratio {'Human-written': 0.1634, 'V1': 0.1834, 'V2': 0.1844, 'V3': 0.1594, 'V4': 0.1634, 'V5': 0.146}
Class distribution test : {'Human-written': 345, 'V1': 377, 'V2': 360, 'V3': 337, 'V4': 319, 'V5': 311}  ratio {'Human-written': 0.1684, 'V1': 0.184, 'V2': 0.1757, 'V3': 0.1645, 'V4': 0.1557, 'V5': 0.1518}

subdataset12_screenshot_6class_group_cv  VGG19 (sigmoid, dropout 0.2, lr 0.0001)
CV mean    acc=0.2742  F1 w/m/micro=0.2294/0.2312/0.2742  P_w=0.2715  R_w=0.2742  CE=1.6803  AUC=0.6429  MCC=0.1410
VALIDATION acc=0.2740  F1 w/m/micro=0.2395/0.2395/0.2740  P_w=0.2965  R_w=0.2740  CE=1.6817  AUC=0.6407  MCC=0.1356
TEST       acc=0.2894  F1 w/m/micro=0.2555/0.2527/0.2894  P_w=0.2778  R_w=0.2894  CE=1.6339  AUC=0.6657  MCC=0.1560
TEST 95% CI: accuracy=[0.2714, 0.3075]  f1_weighted=[0.2377, 0.2732]  f1_macro=[0.2374, 0.2682]  mcc=[0.1344, 0.1782]  balanced_accuracy=[0.2707, 0.3050]
Outputs: Experiments/subdataset12/Group-Based Split/results/subdataset12_screenshot_6class_group_cv
2026-10-03 10:00:18 FINISHED
