
====================================================================================================
2026-10-02 20:48:35  subdataset14_screenshot_human_vs_v4_snippet_cv  (config hash b0925a6002f1)
Data    : Data/Subdataset_14
Classes : ['Human-written', 'V4']   Split: Snippet-Level Split
Model   : VGG19  activation=sigmoid  dropout=0.1  lr=0.0001  trained=base from block5_* on  preprocessing=caffe  L2=0.0001
Training: at most 20 epochs, early stopping val_ce patience 4, batch 16, 320x320 (no cropping), mixed precision True
Output  : Experiments/subdataset14/Snippet-Level Split/results/subdataset14_screenshot_human_vs_v4_snippet_cv
Human-written (label 0): 1218 images
V4  (label 1): 1019 images
Total 2237 images
Train     :  1565 (70.0%)  Human-written=852 V4=713
Validation:   336 (15.0%)  Human-written=183 V4=153
Test      :   336 (15.0%)  Human-written=183 V4=153
Fold 1: train=1520 (Human-written=828 V4=692)  evaluation=381 (Human-written=207 V4=174)
Fold 2: train=1521 (Human-written=828 V4=693)  evaluation=380 (Human-written=207 V4=173)
Fold 3: train=1521 (Human-written=828 V4=693)  evaluation=380 (Human-written=207 V4=173)
Fold 4: train=1521 (Human-written=828 V4=693)  evaluation=380 (Human-written=207 V4=173)
Fold 5: train=1521 (Human-written=828 V4=693)  evaluation=380 (Human-written=207 V4=173)
Leakage check PASSED.
TensorFlow 2.20.0 | GPU: [PhysicalDevice(name='/physical_device:GPU:0', device_type='GPU')]
Mixed precision: mixed_float16 (output layer float32)
Images loaded: 2237, 0.7 GB, 2 s

===== Fold 1/5  20:48:39 =====
Class weights (balanced): Human-written=0.918  V4=1.099
Fold 1: accuracy=nan  F1(w/m)=nan/nan  CE=nan  epochs=-  InternalError: {{function_node __wrapped__Cast_device_/job:localhost/replica:0/task:0/device:GPU:0}} 'cuLaunchKernel(function, gridX, gridY, gridZ, blockX, blockY, blockZ, 0, reinterpret_cast<CUstream>(stream), params, nullptr)' failed with 'CUDA_ERROR_INVALID_HANDLE' [Op:Cast] name: 

===== Fold 2/5  20:48:40 =====
Class weights (balanced): Human-written=0.919  V4=1.097
Fold 2: accuracy=nan  F1(w/m)=nan/nan  CE=nan  epochs=-  InternalError: {{function_node __wrapped__Cast_device_/job:localhost/replica:0/task:0/device:GPU:0}} 'cuLaunchKernel(function, gridX, gridY, gridZ, blockX, blockY, blockZ, 0, reinterpret_cast<CUstream>(stream), params, nullptr)' failed with 'CUDA_ERROR_INVALID_HANDLE' [Op:Cast] name: 

===== Fold 3/5  20:48:40 =====
Class weights (balanced): Human-written=0.919  V4=1.097
Fold 3: accuracy=nan  F1(w/m)=nan/nan  CE=nan  epochs=-  InternalError: {{function_node __wrapped__Cast_device_/job:localhost/replica:0/task:0/device:GPU:0}} 'cuLaunchKernel(function, gridX, gridY, gridZ, blockX, blockY, blockZ, 0, reinterpret_cast<CUstream>(stream), params, nullptr)' failed with 'CUDA_ERROR_INVALID_HANDLE' [Op:Cast] name: 

===== Fold 4/5  20:48:41 =====
Class weights (balanced): Human-written=0.919  V4=1.097
Fold 4: accuracy=nan  F1(w/m)=nan/nan  CE=nan  epochs=-  InternalError: {{function_node __wrapped__Cast_device_/job:localhost/replica:0/task:0/device:GPU:0}} 'cuLaunchKernel(function, gridX, gridY, gridZ, blockX, blockY, blockZ, 0, reinterpret_cast<CUstream>(stream), params, nullptr)' failed with 'CUDA_ERROR_INVALID_HANDLE' [Op:Cast] name: 

===== Fold 5/5  20:48:41 =====
Class weights (balanced): Human-written=0.919  V4=1.097
Fold 5: accuracy=nan  F1(w/m)=nan/nan  CE=nan  epochs=-  InternalError: {{function_node __wrapped__Cast_device_/job:localhost/replica:0/task:0/device:GPU:0}} 'cuLaunchKernel(function, gridX, gridY, gridZ, blockX, blockY, blockZ, 0, reinterpret_cast<CUstream>(stream), params, nullptr)' failed with 'CUDA_ERROR_INVALID_HANDLE' [Op:Cast] name: 
Traceback (most recent call last):
  File "Experiments/subdataset14/Snippet-Level Split/subdataset14_screenshot_human_vs_v4_snippet_cv.py", line 653, in <module>
    assert len(cv) == CV_FOLDS, f"not all {CV_FOLDS} folds are complete ({len(cv)}); run the script again (it resumes from the missing fold)."
           ^^^^^^^^^^^^^^^^^^^
AssertionError: not all 5 folds are complete (0); run the script again (it resumes from the missing fold).

====================================================================================================
2026-10-02 20:48:43  subdataset14_screenshot_human_vs_v4_snippet_cv  (config hash b0925a6002f1)
Data    : Data/Subdataset_14
Classes : ['Human-written', 'V4']   Split: Snippet-Level Split
Model   : VGG19  activation=sigmoid  dropout=0.1  lr=0.0001  trained=base from block5_* on  preprocessing=caffe  L2=0.0001
Training: at most 20 epochs, early stopping val_ce patience 4, batch 16, 320x320 (no cropping), mixed precision True
Output  : Experiments/subdataset14/Snippet-Level Split/results/subdataset14_screenshot_human_vs_v4_snippet_cv
Human-written (label 0): 1218 images
V4  (label 1): 1019 images
Total 2237 images
Train     :  1565 (70.0%)  Human-written=852 V4=713
Validation:   336 (15.0%)  Human-written=183 V4=153
Test      :   336 (15.0%)  Human-written=183 V4=153
Fold 1: train=1520 (Human-written=828 V4=692)  evaluation=381 (Human-written=207 V4=174)
Fold 2: train=1521 (Human-written=828 V4=693)  evaluation=380 (Human-written=207 V4=173)
Fold 3: train=1521 (Human-written=828 V4=693)  evaluation=380 (Human-written=207 V4=173)
Fold 4: train=1521 (Human-written=828 V4=693)  evaluation=380 (Human-written=207 V4=173)
Fold 5: train=1521 (Human-written=828 V4=693)  evaluation=380 (Human-written=207 V4=173)
Leakage check PASSED.
TensorFlow 2.20.0 | GPU: [PhysicalDevice(name='/physical_device:GPU:0', device_type='GPU')]
Mixed precision: mixed_float16 (output layer float32)
Images loaded: 2237, 0.7 GB, 2 s
Previously completed folds: [] (will be skipped)

===== Fold 1/5  20:48:47 =====
Class weights (balanced): Human-written=0.918  V4=1.099
Fold 1: accuracy=nan  F1(w/m)=nan/nan  CE=nan  epochs=-  InternalError: {{function_node __wrapped__Cast_device_/job:localhost/replica:0/task:0/device:GPU:0}} 'cuLaunchKernel(function, gridX, gridY, gridZ, blockX, blockY, blockZ, 0, reinterpret_cast<CUstream>(stream), params, nullptr)' failed with 'CUDA_ERROR_INVALID_HANDLE' [Op:Cast] name: 

===== Fold 2/5  20:48:48 =====
Class weights (balanced): Human-written=0.919  V4=1.097
Fold 2: accuracy=nan  F1(w/m)=nan/nan  CE=nan  epochs=-  InternalError: {{function_node __wrapped__Cast_device_/job:localhost/replica:0/task:0/device:GPU:0}} 'cuLaunchKernel(function, gridX, gridY, gridZ, blockX, blockY, blockZ, 0, reinterpret_cast<CUstream>(stream), params, nullptr)' failed with 'CUDA_ERROR_INVALID_HANDLE' [Op:Cast] name: 

===== Fold 3/5  20:48:49 =====
Class weights (balanced): Human-written=0.919  V4=1.097
Fold 3: accuracy=nan  F1(w/m)=nan/nan  CE=nan  epochs=-  InternalError: {{function_node __wrapped__Cast_device_/job:localhost/replica:0/task:0/device:GPU:0}} 'cuLaunchKernel(function, gridX, gridY, gridZ, blockX, blockY, blockZ, 0, reinterpret_cast<CUstream>(stream), params, nullptr)' failed with 'CUDA_ERROR_INVALID_HANDLE' [Op:Cast] name: 

===== Fold 4/5  20:48:49 =====
Class weights (balanced): Human-written=0.919  V4=1.097
Fold 4: accuracy=nan  F1(w/m)=nan/nan  CE=nan  epochs=-  InternalError: {{function_node __wrapped__Cast_device_/job:localhost/replica:0/task:0/device:GPU:0}} 'cuLaunchKernel(function, gridX, gridY, gridZ, blockX, blockY, blockZ, 0, reinterpret_cast<CUstream>(stream), params, nullptr)' failed with 'CUDA_ERROR_INVALID_HANDLE' [Op:Cast] name: 

===== Fold 5/5  20:48:50 =====
Class weights (balanced): Human-written=0.919  V4=1.097
Fold 5: accuracy=nan  F1(w/m)=nan/nan  CE=nan  epochs=-  InternalError: {{function_node __wrapped__Cast_device_/job:localhost/replica:0/task:0/device:GPU:0}} 'cuLaunchKernel(function, gridX, gridY, gridZ, blockX, blockY, blockZ, 0, reinterpret_cast<CUstream>(stream), params, nullptr)' failed with 'CUDA_ERROR_INVALID_HANDLE' [Op:Cast] name: 
Traceback (most recent call last):
  File "Experiments/subdataset14/Snippet-Level Split/subdataset14_screenshot_human_vs_v4_snippet_cv.py", line 653, in <module>
    assert len(cv) == CV_FOLDS, f"not all {CV_FOLDS} folds are complete ({len(cv)}); run the script again (it resumes from the missing fold)."
           ^^^^^^^^^^^^^^^^^^^
AssertionError: not all 5 folds are complete (0); run the script again (it resumes from the missing fold).

====================================================================================================
2026-10-02 20:48:52  subdataset14_screenshot_human_vs_v4_snippet_cv  (config hash b0925a6002f1)
Data    : Data/Subdataset_14
Classes : ['Human-written', 'V4']   Split: Snippet-Level Split
Model   : VGG19  activation=sigmoid  dropout=0.1  lr=0.0001  trained=base from block5_* on  preprocessing=caffe  L2=0.0001
Training: at most 20 epochs, early stopping val_ce patience 4, batch 16, 320x320 (no cropping), mixed precision True
Output  : Experiments/subdataset14/Snippet-Level Split/results/subdataset14_screenshot_human_vs_v4_snippet_cv
Human-written (label 0): 1218 images
V4  (label 1): 1019 images
Total 2237 images
Train     :  1565 (70.0%)  Human-written=852 V4=713
Validation:   336 (15.0%)  Human-written=183 V4=153
Test      :   336 (15.0%)  Human-written=183 V4=153
Fold 1: train=1520 (Human-written=828 V4=692)  evaluation=381 (Human-written=207 V4=174)
Fold 2: train=1521 (Human-written=828 V4=693)  evaluation=380 (Human-written=207 V4=173)
Fold 3: train=1521 (Human-written=828 V4=693)  evaluation=380 (Human-written=207 V4=173)
Fold 4: train=1521 (Human-written=828 V4=693)  evaluation=380 (Human-written=207 V4=173)
Fold 5: train=1521 (Human-written=828 V4=693)  evaluation=380 (Human-written=207 V4=173)
Leakage check PASSED.
TensorFlow 2.20.0 | GPU: [PhysicalDevice(name='/physical_device:GPU:0', device_type='GPU')]
Mixed precision: mixed_float16 (output layer float32)
Images loaded: 2237, 0.7 GB, 2 s
Previously completed folds: [] (will be skipped)

===== Fold 1/5  20:48:56 =====
Class weights (balanced): Human-written=0.918  V4=1.099
Fold 1: accuracy=nan  F1(w/m)=nan/nan  CE=nan  epochs=-  InternalError: {{function_node __wrapped__Cast_device_/job:localhost/replica:0/task:0/device:GPU:0}} 'cuLaunchKernel(function, gridX, gridY, gridZ, blockX, blockY, blockZ, 0, reinterpret_cast<CUstream>(stream), params, nullptr)' failed with 'CUDA_ERROR_INVALID_HANDLE' [Op:Cast] name: 

===== Fold 2/5  20:48:56 =====
Class weights (balanced): Human-written=0.919  V4=1.097
Fold 2: accuracy=nan  F1(w/m)=nan/nan  CE=nan  epochs=-  InternalError: {{function_node __wrapped__Cast_device_/job:localhost/replica:0/task:0/device:GPU:0}} 'cuLaunchKernel(function, gridX, gridY, gridZ, blockX, blockY, blockZ, 0, reinterpret_cast<CUstream>(stream), params, nullptr)' failed with 'CUDA_ERROR_INVALID_HANDLE' [Op:Cast] name: 

===== Fold 3/5  20:48:57 =====
Class weights (balanced): Human-written=0.919  V4=1.097
Fold 3: accuracy=nan  F1(w/m)=nan/nan  CE=nan  epochs=-  InternalError: {{function_node __wrapped__Cast_device_/job:localhost/replica:0/task:0/device:GPU:0}} 'cuLaunchKernel(function, gridX, gridY, gridZ, blockX, blockY, blockZ, 0, reinterpret_cast<CUstream>(stream), params, nullptr)' failed with 'CUDA_ERROR_INVALID_HANDLE' [Op:Cast] name: 

===== Fold 4/5  20:48:58 =====
Class weights (balanced): Human-written=0.919  V4=1.097
Fold 4: accuracy=nan  F1(w/m)=nan/nan  CE=nan  epochs=-  InternalError: {{function_node __wrapped__Cast_device_/job:localhost/replica:0/task:0/device:GPU:0}} 'cuLaunchKernel(function, gridX, gridY, gridZ, blockX, blockY, blockZ, 0, reinterpret_cast<CUstream>(stream), params, nullptr)' failed with 'CUDA_ERROR_INVALID_HANDLE' [Op:Cast] name: 

===== Fold 5/5  20:48:58 =====
Class weights (balanced): Human-written=0.919  V4=1.097
Fold 5: accuracy=nan  F1(w/m)=nan/nan  CE=nan  epochs=-  InternalError: {{function_node __wrapped__Cast_device_/job:localhost/replica:0/task:0/device:GPU:0}} 'cuLaunchKernel(function, gridX, gridY, gridZ, blockX, blockY, blockZ, 0, reinterpret_cast<CUstream>(stream), params, nullptr)' failed with 'CUDA_ERROR_INVALID_HANDLE' [Op:Cast] name: 
Traceback (most recent call last):
  File "Experiments/subdataset14/Snippet-Level Split/subdataset14_screenshot_human_vs_v4_snippet_cv.py", line 653, in <module>
    assert len(cv) == CV_FOLDS, f"not all {CV_FOLDS} folds are complete ({len(cv)}); run the script again (it resumes from the missing fold)."
           ^^^^^^^^^^^^^^^^^^^
AssertionError: not all 5 folds are complete (0); run the script again (it resumes from the missing fold).

====================================================================================================
2026-10-02 22:42:11  subdataset14_screenshot_human_vs_v4_snippet_cv  (config hash b0925a6002f1)
Data    : Data/Subdataset_14
Classes : ['Human-written', 'V4']   Split: Snippet-Level Split
Model   : VGG19  activation=sigmoid  dropout=0.1  lr=0.0001  trained=base from block5_* on  preprocessing=caffe  L2=0.0001
Training: at most 20 epochs, early stopping val_ce patience 4, batch 16, 320x320 (no cropping), mixed precision True
Output  : Experiments/subdataset14/Snippet-Level Split/results/subdataset14_screenshot_human_vs_v4_snippet_cv
Human-written (label 0): 1218 images
V4  (label 1): 1019 images
Total 2237 images
Train     :  1565 (70.0%)  Human-written=852 V4=713
Validation:   336 (15.0%)  Human-written=183 V4=153
Test      :   336 (15.0%)  Human-written=183 V4=153
Fold 1: train=1520 (Human-written=828 V4=692)  evaluation=381 (Human-written=207 V4=174)
Fold 2: train=1521 (Human-written=828 V4=693)  evaluation=380 (Human-written=207 V4=173)
Fold 3: train=1521 (Human-written=828 V4=693)  evaluation=380 (Human-written=207 V4=173)
Fold 4: train=1521 (Human-written=828 V4=693)  evaluation=380 (Human-written=207 V4=173)
Fold 5: train=1521 (Human-written=828 V4=693)  evaluation=380 (Human-written=207 V4=173)
Leakage check PASSED.
TensorFlow 2.20.0 | GPU: [PhysicalDevice(name='/physical_device:GPU:0', device_type='GPU')]
Mixed precision: mixed_float16 (output layer float32)
Images loaded: 2237, 0.7 GB, 11 s
Previously completed folds: [] (will be skipped)

===== Fold 1/5  22:42:29 =====
Class weights (balanced): Human-written=0.918  V4=1.099
Model: base 22 layers, trained base layers 5 (first: block5_conv1); trained parameters 9,702,401 / 20,287,553
Epoch 1/20
81/81 - 20s - 250ms/step - accuracy: 0.6803 - ce: 0.5868 - loss: 0.6354 - val_accuracy: 0.6667 - val_ce: 0.5866 - val_loss: 0.6307 - learning_rate: 1.0000e-04
Epoch 2/20
81/81 - 3s - 37ms/step - accuracy: 0.7825 - ce: 0.5018 - loss: 0.5463 - val_accuracy: 0.7500 - val_ce: 0.5194 - val_loss: 0.5591 - learning_rate: 1.0000e-04
Epoch 3/20
81/81 - 3s - 36ms/step - accuracy: 0.8259 - ce: 0.4123 - loss: 0.4478 - val_accuracy: 0.7281 - val_ce: 0.6232 - val_loss: 0.6595 - learning_rate: 1.0000e-04
Epoch 4/20

Epoch 4: ReduceLROnPlateau reducing learning rate to 4.999999873689376e-05.
81/81 - 3s - 36ms/step - accuracy: 0.8351 - ce: 0.3907 - loss: 0.4226 - val_accuracy: 0.7325 - val_ce: 0.5608 - val_loss: 0.5946 - learning_rate: 1.0000e-04
Epoch 5/20
81/81 - 3s - 36ms/step - accuracy: 0.8947 - ce: 0.2735 - loss: 0.3098 - val_accuracy: 0.8553 - val_ce: 0.3521 - val_loss: 0.3846 - learning_rate: 5.0000e-05
Epoch 6/20
81/81 - 3s - 37ms/step - accuracy: 0.9133 - ce: 0.2084 - loss: 0.2425 - val_accuracy: 0.8421 - val_ce: 0.4260 - val_loss: 0.4574 - learning_rate: 5.0000e-05
Epoch 7/20

Epoch 7: ReduceLROnPlateau reducing learning rate to 2.499999936844688e-05.
81/81 - 3s - 36ms/step - accuracy: 0.9272 - ce: 0.1738 - loss: 0.2055 - val_accuracy: 0.8640 - val_ce: 0.4754 - val_loss: 0.5058 - learning_rate: 5.0000e-05
Epoch 8/20
81/81 - 3s - 36ms/step - accuracy: 0.9512 - ce: 0.1204 - loss: 0.1507 - val_accuracy: 0.8596 - val_ce: 0.4434 - val_loss: 0.4734 - learning_rate: 2.5000e-05
Epoch 9/20

Epoch 9: ReduceLROnPlateau reducing learning rate to 1.249999968422344e-05.
81/81 - 3s - 36ms/step - accuracy: 0.9721 - ce: 0.0782 - loss: 0.1071 - val_accuracy: 0.8640 - val_ce: 0.4356 - val_loss: 0.4652 - learning_rate: 2.5000e-05
Fold 1: accuracy=0.8845  F1(w/m)=0.8846/0.8838  CE=0.2420  epochs=9  

===== Fold 2/5  22:43:22 =====
Class weights (balanced): Human-written=0.919  V4=1.097
Epoch 1/20
81/81 - 15s - 183ms/step - accuracy: 0.6680 - ce: 0.6267 - loss: 0.6779 - val_accuracy: 0.7424 - val_ce: 0.5218 - val_loss: 0.5662 - learning_rate: 1.0000e-04
Epoch 2/20
81/81 - 3s - 37ms/step - accuracy: 0.7539 - ce: 0.5368 - loss: 0.5802 - val_accuracy: 0.7991 - val_ce: 0.4181 - val_loss: 0.4568 - learning_rate: 1.0000e-04
Epoch 3/20
81/81 - 3s - 37ms/step - accuracy: 0.8289 - ce: 0.3942 - loss: 0.4320 - val_accuracy: 0.8384 - val_ce: 0.4018 - val_loss: 0.4365 - learning_rate: 1.0000e-04
Epoch 4/20
81/81 - 3s - 37ms/step - accuracy: 0.8467 - ce: 0.3653 - loss: 0.3967 - val_accuracy: 0.7424 - val_ce: 0.5848 - val_loss: 0.6165 - learning_rate: 1.0000e-04
Epoch 5/20

Epoch 5: ReduceLROnPlateau reducing learning rate to 4.999999873689376e-05.
81/81 - 3s - 37ms/step - accuracy: 0.8731 - ce: 0.3422 - loss: 0.3738 - val_accuracy: 0.7686 - val_ce: 0.4654 - val_loss: 0.4946 - learning_rate: 1.0000e-04
Epoch 6/20
81/81 - 3s - 37ms/step - accuracy: 0.9203 - ce: 0.2046 - loss: 0.2340 - val_accuracy: 0.8690 - val_ce: 0.3479 - val_loss: 0.3760 - learning_rate: 5.0000e-05
Epoch 7/20
81/81 - 3s - 37ms/step - accuracy: 0.9458 - ce: 0.1767 - loss: 0.2062 - val_accuracy: 0.8690 - val_ce: 0.3448 - val_loss: 0.3718 - learning_rate: 5.0000e-05
Epoch 8/20
81/81 - 3s - 36ms/step - accuracy: 0.9427 - ce: 0.1549 - loss: 0.1808 - val_accuracy: 0.8646 - val_ce: 0.3493 - val_loss: 0.3755 - learning_rate: 5.0000e-05
Epoch 9/20

Epoch 9: ReduceLROnPlateau reducing learning rate to 2.499999936844688e-05.
81/81 - 3s - 37ms/step - accuracy: 0.9520 - ce: 0.1225 - loss: 0.1488 - val_accuracy: 0.8865 - val_ce: 0.4230 - val_loss: 0.4485 - learning_rate: 5.0000e-05
Epoch 10/20
81/81 - 3s - 36ms/step - accuracy: 0.9760 - ce: 0.0564 - loss: 0.0806 - val_accuracy: 0.8865 - val_ce: 0.4730 - val_loss: 0.4981 - learning_rate: 2.5000e-05
Epoch 11/20

Epoch 11: ReduceLROnPlateau reducing learning rate to 1.249999968422344e-05.
81/81 - 3s - 36ms/step - accuracy: 0.9845 - ce: 0.0441 - loss: 0.0688 - val_accuracy: 0.8122 - val_ce: 0.6365 - val_loss: 0.6612 - learning_rate: 2.5000e-05
Fold 2: accuracy=0.8868  F1(w/m)=0.8862/0.8848  CE=0.3474  epochs=11  

===== Fold 3/5  22:44:11 =====
Class weights (balanced): Human-written=0.919  V4=1.097
Epoch 1/20
81/81 - 14s - 171ms/step - accuracy: 0.6920 - ce: 0.5961 - loss: 0.6498 - val_accuracy: 0.7031 - val_ce: 0.5492 - val_loss: 0.5918 - learning_rate: 1.0000e-04
Epoch 2/20
81/81 - 3s - 37ms/step - accuracy: 0.7616 - ce: 0.5147 - loss: 0.5525 - val_accuracy: 0.7948 - val_ce: 0.4139 - val_loss: 0.4491 - learning_rate: 1.0000e-04
Epoch 3/20
81/81 - 3s - 36ms/step - accuracy: 0.7949 - ce: 0.4701 - loss: 0.5049 - val_accuracy: 0.7729 - val_ce: 0.4293 - val_loss: 0.4589 - learning_rate: 1.0000e-04
Epoch 4/20
81/81 - 3s - 37ms/step - accuracy: 0.8173 - ce: 0.4195 - loss: 0.4477 - val_accuracy: 0.8603 - val_ce: 0.3308 - val_loss: 0.3559 - learning_rate: 1.0000e-04
Epoch 5/20
81/81 - 3s - 37ms/step - accuracy: 0.8313 - ce: 0.3806 - loss: 0.4051 - val_accuracy: 0.8472 - val_ce: 0.3427 - val_loss: 0.3644 - learning_rate: 1.0000e-04
Epoch 6/20
81/81 - 3s - 37ms/step - accuracy: 0.8862 - ce: 0.2878 - loss: 0.3084 - val_accuracy: 0.8559 - val_ce: 0.3250 - val_loss: 0.3442 - learning_rate: 1.0000e-04
Epoch 7/20
81/81 - 3s - 37ms/step - accuracy: 0.9048 - ce: 0.2477 - loss: 0.2680 - val_accuracy: 0.8908 - val_ce: 0.2707 - val_loss: 0.2881 - learning_rate: 1.0000e-04
Epoch 8/20
81/81 - 3s - 36ms/step - accuracy: 0.9234 - ce: 0.1919 - loss: 0.2092 - val_accuracy: 0.8821 - val_ce: 0.2855 - val_loss: 0.3015 - learning_rate: 1.0000e-04
Epoch 9/20

Epoch 9: ReduceLROnPlateau reducing learning rate to 4.999999873689376e-05.
81/81 - 3s - 36ms/step - accuracy: 0.9404 - ce: 0.1569 - loss: 0.1702 - val_accuracy: 0.8210 - val_ce: 0.4261 - val_loss: 0.4410 - learning_rate: 1.0000e-04
Epoch 10/20
81/81 - 3s - 37ms/step - accuracy: 0.9667 - ce: 0.0996 - loss: 0.1136 - val_accuracy: 0.8210 - val_ce: 0.4641 - val_loss: 0.4786 - learning_rate: 5.0000e-05
Epoch 11/20

Epoch 11: ReduceLROnPlateau reducing learning rate to 2.499999936844688e-05.
81/81 - 3s - 36ms/step - accuracy: 0.9729 - ce: 0.0714 - loss: 0.0852 - val_accuracy: 0.8952 - val_ce: 0.3443 - val_loss: 0.3583 - learning_rate: 5.0000e-05
Fold 3: accuracy=0.8632  F1(w/m)=0.8634/0.8627  CE=0.3563  epochs=11  

===== Fold 4/5  22:45:00 =====
Class weights (balanced): Human-written=0.919  V4=1.097
Epoch 1/20
81/81 - 14s - 171ms/step - accuracy: 0.6672 - ce: 0.6106 - loss: 0.6600 - val_accuracy: 0.7249 - val_ce: 0.5538 - val_loss: 0.5976 - learning_rate: 1.0000e-04
Epoch 2/20
81/81 - 3s - 37ms/step - accuracy: 0.7655 - ce: 0.4976 - loss: 0.5450 - val_accuracy: 0.7860 - val_ce: 0.4908 - val_loss: 0.5279 - learning_rate: 1.0000e-04
Epoch 3/20
81/81 - 3s - 37ms/step - accuracy: 0.7988 - ce: 0.4354 - loss: 0.4687 - val_accuracy: 0.8253 - val_ce: 0.3801 - val_loss: 0.4106 - learning_rate: 1.0000e-04
Epoch 4/20
81/81 - 3s - 36ms/step - accuracy: 0.8320 - ce: 0.3846 - loss: 0.4146 - val_accuracy: 0.7991 - val_ce: 0.4341 - val_loss: 0.4597 - learning_rate: 1.0000e-04
Epoch 5/20

Epoch 5: ReduceLROnPlateau reducing learning rate to 4.999999873689376e-05.
81/81 - 3s - 36ms/step - accuracy: 0.8351 - ce: 0.3943 - loss: 0.4241 - val_accuracy: 0.7860 - val_ce: 0.4616 - val_loss: 0.4837 - learning_rate: 1.0000e-04
Epoch 6/20
81/81 - 3s - 37ms/step - accuracy: 0.8854 - ce: 0.2834 - loss: 0.3060 - val_accuracy: 0.8559 - val_ce: 0.3663 - val_loss: 0.3868 - learning_rate: 5.0000e-05
Epoch 7/20
81/81 - 3s - 38ms/step - accuracy: 0.9125 - ce: 0.2337 - loss: 0.2539 - val_accuracy: 0.8646 - val_ce: 0.3432 - val_loss: 0.3623 - learning_rate: 5.0000e-05
Epoch 8/20
81/81 - 3s - 36ms/step - accuracy: 0.9241 - ce: 0.1949 - loss: 0.2151 - val_accuracy: 0.8603 - val_ce: 0.3474 - val_loss: 0.3652 - learning_rate: 5.0000e-05
Epoch 9/20

Epoch 9: ReduceLROnPlateau reducing learning rate to 2.499999936844688e-05.
81/81 - 3s - 36ms/step - accuracy: 0.9474 - ce: 0.1397 - loss: 0.1565 - val_accuracy: 0.7860 - val_ce: 0.5262 - val_loss: 0.5430 - learning_rate: 5.0000e-05
Epoch 10/20
81/81 - 3s - 37ms/step - accuracy: 0.9683 - ce: 0.0802 - loss: 0.0967 - val_accuracy: 0.8646 - val_ce: 0.4390 - val_loss: 0.4554 - learning_rate: 2.5000e-05
Epoch 11/20

Epoch 11: ReduceLROnPlateau reducing learning rate to 1.249999968422344e-05.
81/81 - 3s - 37ms/step - accuracy: 0.9799 - ce: 0.0602 - loss: 0.0759 - val_accuracy: 0.8777 - val_ce: 0.4375 - val_loss: 0.4535 - learning_rate: 2.5000e-05
Fold 4: accuracy=0.8289  F1(w/m)=0.8293/0.8287  CE=0.3983  epochs=11  

===== Fold 5/5  22:45:49 =====
Class weights (balanced): Human-written=0.919  V4=1.097
Epoch 1/20
81/81 - 14s - 169ms/step - accuracy: 0.6741 - ce: 0.6077 - loss: 0.6544 - val_accuracy: 0.7642 - val_ce: 0.5195 - val_loss: 0.5622 - learning_rate: 1.0000e-04
Epoch 2/20
81/81 - 3s - 37ms/step - accuracy: 0.7577 - ce: 0.5278 - loss: 0.5649 - val_accuracy: 0.8079 - val_ce: 0.4367 - val_loss: 0.4719 - learning_rate: 1.0000e-04
Epoch 3/20
81/81 - 3s - 37ms/step - accuracy: 0.7957 - ce: 0.4578 - loss: 0.4946 - val_accuracy: 0.7948 - val_ce: 0.4551 - val_loss: 0.4846 - learning_rate: 1.0000e-04
Epoch 4/20
81/81 - 3s - 37ms/step - accuracy: 0.8189 - ce: 0.3945 - loss: 0.4247 - val_accuracy: 0.8428 - val_ce: 0.3617 - val_loss: 0.3874 - learning_rate: 1.0000e-04
Epoch 5/20
81/81 - 3s - 37ms/step - accuracy: 0.8793 - ce: 0.3111 - loss: 0.3356 - val_accuracy: 0.8734 - val_ce: 0.3328 - val_loss: 0.3553 - learning_rate: 1.0000e-04
Epoch 6/20
81/81 - 3s - 36ms/step - accuracy: 0.8816 - ce: 0.2854 - loss: 0.3085 - val_accuracy: 0.8210 - val_ce: 0.3889 - val_loss: 0.4090 - learning_rate: 1.0000e-04
Epoch 7/20

Epoch 7: ReduceLROnPlateau reducing learning rate to 4.999999873689376e-05.
81/81 - 3s - 36ms/step - accuracy: 0.9071 - ce: 0.2360 - loss: 0.2588 - val_accuracy: 0.8515 - val_ce: 0.4296 - val_loss: 0.4482 - learning_rate: 1.0000e-04
Epoch 8/20
81/81 - 3s - 36ms/step - accuracy: 0.9443 - ce: 0.1441 - loss: 0.1616 - val_accuracy: 0.8777 - val_ce: 0.4224 - val_loss: 0.4403 - learning_rate: 5.0000e-05
Epoch 9/20

Epoch 9: ReduceLROnPlateau reducing learning rate to 2.499999936844688e-05.
81/81 - 3s - 36ms/step - accuracy: 0.9551 - ce: 0.1149 - loss: 0.1305 - val_accuracy: 0.8690 - val_ce: 0.3936 - val_loss: 0.4110 - learning_rate: 5.0000e-05
Fold 5: accuracy=0.8132  F1(w/m)=0.8080/0.8043  CE=0.4806  epochs=9  

CV mean ± std:
  accuracy               0.8553 ± 0.0331
  balanced_accuracy      0.8528 ± 0.0359
  mcc                    0.7131 ± 0.0622
  cross_entropy          0.3649 ± 0.0866
  roc_auc                0.9349 ± 0.0225
  precision_macro        0.8605 ± 0.0275
  recall_macro           0.8528 ± 0.0359
  f1_macro               0.8529 ± 0.0354
  precision_micro        0.8553 ± 0.0331
  recall_micro           0.8553 ± 0.0331
  f1_micro               0.8553 ± 0.0331
  precision_weighted     0.8607 ± 0.0277
  recall_weighted        0.8553 ± 0.0331
  f1_weighted            0.8543 ± 0.0346

===== Final training  22:46:31 =====
Class weights (balanced): Human-written=0.918  V4=1.097
Epoch 1/20
98/98 - 14s - 145ms/step - accuracy: 0.7073 - ce: 0.5690 - loss: 0.6173 - val_accuracy: 0.7589 - val_ce: 0.5321 - val_loss: 0.5727 - learning_rate: 1.0000e-04
Epoch 2/20
98/98 - 4s - 37ms/step - accuracy: 0.7796 - ce: 0.4774 - loss: 0.5133 - val_accuracy: 0.7768 - val_ce: 0.4569 - val_loss: 0.4906 - learning_rate: 1.0000e-04
Epoch 3/20
98/98 - 4s - 37ms/step - accuracy: 0.8435 - ce: 0.3595 - loss: 0.3944 - val_accuracy: 0.8155 - val_ce: 0.4463 - val_loss: 0.4751 - learning_rate: 1.0000e-04
Epoch 4/20
98/98 - 4s - 36ms/step - accuracy: 0.8799 - ce: 0.2988 - loss: 0.3265 - val_accuracy: 0.8006 - val_ce: 0.4581 - val_loss: 0.4837 - learning_rate: 1.0000e-04
Epoch 5/20
98/98 - 4s - 36ms/step - accuracy: 0.8837 - ce: 0.2806 - loss: 0.3056 - val_accuracy: 0.8155 - val_ce: 0.3969 - val_loss: 0.4203 - learning_rate: 1.0000e-04
Epoch 6/20
98/98 - 4s - 36ms/step - accuracy: 0.8914 - ce: 0.2611 - loss: 0.2822 - val_accuracy: 0.8304 - val_ce: 0.4356 - val_loss: 0.4575 - learning_rate: 1.0000e-04
Epoch 7/20

Epoch 7: ReduceLROnPlateau reducing learning rate to 4.999999873689376e-05.
98/98 - 4s - 36ms/step - accuracy: 0.9240 - ce: 0.1885 - loss: 0.2105 - val_accuracy: 0.8423 - val_ce: 0.4008 - val_loss: 0.4214 - learning_rate: 1.0000e-04
Epoch 8/20
98/98 - 4s - 36ms/step - accuracy: 0.9585 - ce: 0.1171 - loss: 0.1379 - val_accuracy: 0.8304 - val_ce: 0.4912 - val_loss: 0.5113 - learning_rate: 5.0000e-05
Epoch 9/20

Epoch 9: ReduceLROnPlateau reducing learning rate to 2.499999936844688e-05.
98/98 - 4s - 37ms/step - accuracy: 0.9514 - ce: 0.1150 - loss: 0.1331 - val_accuracy: 0.8333 - val_ce: 0.4847 - val_loss: 0.5044 - learning_rate: 5.0000e-05
               precision    recall  f1-score   support

Human-written     0.8743    0.8361    0.8547       183
           V4     0.8137    0.8562    0.8344       153

     accuracy                         0.8452       336
    macro avg     0.8440    0.8461    0.8446       336
 weighted avg     0.8467    0.8452    0.8455       336

Class distribution all  : {'Human-written': 1218, 'V4': 1019}  ratio {'Human-written': 0.5445, 'V4': 0.4555}
Class distribution train: {'Human-written': 852, 'V4': 713}  ratio {'Human-written': 0.5444, 'V4': 0.4556}
Class distribution val  : {'Human-written': 183, 'V4': 153}  ratio {'Human-written': 0.5446, 'V4': 0.4554}
Class distribution test : {'Human-written': 183, 'V4': 153}  ratio {'Human-written': 0.5446, 'V4': 0.4554}

subdataset14_screenshot_human_vs_v4_snippet_cv  VGG19 (sigmoid, dropout 0.1, lr 0.0001)
CV mean    acc=0.8553  F1 w/m/micro=0.8543/0.8529/0.8553  P_w=0.8607  R_w=0.8553  CE=0.3649  AUC=0.9349  MCC=0.7131
VALIDATION acc=0.8155  F1 w/m/micro=0.8155/0.8140/0.8155  P_w=0.8155  R_w=0.8155  CE=0.3969  AUC=0.9035  MCC=0.6280
TEST       acc=0.8452  F1 w/m/micro=0.8455/0.8446/0.8452  P_w=0.8467  R_w=0.8452  CE=0.3708  AUC=0.9194  MCC=0.6901
TEST 95% CI: accuracy=[0.8095, 0.8839]  f1_weighted=[0.8099, 0.8840]  f1_macro=[0.8082, 0.8837]  mcc=[0.6182, 0.7692]  balanced_accuracy=[0.8105, 0.8853]
Outputs: Experiments/subdataset14/Snippet-Level Split/results/subdataset14_screenshot_human_vs_v4_snippet_cv
2026-10-02 22:47:25 FINISHED
