
====================================================================================================
2026-10-03 07:31:44  subdataset2_graph_human_vs_v2_group_cv  (config hash 2a7e3bd97271)
Data    : Data/Subdataset_2
Classes : ['Human-written', 'V2']   Split: Group-Based Split
Model   : VGG19  activation=relu  dropout=0.1  lr=0.0001  trained=base from block5_* on  preprocessing=caffe  L2=0.0001
Training: at most 20 epochs, early stopping val_ce patience 4, batch 16, 320x320 (no cropping), mixed precision True
Output  : Experiments/subdataset2/Group-Based Split/results/subdataset2_graph_human_vs_v2_group_cv
Human-written (label 0): 772 images
V2  (label 1): 674 images
Total 1446 images
Groups: {'n_groups': 942, 'groups_with_human_and_version': 471, 'groups_with_all_classes': 471, 'human_only_groups': 282, 'groups_without_human': 189, 'match_ratio': 0.5, 'groups_merged_by_content': 1}
CHECK 4: human/version pairs found with the simple rule 484, in different groups 0
Files whose folder and version tag in the name do not match (data unchanged): 0
Train     :  1020 (70.5%)  Human-written=544 V2=476
Validation:   215 (14.9%)  Human-written=114 V2=101
Test      :   211 (14.6%)  Human-written=114 V2=97
Fold 1: train=983 (Human-written=526 V2=457)  evaluation=252 (Human-written=132 V2=120)
Fold 2: train=978 (Human-written=521 V2=457)  evaluation=257 (Human-written=137 V2=120)
Fold 3: train=991 (Human-written=529 V2=462)  evaluation=244 (Human-written=129 V2=115)
Fold 4: train=994 (Human-written=528 V2=466)  evaluation=241 (Human-written=130 V2=111)
Fold 5: train=994 (Human-written=528 V2=466)  evaluation=241 (Human-written=130 V2=111)
Leakage check PASSED.
TensorFlow 2.20.0 | GPU: [PhysicalDevice(name='/physical_device:GPU:0', device_type='GPU')]
Mixed precision: mixed_float16 (output layer float32)
Images loaded: 1446, 0.4 GB, 9 s

===== Fold 1/5  07:31:58 =====
Class weights (balanced): Human-written=0.931  V2=1.080
Model: base 22 layers, trained base layers 5 (first: block5_conv1); trained parameters 9,702,401 / 20,287,553
Epoch 1/20
53/53 - 18s - 332ms/step - accuracy: 0.5024 - ce: 0.7739 - loss: 0.8280 - val_accuracy: 0.5235 - val_ce: 0.6923 - val_loss: 0.7398 - learning_rate: 1.0000e-04
Epoch 2/20
53/53 - 2s - 38ms/step - accuracy: 0.5048 - ce: 0.6987 - loss: 0.7453 - val_accuracy: 0.4631 - val_ce: 0.6913 - val_loss: 0.7351 - learning_rate: 1.0000e-04
Epoch 3/20
53/53 - 2s - 38ms/step - accuracy: 0.4700 - ce: 0.6954 - loss: 0.7361 - val_accuracy: 0.4765 - val_ce: 0.6932 - val_loss: 0.7326 - learning_rate: 1.0000e-04
Epoch 4/20

Epoch 4: ReduceLROnPlateau reducing learning rate to 4.999999873689376e-05.
53/53 - 2s - 36ms/step - accuracy: 0.4916 - ce: 0.6935 - loss: 0.7309 - val_accuracy: 0.4765 - val_ce: 0.6932 - val_loss: 0.7286 - learning_rate: 1.0000e-04
Epoch 5/20
53/53 - 2s - 38ms/step - accuracy: 0.4652 - ce: 0.6935 - loss: 0.7279 - val_accuracy: 0.4899 - val_ce: 0.6927 - val_loss: 0.7264 - learning_rate: 5.0000e-05
Epoch 6/20

Epoch 6: ReduceLROnPlateau reducing learning rate to 2.499999936844688e-05.
53/53 - 2s - 39ms/step - accuracy: 0.4796 - ce: 0.6932 - loss: 0.7259 - val_accuracy: 0.4765 - val_ce: 0.6933 - val_loss: 0.7252 - learning_rate: 5.0000e-05
Fold 1: accuracy=0.4603  F1(w/m)=0.3524/0.3642  CE=0.6932  epochs=6  

===== Fold 2/5  07:32:33 =====
Class weights (balanced): Human-written=0.937  V2=1.072
Epoch 1/20
53/53 - 11s - 214ms/step - accuracy: 0.5060 - ce: 0.8315 - loss: 0.8858 - val_accuracy: 0.5417 - val_ce: 0.6807 - val_loss: 0.7287 - learning_rate: 1.0000e-04
Epoch 2/20
53/53 - 2s - 37ms/step - accuracy: 0.5384 - ce: 0.6856 - loss: 0.7329 - val_accuracy: 0.4792 - val_ce: 0.8445 - val_loss: 0.8876 - learning_rate: 1.0000e-04
Epoch 3/20

Epoch 3: ReduceLROnPlateau reducing learning rate to 4.999999873689376e-05.
53/53 - 2s - 38ms/step - accuracy: 0.5216 - ce: 0.7125 - loss: 0.7534 - val_accuracy: 0.5278 - val_ce: 0.6834 - val_loss: 0.7226 - learning_rate: 1.0000e-04
Epoch 4/20
53/53 - 2s - 38ms/step - accuracy: 0.5132 - ce: 0.6803 - loss: 0.7204 - val_accuracy: 0.4931 - val_ce: 0.6891 - val_loss: 0.7262 - learning_rate: 5.0000e-05
Epoch 5/20

Epoch 5: ReduceLROnPlateau reducing learning rate to 2.499999936844688e-05.
53/53 - 2s - 38ms/step - accuracy: 0.5396 - ce: 0.6753 - loss: 0.7135 - val_accuracy: 0.5000 - val_ce: 0.6918 - val_loss: 0.7271 - learning_rate: 5.0000e-05
Fold 2: accuracy=0.5097  F1(w/m)=0.4789/0.4692  CE=0.6963  epochs=5  

===== Fold 3/5  07:32:57 =====
Class weights (balanced): Human-written=0.937  V2=1.072
Epoch 1/20
53/53 - 14s - 272ms/step - accuracy: 0.5408 - ce: 0.7692 - loss: 0.8169 - val_accuracy: 0.5068 - val_ce: 0.6924 - val_loss: 0.7402 - learning_rate: 1.0000e-04
Epoch 2/20
53/53 - 2s - 37ms/step - accuracy: 0.5266 - ce: 0.6943 - loss: 0.7423 - val_accuracy: 0.4726 - val_ce: 0.6939 - val_loss: 0.7372 - learning_rate: 1.0000e-04
Epoch 3/20
53/53 - 2s - 38ms/step - accuracy: 0.4734 - ce: 0.6931 - loss: 0.7344 - val_accuracy: 0.6096 - val_ce: 0.6917 - val_loss: 0.7310 - learning_rate: 1.0000e-04
Epoch 4/20
53/53 - 2s - 39ms/step - accuracy: 0.5077 - ce: 0.6867 - loss: 0.7246 - val_accuracy: 0.5479 - val_ce: 0.8679 - val_loss: 0.9036 - learning_rate: 1.0000e-04
Epoch 5/20

Epoch 5: ReduceLROnPlateau reducing learning rate to 4.999999873689376e-05.
53/53 - 2s - 38ms/step - accuracy: 0.5432 - ce: 0.6942 - loss: 0.7333 - val_accuracy: 0.4932 - val_ce: 0.6918 - val_loss: 0.7251 - learning_rate: 1.0000e-04
Epoch 6/20
53/53 - 2s - 38ms/step - accuracy: 0.5243 - ce: 0.6818 - loss: 0.7164 - val_accuracy: 0.5274 - val_ce: 0.7061 - val_loss: 0.7379 - learning_rate: 5.0000e-05
Epoch 7/20

Epoch 7: ReduceLROnPlateau reducing learning rate to 2.499999936844688e-05.
53/53 - 2s - 39ms/step - accuracy: 0.5385 - ce: 0.6673 - loss: 0.7034 - val_accuracy: 0.4795 - val_ce: 0.6926 - val_loss: 0.7230 - learning_rate: 5.0000e-05
Fold 3: accuracy=0.4672  F1(w/m)=0.4520/0.4458  CE=0.6933  epochs=7  

===== Fold 4/5  07:33:29 =====
Class weights (balanced): Human-written=0.948  V2=1.058
Epoch 1/20
53/53 - 16s - 294ms/step - accuracy: 0.4595 - ce: 0.8032 - loss: 0.8507 - val_accuracy: 0.4870 - val_ce: 0.6932 - val_loss: 0.7401 - learning_rate: 1.0000e-04
Epoch 2/20
53/53 - 2s - 39ms/step - accuracy: 0.4988 - ce: 0.6943 - loss: 0.7377 - val_accuracy: 0.5455 - val_ce: 0.6931 - val_loss: 0.7353 - learning_rate: 1.0000e-04
Epoch 3/20
53/53 - 2s - 39ms/step - accuracy: 0.5131 - ce: 0.6928 - loss: 0.7333 - val_accuracy: 0.5519 - val_ce: 0.6930 - val_loss: 0.7307 - learning_rate: 1.0000e-04
Epoch 4/20
53/53 - 2s - 38ms/step - accuracy: 0.5143 - ce: 0.6931 - loss: 0.7291 - val_accuracy: 0.5519 - val_ce: 0.6930 - val_loss: 0.7269 - learning_rate: 1.0000e-04
Epoch 5/20

Epoch 5: ReduceLROnPlateau reducing learning rate to 4.999999873689376e-05.
53/53 - 2s - 38ms/step - accuracy: 0.4774 - ce: 0.6932 - loss: 0.7254 - val_accuracy: 0.4481 - val_ce: 0.6932 - val_loss: 0.7237 - learning_rate: 1.0000e-04
Epoch 6/20
53/53 - 2s - 39ms/step - accuracy: 0.4750 - ce: 0.6932 - loss: 0.7229 - val_accuracy: 0.5519 - val_ce: 0.6931 - val_loss: 0.7220 - learning_rate: 5.0000e-05
Epoch 7/20

Epoch 7: ReduceLROnPlateau reducing learning rate to 2.499999936844688e-05.
53/53 - 2s - 38ms/step - accuracy: 0.5143 - ce: 0.6931 - loss: 0.7214 - val_accuracy: 0.5519 - val_ce: 0.6931 - val_loss: 0.7206 - learning_rate: 5.0000e-05
COLLAPSE: 100% of the validation predictions are in one class -> training is repeated once with lr 1e-05
Epoch 1/20
53/53 - 12s - 234ms/step - accuracy: 0.5036 - ce: 0.9077 - loss: 0.9527 - val_accuracy: 0.4935 - val_ce: 0.7334 - val_loss: 0.7844 - learning_rate: 1.0000e-05
Epoch 2/20
53/53 - 2s - 39ms/step - accuracy: 0.5988 - ce: 0.6672 - loss: 0.7164 - val_accuracy: 0.5909 - val_ce: 0.6837 - val_loss: 0.7345 - learning_rate: 1.0000e-05
Epoch 3/20
53/53 - 2s - 38ms/step - accuracy: 0.6833 - ce: 0.5954 - loss: 0.6460 - val_accuracy: 0.5909 - val_ce: 0.6894 - val_loss: 0.7400 - learning_rate: 1.0000e-05
Epoch 4/20

Epoch 4: ReduceLROnPlateau reducing learning rate to 4.999999873689376e-06.
53/53 - 2s - 39ms/step - accuracy: 0.7643 - ce: 0.5072 - loss: 0.5589 - val_accuracy: 0.5390 - val_ce: 0.7074 - val_loss: 0.7580 - learning_rate: 1.0000e-05
Epoch 5/20
53/53 - 2s - 38ms/step - accuracy: 0.8476 - ce: 0.4168 - loss: 0.4668 - val_accuracy: 0.5519 - val_ce: 0.7240 - val_loss: 0.7745 - learning_rate: 5.0000e-06
Epoch 6/20

Epoch 6: ReduceLROnPlateau reducing learning rate to 2.499999936844688e-06.
53/53 - 2s - 38ms/step - accuracy: 0.8714 - ce: 0.3730 - loss: 0.4242 - val_accuracy: 0.4675 - val_ce: 0.7892 - val_loss: 0.8397 - learning_rate: 5.0000e-06
Fold 4: accuracy=0.5643  F1(w/m)=0.5588/0.5532  CE=0.6852  epochs=6  

===== Fold 5/5  07:34:28 =====
Class weights (balanced): Human-written=0.946  V2=1.061
Epoch 1/20
54/54 - 15s - 282ms/step - accuracy: 0.5206 - ce: 0.7758 - loss: 0.8253 - val_accuracy: 0.5455 - val_ce: 0.6956 - val_loss: 0.7430 - learning_rate: 1.0000e-04
Epoch 2/20
54/54 - 2s - 39ms/step - accuracy: 0.5217 - ce: 0.6912 - loss: 0.7396 - val_accuracy: 0.5105 - val_ce: 0.6930 - val_loss: 0.7350 - learning_rate: 1.0000e-04
Epoch 3/20
54/54 - 2s - 39ms/step - accuracy: 0.4877 - ce: 0.6925 - loss: 0.7322 - val_accuracy: 0.4545 - val_ce: 0.6903 - val_loss: 0.7276 - learning_rate: 1.0000e-04
Epoch 4/20
54/54 - 2s - 37ms/step - accuracy: 0.5065 - ce: 0.6930 - loss: 0.7294 - val_accuracy: 0.4406 - val_ce: 0.6942 - val_loss: 0.7276 - learning_rate: 1.0000e-04
Epoch 5/20

Epoch 5: ReduceLROnPlateau reducing learning rate to 4.999999873689376e-05.
54/54 - 2s - 37ms/step - accuracy: 0.5006 - ce: 0.6908 - loss: 0.7229 - val_accuracy: 0.4476 - val_ce: 0.6939 - val_loss: 0.7242 - learning_rate: 1.0000e-04
Epoch 6/20
54/54 - 2s - 37ms/step - accuracy: 0.5029 - ce: 0.6889 - loss: 0.7184 - val_accuracy: 0.5105 - val_ce: 0.6953 - val_loss: 0.7240 - learning_rate: 5.0000e-05
Epoch 7/20

Epoch 7: ReduceLROnPlateau reducing learning rate to 2.499999936844688e-05.
54/54 - 2s - 37ms/step - accuracy: 0.5511 - ce: 0.6863 - loss: 0.7154 - val_accuracy: 0.5105 - val_ce: 0.6944 - val_loss: 0.7216 - learning_rate: 5.0000e-05
COLLAPSE: 96% of the validation predictions are in one class -> training is repeated once with lr 1e-05
Epoch 1/20
54/54 - 12s - 226ms/step - accuracy: 0.5123 - ce: 0.8170 - loss: 0.8661 - val_accuracy: 0.5315 - val_ce: 0.6979 - val_loss: 0.7489 - learning_rate: 1.0000e-05
Epoch 2/20
54/54 - 2s - 37ms/step - accuracy: 0.6181 - ce: 0.6565 - loss: 0.7078 - val_accuracy: 0.5524 - val_ce: 0.6996 - val_loss: 0.7505 - learning_rate: 1.0000e-05
Epoch 3/20

Epoch 3: ReduceLROnPlateau reducing learning rate to 4.999999873689376e-06.
54/54 - 2s - 37ms/step - accuracy: 0.7450 - ce: 0.5531 - loss: 0.6047 - val_accuracy: 0.5734 - val_ce: 0.7353 - val_loss: 0.7861 - learning_rate: 1.0000e-05
Epoch 4/20
54/54 - 2s - 37ms/step - accuracy: 0.8179 - ce: 0.4495 - loss: 0.4997 - val_accuracy: 0.5944 - val_ce: 0.7381 - val_loss: 0.7888 - learning_rate: 5.0000e-06
Epoch 5/20

Epoch 5: ReduceLROnPlateau reducing learning rate to 2.499999936844688e-06.
54/54 - 2s - 37ms/step - accuracy: 0.8578 - ce: 0.3993 - loss: 0.4501 - val_accuracy: 0.5524 - val_ce: 0.7650 - val_loss: 0.8157 - learning_rate: 5.0000e-06
Fold 5: accuracy=0.4938  F1(w/m)=0.4475/0.4328  CE=0.7290  epochs=5  

CV mean ± std:
  accuracy               0.4991 ± 0.0416
  balanced_accuracy      0.4914 ± 0.0381
  mcc                    -0.0267 ± 0.0834
  cross_entropy          0.6994 ± 0.0171
  roc_auc                0.5071 ± 0.0431
  precision_macro        0.4792 ± 0.0485
  recall_macro           0.4914 ± 0.0381
  f1_macro               0.4530 ± 0.0683
  precision_micro        0.4991 ± 0.0416
  recall_micro           0.4991 ± 0.0416
  f1_micro               0.4991 ± 0.0416
  precision_weighted     0.4813 ± 0.0489
  recall_weighted        0.4991 ± 0.0416
  f1_weighted            0.4579 ± 0.0740

===== Final training  07:35:24 =====
Class weights (balanced): Human-written=0.938  V2=1.071
Epoch 1/20
64/64 - 15s - 229ms/step - accuracy: 0.5127 - ce: 0.7464 - loss: 0.7983 - val_accuracy: 0.5302 - val_ce: 0.6886 - val_loss: 0.7345 - learning_rate: 1.0000e-04
Epoch 2/20
64/64 - 2s - 38ms/step - accuracy: 0.4990 - ce: 0.6940 - loss: 0.7390 - val_accuracy: 0.5070 - val_ce: 0.6929 - val_loss: 0.7327 - learning_rate: 1.0000e-04
Epoch 3/20

Epoch 3: ReduceLROnPlateau reducing learning rate to 4.999999873689376e-05.
64/64 - 2s - 38ms/step - accuracy: 0.4902 - ce: 0.6920 - loss: 0.7296 - val_accuracy: 0.4698 - val_ce: 0.6935 - val_loss: 0.7282 - learning_rate: 1.0000e-04
Epoch 4/20
64/64 - 2s - 37ms/step - accuracy: 0.4696 - ce: 0.6929 - loss: 0.7262 - val_accuracy: 0.4698 - val_ce: 0.6935 - val_loss: 0.7260 - learning_rate: 5.0000e-05
Epoch 5/20

Epoch 5: ReduceLROnPlateau reducing learning rate to 2.499999936844688e-05.
64/64 - 2s - 38ms/step - accuracy: 0.4706 - ce: 0.6933 - loss: 0.7249 - val_accuracy: 0.4744 - val_ce: 0.7098 - val_loss: 0.7402 - learning_rate: 5.0000e-05
COLLAPSE: 100% of the validation predictions are in one class -> training is repeated once with lr 1e-05
Epoch 1/20
64/64 - 13s - 199ms/step - accuracy: 0.5373 - ce: 0.7957 - loss: 0.8489 - val_accuracy: 0.5581 - val_ce: 0.6711 - val_loss: 0.7220 - learning_rate: 1.0000e-05
Epoch 2/20
64/64 - 2s - 37ms/step - accuracy: 0.5824 - ce: 0.6834 - loss: 0.7348 - val_accuracy: 0.5674 - val_ce: 0.6950 - val_loss: 0.7457 - learning_rate: 1.0000e-05
Epoch 3/20

Epoch 3: ReduceLROnPlateau reducing learning rate to 4.999999873689376e-06.
64/64 - 2s - 38ms/step - accuracy: 0.6637 - ce: 0.6100 - loss: 0.6592 - val_accuracy: 0.5721 - val_ce: 0.6944 - val_loss: 0.7449 - learning_rate: 1.0000e-05
Epoch 4/20
64/64 - 2s - 37ms/step - accuracy: 0.7745 - ce: 0.5235 - loss: 0.5742 - val_accuracy: 0.5581 - val_ce: 0.7204 - val_loss: 0.7708 - learning_rate: 5.0000e-06
Epoch 5/20

Epoch 5: ReduceLROnPlateau reducing learning rate to 2.499999936844688e-06.
64/64 - 2s - 38ms/step - accuracy: 0.8196 - ce: 0.4689 - loss: 0.5194 - val_accuracy: 0.5070 - val_ce: 0.7489 - val_loss: 0.7993 - learning_rate: 5.0000e-06
               precision    recall  f1-score   support

Human-written     0.5752    0.5702    0.5727       114
           V2     0.5000    0.5052    0.5026        97

     accuracy                         0.5403       211
    macro avg     0.5376    0.5377    0.5376       211
 weighted avg     0.5406    0.5403    0.5405       211

Class distribution all  : {'Human-written': 772, 'V2': 674}  ratio {'Human-written': 0.5339, 'V2': 0.4661}
Class distribution train: {'Human-written': 544, 'V2': 476}  ratio {'Human-written': 0.5333, 'V2': 0.4667}
Class distribution val  : {'Human-written': 114, 'V2': 101}  ratio {'Human-written': 0.5302, 'V2': 0.4698}
Class distribution test : {'Human-written': 114, 'V2': 97}  ratio {'Human-written': 0.5403, 'V2': 0.4597}

subdataset2_graph_human_vs_v2_group_cv  VGG19 (relu, dropout 0.1, lr 0.0001)
CV mean    acc=0.4991  F1 w/m/micro=0.4579/0.4530/0.4991  P_w=0.4813  R_w=0.4991  CE=0.6994  AUC=0.5071  MCC=-0.0267
VALIDATION acc=0.5581  F1 w/m/micro=0.5583/0.5568/0.5581  P_w=0.5584  R_w=0.5581  CE=0.6711  AUC=0.6182  MCC=0.1135
TEST       acc=0.5403  F1 w/m/micro=0.5405/0.5376/0.5403  P_w=0.5406  R_w=0.5403  CE=0.6831  AUC=0.5780  MCC=0.0753
TEST 95% CI: accuracy=[0.4739, 0.6066]  f1_weighted=[0.4733, 0.6069]  f1_macro=[0.4716, 0.6015]  mcc=[-0.0521, 0.2079]  balanced_accuracy=[0.4738, 0.6037]
Outputs: Experiments/subdataset2/Group-Based Split/results/subdataset2_graph_human_vs_v2_group_cv
2026-10-03 07:36:26 FINISHED
