
====================================================================================================
2026-10-03 06:30:47  subdataset15_graph_6class_group_cv  (config hash b453ba3e6970)
Data    : Data/Subdataset_15
Classes : ['Human-written', 'V1', 'V2', 'V3', 'V4', 'V5']   Split: Group-Based Split
Model   : VGG19  activation=relu  dropout=0.1  lr=0.0001  trained=base from block5_* on  preprocessing=caffe  L2=0.0001
Training: at most 20 epochs, early stopping val_ce patience 4, batch 16, 320x320 (no cropping), mixed precision True
Output  : Experiments/subdataset15/Group-Based Split/results/subdataset15_graph_6class_group_cv
Human-written (label 0): 1482 images
V1  (label 1): 2112 images
V2  (label 2): 2020 images
V3  (label 3): 1799 images
V4  (label 4): 1693 images
V5  (label 5): 1584 images
Total 10690 images
Groups: {'n_groups': 1936, 'groups_with_human_and_version': 1417, 'groups_with_all_classes': 931, 'human_only_groups': 47, 'groups_without_human': 472, 'match_ratio': 0.7319214876033058, 'groups_merged_by_content': 2}
CHECK 4: human/version pairs found with the simple rule 6668, in different groups 0
Files whose folder and version tag in the name do not match (data unchanged): 321
Train     :  7505 (70.2%)  Human-written=1025 V1=1465 V2=1422 V3=1288 V4=1194 V5=1111
Validation:  1640 (15.3%)  Human-written=236 V1=324 V2=307 V3=263 V4=265 V5=245
Test      :  1545 (14.5%)  Human-written=221 V1=323 V2=291 V3=248 V4=234 V5=228
Fold 1: train=7353 (Human-written=1009 V1=1441 V2=1392 V3=1248 V4=1171 V5=1092)  evaluation=1792 (Human-written=252 V1=348 V2=337 V3=303 V4=288 V5=264)
Fold 2: train=7252 (Human-written=1009 V1=1406 V2=1359 V3=1219 V4=1168 V5=1091)  evaluation=1893 (Human-written=252 V1=383 V2=370 V3=332 V4=291 V5=265)
Fold 3: train=7331 (Human-written=1010 V1=1428 V2=1391 V3=1256 V4=1165 V5=1081)  evaluation=1814 (Human-written=251 V1=361 V2=338 V3=295 V4=294 V5=275)
Fold 4: train=7339 (Human-written=1009 V1=1448 V2=1387 V3=1252 V4=1163 V5=1080)  evaluation=1806 (Human-written=252 V1=341 V2=342 V3=299 V4=296 V5=276)
Fold 5: train=7305 (Human-written=1007 V1=1433 V2=1387 V3=1229 V4=1169 V5=1080)  evaluation=1840 (Human-written=254 V1=356 V2=342 V3=322 V4=290 V5=276)
Leakage check PASSED.
TensorFlow 2.20.0 | GPU: [PhysicalDevice(name='/physical_device:GPU:0', device_type='GPU')]
Mixed precision: mixed_float16 (output layer float32)
Images loaded: 10690, 3.3 GB, 12 s

===== Fold 1/5  06:31:05 =====
Class weights (balanced): Human-written=1.227  V1=0.848  V2=0.871  V3=0.983  V4=1.047  V5=1.130
Model: base 22 layers, trained base layers 5 (first: block5_conv1); trained parameters 9,704,966 / 20,290,118
Epoch 1/20
391/391 - 30s - 78ms/step - accuracy: 0.1534 - ce: 1.8059 - loss: 1.8451 - val_accuracy: 0.1543 - val_ce: 1.7918 - val_loss: 1.8187 - learning_rate: 1.0000e-04
Epoch 2/20
391/391 - 12s - 31ms/step - accuracy: 0.1680 - ce: 1.7917 - loss: 1.8125 - val_accuracy: 0.1706 - val_ce: 1.7918 - val_loss: 1.8077 - learning_rate: 1.0000e-04
Epoch 3/20

Epoch 3: ReduceLROnPlateau reducing learning rate to 4.999999873689376e-05.
391/391 - 12s - 30ms/step - accuracy: 0.1585 - ce: 1.7918 - loss: 1.8049 - val_accuracy: 0.1706 - val_ce: 1.7918 - val_loss: 1.8026 - learning_rate: 1.0000e-04
Epoch 4/20
391/391 - 12s - 31ms/step - accuracy: 0.1529 - ce: 1.7918 - loss: 1.8017 - val_accuracy: 0.1543 - val_ce: 1.7918 - val_loss: 1.8008 - learning_rate: 5.0000e-05
Epoch 5/20

Epoch 5: ReduceLROnPlateau reducing learning rate to 2.499999936844688e-05.
391/391 - 12s - 31ms/step - accuracy: 0.1502 - ce: 1.7918 - loss: 1.8001 - val_accuracy: 0.1706 - val_ce: 1.7918 - val_loss: 1.7993 - learning_rate: 5.0000e-05
Epoch 6/20
391/391 - 12s - 31ms/step - accuracy: 0.1691 - ce: 1.7918 - loss: 1.7990 - val_accuracy: 0.1706 - val_ce: 1.7918 - val_loss: 1.7986 - learning_rate: 2.5000e-05
COLLAPSE: 100% of the validation predictions are in one class -> training is repeated once with lr 1e-05
Epoch 1/20
391/391 - 23s - 60ms/step - accuracy: 0.1763 - ce: 1.8587 - loss: 1.9078 - val_accuracy: 0.1616 - val_ce: 1.7909 - val_loss: 1.8404 - learning_rate: 1.0000e-05
Epoch 2/20
391/391 - 12s - 30ms/step - accuracy: 0.1976 - ce: 1.7798 - loss: 1.8295 - val_accuracy: 0.1733 - val_ce: 1.7875 - val_loss: 1.8353 - learning_rate: 1.0000e-05
Epoch 3/20
391/391 - 12s - 30ms/step - accuracy: 0.2258 - ce: 1.7534 - loss: 1.8008 - val_accuracy: 0.1949 - val_ce: 1.7898 - val_loss: 1.8366 - learning_rate: 1.0000e-05
Epoch 4/20
391/391 - 12s - 31ms/step - accuracy: 0.2653 - ce: 1.7125 - loss: 1.7567 - val_accuracy: 0.1886 - val_ce: 1.7867 - val_loss: 1.8329 - learning_rate: 1.0000e-05
Epoch 5/20
391/391 - 12s - 30ms/step - accuracy: 0.3204 - ce: 1.6339 - loss: 1.6751 - val_accuracy: 0.2013 - val_ce: 1.8006 - val_loss: 1.8465 - learning_rate: 1.0000e-05
Epoch 6/20

Epoch 6: ReduceLROnPlateau reducing learning rate to 4.999999873689376e-06.
391/391 - 12s - 31ms/step - accuracy: 0.3970 - ce: 1.5255 - loss: 1.5627 - val_accuracy: 0.1949 - val_ce: 1.8371 - val_loss: 1.8828 - learning_rate: 1.0000e-05
Epoch 7/20
391/391 - 12s - 31ms/step - accuracy: 0.4924 - ce: 1.3603 - loss: 1.3960 - val_accuracy: 0.1986 - val_ce: 1.8935 - val_loss: 1.9392 - learning_rate: 5.0000e-06
Epoch 8/20

Epoch 8: ReduceLROnPlateau reducing learning rate to 2.499999936844688e-06.
391/391 - 12s - 31ms/step - accuracy: 0.5424 - ce: 1.2547 - loss: 1.2887 - val_accuracy: 0.2067 - val_ce: 1.9326 - val_loss: 1.9782 - learning_rate: 5.0000e-06
/usr/local/lib/python3.13/dist-packages/sklearn/metrics/_classification.py:3001: UserWarning: The y_pred values do not sum to one. Make sure to pass probabilities.
  warnings.warn(
/usr/local/lib/python3.13/dist-packages/sklearn/metrics/_classification.py:3001: UserWarning: The y_pred values do not sum to one. Make sure to pass probabilities.
  warnings.warn(
Fold 1: accuracy=0.1858  F1(w/m)=0.1816/0.1803  CE=1.7731  epochs=8  

===== Fold 2/5  06:34:37 =====
Class weights (balanced): Human-written=1.171  V1=0.869  V2=0.890  V3=1.005  V4=1.034  V5=1.098
Epoch 1/20
382/382 - 27s - 72ms/step - accuracy: 0.1600 - ce: 1.8110 - loss: 1.8484 - val_accuracy: 0.1799 - val_ce: 1.7918 - val_loss: 1.8164 - learning_rate: 1.0000e-04
Epoch 2/20
382/382 - 12s - 31ms/step - accuracy: 0.1466 - ce: 1.7920 - loss: 1.8104 - val_accuracy: 0.1799 - val_ce: 1.7918 - val_loss: 1.8058 - learning_rate: 1.0000e-04
Epoch 3/20

Epoch 3: ReduceLROnPlateau reducing learning rate to 4.999999873689376e-05.
382/382 - 12s - 31ms/step - accuracy: 0.1765 - ce: 1.7917 - loss: 1.8032 - val_accuracy: 0.1799 - val_ce: 1.7917 - val_loss: 1.8010 - learning_rate: 1.0000e-04
Epoch 4/20
382/382 - 12s - 31ms/step - accuracy: 0.1659 - ce: 1.7918 - loss: 1.8004 - val_accuracy: 0.1799 - val_ce: 1.7917 - val_loss: 1.7995 - learning_rate: 5.0000e-05
Epoch 5/20

Epoch 5: ReduceLROnPlateau reducing learning rate to 2.499999936844688e-05.
382/382 - 12s - 31ms/step - accuracy: 0.1680 - ce: 1.7917 - loss: 1.7990 - val_accuracy: 0.1799 - val_ce: 1.7917 - val_loss: 1.7983 - learning_rate: 5.0000e-05
Epoch 6/20
382/382 - 12s - 31ms/step - accuracy: 0.1662 - ce: 1.7918 - loss: 1.7980 - val_accuracy: 0.1799 - val_ce: 1.7917 - val_loss: 1.7977 - learning_rate: 2.5000e-05
Epoch 7/20

Epoch 7: ReduceLROnPlateau reducing learning rate to 1.249999968422344e-05.
382/382 - 12s - 31ms/step - accuracy: 0.1637 - ce: 1.7918 - loss: 1.7975 - val_accuracy: 0.1799 - val_ce: 1.7917 - val_loss: 1.7971 - learning_rate: 2.5000e-05
Epoch 8/20
382/382 - 12s - 31ms/step - accuracy: 0.1664 - ce: 1.7918 - loss: 1.7970 - val_accuracy: 0.1799 - val_ce: 1.7917 - val_loss: 1.7968 - learning_rate: 1.2500e-05
COLLAPSE: 100% of the validation predictions are in one class -> training is repeated once with lr 1e-05
Epoch 1/20
382/382 - 23s - 61ms/step - accuracy: 0.1760 - ce: 1.8469 - loss: 1.8995 - val_accuracy: 0.1921 - val_ce: 1.7860 - val_loss: 1.8349 - learning_rate: 1.0000e-05
Epoch 2/20
382/382 - 12s - 31ms/step - accuracy: 0.2060 - ce: 1.7739 - loss: 1.8211 - val_accuracy: 0.2131 - val_ce: 1.7720 - val_loss: 1.8191 - learning_rate: 1.0000e-05
Epoch 3/20
382/382 - 12s - 31ms/step - accuracy: 0.2459 - ce: 1.7367 - loss: 1.7808 - val_accuracy: 0.2000 - val_ce: 1.7833 - val_loss: 1.8292 - learning_rate: 1.0000e-05
Epoch 4/20

Epoch 4: ReduceLROnPlateau reducing learning rate to 4.999999873689376e-06.
382/382 - 12s - 31ms/step - accuracy: 0.2926 - ce: 1.6791 - loss: 1.7207 - val_accuracy: 0.2044 - val_ce: 1.7810 - val_loss: 1.8263 - learning_rate: 1.0000e-05
Epoch 5/20
382/382 - 12s - 31ms/step - accuracy: 0.3709 - ce: 1.5666 - loss: 1.6056 - val_accuracy: 0.2061 - val_ce: 1.7920 - val_loss: 1.8370 - learning_rate: 5.0000e-06
Epoch 6/20

Epoch 6: ReduceLROnPlateau reducing learning rate to 2.499999936844688e-06.
382/382 - 12s - 31ms/step - accuracy: 0.4264 - ce: 1.4841 - loss: 1.5233 - val_accuracy: 0.2105 - val_ce: 1.8239 - val_loss: 1.8687 - learning_rate: 5.0000e-06
/usr/local/lib/python3.13/dist-packages/sklearn/metrics/_classification.py:3001: UserWarning: The y_pred values do not sum to one. Make sure to pass probabilities.
  warnings.warn(
/usr/local/lib/python3.13/dist-packages/sklearn/metrics/_classification.py:3001: UserWarning: The y_pred values do not sum to one. Make sure to pass probabilities.
  warnings.warn(
Fold 2: accuracy=0.2229  F1(w/m)=0.2071/0.2080  CE=1.7684  epochs=6  

===== Fold 3/5  06:38:04 =====
Class weights (balanced): Human-written=1.212  V1=0.853  V2=0.878  V3=0.972  V4=1.053  V5=1.131
Epoch 1/20
393/393 - 28s - 70ms/step - accuracy: 0.1625 - ce: 1.8087 - loss: 1.8490 - val_accuracy: 0.1909 - val_ce: 1.7918 - val_loss: 1.8217 - learning_rate: 1.0000e-04
Epoch 2/20
393/393 - 12s - 30ms/step - accuracy: 0.1489 - ce: 1.7919 - loss: 1.8157 - val_accuracy: 0.1909 - val_ce: 1.7918 - val_loss: 1.8110 - learning_rate: 1.0000e-04
Epoch 3/20

Epoch 3: ReduceLROnPlateau reducing learning rate to 4.999999873689376e-05.
393/393 - 12s - 31ms/step - accuracy: 0.1709 - ce: 1.7918 - loss: 1.8080 - val_accuracy: 0.1909 - val_ce: 1.7918 - val_loss: 1.8053 - learning_rate: 1.0000e-04
Epoch 4/20
393/393 - 12s - 30ms/step - accuracy: 0.1622 - ce: 1.7918 - loss: 1.8044 - val_accuracy: 0.1909 - val_ce: 1.7918 - val_loss: 1.8033 - learning_rate: 5.0000e-05
Epoch 5/20

Epoch 5: ReduceLROnPlateau reducing learning rate to 2.499999936844688e-05.
393/393 - 12s - 30ms/step - accuracy: 0.1465 - ce: 1.7918 - loss: 1.8024 - val_accuracy: 0.1909 - val_ce: 1.7918 - val_loss: 1.8015 - learning_rate: 5.0000e-05
Epoch 6/20
393/393 - 12s - 30ms/step - accuracy: 0.1939 - ce: 1.7917 - loss: 1.8011 - val_accuracy: 0.1909 - val_ce: 1.7918 - val_loss: 1.8007 - learning_rate: 2.5000e-05
Epoch 7/20

Epoch 7: ReduceLROnPlateau reducing learning rate to 1.249999968422344e-05.
393/393 - 12s - 30ms/step - accuracy: 0.1652 - ce: 1.7918 - loss: 1.8003 - val_accuracy: 0.1909 - val_ce: 1.7918 - val_loss: 1.7998 - learning_rate: 2.5000e-05
COLLAPSE: 100% of the validation predictions are in one class -> training is repeated once with lr 1e-05
Epoch 1/20
393/393 - 24s - 60ms/step - accuracy: 0.1749 - ce: 1.8341 - loss: 1.8829 - val_accuracy: 0.1776 - val_ce: 1.7859 - val_loss: 1.8356 - learning_rate: 1.0000e-05
Epoch 2/20
393/393 - 12s - 31ms/step - accuracy: 0.2149 - ce: 1.7718 - loss: 1.8182 - val_accuracy: 0.1918 - val_ce: 1.7792 - val_loss: 1.8278 - learning_rate: 1.0000e-05
Epoch 3/20
393/393 - 12s - 31ms/step - accuracy: 0.2596 - ce: 1.7228 - loss: 1.7670 - val_accuracy: 0.1852 - val_ce: 1.7967 - val_loss: 1.8445 - learning_rate: 1.0000e-05
Epoch 4/20

Epoch 4: ReduceLROnPlateau reducing learning rate to 4.999999873689376e-06.
393/393 - 12s - 30ms/step - accuracy: 0.3036 - ce: 1.6593 - loss: 1.7001 - val_accuracy: 0.1966 - val_ce: 1.7803 - val_loss: 1.8276 - learning_rate: 1.0000e-05
Epoch 5/20
393/393 - 12s - 30ms/step - accuracy: 0.3858 - ce: 1.5404 - loss: 1.5799 - val_accuracy: 0.1947 - val_ce: 1.8417 - val_loss: 1.8889 - learning_rate: 5.0000e-06
Epoch 6/20

Epoch 6: ReduceLROnPlateau reducing learning rate to 2.499999936844688e-06.
393/393 - 12s - 30ms/step - accuracy: 0.4388 - ce: 1.4550 - loss: 1.4920 - val_accuracy: 0.2051 - val_ce: 1.8358 - val_loss: 1.8830 - learning_rate: 5.0000e-06
/usr/local/lib/python3.13/dist-packages/sklearn/metrics/_classification.py:3001: UserWarning: The y_pred values do not sum to one. Make sure to pass probabilities.
  warnings.warn(
/usr/local/lib/python3.13/dist-packages/sklearn/metrics/_classification.py:3001: UserWarning: The y_pred values do not sum to one. Make sure to pass probabilities.
  warnings.warn(
Fold 3: accuracy=0.1990  F1(w/m)=0.1686/0.1687  CE=1.7763  epochs=6  

===== Fold 4/5  06:41:21 =====
Class weights (balanced): Human-written=1.221  V1=0.844  V2=0.877  V3=0.982  V4=1.049  V5=1.131
Epoch 1/20
391/391 - 27s - 69ms/step - accuracy: 0.1471 - ce: 1.8039 - loss: 1.8443 - val_accuracy: 0.1430 - val_ce: 1.7921 - val_loss: 1.8195 - learning_rate: 1.0000e-04
Epoch 2/20
391/391 - 12s - 31ms/step - accuracy: 0.1365 - ce: 1.7921 - loss: 1.8130 - val_accuracy: 0.1430 - val_ce: 1.7919 - val_loss: 1.8083 - learning_rate: 1.0000e-04
Epoch 3/20
391/391 - 12s - 31ms/step - accuracy: 0.1365 - ce: 1.7920 - loss: 1.8053 - val_accuracy: 0.1430 - val_ce: 1.7919 - val_loss: 1.8030 - learning_rate: 1.0000e-04
Epoch 4/20

Epoch 4: ReduceLROnPlateau reducing learning rate to 4.999999873689376e-05.
391/391 - 12s - 31ms/step - accuracy: 0.1365 - ce: 1.7920 - loss: 1.8013 - val_accuracy: 0.1430 - val_ce: 1.7919 - val_loss: 1.7999 - learning_rate: 1.0000e-04
Epoch 5/20
391/391 - 12s - 31ms/step - accuracy: 0.1365 - ce: 1.7919 - loss: 1.7993 - val_accuracy: 0.1430 - val_ce: 1.7919 - val_loss: 1.7988 - learning_rate: 5.0000e-05
Epoch 6/20

Epoch 6: ReduceLROnPlateau reducing learning rate to 2.499999936844688e-05.
391/391 - 12s - 31ms/step - accuracy: 0.1365 - ce: 1.7919 - loss: 1.7982 - val_accuracy: 0.1430 - val_ce: 1.7919 - val_loss: 1.7978 - learning_rate: 5.0000e-05
Epoch 7/20
391/391 - 12s - 31ms/step - accuracy: 0.1365 - ce: 1.7919 - loss: 1.7974 - val_accuracy: 0.1430 - val_ce: 1.7919 - val_loss: 1.7973 - learning_rate: 2.5000e-05
Epoch 8/20

Epoch 8: ReduceLROnPlateau reducing learning rate to 1.249999968422344e-05.
391/391 - 12s - 30ms/step - accuracy: 0.1365 - ce: 1.7919 - loss: 1.7969 - val_accuracy: 0.1430 - val_ce: 1.7919 - val_loss: 1.7968 - learning_rate: 2.5000e-05
Epoch 9/20
391/391 - 12s - 31ms/step - accuracy: 0.1365 - ce: 1.7919 - loss: 1.7966 - val_accuracy: 0.1430 - val_ce: 1.7919 - val_loss: 1.7965 - learning_rate: 1.2500e-05
Epoch 10/20

Epoch 10: ReduceLROnPlateau reducing learning rate to 6.24999984211172e-06.
391/391 - 12s - 31ms/step - accuracy: 0.1365 - ce: 1.7919 - loss: 1.7963 - val_accuracy: 0.1430 - val_ce: 1.7919 - val_loss: 1.7962 - learning_rate: 1.2500e-05
Epoch 11/20
391/391 - 12s - 31ms/step - accuracy: 0.1365 - ce: 1.7919 - loss: 1.7961 - val_accuracy: 0.1430 - val_ce: 1.7919 - val_loss: 1.7961 - learning_rate: 6.2500e-06
Epoch 12/20

Epoch 12: ReduceLROnPlateau reducing learning rate to 3.12499992105586e-06.
391/391 - 12s - 31ms/step - accuracy: 0.1365 - ce: 1.7919 - loss: 1.7959 - val_accuracy: 0.1430 - val_ce: 1.7919 - val_loss: 1.7959 - learning_rate: 6.2500e-06
Epoch 13/20
391/391 - 12s - 31ms/step - accuracy: 0.1365 - ce: 1.7919 - loss: 1.7958 - val_accuracy: 0.1430 - val_ce: 1.7918 - val_loss: 1.7958 - learning_rate: 3.1250e-06
Epoch 14/20

Epoch 14: ReduceLROnPlateau reducing learning rate to 1.56249996052793e-06.
391/391 - 12s - 31ms/step - accuracy: 0.1365 - ce: 1.7919 - loss: 1.7957 - val_accuracy: 0.1430 - val_ce: 1.7918 - val_loss: 1.7957 - learning_rate: 3.1250e-06
Epoch 15/20
391/391 - 12s - 30ms/step - accuracy: 0.1365 - ce: 1.7919 - loss: 1.7956 - val_accuracy: 0.1430 - val_ce: 1.7919 - val_loss: 1.7957 - learning_rate: 1.5625e-06
Epoch 16/20

Epoch 16: ReduceLROnPlateau reducing learning rate to 7.81249980263965e-07.
391/391 - 12s - 31ms/step - accuracy: 0.1365 - ce: 1.7919 - loss: 1.7955 - val_accuracy: 0.1430 - val_ce: 1.7919 - val_loss: 1.7956 - learning_rate: 1.5625e-06
Epoch 17/20
391/391 - 12s - 31ms/step - accuracy: 0.1365 - ce: 1.7919 - loss: 1.7955 - val_accuracy: 0.1430 - val_ce: 1.7918 - val_loss: 1.7956 - learning_rate: 7.8125e-07
Epoch 18/20

Epoch 18: ReduceLROnPlateau reducing learning rate to 3.906249901319825e-07.
391/391 - 12s - 30ms/step - accuracy: 0.1365 - ce: 1.7919 - loss: 1.7955 - val_accuracy: 0.1430 - val_ce: 1.7918 - val_loss: 1.7955 - learning_rate: 7.8125e-07
COLLAPSE: 100% of the validation predictions are in one class -> training is repeated once with lr 1e-05
Epoch 1/20
391/391 - 24s - 60ms/step - accuracy: 0.1722 - ce: 1.8322 - loss: 1.8866 - val_accuracy: 0.1787 - val_ce: 1.7804 - val_loss: 1.8297 - learning_rate: 1.0000e-05
Epoch 2/20
391/391 - 12s - 30ms/step - accuracy: 0.2055 - ce: 1.7767 - loss: 1.8275 - val_accuracy: 0.2136 - val_ce: 1.7668 - val_loss: 1.8144 - learning_rate: 1.0000e-05
Epoch 3/20
391/391 - 12s - 31ms/step - accuracy: 0.2422 - ce: 1.7466 - loss: 1.7912 - val_accuracy: 0.2145 - val_ce: 1.7792 - val_loss: 1.8257 - learning_rate: 1.0000e-05
Epoch 4/20

Epoch 4: ReduceLROnPlateau reducing learning rate to 4.999999873689376e-06.
391/391 - 12s - 30ms/step - accuracy: 0.2684 - ce: 1.7045 - loss: 1.7454 - val_accuracy: 0.2145 - val_ce: 1.7697 - val_loss: 1.8155 - learning_rate: 1.0000e-05
Epoch 5/20
391/391 - 12s - 30ms/step - accuracy: 0.3345 - ce: 1.6118 - loss: 1.6483 - val_accuracy: 0.2181 - val_ce: 1.7811 - val_loss: 1.8267 - learning_rate: 5.0000e-06
Epoch 6/20

Epoch 6: ReduceLROnPlateau reducing learning rate to 2.499999936844688e-06.
391/391 - 12s - 30ms/step - accuracy: 0.3731 - ce: 1.5523 - loss: 1.5877 - val_accuracy: 0.2255 - val_ce: 1.7963 - val_loss: 1.8417 - learning_rate: 5.0000e-06
/usr/local/lib/python3.13/dist-packages/sklearn/metrics/_classification.py:3001: UserWarning: The y_pred values do not sum to one. Make sure to pass probabilities.
  warnings.warn(
/usr/local/lib/python3.13/dist-packages/sklearn/metrics/_classification.py:3001: UserWarning: The y_pred values do not sum to one. Make sure to pass probabilities.
  warnings.warn(
Fold 4: accuracy=0.2054  F1(w/m)=0.1936/0.1986  CE=1.7700  epochs=6  

===== Fold 5/5  06:46:51 =====
Class weights (balanced): Human-written=1.206  V1=0.844  V2=0.874  V3=0.986  V4=1.049  V5=1.143
Epoch 1/20
387/387 - 26s - 66ms/step - accuracy: 0.1487 - ce: 1.8029 - loss: 1.8402 - val_accuracy: 0.1665 - val_ce: 1.7919 - val_loss: 1.8177 - learning_rate: 1.0000e-04
Epoch 2/20
387/387 - 12s - 31ms/step - accuracy: 0.1403 - ce: 1.7921 - loss: 1.8114 - val_accuracy: 0.1665 - val_ce: 1.7919 - val_loss: 1.8066 - learning_rate: 1.0000e-04
Epoch 3/20
387/387 - 12s - 31ms/step - accuracy: 0.1592 - ce: 1.7918 - loss: 1.8038 - val_accuracy: 0.1665 - val_ce: 1.7918 - val_loss: 1.8015 - learning_rate: 1.0000e-04
Epoch 4/20
387/387 - 12s - 31ms/step - accuracy: 0.1568 - ce: 1.7918 - loss: 1.8000 - val_accuracy: 0.1665 - val_ce: 1.7917 - val_loss: 1.7987 - learning_rate: 1.0000e-04
Epoch 5/20

Epoch 5: ReduceLROnPlateau reducing learning rate to 4.999999873689376e-05.
387/387 - 12s - 31ms/step - accuracy: 0.1870 - ce: 1.7917 - loss: 1.7978 - val_accuracy: 0.1665 - val_ce: 1.7917 - val_loss: 1.7969 - learning_rate: 1.0000e-04
Epoch 6/20
387/387 - 12s - 31ms/step - accuracy: 0.1577 - ce: 1.7918 - loss: 1.7966 - val_accuracy: 0.1665 - val_ce: 1.7917 - val_loss: 1.7962 - learning_rate: 5.0000e-05
Epoch 7/20

Epoch 7: ReduceLROnPlateau reducing learning rate to 2.499999936844688e-05.
387/387 - 12s - 31ms/step - accuracy: 0.1534 - ce: 1.7918 - loss: 1.7959 - val_accuracy: 0.1889 - val_ce: 1.7917 - val_loss: 1.7955 - learning_rate: 5.0000e-05
Epoch 8/20
387/387 - 12s - 31ms/step - accuracy: 0.1624 - ce: 1.7918 - loss: 1.7954 - val_accuracy: 0.1889 - val_ce: 1.7917 - val_loss: 1.7952 - learning_rate: 2.5000e-05
Epoch 9/20

Epoch 9: ReduceLROnPlateau reducing learning rate to 1.249999968422344e-05.
387/387 - 12s - 31ms/step - accuracy: 0.1553 - ce: 1.7918 - loss: 1.7951 - val_accuracy: 0.1889 - val_ce: 1.7917 - val_loss: 1.7949 - learning_rate: 2.5000e-05
COLLAPSE: 100% of the validation predictions are in one class -> training is repeated once with lr 1e-05
Epoch 1/20
387/387 - 23s - 61ms/step - accuracy: 0.1834 - ce: 1.8269 - loss: 1.8805 - val_accuracy: 0.1916 - val_ce: 1.7901 - val_loss: 1.8397 - learning_rate: 1.0000e-05
Epoch 2/20
387/387 - 12s - 31ms/step - accuracy: 0.2162 - ce: 1.7693 - loss: 1.8157 - val_accuracy: 0.2113 - val_ce: 1.7797 - val_loss: 1.8282 - learning_rate: 1.0000e-05
Epoch 3/20
387/387 - 12s - 31ms/step - accuracy: 0.2592 - ce: 1.7270 - loss: 1.7716 - val_accuracy: 0.2005 - val_ce: 1.7806 - val_loss: 1.8283 - learning_rate: 1.0000e-05
Epoch 4/20

Epoch 4: ReduceLROnPlateau reducing learning rate to 4.999999873689376e-06.
387/387 - 12s - 31ms/step - accuracy: 0.3130 - ce: 1.6544 - loss: 1.6955 - val_accuracy: 0.1970 - val_ce: 1.7886 - val_loss: 1.8359 - learning_rate: 1.0000e-05
Epoch 5/20
387/387 - 12s - 31ms/step - accuracy: 0.3828 - ce: 1.5439 - loss: 1.5827 - val_accuracy: 0.2041 - val_ce: 1.8086 - val_loss: 1.8557 - learning_rate: 5.0000e-06
Epoch 6/20

Epoch 6: ReduceLROnPlateau reducing learning rate to 2.499999936844688e-06.
387/387 - 12s - 31ms/step - accuracy: 0.4341 - ce: 1.4678 - loss: 1.5058 - val_accuracy: 0.2059 - val_ce: 1.8252 - val_loss: 1.8722 - learning_rate: 5.0000e-06
/usr/local/lib/python3.13/dist-packages/sklearn/metrics/_classification.py:3001: UserWarning: The y_pred values do not sum to one. Make sure to pass probabilities.
  warnings.warn(
/usr/local/lib/python3.13/dist-packages/sklearn/metrics/_classification.py:3001: UserWarning: The y_pred values do not sum to one. Make sure to pass probabilities.
  warnings.warn(
Fold 5: accuracy=0.2272  F1(w/m)=0.1780/0.1742  CE=1.7694  epochs=6  

CV mean ± std:
  accuracy               0.2081 ± 0.0171
  balanced_accuracy      0.2095 ± 0.0171
  mcc                    0.0498 ± 0.0220
  cross_entropy          1.7714 ± 0.0032
  roc_auc                0.5614 ± 0.0064
  precision_macro        0.2046 ± 0.0145
  recall_macro           0.2095 ± 0.0171
  f1_macro               0.1860 ± 0.0167
  precision_micro        0.2081 ± 0.0171
  recall_micro           0.2081 ± 0.0171
  f1_micro               0.2081 ± 0.0171
  precision_weighted     0.2047 ± 0.0148
  recall_weighted        0.2081 ± 0.0171
  f1_weighted            0.1858 ± 0.0149

===== Final training  06:50:29 =====
Class weights (balanced): Human-written=1.220  V1=0.854  V2=0.880  V3=0.971  V4=1.048  V5=1.126
Epoch 1/20
470/470 - 27s - 58ms/step - accuracy: 0.1534 - ce: 1.8052 - loss: 1.8394 - val_accuracy: 0.1494 - val_ce: 1.7919 - val_loss: 1.8122 - learning_rate: 1.0000e-04
Epoch 2/20
470/470 - 15s - 31ms/step - accuracy: 0.1374 - ce: 1.7921 - loss: 1.8064 - val_accuracy: 0.1439 - val_ce: 1.7918 - val_loss: 1.8024 - learning_rate: 1.0000e-04
Epoch 3/20
470/470 - 15s - 31ms/step - accuracy: 0.1399 - ce: 1.7920 - loss: 1.8003 - val_accuracy: 0.1439 - val_ce: 1.7918 - val_loss: 1.7986 - learning_rate: 1.0000e-04
Epoch 4/20
470/470 - 15s - 31ms/step - accuracy: 0.1366 - ce: 1.7920 - loss: 1.7975 - val_accuracy: 0.1439 - val_ce: 1.7918 - val_loss: 1.7965 - learning_rate: 1.0000e-04
Epoch 5/20

Epoch 5: ReduceLROnPlateau reducing learning rate to 4.999999873689376e-05.
470/470 - 15s - 31ms/step - accuracy: 0.1789 - ce: 1.7918 - loss: 1.7959 - val_accuracy: 0.1439 - val_ce: 1.7917 - val_loss: 1.7952 - learning_rate: 1.0000e-04
Epoch 6/20
470/470 - 15s - 31ms/step - accuracy: 0.1483 - ce: 1.7918 - loss: 1.7950 - val_accuracy: 0.1439 - val_ce: 1.7918 - val_loss: 1.7948 - learning_rate: 5.0000e-05
Epoch 7/20

Epoch 7: ReduceLROnPlateau reducing learning rate to 2.499999936844688e-05.
470/470 - 15s - 31ms/step - accuracy: 0.1542 - ce: 1.7918 - loss: 1.7946 - val_accuracy: 0.1439 - val_ce: 1.7918 - val_loss: 1.7943 - learning_rate: 5.0000e-05
Epoch 8/20
470/470 - 15s - 31ms/step - accuracy: 0.1398 - ce: 1.7918 - loss: 1.7942 - val_accuracy: 0.1439 - val_ce: 1.7918 - val_loss: 1.7941 - learning_rate: 2.5000e-05
Epoch 9/20

Epoch 9: ReduceLROnPlateau reducing learning rate to 1.249999968422344e-05.
470/470 - 15s - 31ms/step - accuracy: 0.1720 - ce: 1.7918 - loss: 1.7940 - val_accuracy: 0.1976 - val_ce: 1.7918 - val_loss: 1.7939 - learning_rate: 2.5000e-05
COLLAPSE: 100% of the validation predictions are in one class -> training is repeated once with lr 1e-05
Epoch 1/20
470/470 - 26s - 55ms/step - accuracy: 0.1809 - ce: 1.8333 - loss: 1.8854 - val_accuracy: 0.1695 - val_ce: 1.7940 - val_loss: 1.8428 - learning_rate: 1.0000e-05
Epoch 2/20
470/470 - 15s - 31ms/step - accuracy: 0.2021 - ce: 1.7729 - loss: 1.8195 - val_accuracy: 0.2030 - val_ce: 1.7810 - val_loss: 1.8278 - learning_rate: 1.0000e-05
Epoch 3/20
470/470 - 15s - 31ms/step - accuracy: 0.2361 - ce: 1.7431 - loss: 1.7859 - val_accuracy: 0.2067 - val_ce: 1.7637 - val_loss: 1.8092 - learning_rate: 1.0000e-05
Epoch 4/20
470/470 - 15s - 31ms/step - accuracy: 0.2775 - ce: 1.6895 - loss: 1.7283 - val_accuracy: 0.2152 - val_ce: 1.7605 - val_loss: 1.8052 - learning_rate: 1.0000e-05
Epoch 5/20
470/470 - 15s - 31ms/step - accuracy: 0.3237 - ce: 1.6235 - loss: 1.6594 - val_accuracy: 0.2171 - val_ce: 1.7647 - val_loss: 1.8089 - learning_rate: 1.0000e-05
Epoch 6/20

Epoch 6: ReduceLROnPlateau reducing learning rate to 4.999999873689376e-06.
470/470 - 15s - 31ms/step - accuracy: 0.3873 - ce: 1.5261 - loss: 1.5594 - val_accuracy: 0.2250 - val_ce: 1.7923 - val_loss: 1.8362 - learning_rate: 1.0000e-05
Epoch 7/20
470/470 - 15s - 31ms/step - accuracy: 0.4704 - ce: 1.3736 - loss: 1.4036 - val_accuracy: 0.2293 - val_ce: 1.8022 - val_loss: 1.8459 - learning_rate: 5.0000e-06
Epoch 8/20

Epoch 8: ReduceLROnPlateau reducing learning rate to 2.499999936844688e-06.
470/470 - 15s - 31ms/step - accuracy: 0.5203 - ce: 1.2875 - loss: 1.3163 - val_accuracy: 0.2274 - val_ce: 1.8380 - val_loss: 1.8817 - learning_rate: 5.0000e-06
/usr/local/lib/python3.13/dist-packages/sklearn/metrics/_classification.py:3001: UserWarning: The y_pred values do not sum to one. Make sure to pass probabilities.
  warnings.warn(
/usr/local/lib/python3.13/dist-packages/sklearn/metrics/_classification.py:3001: UserWarning: The y_pred values do not sum to one. Make sure to pass probabilities.
  warnings.warn(
               precision    recall  f1-score   support

Human-written     0.2964    0.3394    0.3165       221
           V1     0.2414    0.1300    0.1690       323
           V2     0.2080    0.3574    0.2630       291
           V3     0.2639    0.0766    0.1187       248
           V4     0.1798    0.3504    0.2377       234
           V5     0.2778    0.1096    0.1572       228

     accuracy                         0.2246      1545
    macro avg     0.2446    0.2272    0.2103      1545
 weighted avg     0.2426    0.2246    0.2084      1545

Class distribution all  : {'Human-written': 1482, 'V1': 2112, 'V2': 2020, 'V3': 1799, 'V4': 1693, 'V5': 1584}  ratio {'Human-written': 0.1386, 'V1': 0.1976, 'V2': 0.189, 'V3': 0.1683, 'V4': 0.1584, 'V5': 0.1482}
Class distribution train: {'Human-written': 1025, 'V1': 1465, 'V2': 1422, 'V3': 1288, 'V4': 1194, 'V5': 1111}  ratio {'Human-written': 0.1366, 'V1': 0.1952, 'V2': 0.1895, 'V3': 0.1716, 'V4': 0.1591, 'V5': 0.148}
Class distribution val  : {'Human-written': 236, 'V1': 324, 'V2': 307, 'V3': 263, 'V4': 265, 'V5': 245}  ratio {'Human-written': 0.1439, 'V1': 0.1976, 'V2': 0.1872, 'V3': 0.1604, 'V4': 0.1616, 'V5': 0.1494}
Class distribution test : {'Human-written': 221, 'V1': 323, 'V2': 291, 'V3': 248, 'V4': 234, 'V5': 228}  ratio {'Human-written': 0.143, 'V1': 0.2091, 'V2': 0.1883, 'V3': 0.1605, 'V4': 0.1515, 'V5': 0.1476}

subdataset15_graph_6class_group_cv  VGG19 (relu, dropout 0.1, lr 0.0001)
CV mean    acc=0.2081  F1 w/m/micro=0.1858/0.1860/0.2081  P_w=0.2047  R_w=0.2081  CE=1.7714  AUC=0.5614  MCC=0.0498
VALIDATION acc=0.2152  F1 w/m/micro=0.1969/0.1959/0.2152  P_w=0.2150  R_w=0.2152  CE=1.7605  AUC=0.5735  MCC=0.0563
TEST       acc=0.2246  F1 w/m/micro=0.2084/0.2103/0.2246  P_w=0.2426  R_w=0.2246  CE=1.7601  AUC=0.5754  MCC=0.0702
TEST 95% CI: accuracy=[0.2026, 0.2447]  f1_weighted=[0.1867, 0.2285]  f1_macro=[0.1881, 0.2299]  mcc=[0.0435, 0.0943]  balanced_accuracy=[0.2053, 0.2468]
Outputs: Experiments/subdataset15/Group-Based Split/results/subdataset15_graph_6class_group_cv
2026-10-03 06:55:26 FINISHED
