
====================================================================================================
2026-10-02 21:38:54  subdataset12_screenshot_human_vs_v5_snippet_cv  (config hash 98e82604ca3c)
Data    : Data/Subdataset_12
Classes : ['Human-written', 'V5']   Split: Snippet-Level Split
Model   : VGG19  activation=tanh  dropout=0.1  lr=0.0001  trained=base from block5_* on  preprocessing=caffe  L2=0.0001
Training: at most 20 epochs, early stopping val_ce patience 4, batch 16, 320x320 (no cropping), mixed precision True
Output  : Experiments/subdataset12/Snippet-Level Split/results/subdataset12_screenshot_human_vs_v5_snippet_cv
Human-written (label 0): 2236 images
V5  (label 1): 1986 images
Total 4222 images
Train     :  2954 (70.0%)  Human-written=1564 V5=1390
Validation:   634 (15.0%)  Human-written=336 V5=298
Test      :   634 (15.0%)  Human-written=336 V5=298
Fold 1: train=2870 (Human-written=1520 V5=1350)  evaluation=718 (Human-written=380 V5=338)
Fold 2: train=2870 (Human-written=1520 V5=1350)  evaluation=718 (Human-written=380 V5=338)
Fold 3: train=2870 (Human-written=1520 V5=1350)  evaluation=718 (Human-written=380 V5=338)
Fold 4: train=2871 (Human-written=1520 V5=1351)  evaluation=717 (Human-written=380 V5=337)
Fold 5: train=2871 (Human-written=1520 V5=1351)  evaluation=717 (Human-written=380 V5=337)
Leakage check PASSED.
TensorFlow 2.20.0 | GPU: [PhysicalDevice(name='/physical_device:GPU:0', device_type='GPU')]
Mixed precision: mixed_float16 (output layer float32)
Images loaded: 4222, 1.3 GB, 19 s

===== Fold 1/5  21:39:16 =====
Class weights (balanced): Human-written=0.944  V5=1.063
Model: base 22 layers, trained base layers 5 (first: block5_conv1); trained parameters 9,702,401 / 20,287,553
Epoch 1/20
153/153 - 22s - 145ms/step - accuracy: 0.6490 - ce: 0.6407 - loss: 0.6858 - val_accuracy: 0.6821 - val_ce: 0.6017 - val_loss: 0.6400 - learning_rate: 1.0000e-04
Epoch 2/20
153/153 - 5s - 33ms/step - accuracy: 0.7212 - ce: 0.5534 - loss: 0.5859 - val_accuracy: 0.7030 - val_ce: 0.5580 - val_loss: 0.5845 - learning_rate: 1.0000e-04
Epoch 3/20
153/153 - 5s - 33ms/step - accuracy: 0.7712 - ce: 0.4844 - loss: 0.5073 - val_accuracy: 0.7494 - val_ce: 0.5286 - val_loss: 0.5481 - learning_rate: 1.0000e-04
Epoch 4/20
153/153 - 5s - 32ms/step - accuracy: 0.8036 - ce: 0.4319 - loss: 0.4485 - val_accuracy: 0.7285 - val_ce: 0.6375 - val_loss: 0.6529 - learning_rate: 1.0000e-04
Epoch 5/20

Epoch 5: ReduceLROnPlateau reducing learning rate to 4.999999873689376e-05.
153/153 - 5s - 33ms/step - accuracy: 0.8389 - ce: 0.3800 - loss: 0.3938 - val_accuracy: 0.7123 - val_ce: 0.6459 - val_loss: 0.6588 - learning_rate: 1.0000e-04
Epoch 6/20
153/153 - 5s - 32ms/step - accuracy: 0.8774 - ce: 0.2808 - loss: 0.2927 - val_accuracy: 0.6984 - val_ce: 0.7516 - val_loss: 0.7637 - learning_rate: 5.0000e-05
Epoch 7/20

Epoch 7: ReduceLROnPlateau reducing learning rate to 2.499999936844688e-05.
153/153 - 5s - 33ms/step - accuracy: 0.9139 - ce: 0.2213 - loss: 0.2320 - val_accuracy: 0.7216 - val_ce: 0.7460 - val_loss: 0.7574 - learning_rate: 5.0000e-05
Fold 1: accuracy=0.7632  F1(w/m)=0.7602/0.7582  CE=0.4934  epochs=7  

===== Fold 2/5  21:40:18 =====
Class weights (balanced): Human-written=0.944  V5=1.063
Epoch 1/20
153/153 - 15s - 100ms/step - accuracy: 0.6363 - ce: 0.6529 - loss: 0.6983 - val_accuracy: 0.7425 - val_ce: 0.5323 - val_loss: 0.5710 - learning_rate: 1.0000e-04
Epoch 2/20
153/153 - 5s - 33ms/step - accuracy: 0.7261 - ce: 0.5557 - loss: 0.5893 - val_accuracy: 0.7239 - val_ce: 0.5862 - val_loss: 0.6173 - learning_rate: 1.0000e-04
Epoch 3/20
153/153 - 5s - 33ms/step - accuracy: 0.7655 - ce: 0.5045 - loss: 0.5317 - val_accuracy: 0.7541 - val_ce: 0.5163 - val_loss: 0.5423 - learning_rate: 1.0000e-04
Epoch 4/20
153/153 - 5s - 33ms/step - accuracy: 0.7962 - ce: 0.4545 - loss: 0.4789 - val_accuracy: 0.7517 - val_ce: 0.4933 - val_loss: 0.5161 - learning_rate: 1.0000e-04
Epoch 5/20
153/153 - 5s - 33ms/step - accuracy: 0.8216 - ce: 0.4078 - loss: 0.4293 - val_accuracy: 0.7703 - val_ce: 0.4755 - val_loss: 0.4961 - learning_rate: 1.0000e-04
Epoch 6/20
153/153 - 5s - 32ms/step - accuracy: 0.8430 - ce: 0.3575 - loss: 0.3775 - val_accuracy: 0.7680 - val_ce: 0.5669 - val_loss: 0.5858 - learning_rate: 1.0000e-04
Epoch 7/20

Epoch 7: ReduceLROnPlateau reducing learning rate to 4.999999873689376e-05.
153/153 - 5s - 33ms/step - accuracy: 0.8807 - ce: 0.3122 - loss: 0.3301 - val_accuracy: 0.7216 - val_ce: 0.6182 - val_loss: 0.6360 - learning_rate: 1.0000e-04
Epoch 8/20
153/153 - 5s - 33ms/step - accuracy: 0.9287 - ce: 0.1798 - loss: 0.1980 - val_accuracy: 0.7680 - val_ce: 0.7200 - val_loss: 0.7372 - learning_rate: 5.0000e-05
Epoch 9/20

Epoch 9: ReduceLROnPlateau reducing learning rate to 2.499999936844688e-05.
153/153 - 5s - 32ms/step - accuracy: 0.9557 - ce: 0.1107 - loss: 0.1284 - val_accuracy: 0.7587 - val_ce: 0.9351 - val_loss: 0.9518 - learning_rate: 5.0000e-05
Fold 2: accuracy=0.7409  F1(w/m)=0.7412/0.7407  CE=0.5326  epochs=9  

===== Fold 3/5  21:41:19 =====
Class weights (balanced): Human-written=0.944  V5=1.063
Epoch 1/20
153/153 - 15s - 101ms/step - accuracy: 0.5523 - ce: 0.7162 - loss: 0.7621 - val_accuracy: 0.6265 - val_ce: 0.6493 - val_loss: 0.6901 - learning_rate: 1.0000e-04
Epoch 2/20
153/153 - 5s - 33ms/step - accuracy: 0.7056 - ce: 0.5854 - loss: 0.6206 - val_accuracy: 0.7285 - val_ce: 0.5649 - val_loss: 0.5948 - learning_rate: 1.0000e-04
Epoch 3/20
153/153 - 5s - 33ms/step - accuracy: 0.7388 - ce: 0.5365 - loss: 0.5612 - val_accuracy: 0.7541 - val_ce: 0.4975 - val_loss: 0.5186 - learning_rate: 1.0000e-04
Epoch 4/20
153/153 - 5s - 33ms/step - accuracy: 0.7683 - ce: 0.4765 - loss: 0.4947 - val_accuracy: 0.7494 - val_ce: 0.4867 - val_loss: 0.5022 - learning_rate: 1.0000e-04
Epoch 5/20
153/153 - 5s - 33ms/step - accuracy: 0.7999 - ce: 0.4321 - loss: 0.4450 - val_accuracy: 0.7657 - val_ce: 0.4820 - val_loss: 0.4941 - learning_rate: 1.0000e-04
Epoch 6/20
153/153 - 5s - 33ms/step - accuracy: 0.8233 - ce: 0.3852 - loss: 0.3958 - val_accuracy: 0.7401 - val_ce: 0.5170 - val_loss: 0.5271 - learning_rate: 1.0000e-04
Epoch 7/20

Epoch 7: ReduceLROnPlateau reducing learning rate to 4.999999873689376e-05.
153/153 - 5s - 33ms/step - accuracy: 0.8598 - ce: 0.3187 - loss: 0.3287 - val_accuracy: 0.7587 - val_ce: 0.5123 - val_loss: 0.5211 - learning_rate: 1.0000e-04
Epoch 8/20
153/153 - 5s - 33ms/step - accuracy: 0.9217 - ce: 0.2052 - loss: 0.2145 - val_accuracy: 0.7657 - val_ce: 0.6046 - val_loss: 0.6128 - learning_rate: 5.0000e-05
Epoch 9/20

Epoch 9: ReduceLROnPlateau reducing learning rate to 2.499999936844688e-05.
153/153 - 5s - 33ms/step - accuracy: 0.9422 - ce: 0.1633 - loss: 0.1706 - val_accuracy: 0.7633 - val_ce: 0.7802 - val_loss: 0.7880 - learning_rate: 5.0000e-05
Fold 3: accuracy=0.7758  F1(w/m)=0.7759/0.7754  CE=0.4760  epochs=9  

===== Fold 4/5  21:42:21 =====
Class weights (balanced): Human-written=0.944  V5=1.063
Epoch 1/20
153/153 - 17s - 113ms/step - accuracy: 0.6328 - ce: 0.6441 - loss: 0.6905 - val_accuracy: 0.7007 - val_ce: 0.5678 - val_loss: 0.6064 - learning_rate: 1.0000e-04
Epoch 2/20
153/153 - 5s - 33ms/step - accuracy: 0.7299 - ce: 0.5504 - loss: 0.5869 - val_accuracy: 0.7193 - val_ce: 0.5400 - val_loss: 0.5715 - learning_rate: 1.0000e-04
Epoch 3/20
153/153 - 5s - 33ms/step - accuracy: 0.7631 - ce: 0.4924 - loss: 0.5210 - val_accuracy: 0.7726 - val_ce: 0.4854 - val_loss: 0.5120 - learning_rate: 1.0000e-04
Epoch 4/20
153/153 - 5s - 32ms/step - accuracy: 0.7988 - ce: 0.4444 - loss: 0.4691 - val_accuracy: 0.7633 - val_ce: 0.5117 - val_loss: 0.5351 - learning_rate: 1.0000e-04
Epoch 5/20

Epoch 5: ReduceLROnPlateau reducing learning rate to 4.999999873689376e-05.
153/153 - 5s - 33ms/step - accuracy: 0.8311 - ce: 0.3795 - loss: 0.4015 - val_accuracy: 0.7680 - val_ce: 0.5324 - val_loss: 0.5532 - learning_rate: 1.0000e-04
Epoch 6/20
153/153 - 5s - 33ms/step - accuracy: 0.8787 - ce: 0.2956 - loss: 0.3164 - val_accuracy: 0.7517 - val_ce: 0.6385 - val_loss: 0.6584 - learning_rate: 5.0000e-05
Epoch 7/20

Epoch 7: ReduceLROnPlateau reducing learning rate to 2.499999936844688e-05.
153/153 - 5s - 33ms/step - accuracy: 0.9053 - ce: 0.2321 - loss: 0.2508 - val_accuracy: 0.7680 - val_ce: 0.5762 - val_loss: 0.5952 - learning_rate: 5.0000e-05
Fold 4: accuracy=0.7350  F1(w/m)=0.7319/0.7296  CE=0.5226  epochs=7  

===== Fold 5/5  21:43:16 =====
Class weights (balanced): Human-written=0.944  V5=1.063
Epoch 1/20
153/153 - 16s - 101ms/step - accuracy: 0.6299 - ce: 0.6600 - loss: 0.7094 - val_accuracy: 0.6984 - val_ce: 0.6116 - val_loss: 0.6541 - learning_rate: 1.0000e-04
Epoch 2/20
153/153 - 5s - 33ms/step - accuracy: 0.7193 - ce: 0.5569 - loss: 0.5967 - val_accuracy: 0.7935 - val_ce: 0.5038 - val_loss: 0.5393 - learning_rate: 1.0000e-04
Epoch 3/20
153/153 - 5s - 33ms/step - accuracy: 0.7586 - ce: 0.4901 - loss: 0.5233 - val_accuracy: 0.7633 - val_ce: 0.4834 - val_loss: 0.5128 - learning_rate: 1.0000e-04
Epoch 4/20
153/153 - 5s - 33ms/step - accuracy: 0.7824 - ce: 0.4581 - loss: 0.4851 - val_accuracy: 0.7749 - val_ce: 0.4820 - val_loss: 0.5080 - learning_rate: 1.0000e-04
Epoch 5/20
153/153 - 5s - 33ms/step - accuracy: 0.8209 - ce: 0.3931 - loss: 0.4180 - val_accuracy: 0.7587 - val_ce: 0.5158 - val_loss: 0.5393 - learning_rate: 1.0000e-04
Epoch 6/20

Epoch 6: ReduceLROnPlateau reducing learning rate to 4.999999873689376e-05.
153/153 - 5s - 33ms/step - accuracy: 0.8623 - ce: 0.3348 - loss: 0.3575 - val_accuracy: 0.7680 - val_ce: 0.5503 - val_loss: 0.5720 - learning_rate: 1.0000e-04
Epoch 7/20
153/153 - 5s - 33ms/step - accuracy: 0.9025 - ce: 0.2235 - loss: 0.2455 - val_accuracy: 0.7657 - val_ce: 0.6275 - val_loss: 0.6486 - learning_rate: 5.0000e-05
Epoch 8/20

Epoch 8: ReduceLROnPlateau reducing learning rate to 2.499999936844688e-05.
153/153 - 5s - 33ms/step - accuracy: 0.9307 - ce: 0.1652 - loss: 0.1860 - val_accuracy: 0.7680 - val_ce: 0.7508 - val_loss: 0.7712 - learning_rate: 5.0000e-05
Fold 5: accuracy=0.7727  F1(w/m)=0.7728/0.7722  CE=0.4898  epochs=8  

CV mean ± std:
  accuracy               0.7575 ± 0.0185
  balanced_accuracy      0.7554 ± 0.0200
  mcc                    0.5153 ± 0.0371
  cross_entropy          0.5029 ± 0.0238
  roc_auc                0.8398 ± 0.0153
  precision_macro        0.7599 ± 0.0177
  recall_macro           0.7554 ± 0.0200
  f1_macro               0.7552 ± 0.0198
  precision_micro        0.7575 ± 0.0185
  recall_micro           0.7575 ± 0.0185
  f1_micro               0.7575 ± 0.0185
  precision_weighted     0.7601 ± 0.0179
  recall_weighted        0.7575 ± 0.0185
  f1_weighted            0.7564 ± 0.0193

===== Final training  21:44:12 =====
Class weights (balanced): Human-written=0.944  V5=1.063
Epoch 1/20
185/185 - 19s - 100ms/step - accuracy: 0.6523 - ce: 0.6457 - loss: 0.6908 - val_accuracy: 0.7729 - val_ce: 0.5532 - val_loss: 0.5928 - learning_rate: 1.0000e-04
Epoch 2/20
185/185 - 6s - 33ms/step - accuracy: 0.7376 - ce: 0.5314 - loss: 0.5665 - val_accuracy: 0.7508 - val_ce: 0.5417 - val_loss: 0.5736 - learning_rate: 1.0000e-04
Epoch 3/20
185/185 - 6s - 34ms/step - accuracy: 0.7647 - ce: 0.4874 - loss: 0.5165 - val_accuracy: 0.7744 - val_ce: 0.4826 - val_loss: 0.5097 - learning_rate: 1.0000e-04
Epoch 4/20
185/185 - 6s - 33ms/step - accuracy: 0.7969 - ce: 0.4370 - loss: 0.4621 - val_accuracy: 0.7634 - val_ce: 0.4964 - val_loss: 0.5204 - learning_rate: 1.0000e-04
Epoch 5/20

Epoch 5: ReduceLROnPlateau reducing learning rate to 4.999999873689376e-05.
185/185 - 6s - 34ms/step - accuracy: 0.8358 - ce: 0.3756 - loss: 0.3984 - val_accuracy: 0.7666 - val_ce: 0.5887 - val_loss: 0.6105 - learning_rate: 1.0000e-04
Epoch 6/20
185/185 - 6s - 33ms/step - accuracy: 0.8710 - ce: 0.2988 - loss: 0.3194 - val_accuracy: 0.7697 - val_ce: 0.6507 - val_loss: 0.6715 - learning_rate: 5.0000e-05
Epoch 7/20

Epoch 7: ReduceLROnPlateau reducing learning rate to 2.499999936844688e-05.
185/185 - 6s - 33ms/step - accuracy: 0.9022 - ce: 0.2293 - loss: 0.2492 - val_accuracy: 0.7319 - val_ce: 0.7995 - val_loss: 0.8195 - learning_rate: 5.0000e-05
               precision    recall  f1-score   support

Human-written     0.8030    0.7887    0.7958       336
           V5     0.7664    0.7819    0.7741       298

     accuracy                         0.7855       634
    macro avg     0.7847    0.7853    0.7849       634
 weighted avg     0.7858    0.7855    0.7856       634

Class distribution all  : {'Human-written': 2236, 'V5': 1986}  ratio {'Human-written': 0.5296, 'V5': 0.4704}
Class distribution train: {'Human-written': 1564, 'V5': 1390}  ratio {'Human-written': 0.5295, 'V5': 0.4705}
Class distribution val  : {'Human-written': 336, 'V5': 298}  ratio {'Human-written': 0.53, 'V5': 0.47}
Class distribution test : {'Human-written': 336, 'V5': 298}  ratio {'Human-written': 0.53, 'V5': 0.47}

subdataset12_screenshot_human_vs_v5_snippet_cv  VGG19 (tanh, dropout 0.1, lr 0.0001)
CV mean    acc=0.7575  F1 w/m/micro=0.7564/0.7552/0.7575  P_w=0.7601  R_w=0.7575  CE=0.5029  AUC=0.8398  MCC=0.5153
VALIDATION acc=0.7744  F1 w/m/micro=0.7743/0.7733/0.7744  P_w=0.7743  R_w=0.7744  CE=0.4826  AUC=0.8614  MCC=0.5468
TEST       acc=0.7855  F1 w/m/micro=0.7856/0.7849/0.7855  P_w=0.7858  R_w=0.7855  CE=0.4884  AUC=0.8584  MCC=0.5700
TEST 95% CI: accuracy=[0.7524, 0.8170]  f1_weighted=[0.7525, 0.8171]  f1_macro=[0.7514, 0.8158]  mcc=[0.5040, 0.6327]  balanced_accuracy=[0.7523, 0.8169]
Outputs: Experiments/subdataset12/Snippet-Level Split/results/subdataset12_screenshot_human_vs_v5_snippet_cv
2026-10-02 21:45:20 FINISHED
