
====================================================================================================
2026-10-03 05:47:55  subdataset15_graph_human_vs_v3_group_cv  (config hash d67b84deb0b7)
Data    : Data/Subdataset_15
Classes : ['Human-written', 'V3']   Split: Group-Based Split
Model   : VGG19  activation=relu  dropout=0.1  lr=0.0001  trained=base from block5_* on  preprocessing=caffe  L2=0.0001
Training: at most 20 epochs, early stopping val_ce patience 4, batch 16, 320x320 (no cropping), mixed precision True
Output  : Experiments/subdataset15/Group-Based Split/results/subdataset15_graph_human_vs_v3_group_cv
Human-written (label 0): 1482 images
V3  (label 1): 1799 images
Total 3281 images
Groups: {'n_groups': 1882, 'groups_with_human_and_version': 1231, 'groups_with_all_classes': 1231, 'human_only_groups': 235, 'groups_without_human': 416, 'match_ratio': 0.6540913921360255, 'groups_merged_by_content': 0}
CHECK 4: human/version pairs found with the simple rule 1283, in different groups 0
Files whose folder and version tag in the name do not match (data unchanged): 56
Train     :  2298 (70.0%)  Human-written=1042 V3=1256
Validation:   497 (15.1%)  Human-written=221 V3=276
Test      :   486 (14.8%)  Human-written=219 V3=267
Fold 1: train=2238 (Human-written=1007 V3=1231)  evaluation=557 (Human-written=256 V3=301)
Fold 2: train=2210 (Human-written=1003 V3=1207)  evaluation=585 (Human-written=260 V3=325)
Fold 3: train=2252 (Human-written=1016 V3=1236)  evaluation=543 (Human-written=247 V3=296)
Fold 4: train=2237 (Human-written=1006 V3=1231)  evaluation=558 (Human-written=257 V3=301)
Fold 5: train=2243 (Human-written=1020 V3=1223)  evaluation=552 (Human-written=243 V3=309)
Leakage check PASSED.
TensorFlow 2.20.0 | GPU: [PhysicalDevice(name='/physical_device:GPU:0', device_type='GPU')]
Mixed precision: mixed_float16 (output layer float32)
Images loaded: 3281, 1.0 GB, 4 s

===== Fold 1/5  05:48:04 =====
Class weights (balanced): Human-written=1.123  V3=0.902
Model: base 22 layers, trained base layers 5 (first: block5_conv1); trained parameters 9,702,401 / 20,287,553
Epoch 1/20
119/119 - 16s - 136ms/step - accuracy: 0.5152 - ce: 0.7439 - loss: 0.7857 - val_accuracy: 0.5269 - val_ce: 0.6929 - val_loss: 0.7348 - learning_rate: 1.0000e-04
Epoch 2/20
119/119 - 4s - 33ms/step - accuracy: 0.5068 - ce: 0.6960 - loss: 0.7312 - val_accuracy: 0.4760 - val_ce: 0.6864 - val_loss: 0.7200 - learning_rate: 1.0000e-04
Epoch 3/20
119/119 - 4s - 34ms/step - accuracy: 0.5630 - ce: 0.7332 - loss: 0.7543 - val_accuracy: 0.5599 - val_ce: 0.6741 - val_loss: 0.7020 - learning_rate: 1.0000e-04
Epoch 4/20
119/119 - 4s - 33ms/step - accuracy: 0.5977 - ce: 0.6953 - loss: 0.7163 - val_accuracy: 0.5449 - val_ce: 0.6865 - val_loss: 0.7099 - learning_rate: 1.0000e-04
Epoch 5/20

Epoch 5: ReduceLROnPlateau reducing learning rate to 4.999999873689376e-05.
119/119 - 4s - 33ms/step - accuracy: 0.6155 - ce: 0.6797 - loss: 0.6961 - val_accuracy: 0.5749 - val_ce: 0.7299 - val_loss: 0.7498 - learning_rate: 1.0000e-04
Epoch 6/20
119/119 - 4s - 34ms/step - accuracy: 0.6250 - ce: 0.6527 - loss: 0.6686 - val_accuracy: 0.5928 - val_ce: 0.6707 - val_loss: 0.6892 - learning_rate: 5.0000e-05
Epoch 7/20
119/119 - 4s - 34ms/step - accuracy: 0.6639 - ce: 0.6138 - loss: 0.6348 - val_accuracy: 0.6198 - val_ce: 0.6502 - val_loss: 0.6675 - learning_rate: 5.0000e-05
Epoch 8/20
119/119 - 4s - 33ms/step - accuracy: 0.6996 - ce: 0.5452 - loss: 0.5682 - val_accuracy: 0.6347 - val_ce: 0.7749 - val_loss: 0.7913 - learning_rate: 5.0000e-05
Epoch 9/20

Epoch 9: ReduceLROnPlateau reducing learning rate to 2.499999936844688e-05.
119/119 - 4s - 33ms/step - accuracy: 0.7820 - ce: 0.4360 - loss: 0.4590 - val_accuracy: 0.6856 - val_ce: 0.8337 - val_loss: 0.8492 - learning_rate: 5.0000e-05
Epoch 10/20
119/119 - 4s - 33ms/step - accuracy: 0.8692 - ce: 0.2905 - loss: 0.3125 - val_accuracy: 0.6557 - val_ce: 1.2654 - val_loss: 1.2805 - learning_rate: 2.5000e-05
Epoch 11/20

Epoch 11: ReduceLROnPlateau reducing learning rate to 1.249999968422344e-05.
119/119 - 4s - 34ms/step - accuracy: 0.9233 - ce: 0.1721 - loss: 0.1876 - val_accuracy: 0.6707 - val_ce: 1.6327 - val_loss: 1.6475 - learning_rate: 2.5000e-05
Fold 1: accuracy=0.5943  F1(w/m)=0.5421/0.5278  CE=0.6866  epochs=11  

===== Fold 2/5  05:49:08 =====
Class weights (balanced): Human-written=1.094  V3=0.921
Epoch 1/20
118/118 - 18s - 148ms/step - accuracy: 0.5133 - ce: 0.7193 - loss: 0.7678 - val_accuracy: 0.5636 - val_ce: 0.6926 - val_loss: 0.7331 - learning_rate: 1.0000e-04
Epoch 2/20
118/118 - 4s - 33ms/step - accuracy: 0.4787 - ce: 0.6935 - loss: 0.7293 - val_accuracy: 0.4364 - val_ce: 0.6933 - val_loss: 0.7245 - learning_rate: 1.0000e-04
Epoch 3/20

Epoch 3: ReduceLROnPlateau reducing learning rate to 4.999999873689376e-05.
118/118 - 4s - 33ms/step - accuracy: 0.4862 - ce: 0.6932 - loss: 0.7209 - val_accuracy: 0.5636 - val_ce: 0.6931 - val_loss: 0.7177 - learning_rate: 1.0000e-04
Epoch 4/20
118/118 - 4s - 33ms/step - accuracy: 0.5106 - ce: 0.6932 - loss: 0.7164 - val_accuracy: 0.4364 - val_ce: 0.6932 - val_loss: 0.7151 - learning_rate: 5.0000e-05
Epoch 5/20

Epoch 5: ReduceLROnPlateau reducing learning rate to 2.499999936844688e-05.
118/118 - 4s - 33ms/step - accuracy: 0.4856 - ce: 0.6932 - loss: 0.7139 - val_accuracy: 0.5636 - val_ce: 0.6931 - val_loss: 0.7128 - learning_rate: 5.0000e-05
COLLAPSE: 99% of the validation predictions are in one class -> training is repeated once with lr 1e-05
Epoch 1/20
118/118 - 14s - 120ms/step - accuracy: 0.5819 - ce: 0.7039 - loss: 0.7548 - val_accuracy: 0.6152 - val_ce: 0.6406 - val_loss: 0.6914 - learning_rate: 1.0000e-05
Epoch 2/20
118/118 - 4s - 34ms/step - accuracy: 0.6952 - ce: 0.5732 - loss: 0.6246 - val_accuracy: 0.6636 - val_ce: 0.6205 - val_loss: 0.6710 - learning_rate: 1.0000e-05
Epoch 3/20
118/118 - 4s - 33ms/step - accuracy: 0.7814 - ce: 0.4736 - loss: 0.5239 - val_accuracy: 0.6758 - val_ce: 0.6228 - val_loss: 0.6730 - learning_rate: 1.0000e-05
Epoch 4/20

Epoch 4: ReduceLROnPlateau reducing learning rate to 4.999999873689376e-06.
118/118 - 4s - 33ms/step - accuracy: 0.8287 - ce: 0.3894 - loss: 0.4406 - val_accuracy: 0.6545 - val_ce: 0.6629 - val_loss: 0.7129 - learning_rate: 1.0000e-05
Epoch 5/20
118/118 - 4s - 33ms/step - accuracy: 0.9053 - ce: 0.2715 - loss: 0.3224 - val_accuracy: 0.6727 - val_ce: 0.6903 - val_loss: 0.7402 - learning_rate: 5.0000e-06
Epoch 6/20

Epoch 6: ReduceLROnPlateau reducing learning rate to 2.499999936844688e-06.
118/118 - 4s - 33ms/step - accuracy: 0.9271 - ce: 0.2169 - loss: 0.2680 - val_accuracy: 0.6121 - val_ce: 0.8359 - val_loss: 0.8858 - learning_rate: 5.0000e-06
Fold 2: accuracy=0.6701  F1(w/m)=0.6658/0.6589  CE=0.6049  epochs=6  

===== Fold 3/5  05:50:26 =====
Class weights (balanced): Human-written=1.106  V3=0.912
Epoch 1/20
120/120 - 15s - 129ms/step - accuracy: 0.5413 - ce: 0.7445 - loss: 0.7862 - val_accuracy: 0.5794 - val_ce: 0.6876 - val_loss: 0.7296 - learning_rate: 1.0000e-04
Epoch 2/20
120/120 - 4s - 33ms/step - accuracy: 0.5957 - ce: 0.6837 - loss: 0.7192 - val_accuracy: 0.5676 - val_ce: 0.7892 - val_loss: 0.8226 - learning_rate: 1.0000e-04
Epoch 3/20
120/120 - 4s - 33ms/step - accuracy: 0.5900 - ce: 0.6868 - loss: 0.7157 - val_accuracy: 0.6176 - val_ce: 0.6689 - val_loss: 0.6963 - learning_rate: 1.0000e-04
Epoch 4/20
120/120 - 4s - 33ms/step - accuracy: 0.6056 - ce: 0.6932 - loss: 0.7125 - val_accuracy: 0.5941 - val_ce: 0.6769 - val_loss: 0.6999 - learning_rate: 1.0000e-04
Epoch 5/20
120/120 - 4s - 33ms/step - accuracy: 0.6114 - ce: 0.6658 - loss: 0.6863 - val_accuracy: 0.6559 - val_ce: 0.6602 - val_loss: 0.6797 - learning_rate: 1.0000e-04
Epoch 6/20
120/120 - 4s - 33ms/step - accuracy: 0.6318 - ce: 0.6623 - loss: 0.6774 - val_accuracy: 0.6206 - val_ce: 0.6567 - val_loss: 0.6736 - learning_rate: 1.0000e-04
Epoch 7/20
120/120 - 4s - 34ms/step - accuracy: 0.6527 - ce: 0.6432 - loss: 0.6558 - val_accuracy: 0.6500 - val_ce: 0.6763 - val_loss: 0.6912 - learning_rate: 1.0000e-04
Epoch 8/20
120/120 - 4s - 33ms/step - accuracy: 0.6862 - ce: 0.6042 - loss: 0.6174 - val_accuracy: 0.6618 - val_ce: 0.6401 - val_loss: 0.6536 - learning_rate: 1.0000e-04
Epoch 9/20
120/120 - 4s - 33ms/step - accuracy: 0.7610 - ce: 0.5280 - loss: 0.5448 - val_accuracy: 0.6382 - val_ce: 0.7141 - val_loss: 0.7265 - learning_rate: 1.0000e-04
Epoch 10/20

Epoch 10: ReduceLROnPlateau reducing learning rate to 4.999999873689376e-05.
120/120 - 4s - 33ms/step - accuracy: 0.8149 - ce: 0.4262 - loss: 0.4381 - val_accuracy: 0.6265 - val_ce: 0.8317 - val_loss: 0.8432 - learning_rate: 1.0000e-04
Epoch 11/20
120/120 - 4s - 33ms/step - accuracy: 0.9153 - ce: 0.2299 - loss: 0.2453 - val_accuracy: 0.6676 - val_ce: 1.2701 - val_loss: 1.2810 - learning_rate: 5.0000e-05
Epoch 12/20

Epoch 12: ReduceLROnPlateau reducing learning rate to 2.499999936844688e-05.
120/120 - 4s - 33ms/step - accuracy: 0.9535 - ce: 0.1356 - loss: 0.1511 - val_accuracy: 0.6353 - val_ce: 1.6508 - val_loss: 1.6613 - learning_rate: 5.0000e-05
Fold 3: accuracy=0.6041  F1(w/m)=0.5965/0.5896  CE=0.6816  epochs=12  

===== Fold 4/5  05:51:32 =====
Class weights (balanced): Human-written=1.114  V3=0.907
Epoch 1/20
119/119 - 14s - 116ms/step - accuracy: 0.5750 - ce: 0.7306 - loss: 0.7810 - val_accuracy: 0.6042 - val_ce: 0.6763 - val_loss: 0.7179 - learning_rate: 1.0000e-04
Epoch 2/20
119/119 - 4s - 34ms/step - accuracy: 0.5618 - ce: 0.7017 - loss: 0.7337 - val_accuracy: 0.5952 - val_ce: 0.6713 - val_loss: 0.7034 - learning_rate: 1.0000e-04
Epoch 3/20
119/119 - 4s - 33ms/step - accuracy: 0.5723 - ce: 0.6808 - loss: 0.7063 - val_accuracy: 0.5893 - val_ce: 0.6669 - val_loss: 0.6924 - learning_rate: 1.0000e-04
Epoch 4/20
119/119 - 4s - 34ms/step - accuracy: 0.5939 - ce: 0.6859 - loss: 0.7075 - val_accuracy: 0.5893 - val_ce: 0.6732 - val_loss: 0.6950 - learning_rate: 1.0000e-04
Epoch 5/20
119/119 - 4s - 34ms/step - accuracy: 0.6549 - ce: 0.6426 - loss: 0.6602 - val_accuracy: 0.6607 - val_ce: 0.6296 - val_loss: 0.6487 - learning_rate: 1.0000e-04
Epoch 6/20
119/119 - 4s - 33ms/step - accuracy: 0.7317 - ce: 0.5377 - loss: 0.5540 - val_accuracy: 0.6339 - val_ce: 0.7209 - val_loss: 0.7383 - learning_rate: 1.0000e-04
Epoch 7/20

Epoch 7: ReduceLROnPlateau reducing learning rate to 4.999999873689376e-05.
119/119 - 4s - 33ms/step - accuracy: 0.8112 - ce: 0.4261 - loss: 0.4428 - val_accuracy: 0.6875 - val_ce: 0.6482 - val_loss: 0.6640 - learning_rate: 1.0000e-04
Epoch 8/20
119/119 - 4s - 33ms/step - accuracy: 0.9179 - ce: 0.2063 - loss: 0.2250 - val_accuracy: 0.6190 - val_ce: 1.4917 - val_loss: 1.5068 - learning_rate: 5.0000e-05
Epoch 9/20

Epoch 9: ReduceLROnPlateau reducing learning rate to 2.499999936844688e-05.
119/119 - 4s - 33ms/step - accuracy: 0.9737 - ce: 0.0683 - loss: 0.0828 - val_accuracy: 0.6756 - val_ce: 1.5650 - val_loss: 1.5793 - learning_rate: 5.0000e-05
Fold 4: accuracy=0.6523  F1(w/m)=0.6521/0.6497  CE=0.6345  epochs=9  

===== Fold 5/5  05:52:23 =====
Class weights (balanced): Human-written=1.093  V3=0.922
Epoch 1/20
119/119 - 16s - 135ms/step - accuracy: 0.5405 - ce: 0.7314 - loss: 0.7761 - val_accuracy: 0.5601 - val_ce: 0.6876 - val_loss: 0.7304 - learning_rate: 1.0000e-04
Epoch 2/20
119/119 - 4s - 34ms/step - accuracy: 0.5810 - ce: 0.6914 - loss: 0.7289 - val_accuracy: 0.5836 - val_ce: 0.6755 - val_loss: 0.7104 - learning_rate: 1.0000e-04
Epoch 3/20
119/119 - 4s - 34ms/step - accuracy: 0.5846 - ce: 0.6931 - loss: 0.7211 - val_accuracy: 0.6217 - val_ce: 0.6604 - val_loss: 0.6899 - learning_rate: 1.0000e-04
Epoch 4/20
119/119 - 4s - 33ms/step - accuracy: 0.6020 - ce: 0.6872 - loss: 0.7085 - val_accuracy: 0.5982 - val_ce: 0.6855 - val_loss: 0.7109 - learning_rate: 1.0000e-04
Epoch 5/20

Epoch 5: ReduceLROnPlateau reducing learning rate to 4.999999873689376e-05.
119/119 - 4s - 33ms/step - accuracy: 0.6272 - ce: 0.6655 - loss: 0.6893 - val_accuracy: 0.5777 - val_ce: 0.6734 - val_loss: 0.6959 - learning_rate: 1.0000e-04
Epoch 6/20
119/119 - 4s - 34ms/step - accuracy: 0.6782 - ce: 0.6090 - loss: 0.6298 - val_accuracy: 0.6569 - val_ce: 0.6283 - val_loss: 0.6497 - learning_rate: 5.0000e-05
Epoch 7/20
119/119 - 4s - 33ms/step - accuracy: 0.7319 - ce: 0.5362 - loss: 0.5566 - val_accuracy: 0.6657 - val_ce: 0.6785 - val_loss: 0.6989 - learning_rate: 5.0000e-05
Epoch 8/20

Epoch 8: ReduceLROnPlateau reducing learning rate to 2.499999936844688e-05.
119/119 - 4s - 33ms/step - accuracy: 0.8170 - ce: 0.4251 - loss: 0.4463 - val_accuracy: 0.6481 - val_ce: 0.8270 - val_loss: 0.8466 - learning_rate: 5.0000e-05
Epoch 9/20
119/119 - 4s - 33ms/step - accuracy: 0.8922 - ce: 0.2641 - loss: 0.2840 - val_accuracy: 0.6686 - val_ce: 1.0270 - val_loss: 1.0462 - learning_rate: 2.5000e-05
Epoch 10/20

Epoch 10: ReduceLROnPlateau reducing learning rate to 1.249999968422344e-05.
119/119 - 4s - 34ms/step - accuracy: 0.9474 - ce: 0.1455 - loss: 0.1651 - val_accuracy: 0.6569 - val_ce: 1.3864 - val_loss: 1.4052 - learning_rate: 2.5000e-05
Fold 5: accuracy=0.6667  F1(w/m)=0.6677/0.6643  CE=0.6143  epochs=10  

CV mean ± std:
  accuracy               0.6375 ± 0.0358
  balanced_accuracy      0.6267 ± 0.0441
  mcc                    0.2654 ± 0.0732
  cross_entropy          0.6444 ± 0.0379
  roc_auc                0.6919 ± 0.0357
  precision_macro        0.6404 ± 0.0291
  recall_macro           0.6267 ± 0.0441
  f1_macro               0.6181 ± 0.0587
  precision_micro        0.6375 ± 0.0358
  recall_micro           0.6375 ± 0.0358
  f1_micro               0.6375 ± 0.0358
  precision_weighted     0.6420 ± 0.0310
  recall_weighted        0.6375 ± 0.0358
  f1_weighted            0.6248 ± 0.0546

===== Final training  05:53:20 =====
Class weights (balanced): Human-written=1.103  V3=0.915
Epoch 1/20
144/144 - 16s - 112ms/step - accuracy: 0.5039 - ce: 0.7363 - loss: 0.7764 - val_accuracy: 0.4447 - val_ce: 0.6977 - val_loss: 0.7381 - learning_rate: 1.0000e-04
Epoch 2/20
144/144 - 5s - 34ms/step - accuracy: 0.5531 - ce: 0.6932 - loss: 0.7283 - val_accuracy: 0.5895 - val_ce: 0.6788 - val_loss: 0.7092 - learning_rate: 1.0000e-04
Epoch 3/20
144/144 - 5s - 33ms/step - accuracy: 0.5875 - ce: 0.6796 - loss: 0.7034 - val_accuracy: 0.4447 - val_ce: 0.7077 - val_loss: 0.7315 - learning_rate: 1.0000e-04
Epoch 4/20
144/144 - 5s - 34ms/step - accuracy: 0.5923 - ce: 0.6765 - loss: 0.6973 - val_accuracy: 0.6056 - val_ce: 0.6739 - val_loss: 0.6936 - learning_rate: 1.0000e-04
Epoch 5/20
144/144 - 5s - 34ms/step - accuracy: 0.6084 - ce: 0.6718 - loss: 0.6858 - val_accuracy: 0.6056 - val_ce: 0.6720 - val_loss: 0.6887 - learning_rate: 1.0000e-04
Epoch 6/20
144/144 - 5s - 33ms/step - accuracy: 0.6458 - ce: 0.6605 - loss: 0.6715 - val_accuracy: 0.6097 - val_ce: 0.7628 - val_loss: 0.7774 - learning_rate: 1.0000e-04
Epoch 7/20
144/144 - 5s - 34ms/step - accuracy: 0.6754 - ce: 0.6111 - loss: 0.6253 - val_accuracy: 0.6378 - val_ce: 0.6445 - val_loss: 0.6575 - learning_rate: 1.0000e-04
Epoch 8/20
144/144 - 5s - 33ms/step - accuracy: 0.7419 - ce: 0.5355 - loss: 0.5487 - val_accuracy: 0.6459 - val_ce: 0.6589 - val_loss: 0.6707 - learning_rate: 1.0000e-04
Epoch 9/20

Epoch 9: ReduceLROnPlateau reducing learning rate to 4.999999873689376e-05.
144/144 - 5s - 34ms/step - accuracy: 0.8090 - ce: 0.4218 - loss: 0.4345 - val_accuracy: 0.6217 - val_ce: 0.8319 - val_loss: 0.8428 - learning_rate: 1.0000e-04
Epoch 10/20
144/144 - 5s - 34ms/step - accuracy: 0.9178 - ce: 0.2069 - loss: 0.2202 - val_accuracy: 0.6479 - val_ce: 1.1979 - val_loss: 1.2083 - learning_rate: 5.0000e-05
Epoch 11/20

Epoch 11: ReduceLROnPlateau reducing learning rate to 2.499999936844688e-05.
144/144 - 5s - 33ms/step - accuracy: 0.9665 - ce: 0.0992 - loss: 0.1125 - val_accuracy: 0.6097 - val_ce: 1.5653 - val_loss: 1.5753 - learning_rate: 5.0000e-05
               precision    recall  f1-score   support

Human-written     0.6350    0.3973    0.4888       219
           V3     0.6218    0.8127    0.7045       267

     accuracy                         0.6255       486
    macro avg     0.6284    0.6050    0.5967       486
 weighted avg     0.6278    0.6255    0.6073       486

Class distribution all  : {'Human-written': 1482, 'V3': 1799}  ratio {'Human-written': 0.4517, 'V3': 0.5483}
Class distribution train: {'Human-written': 1042, 'V3': 1256}  ratio {'Human-written': 0.4534, 'V3': 0.5466}
Class distribution val  : {'Human-written': 221, 'V3': 276}  ratio {'Human-written': 0.4447, 'V3': 0.5553}
Class distribution test : {'Human-written': 219, 'V3': 267}  ratio {'Human-written': 0.4506, 'V3': 0.5494}

subdataset15_graph_human_vs_v3_group_cv  VGG19 (relu, dropout 0.1, lr 0.0001)
CV mean    acc=0.6375  F1 w/m/micro=0.6248/0.6181/0.6375  P_w=0.6420  R_w=0.6375  CE=0.6444  AUC=0.6919  MCC=0.2654
VALIDATION acc=0.6378  F1 w/m/micro=0.6127/0.5988/0.6378  P_w=0.6462  R_w=0.6378  CE=0.6445  AUC=0.6868  MCC=0.2566
TEST       acc=0.6255  F1 w/m/micro=0.6073/0.5967/0.6255  P_w=0.6278  R_w=0.6255  CE=0.6673  AUC=0.6456  MCC=0.2322
TEST 95% CI: accuracy=[0.5823, 0.6667]  f1_weighted=[0.5615, 0.6522]  f1_macro=[0.5512, 0.6400]  mcc=[0.1446, 0.3162]  balanced_accuracy=[0.5659, 0.6449]
Outputs: Experiments/subdataset15/Group-Based Split/results/subdataset15_graph_human_vs_v3_group_cv
2026-10-03 05:54:38 FINISHED
