
====================================================================================================
2026-10-02 20:49:01  subdataset14_screenshot_human_vs_v5_group_cv  (config hash 5bc3bbd3a0c8)
Data    : Data/Subdataset_14
Classes : ['Human-written', 'V5']   Split: Group-Based Split
Model   : VGG19  activation=sigmoid  dropout=0.1  lr=0.0001  trained=base from block5_* on  preprocessing=caffe  L2=0.0001
Training: at most 20 epochs, early stopping val_ce patience 4, batch 16, 320x320 (no cropping), mixed precision True
Output  : Experiments/subdataset14/Group-Based Split/results/subdataset14_screenshot_human_vs_v5_group_cv
Human-written (label 0): 1218 images
V5  (label 1): 999 images
Total 2217 images
Groups: {'n_groups': 1229, 'groups_with_human_and_version': 938, 'groups_with_all_classes': 938, 'human_only_groups': 266, 'groups_without_human': 25, 'match_ratio': 0.7632221318144833, 'groups_merged_by_content': 2}
CHECK 4: human/version pairs found with the simple rule 957, in different groups 0
Files whose folder and version tag in the name do not match (data unchanged): 0
Train     :  1554 (70.1%)  Human-written=848 V5=706
Validation:   332 (15.0%)  Human-written=188 V5=144
Test      :   331 (14.9%)  Human-written=182 V5=149
Fold 1: train=1502 (Human-written=826 V5=676)  evaluation=384 (Human-written=210 V5=174)
Fold 2: train=1523 (Human-written=831 V5=692)  evaluation=363 (Human-written=205 V5=158)
Fold 3: train=1505 (Human-written=827 V5=678)  evaluation=381 (Human-written=209 V5=172)
Fold 4: train=1508 (Human-written=829 V5=679)  evaluation=378 (Human-written=207 V5=171)
Fold 5: train=1506 (Human-written=831 V5=675)  evaluation=380 (Human-written=205 V5=175)
Leakage check PASSED.
TensorFlow 2.20.0 | GPU: [PhysicalDevice(name='/physical_device:GPU:0', device_type='GPU')]
Mixed precision: mixed_float16 (output layer float32)
Images loaded: 2217, 0.7 GB, 2 s

===== Fold 1/5  20:49:05 =====
Class weights (balanced): Human-written=0.910  V5=1.109
Fold 1: accuracy=nan  F1(w/m)=nan/nan  CE=nan  epochs=-  InternalError: {{function_node __wrapped__Cast_device_/job:localhost/replica:0/task:0/device:GPU:0}} 'cuLaunchKernel(function, gridX, gridY, gridZ, blockX, blockY, blockZ, 0, reinterpret_cast<CUstream>(stream), params, nullptr)' failed with 'CUDA_ERROR_INVALID_HANDLE' [Op:Cast] name: 

===== Fold 2/5  20:49:06 =====
Class weights (balanced): Human-written=0.913  V5=1.105
Fold 2: accuracy=nan  F1(w/m)=nan/nan  CE=nan  epochs=-  InternalError: {{function_node __wrapped__Cast_device_/job:localhost/replica:0/task:0/device:GPU:0}} 'cuLaunchKernel(function, gridX, gridY, gridZ, blockX, blockY, blockZ, 0, reinterpret_cast<CUstream>(stream), params, nullptr)' failed with 'CUDA_ERROR_INVALID_HANDLE' [Op:Cast] name: 

===== Fold 3/5  20:49:06 =====
Class weights (balanced): Human-written=0.916  V5=1.101
Fold 3: accuracy=nan  F1(w/m)=nan/nan  CE=nan  epochs=-  InternalError: {{function_node __wrapped__Cast_device_/job:localhost/replica:0/task:0/device:GPU:0}} 'cuLaunchKernel(function, gridX, gridY, gridZ, blockX, blockY, blockZ, 0, reinterpret_cast<CUstream>(stream), params, nullptr)' failed with 'CUDA_ERROR_INVALID_HANDLE' [Op:Cast] name: 

===== Fold 4/5  20:49:07 =====
Class weights (balanced): Human-written=0.909  V5=1.111
Fold 4: accuracy=nan  F1(w/m)=nan/nan  CE=nan  epochs=-  InternalError: {{function_node __wrapped__Cast_device_/job:localhost/replica:0/task:0/device:GPU:0}} 'cuLaunchKernel(function, gridX, gridY, gridZ, blockX, blockY, blockZ, 0, reinterpret_cast<CUstream>(stream), params, nullptr)' failed with 'CUDA_ERROR_INVALID_HANDLE' [Op:Cast] name: 

===== Fold 5/5  20:49:08 =====
Class weights (balanced): Human-written=0.906  V5=1.116
Fold 5: accuracy=nan  F1(w/m)=nan/nan  CE=nan  epochs=-  InternalError: {{function_node __wrapped__Cast_device_/job:localhost/replica:0/task:0/device:GPU:0}} 'cuLaunchKernel(function, gridX, gridY, gridZ, blockX, blockY, blockZ, 0, reinterpret_cast<CUstream>(stream), params, nullptr)' failed with 'CUDA_ERROR_INVALID_HANDLE' [Op:Cast] name: 
Traceback (most recent call last):
  File "Experiments/subdataset14/Group-Based Split/subdataset14_screenshot_human_vs_v5_group_cv.py", line 653, in <module>
    assert len(cv) == CV_FOLDS, f"not all {CV_FOLDS} folds are complete ({len(cv)}); run the script again (it resumes from the missing fold)."
           ^^^^^^^^^^^^^^^^^^^
AssertionError: not all 5 folds are complete (0); run the script again (it resumes from the missing fold).

====================================================================================================
2026-10-02 20:49:10  subdataset14_screenshot_human_vs_v5_group_cv  (config hash 5bc3bbd3a0c8)
Data    : Data/Subdataset_14
Classes : ['Human-written', 'V5']   Split: Group-Based Split
Model   : VGG19  activation=sigmoid  dropout=0.1  lr=0.0001  trained=base from block5_* on  preprocessing=caffe  L2=0.0001
Training: at most 20 epochs, early stopping val_ce patience 4, batch 16, 320x320 (no cropping), mixed precision True
Output  : Experiments/subdataset14/Group-Based Split/results/subdataset14_screenshot_human_vs_v5_group_cv
Human-written (label 0): 1218 images
V5  (label 1): 999 images
Total 2217 images
Groups: {'n_groups': 1229, 'groups_with_human_and_version': 938, 'groups_with_all_classes': 938, 'human_only_groups': 266, 'groups_without_human': 25, 'match_ratio': 0.7632221318144833, 'groups_merged_by_content': 2}
CHECK 4: human/version pairs found with the simple rule 957, in different groups 0
Files whose folder and version tag in the name do not match (data unchanged): 0
Train     :  1554 (70.1%)  Human-written=848 V5=706
Validation:   332 (15.0%)  Human-written=188 V5=144
Test      :   331 (14.9%)  Human-written=182 V5=149
Fold 1: train=1502 (Human-written=826 V5=676)  evaluation=384 (Human-written=210 V5=174)
Fold 2: train=1523 (Human-written=831 V5=692)  evaluation=363 (Human-written=205 V5=158)
Fold 3: train=1505 (Human-written=827 V5=678)  evaluation=381 (Human-written=209 V5=172)
Fold 4: train=1508 (Human-written=829 V5=679)  evaluation=378 (Human-written=207 V5=171)
Fold 5: train=1506 (Human-written=831 V5=675)  evaluation=380 (Human-written=205 V5=175)
Leakage check PASSED.
TensorFlow 2.20.0 | GPU: [PhysicalDevice(name='/physical_device:GPU:0', device_type='GPU')]
Mixed precision: mixed_float16 (output layer float32)
Images loaded: 2217, 0.7 GB, 2 s
Previously completed folds: [] (will be skipped)

===== Fold 1/5  20:49:14 =====
Class weights (balanced): Human-written=0.910  V5=1.109
Fold 1: accuracy=nan  F1(w/m)=nan/nan  CE=nan  epochs=-  InternalError: {{function_node __wrapped__Cast_device_/job:localhost/replica:0/task:0/device:GPU:0}} 'cuLaunchKernel(function, gridX, gridY, gridZ, blockX, blockY, blockZ, 0, reinterpret_cast<CUstream>(stream), params, nullptr)' failed with 'CUDA_ERROR_INVALID_HANDLE' [Op:Cast] name: 

===== Fold 2/5  20:49:15 =====
Class weights (balanced): Human-written=0.913  V5=1.105
Fold 2: accuracy=nan  F1(w/m)=nan/nan  CE=nan  epochs=-  InternalError: {{function_node __wrapped__Cast_device_/job:localhost/replica:0/task:0/device:GPU:0}} 'cuLaunchKernel(function, gridX, gridY, gridZ, blockX, blockY, blockZ, 0, reinterpret_cast<CUstream>(stream), params, nullptr)' failed with 'CUDA_ERROR_INVALID_HANDLE' [Op:Cast] name: 

===== Fold 3/5  20:49:16 =====
Class weights (balanced): Human-written=0.916  V5=1.101
Fold 3: accuracy=nan  F1(w/m)=nan/nan  CE=nan  epochs=-  InternalError: {{function_node __wrapped__Cast_device_/job:localhost/replica:0/task:0/device:GPU:0}} 'cuLaunchKernel(function, gridX, gridY, gridZ, blockX, blockY, blockZ, 0, reinterpret_cast<CUstream>(stream), params, nullptr)' failed with 'CUDA_ERROR_INVALID_HANDLE' [Op:Cast] name: 

===== Fold 4/5  20:49:16 =====
Class weights (balanced): Human-written=0.909  V5=1.111
Fold 4: accuracy=nan  F1(w/m)=nan/nan  CE=nan  epochs=-  InternalError: {{function_node __wrapped__Cast_device_/job:localhost/replica:0/task:0/device:GPU:0}} 'cuLaunchKernel(function, gridX, gridY, gridZ, blockX, blockY, blockZ, 0, reinterpret_cast<CUstream>(stream), params, nullptr)' failed with 'CUDA_ERROR_INVALID_HANDLE' [Op:Cast] name: 

===== Fold 5/5  20:49:17 =====
Class weights (balanced): Human-written=0.906  V5=1.116
Fold 5: accuracy=nan  F1(w/m)=nan/nan  CE=nan  epochs=-  InternalError: {{function_node __wrapped__Cast_device_/job:localhost/replica:0/task:0/device:GPU:0}} 'cuLaunchKernel(function, gridX, gridY, gridZ, blockX, blockY, blockZ, 0, reinterpret_cast<CUstream>(stream), params, nullptr)' failed with 'CUDA_ERROR_INVALID_HANDLE' [Op:Cast] name: 
Traceback (most recent call last):
  File "Experiments/subdataset14/Group-Based Split/subdataset14_screenshot_human_vs_v5_group_cv.py", line 653, in <module>
    assert len(cv) == CV_FOLDS, f"not all {CV_FOLDS} folds are complete ({len(cv)}); run the script again (it resumes from the missing fold)."
           ^^^^^^^^^^^^^^^^^^^
AssertionError: not all 5 folds are complete (0); run the script again (it resumes from the missing fold).

====================================================================================================
2026-10-02 20:49:19  subdataset14_screenshot_human_vs_v5_group_cv  (config hash 5bc3bbd3a0c8)
Data    : Data/Subdataset_14
Classes : ['Human-written', 'V5']   Split: Group-Based Split
Model   : VGG19  activation=sigmoid  dropout=0.1  lr=0.0001  trained=base from block5_* on  preprocessing=caffe  L2=0.0001
Training: at most 20 epochs, early stopping val_ce patience 4, batch 16, 320x320 (no cropping), mixed precision True
Output  : Experiments/subdataset14/Group-Based Split/results/subdataset14_screenshot_human_vs_v5_group_cv
Human-written (label 0): 1218 images
V5  (label 1): 999 images
Total 2217 images
Groups: {'n_groups': 1229, 'groups_with_human_and_version': 938, 'groups_with_all_classes': 938, 'human_only_groups': 266, 'groups_without_human': 25, 'match_ratio': 0.7632221318144833, 'groups_merged_by_content': 2}
CHECK 4: human/version pairs found with the simple rule 957, in different groups 0
Files whose folder and version tag in the name do not match (data unchanged): 0
Train     :  1554 (70.1%)  Human-written=848 V5=706
Validation:   332 (15.0%)  Human-written=188 V5=144
Test      :   331 (14.9%)  Human-written=182 V5=149
Fold 1: train=1502 (Human-written=826 V5=676)  evaluation=384 (Human-written=210 V5=174)
Fold 2: train=1523 (Human-written=831 V5=692)  evaluation=363 (Human-written=205 V5=158)
Fold 3: train=1505 (Human-written=827 V5=678)  evaluation=381 (Human-written=209 V5=172)
Fold 4: train=1508 (Human-written=829 V5=679)  evaluation=378 (Human-written=207 V5=171)
Fold 5: train=1506 (Human-written=831 V5=675)  evaluation=380 (Human-written=205 V5=175)
Leakage check PASSED.
TensorFlow 2.20.0 | GPU: [PhysicalDevice(name='/physical_device:GPU:0', device_type='GPU')]
Mixed precision: mixed_float16 (output layer float32)
Images loaded: 2217, 0.7 GB, 2 s
Previously completed folds: [] (will be skipped)

===== Fold 1/5  20:49:23 =====
Class weights (balanced): Human-written=0.910  V5=1.109
Fold 1: accuracy=nan  F1(w/m)=nan/nan  CE=nan  epochs=-  InternalError: {{function_node __wrapped__Cast_device_/job:localhost/replica:0/task:0/device:GPU:0}} 'cuLaunchKernel(function, gridX, gridY, gridZ, blockX, blockY, blockZ, 0, reinterpret_cast<CUstream>(stream), params, nullptr)' failed with 'CUDA_ERROR_INVALID_HANDLE' [Op:Cast] name: 

===== Fold 2/5  20:49:24 =====
Class weights (balanced): Human-written=0.913  V5=1.105
Fold 2: accuracy=nan  F1(w/m)=nan/nan  CE=nan  epochs=-  InternalError: {{function_node __wrapped__Cast_device_/job:localhost/replica:0/task:0/device:GPU:0}} 'cuLaunchKernel(function, gridX, gridY, gridZ, blockX, blockY, blockZ, 0, reinterpret_cast<CUstream>(stream), params, nullptr)' failed with 'CUDA_ERROR_INVALID_HANDLE' [Op:Cast] name: 

===== Fold 3/5  20:49:25 =====
Class weights (balanced): Human-written=0.916  V5=1.101
Fold 3: accuracy=nan  F1(w/m)=nan/nan  CE=nan  epochs=-  InternalError: {{function_node __wrapped__Cast_device_/job:localhost/replica:0/task:0/device:GPU:0}} 'cuLaunchKernel(function, gridX, gridY, gridZ, blockX, blockY, blockZ, 0, reinterpret_cast<CUstream>(stream), params, nullptr)' failed with 'CUDA_ERROR_INVALID_HANDLE' [Op:Cast] name: 

===== Fold 4/5  20:49:25 =====
Class weights (balanced): Human-written=0.909  V5=1.111
Fold 4: accuracy=nan  F1(w/m)=nan/nan  CE=nan  epochs=-  InternalError: {{function_node __wrapped__Cast_device_/job:localhost/replica:0/task:0/device:GPU:0}} 'cuLaunchKernel(function, gridX, gridY, gridZ, blockX, blockY, blockZ, 0, reinterpret_cast<CUstream>(stream), params, nullptr)' failed with 'CUDA_ERROR_INVALID_HANDLE' [Op:Cast] name: 

===== Fold 5/5  20:49:26 =====
Class weights (balanced): Human-written=0.906  V5=1.116
Fold 5: accuracy=nan  F1(w/m)=nan/nan  CE=nan  epochs=-  InternalError: {{function_node __wrapped__Cast_device_/job:localhost/replica:0/task:0/device:GPU:0}} 'cuLaunchKernel(function, gridX, gridY, gridZ, blockX, blockY, blockZ, 0, reinterpret_cast<CUstream>(stream), params, nullptr)' failed with 'CUDA_ERROR_INVALID_HANDLE' [Op:Cast] name: 
Traceback (most recent call last):
  File "Experiments/subdataset14/Group-Based Split/subdataset14_screenshot_human_vs_v5_group_cv.py", line 653, in <module>
    assert len(cv) == CV_FOLDS, f"not all {CV_FOLDS} folds are complete ({len(cv)}); run the script again (it resumes from the missing fold)."
           ^^^^^^^^^^^^^^^^^^^
AssertionError: not all 5 folds are complete (0); run the script again (it resumes from the missing fold).

====================================================================================================
2026-10-02 22:47:32  subdataset14_screenshot_human_vs_v5_group_cv  (config hash 5bc3bbd3a0c8)
Data    : Data/Subdataset_14
Classes : ['Human-written', 'V5']   Split: Group-Based Split
Model   : VGG19  activation=sigmoid  dropout=0.1  lr=0.0001  trained=base from block5_* on  preprocessing=caffe  L2=0.0001
Training: at most 20 epochs, early stopping val_ce patience 4, batch 16, 320x320 (no cropping), mixed precision True
Output  : Experiments/subdataset14/Group-Based Split/results/subdataset14_screenshot_human_vs_v5_group_cv
Human-written (label 0): 1218 images
V5  (label 1): 999 images
Total 2217 images
Groups: {'n_groups': 1229, 'groups_with_human_and_version': 938, 'groups_with_all_classes': 938, 'human_only_groups': 266, 'groups_without_human': 25, 'match_ratio': 0.7632221318144833, 'groups_merged_by_content': 2}
CHECK 4: human/version pairs found with the simple rule 957, in different groups 0
Files whose folder and version tag in the name do not match (data unchanged): 0
Train     :  1554 (70.1%)  Human-written=848 V5=706
Validation:   332 (15.0%)  Human-written=188 V5=144
Test      :   331 (14.9%)  Human-written=182 V5=149
Fold 1: train=1502 (Human-written=826 V5=676)  evaluation=384 (Human-written=210 V5=174)
Fold 2: train=1523 (Human-written=831 V5=692)  evaluation=363 (Human-written=205 V5=158)
Fold 3: train=1505 (Human-written=827 V5=678)  evaluation=381 (Human-written=209 V5=172)
Fold 4: train=1508 (Human-written=829 V5=679)  evaluation=378 (Human-written=207 V5=171)
Fold 5: train=1506 (Human-written=831 V5=675)  evaluation=380 (Human-written=205 V5=175)
Leakage check PASSED.
TensorFlow 2.20.0 | GPU: [PhysicalDevice(name='/physical_device:GPU:0', device_type='GPU')]
Mixed precision: mixed_float16 (output layer float32)
Images loaded: 2217, 0.7 GB, 11 s
Previously completed folds: [] (will be skipped)

===== Fold 1/5  22:47:51 =====
Class weights (balanced): Human-written=0.910  V5=1.109
Model: base 22 layers, trained base layers 5 (first: block5_conv1); trained parameters 9,702,401 / 20,287,553
Epoch 1/20
80/80 - 19s - 232ms/step - accuracy: 0.7175 - ce: 0.5474 - loss: 0.6000 - val_accuracy: 0.8616 - val_ce: 0.3180 - val_loss: 0.3626 - learning_rate: 1.0000e-04
Epoch 2/20
80/80 - 3s - 37ms/step - accuracy: 0.8255 - ce: 0.3924 - loss: 0.4383 - val_accuracy: 0.7991 - val_ce: 0.4509 - val_loss: 0.4893 - learning_rate: 1.0000e-04
Epoch 3/20
80/80 - 3s - 37ms/step - accuracy: 0.8607 - ce: 0.3436 - loss: 0.3816 - val_accuracy: 0.9018 - val_ce: 0.2705 - val_loss: 0.3037 - learning_rate: 1.0000e-04
Epoch 4/20
80/80 - 3s - 37ms/step - accuracy: 0.8889 - ce: 0.3109 - loss: 0.3474 - val_accuracy: 0.9107 - val_ce: 0.2513 - val_loss: 0.2811 - learning_rate: 1.0000e-04
Epoch 5/20
80/80 - 3s - 37ms/step - accuracy: 0.9092 - ce: 0.2469 - loss: 0.2755 - val_accuracy: 0.9152 - val_ce: 0.2029 - val_loss: 0.2301 - learning_rate: 1.0000e-04
Epoch 6/20
80/80 - 3s - 36ms/step - accuracy: 0.9124 - ce: 0.2307 - loss: 0.2589 - val_accuracy: 0.8170 - val_ce: 0.4395 - val_loss: 0.4649 - learning_rate: 1.0000e-04
Epoch 7/20

Epoch 7: ReduceLROnPlateau reducing learning rate to 4.999999873689376e-05.
80/80 - 3s - 36ms/step - accuracy: 0.9108 - ce: 0.2152 - loss: 0.2415 - val_accuracy: 0.9062 - val_ce: 0.2297 - val_loss: 0.2537 - learning_rate: 1.0000e-04
Epoch 8/20
80/80 - 3s - 37ms/step - accuracy: 0.9523 - ce: 0.1176 - loss: 0.1416 - val_accuracy: 0.9375 - val_ce: 0.1718 - val_loss: 0.1951 - learning_rate: 5.0000e-05
Epoch 9/20
80/80 - 3s - 36ms/step - accuracy: 0.9797 - ce: 0.0638 - loss: 0.0878 - val_accuracy: 0.9330 - val_ce: 0.2218 - val_loss: 0.2445 - learning_rate: 5.0000e-05
Epoch 10/20

Epoch 10: ReduceLROnPlateau reducing learning rate to 2.499999936844688e-05.
80/80 - 3s - 36ms/step - accuracy: 0.9851 - ce: 0.0424 - loss: 0.0650 - val_accuracy: 0.9241 - val_ce: 0.2443 - val_loss: 0.2665 - learning_rate: 5.0000e-05
Epoch 11/20
80/80 - 3s - 36ms/step - accuracy: 0.9977 - ce: 0.0104 - loss: 0.0323 - val_accuracy: 0.9107 - val_ce: 0.3421 - val_loss: 0.3640 - learning_rate: 2.5000e-05
Epoch 12/20

Epoch 12: ReduceLROnPlateau reducing learning rate to 1.249999968422344e-05.
80/80 - 3s - 37ms/step - accuracy: 0.9992 - ce: 0.0042 - loss: 0.0261 - val_accuracy: 0.9464 - val_ce: 0.2411 - val_loss: 0.2628 - learning_rate: 2.5000e-05
Fold 1: accuracy=0.9141  F1(w/m)=0.9142/0.9136  CE=0.2332  epochs=12  

===== Fold 2/5  22:48:48 =====
Class weights (balanced): Human-written=0.913  V5=1.105
Epoch 1/20
81/81 - 17s - 208ms/step - accuracy: 0.7119 - ce: 0.5596 - loss: 0.6122 - val_accuracy: 0.8017 - val_ce: 0.4489 - val_loss: 0.4934 - learning_rate: 1.0000e-04
Epoch 2/20
81/81 - 3s - 37ms/step - accuracy: 0.8234 - ce: 0.4244 - loss: 0.4651 - val_accuracy: 0.8017 - val_ce: 0.4457 - val_loss: 0.4832 - learning_rate: 1.0000e-04
Epoch 3/20
81/81 - 3s - 37ms/step - accuracy: 0.8490 - ce: 0.3540 - loss: 0.3928 - val_accuracy: 0.8621 - val_ce: 0.3676 - val_loss: 0.3993 - learning_rate: 1.0000e-04
Epoch 4/20
81/81 - 3s - 37ms/step - accuracy: 0.8637 - ce: 0.3503 - loss: 0.3858 - val_accuracy: 0.8750 - val_ce: 0.3617 - val_loss: 0.3891 - learning_rate: 1.0000e-04
Epoch 5/20
81/81 - 3s - 36ms/step - accuracy: 0.8861 - ce: 0.2843 - loss: 0.3120 - val_accuracy: 0.8664 - val_ce: 0.3828 - val_loss: 0.4066 - learning_rate: 1.0000e-04
Epoch 6/20
81/81 - 3s - 37ms/step - accuracy: 0.9156 - ce: 0.2309 - loss: 0.2547 - val_accuracy: 0.9138 - val_ce: 0.2498 - val_loss: 0.2708 - learning_rate: 1.0000e-04
Epoch 7/20
81/81 - 3s - 37ms/step - accuracy: 0.9272 - ce: 0.1947 - loss: 0.2139 - val_accuracy: 0.8879 - val_ce: 0.2913 - val_loss: 0.3105 - learning_rate: 1.0000e-04
Epoch 8/20

Epoch 8: ReduceLROnPlateau reducing learning rate to 4.999999873689376e-05.
81/81 - 3s - 36ms/step - accuracy: 0.9342 - ce: 0.1915 - loss: 0.2075 - val_accuracy: 0.8966 - val_ce: 0.3026 - val_loss: 0.3205 - learning_rate: 1.0000e-04
Epoch 9/20
81/81 - 3s - 36ms/step - accuracy: 0.9698 - ce: 0.0921 - loss: 0.1106 - val_accuracy: 0.8879 - val_ce: 0.3237 - val_loss: 0.3410 - learning_rate: 5.0000e-05
Epoch 10/20

Epoch 10: ReduceLROnPlateau reducing learning rate to 2.499999936844688e-05.
81/81 - 3s - 36ms/step - accuracy: 0.9775 - ce: 0.0634 - loss: 0.0818 - val_accuracy: 0.8922 - val_ce: 0.3498 - val_loss: 0.3666 - learning_rate: 5.0000e-05
Fold 2: accuracy=0.8953  F1(w/m)=0.8955/0.8938  CE=0.2866  epochs=10  

===== Fold 3/5  22:49:37 =====
Class weights (balanced): Human-written=0.916  V5=1.101
Epoch 1/20
81/81 - 16s - 203ms/step - accuracy: 0.7535 - ce: 0.5099 - loss: 0.5616 - val_accuracy: 0.8386 - val_ce: 0.3857 - val_loss: 0.4317 - learning_rate: 1.0000e-04
Epoch 2/20
81/81 - 3s - 37ms/step - accuracy: 0.8440 - ce: 0.3738 - loss: 0.4182 - val_accuracy: 0.8565 - val_ce: 0.3374 - val_loss: 0.3799 - learning_rate: 1.0000e-04
Epoch 3/20
81/81 - 3s - 37ms/step - accuracy: 0.8635 - ce: 0.3290 - loss: 0.3723 - val_accuracy: 0.8072 - val_ce: 0.4886 - val_loss: 0.5287 - learning_rate: 1.0000e-04
Epoch 4/20

Epoch 4: ReduceLROnPlateau reducing learning rate to 4.999999873689376e-05.
81/81 - 3s - 37ms/step - accuracy: 0.8908 - ce: 0.2750 - loss: 0.3166 - val_accuracy: 0.6816 - val_ce: 0.8243 - val_loss: 0.8626 - learning_rate: 1.0000e-04
Epoch 5/20
81/81 - 3s - 36ms/step - accuracy: 0.9002 - ce: 0.2600 - loss: 0.2991 - val_accuracy: 0.8834 - val_ce: 0.3055 - val_loss: 0.3430 - learning_rate: 5.0000e-05
Epoch 6/20
81/81 - 3s - 36ms/step - accuracy: 0.9415 - ce: 0.1556 - loss: 0.1938 - val_accuracy: 0.8655 - val_ce: 0.3230 - val_loss: 0.3597 - learning_rate: 5.0000e-05
Epoch 7/20

Epoch 7: ReduceLROnPlateau reducing learning rate to 2.499999936844688e-05.
81/81 - 3s - 35ms/step - accuracy: 0.9587 - ce: 0.1121 - loss: 0.1494 - val_accuracy: 0.8879 - val_ce: 0.3318 - val_loss: 0.3678 - learning_rate: 5.0000e-05
Epoch 8/20
81/81 - 3s - 37ms/step - accuracy: 0.9727 - ce: 0.0804 - loss: 0.1170 - val_accuracy: 0.8655 - val_ce: 0.3364 - val_loss: 0.3721 - learning_rate: 2.5000e-05
Epoch 9/20

Epoch 9: ReduceLROnPlateau reducing learning rate to 1.249999968422344e-05.
81/81 - 3s - 36ms/step - accuracy: 0.9860 - ce: 0.0497 - loss: 0.0858 - val_accuracy: 0.8924 - val_ce: 0.3885 - val_loss: 0.4239 - learning_rate: 2.5000e-05
Fold 3: accuracy=0.9265  F1(w/m)=0.9264/0.9256  CE=0.2004  epochs=9  

===== Fold 4/5  22:50:24 =====
Class weights (balanced): Human-written=0.909  V5=1.111
Epoch 1/20
81/81 - 14s - 171ms/step - accuracy: 0.7246 - ce: 0.5599 - loss: 0.6092 - val_accuracy: 0.6681 - val_ce: 0.6182 - val_loss: 0.6619 - learning_rate: 1.0000e-04
Epoch 2/20
81/81 - 3s - 38ms/step - accuracy: 0.8081 - ce: 0.4494 - loss: 0.4911 - val_accuracy: 0.7434 - val_ce: 0.5229 - val_loss: 0.5609 - learning_rate: 1.0000e-04
Epoch 3/20
81/81 - 3s - 37ms/step - accuracy: 0.8276 - ce: 0.3953 - loss: 0.4361 - val_accuracy: 0.8805 - val_ce: 0.3095 - val_loss: 0.3429 - learning_rate: 1.0000e-04
Epoch 4/20
81/81 - 3s - 37ms/step - accuracy: 0.8541 - ce: 0.3389 - loss: 0.3758 - val_accuracy: 0.8496 - val_ce: 0.3625 - val_loss: 0.3915 - learning_rate: 1.0000e-04
Epoch 5/20

Epoch 5: ReduceLROnPlateau reducing learning rate to 4.999999873689376e-05.
81/81 - 3s - 36ms/step - accuracy: 0.9009 - ce: 0.2664 - loss: 0.2931 - val_accuracy: 0.7611 - val_ce: 0.6648 - val_loss: 0.6899 - learning_rate: 1.0000e-04
Epoch 6/20
81/81 - 3s - 37ms/step - accuracy: 0.9041 - ce: 0.2285 - loss: 0.2564 - val_accuracy: 0.9071 - val_ce: 0.2482 - val_loss: 0.2717 - learning_rate: 5.0000e-05
Epoch 7/20
81/81 - 3s - 37ms/step - accuracy: 0.9493 - ce: 0.1440 - loss: 0.1685 - val_accuracy: 0.9115 - val_ce: 0.2492 - val_loss: 0.2710 - learning_rate: 5.0000e-05
Epoch 8/20

Epoch 8: ReduceLROnPlateau reducing learning rate to 2.499999936844688e-05.
81/81 - 3s - 36ms/step - accuracy: 0.9626 - ce: 0.1069 - loss: 0.1293 - val_accuracy: 0.8938 - val_ce: 0.3388 - val_loss: 0.3593 - learning_rate: 5.0000e-05
Epoch 9/20
81/81 - 3s - 36ms/step - accuracy: 0.9758 - ce: 0.0757 - loss: 0.0970 - val_accuracy: 0.9115 - val_ce: 0.2959 - val_loss: 0.3159 - learning_rate: 2.5000e-05
Epoch 10/20

Epoch 10: ReduceLROnPlateau reducing learning rate to 1.249999968422344e-05.
81/81 - 3s - 37ms/step - accuracy: 0.9836 - ce: 0.0510 - loss: 0.0716 - val_accuracy: 0.9159 - val_ce: 0.3210 - val_loss: 0.3403 - learning_rate: 2.5000e-05
Fold 4: accuracy=0.8968  F1(w/m)=0.8970/0.8964  CE=0.2807  epochs=10  

===== Fold 5/5  22:51:11 =====
Class weights (balanced): Human-written=0.906  V5=1.116
Epoch 1/20
80/80 - 14s - 180ms/step - accuracy: 0.7370 - ce: 0.5359 - loss: 0.5818 - val_accuracy: 0.8147 - val_ce: 0.4507 - val_loss: 0.4951 - learning_rate: 1.0000e-04
Epoch 2/20
80/80 - 3s - 37ms/step - accuracy: 0.7881 - ce: 0.4591 - loss: 0.5065 - val_accuracy: 0.8147 - val_ce: 0.4460 - val_loss: 0.4854 - learning_rate: 1.0000e-04
Epoch 3/20
80/80 - 3s - 38ms/step - accuracy: 0.8611 - ce: 0.3466 - loss: 0.3866 - val_accuracy: 0.8793 - val_ce: 0.3188 - val_loss: 0.3533 - learning_rate: 1.0000e-04
Epoch 4/20
80/80 - 3s - 37ms/step - accuracy: 0.8838 - ce: 0.2953 - loss: 0.3299 - val_accuracy: 0.8793 - val_ce: 0.3037 - val_loss: 0.3345 - learning_rate: 1.0000e-04
Epoch 5/20
80/80 - 3s - 36ms/step - accuracy: 0.9058 - ce: 0.2368 - loss: 0.2711 - val_accuracy: 0.8491 - val_ce: 0.3518 - val_loss: 0.3795 - learning_rate: 1.0000e-04
Epoch 6/20
80/80 - 3s - 37ms/step - accuracy: 0.9380 - ce: 0.1757 - loss: 0.2020 - val_accuracy: 0.8922 - val_ce: 0.2730 - val_loss: 0.2984 - learning_rate: 1.0000e-04
Epoch 7/20
80/80 - 3s - 37ms/step - accuracy: 0.9294 - ce: 0.1941 - loss: 0.2229 - val_accuracy: 0.9052 - val_ce: 0.2783 - val_loss: 0.3020 - learning_rate: 1.0000e-04
Epoch 8/20

Epoch 8: ReduceLROnPlateau reducing learning rate to 4.999999873689376e-05.
80/80 - 3s - 37ms/step - accuracy: 0.9545 - ce: 0.1070 - loss: 0.1310 - val_accuracy: 0.8621 - val_ce: 0.5489 - val_loss: 0.5713 - learning_rate: 1.0000e-04
Epoch 9/20
80/80 - 3s - 37ms/step - accuracy: 0.9568 - ce: 0.1025 - loss: 0.1262 - val_accuracy: 0.8750 - val_ce: 0.4532 - val_loss: 0.4751 - learning_rate: 5.0000e-05
Epoch 10/20

Epoch 10: ReduceLROnPlateau reducing learning rate to 2.499999936844688e-05.
80/80 - 3s - 36ms/step - accuracy: 0.9890 - ce: 0.0337 - loss: 0.0560 - val_accuracy: 0.8836 - val_ce: 0.4320 - val_loss: 0.4533 - learning_rate: 5.0000e-05
Fold 5: accuracy=0.9105  F1(w/m)=0.9106/0.9102  CE=0.2565  epochs=10  

CV mean ± std:
  accuracy               0.9086 ± 0.0129
  balanced_accuracy      0.9090 ± 0.0122
  mcc                    0.8165 ± 0.0259
  cross_entropy          0.2515 ± 0.0356
  roc_auc                0.9659 ± 0.0093
  precision_macro        0.9075 ± 0.0138
  recall_macro           0.9090 ± 0.0122
  f1_macro               0.9079 ± 0.0131
  precision_micro        0.9086 ± 0.0129
  recall_micro           0.9086 ± 0.0129
  f1_micro               0.9086 ± 0.0129
  precision_weighted     0.9095 ± 0.0125
  recall_weighted        0.9086 ± 0.0129
  f1_weighted            0.9087 ± 0.0128

===== Final training  22:51:59 =====
Class weights (balanced): Human-written=0.916  V5=1.101
Epoch 1/20
98/98 - 14s - 148ms/step - accuracy: 0.7207 - ce: 0.5609 - loss: 0.6108 - val_accuracy: 0.8404 - val_ce: 0.4135 - val_loss: 0.4567 - learning_rate: 1.0000e-04
Epoch 2/20
98/98 - 4s - 37ms/step - accuracy: 0.8314 - ce: 0.4107 - loss: 0.4525 - val_accuracy: 0.8675 - val_ce: 0.3349 - val_loss: 0.3711 - learning_rate: 1.0000e-04
Epoch 3/20
98/98 - 4s - 37ms/step - accuracy: 0.8449 - ce: 0.3659 - loss: 0.4023 - val_accuracy: 0.8584 - val_ce: 0.3090 - val_loss: 0.3396 - learning_rate: 1.0000e-04
Epoch 4/20
98/98 - 4s - 37ms/step - accuracy: 0.8752 - ce: 0.2997 - loss: 0.3300 - val_accuracy: 0.8645 - val_ce: 0.3128 - val_loss: 0.3392 - learning_rate: 1.0000e-04
Epoch 5/20

Epoch 5: ReduceLROnPlateau reducing learning rate to 4.999999873689376e-05.
98/98 - 4s - 36ms/step - accuracy: 0.8829 - ce: 0.3014 - loss: 0.3304 - val_accuracy: 0.8464 - val_ce: 0.3921 - val_loss: 0.4160 - learning_rate: 1.0000e-04
Epoch 6/20
98/98 - 4s - 37ms/step - accuracy: 0.9350 - ce: 0.1818 - loss: 0.2075 - val_accuracy: 0.8916 - val_ce: 0.2899 - val_loss: 0.3128 - learning_rate: 5.0000e-05
Epoch 7/20
98/98 - 4s - 36ms/step - accuracy: 0.9318 - ce: 0.1756 - loss: 0.2011 - val_accuracy: 0.8584 - val_ce: 0.3937 - val_loss: 0.4157 - learning_rate: 5.0000e-05
Epoch 8/20
98/98 - 4s - 37ms/step - accuracy: 0.9582 - ce: 0.1278 - loss: 0.1517 - val_accuracy: 0.9096 - val_ce: 0.2725 - val_loss: 0.2937 - learning_rate: 5.0000e-05
Epoch 9/20
98/98 - 4s - 36ms/step - accuracy: 0.9601 - ce: 0.1093 - loss: 0.1335 - val_accuracy: 0.9096 - val_ce: 0.2840 - val_loss: 0.3046 - learning_rate: 5.0000e-05
Epoch 10/20

Epoch 10: ReduceLROnPlateau reducing learning rate to 2.499999936844688e-05.
98/98 - 4s - 36ms/step - accuracy: 0.9710 - ce: 0.0809 - loss: 0.1027 - val_accuracy: 0.9006 - val_ce: 0.3072 - val_loss: 0.3272 - learning_rate: 5.0000e-05
Epoch 11/20
98/98 - 4s - 36ms/step - accuracy: 0.9884 - ce: 0.0417 - loss: 0.0622 - val_accuracy: 0.9187 - val_ce: 0.3083 - val_loss: 0.3280 - learning_rate: 2.5000e-05
Epoch 12/20

Epoch 12: ReduceLROnPlateau reducing learning rate to 1.249999968422344e-05.
98/98 - 4s - 36ms/step - accuracy: 0.9929 - ce: 0.0302 - loss: 0.0506 - val_accuracy: 0.9217 - val_ce: 0.3185 - val_loss: 0.3380 - learning_rate: 2.5000e-05
               precision    recall  f1-score   support

Human-written     0.9532    0.8956    0.9235       182
           V5     0.8812    0.9463    0.9126       149

     accuracy                         0.9184       331
    macro avg     0.9172    0.9210    0.9181       331
 weighted avg     0.9208    0.9184    0.9186       331

Class distribution all  : {'Human-written': 1218, 'V5': 999}  ratio {'Human-written': 0.5494, 'V5': 0.4506}
Class distribution train: {'Human-written': 848, 'V5': 706}  ratio {'Human-written': 0.5457, 'V5': 0.4543}
Class distribution val  : {'Human-written': 188, 'V5': 144}  ratio {'Human-written': 0.5663, 'V5': 0.4337}
Class distribution test : {'Human-written': 182, 'V5': 149}  ratio {'Human-written': 0.5498, 'V5': 0.4502}

subdataset14_screenshot_human_vs_v5_group_cv  VGG19 (sigmoid, dropout 0.1, lr 0.0001)
CV mean    acc=0.9086  F1 w/m/micro=0.9087/0.9079/0.9086  P_w=0.9095  R_w=0.9086  CE=0.2515  AUC=0.9659  MCC=0.8165
VALIDATION acc=0.9096  F1 w/m/micro=0.9099/0.9086/0.9096  P_w=0.9112  R_w=0.9096  CE=0.2725  AUC=0.9712  MCC=0.8182
TEST       acc=0.9184  F1 w/m/micro=0.9186/0.9181/0.9184  P_w=0.9208  R_w=0.9184  CE=0.2514  AUC=0.9678  MCC=0.8382
TEST 95% CI: accuracy=[0.8882, 0.9456]  f1_weighted=[0.8884, 0.9458]  f1_macro=[0.8876, 0.9455]  mcc=[0.7780, 0.8927]  balanced_accuracy=[0.8909, 0.9488]
Outputs: Experiments/subdataset14/Group-Based Split/results/subdataset14_screenshot_human_vs_v5_group_cv
2026-10-02 22:53:06 FINISHED
