
====================================================================================================
2026-10-03 00:54:29  subdataset13_graph_human_vs_v5_group_cv  (config hash 98b20fb3ad14)
Data    : Data/Subdataset_13
Classes : ['Human-written', 'V5']   Split: Group-Based Split
Model   : VGG19  activation=tanh  dropout=0.1  lr=0.0001  trained=base from block5_* on  preprocessing=caffe  L2=0.0001
Training: at most 20 epochs, early stopping val_ce patience 4, batch 16, 320x320 (no cropping), mixed precision True
Output  : Experiments/subdataset13/Group-Based Split/results/subdataset13_graph_human_vs_v5_group_cv
Human-written (label 0): 1629 images
V5  (label 1): 1794 images
Total 3423 images
Groups: {'n_groups': 2039, 'groups_with_human_and_version': 1329, 'groups_with_all_classes': 1329, 'human_only_groups': 283, 'groups_without_human': 427, 'match_ratio': 0.6517900931829328, 'groups_merged_by_content': 0}
CHECK 4: human/version pairs found with the simple rule 1346, in different groups 0
Files whose folder and version tag in the name do not match (data unchanged): 0
Train     :  2383 (69.6%)  Human-written=1129 V5=1254
Validation:   515 (15.0%)  Human-written=241 V5=274
Test      :   525 (15.3%)  Human-written=259 V5=266
Fold 1: train=2322 (Human-written=1093 V5=1229)  evaluation=576 (Human-written=277 V5=299)
Fold 2: train=2319 (Human-written=1094 V5=1225)  evaluation=579 (Human-written=276 V5=303)
Fold 3: train=2313 (Human-written=1095 V5=1218)  evaluation=585 (Human-written=275 V5=310)
Fold 4: train=2316 (Human-written=1102 V5=1214)  evaluation=582 (Human-written=268 V5=314)
Fold 5: train=2322 (Human-written=1096 V5=1226)  evaluation=576 (Human-written=274 V5=302)
Leakage check PASSED.
TensorFlow 2.20.0 | GPU: [PhysicalDevice(name='/physical_device:GPU:0', device_type='GPU')]
Mixed precision: mixed_float16 (output layer float32)
Images loaded: 3423, 1.1 GB, 4 s

===== Fold 1/5  00:54:38 =====
Class weights (balanced): Human-written=1.070  V5=0.939
Model: base 22 layers, trained base layers 5 (first: block5_conv1); trained parameters 9,702,401 / 20,287,553
Epoch 1/20
124/124 - 21s - 172ms/step - accuracy: 0.5068 - ce: 0.7441 - loss: 0.7950 - val_accuracy: 0.4496 - val_ce: 0.6971 - val_loss: 0.7453 - learning_rate: 1.0000e-04
Epoch 2/20
124/124 - 4s - 34ms/step - accuracy: 0.5235 - ce: 0.7259 - loss: 0.7754 - val_accuracy: 0.4899 - val_ce: 0.6987 - val_loss: 0.7393 - learning_rate: 1.0000e-04
Epoch 3/20
124/124 - 4s - 34ms/step - accuracy: 0.4947 - ce: 0.7366 - loss: 0.7766 - val_accuracy: 0.5130 - val_ce: 0.6928 - val_loss: 0.7266 - learning_rate: 1.0000e-04
Epoch 4/20
124/124 - 4s - 33ms/step - accuracy: 0.4820 - ce: 0.7576 - loss: 0.7810 - val_accuracy: 0.5101 - val_ce: 0.6968 - val_loss: 0.7245 - learning_rate: 1.0000e-04
Epoch 5/20

Epoch 5: ReduceLROnPlateau reducing learning rate to 4.999999873689376e-05.
124/124 - 4s - 33ms/step - accuracy: 0.5139 - ce: 0.7174 - loss: 0.7445 - val_accuracy: 0.4899 - val_ce: 0.6936 - val_loss: 0.7169 - learning_rate: 1.0000e-04
Epoch 6/20
124/124 - 4s - 33ms/step - accuracy: 0.4795 - ce: 0.7278 - loss: 0.7495 - val_accuracy: 0.5101 - val_ce: 0.6929 - val_loss: 0.7145 - learning_rate: 5.0000e-05
Epoch 7/20

Epoch 7: ReduceLROnPlateau reducing learning rate to 2.499999936844688e-05.
124/124 - 4s - 33ms/step - accuracy: 0.4967 - ce: 0.7268 - loss: 0.7478 - val_accuracy: 0.5101 - val_ce: 0.6930 - val_loss: 0.7130 - learning_rate: 5.0000e-05
COLLAPSE: 100% of the validation predictions are in one class -> training is repeated once with lr 1e-05
Epoch 1/20
124/124 - 15s - 118ms/step - accuracy: 0.5423 - ce: 0.7214 - loss: 0.7722 - val_accuracy: 0.6427 - val_ce: 0.6418 - val_loss: 0.6927 - learning_rate: 1.0000e-05
Epoch 2/20
124/124 - 4s - 33ms/step - accuracy: 0.6466 - ce: 0.6373 - loss: 0.6888 - val_accuracy: 0.6196 - val_ce: 0.6680 - val_loss: 0.7186 - learning_rate: 1.0000e-05
Epoch 3/20

Epoch 3: ReduceLROnPlateau reducing learning rate to 4.999999873689376e-06.
124/124 - 4s - 33ms/step - accuracy: 0.7038 - ce: 0.5692 - loss: 0.6206 - val_accuracy: 0.6052 - val_ce: 0.6906 - val_loss: 0.7410 - learning_rate: 1.0000e-05
Epoch 4/20
124/124 - 4s - 34ms/step - accuracy: 0.7904 - ce: 0.4707 - loss: 0.5203 - val_accuracy: 0.6657 - val_ce: 0.6348 - val_loss: 0.6850 - learning_rate: 5.0000e-06
Epoch 5/20
124/124 - 4s - 33ms/step - accuracy: 0.8405 - ce: 0.4109 - loss: 0.4622 - val_accuracy: 0.6686 - val_ce: 0.6506 - val_loss: 0.7007 - learning_rate: 5.0000e-06
Epoch 6/20

Epoch 6: ReduceLROnPlateau reducing learning rate to 2.499999936844688e-06.
124/124 - 4s - 33ms/step - accuracy: 0.8724 - ce: 0.3667 - loss: 0.4165 - val_accuracy: 0.6715 - val_ce: 0.6485 - val_loss: 0.6985 - learning_rate: 5.0000e-06
Epoch 7/20
124/124 - 4s - 34ms/step - accuracy: 0.9028 - ce: 0.3184 - loss: 0.3693 - val_accuracy: 0.6744 - val_ce: 0.6582 - val_loss: 0.7082 - learning_rate: 2.5000e-06
Epoch 8/20

Epoch 8: ReduceLROnPlateau reducing learning rate to 1.249999968422344e-06.
124/124 - 4s - 33ms/step - accuracy: 0.9301 - ce: 0.2901 - loss: 0.3405 - val_accuracy: 0.6772 - val_ce: 0.6525 - val_loss: 0.7024 - learning_rate: 2.5000e-06
Fold 1: accuracy=0.5799  F1(w/m)=0.5711/0.5684  CE=0.6965  epochs=8  

===== Fold 2/5  00:56:18 =====
Class weights (balanced): Human-written=1.058  V5=0.948
Epoch 1/20
123/123 - 17s - 135ms/step - accuracy: 0.4862 - ce: 0.7573 - loss: 0.8037 - val_accuracy: 0.5376 - val_ce: 0.6882 - val_loss: 0.7353 - learning_rate: 1.0000e-04
Epoch 2/20
123/123 - 4s - 34ms/step - accuracy: 0.5020 - ce: 0.7400 - loss: 0.7811 - val_accuracy: 0.5320 - val_ce: 0.6910 - val_loss: 0.7291 - learning_rate: 1.0000e-04
Epoch 3/20

Epoch 3: ReduceLROnPlateau reducing learning rate to 4.999999873689376e-05.
123/123 - 4s - 34ms/step - accuracy: 0.4929 - ce: 0.7251 - loss: 0.7572 - val_accuracy: 0.4680 - val_ce: 0.7365 - val_loss: 0.7637 - learning_rate: 1.0000e-04
Epoch 4/20
123/123 - 4s - 34ms/step - accuracy: 0.4985 - ce: 0.7229 - loss: 0.7462 - val_accuracy: 0.4680 - val_ce: 0.6939 - val_loss: 0.7168 - learning_rate: 5.0000e-05
Epoch 5/20

Epoch 5: ReduceLROnPlateau reducing learning rate to 2.499999936844688e-05.
123/123 - 4s - 34ms/step - accuracy: 0.5020 - ce: 0.7197 - loss: 0.7412 - val_accuracy: 0.5320 - val_ce: 0.6919 - val_loss: 0.7115 - learning_rate: 5.0000e-05
COLLAPSE: 99% of the validation predictions are in one class -> training is repeated once with lr 1e-05
Epoch 1/20
123/123 - 15s - 121ms/step - accuracy: 0.5327 - ce: 0.7277 - loss: 0.7783 - val_accuracy: 0.5905 - val_ce: 0.6757 - val_loss: 0.7267 - learning_rate: 1.0000e-05
Epoch 2/20
123/123 - 4s - 35ms/step - accuracy: 0.6383 - ce: 0.6351 - loss: 0.6860 - val_accuracy: 0.6602 - val_ce: 0.6387 - val_loss: 0.6894 - learning_rate: 1.0000e-05
Epoch 3/20
123/123 - 4s - 34ms/step - accuracy: 0.7071 - ce: 0.5690 - loss: 0.6201 - val_accuracy: 0.6407 - val_ce: 0.6546 - val_loss: 0.7051 - learning_rate: 1.0000e-05
Epoch 4/20

Epoch 4: ReduceLROnPlateau reducing learning rate to 4.999999873689376e-06.
123/123 - 4s - 34ms/step - accuracy: 0.7832 - ce: 0.4746 - loss: 0.5256 - val_accuracy: 0.6518 - val_ce: 0.6435 - val_loss: 0.6937 - learning_rate: 1.0000e-05
Epoch 5/20
123/123 - 4s - 34ms/step - accuracy: 0.8735 - ce: 0.3681 - loss: 0.4179 - val_accuracy: 0.6323 - val_ce: 0.6453 - val_loss: 0.6954 - learning_rate: 5.0000e-06
Epoch 6/20

Epoch 6: ReduceLROnPlateau reducing learning rate to 2.499999936844688e-06.
123/123 - 4s - 34ms/step - accuracy: 0.9173 - ce: 0.3082 - loss: 0.3585 - val_accuracy: 0.6267 - val_ce: 0.6800 - val_loss: 0.7300 - learning_rate: 5.0000e-06
Fold 2: accuracy=0.6149  F1(w/m)=0.6108/0.6085  CE=0.6642  epochs=6  

===== Fold 3/5  00:57:37 =====
Class weights (balanced): Human-written=1.070  V5=0.939
Epoch 1/20
122/122 - 18s - 149ms/step - accuracy: 0.4936 - ce: 0.7655 - loss: 0.8112 - val_accuracy: 0.5055 - val_ce: 0.7439 - val_loss: 0.7913 - learning_rate: 1.0000e-04
Epoch 2/20
122/122 - 4s - 34ms/step - accuracy: 0.4813 - ce: 0.7339 - loss: 0.7751 - val_accuracy: 0.4945 - val_ce: 0.7254 - val_loss: 0.7661 - learning_rate: 1.0000e-04
Epoch 3/20
122/122 - 4s - 34ms/step - accuracy: 0.4895 - ce: 0.7267 - loss: 0.7642 - val_accuracy: 0.5055 - val_ce: 0.7206 - val_loss: 0.7550 - learning_rate: 1.0000e-04
Epoch 4/20
122/122 - 4s - 34ms/step - accuracy: 0.4997 - ce: 0.7261 - loss: 0.7576 - val_accuracy: 0.4945 - val_ce: 0.6942 - val_loss: 0.7218 - learning_rate: 1.0000e-04
Epoch 5/20
122/122 - 4s - 34ms/step - accuracy: 0.5280 - ce: 0.7129 - loss: 0.7396 - val_accuracy: 0.4945 - val_ce: 0.6944 - val_loss: 0.7165 - learning_rate: 1.0000e-04
Epoch 6/20

Epoch 6: ReduceLROnPlateau reducing learning rate to 4.999999873689376e-05.
122/122 - 4s - 34ms/step - accuracy: 0.4977 - ce: 0.7192 - loss: 0.7384 - val_accuracy: 0.4945 - val_ce: 0.6965 - val_loss: 0.7150 - learning_rate: 1.0000e-04
Epoch 7/20
122/122 - 4s - 35ms/step - accuracy: 0.4915 - ce: 0.7135 - loss: 0.7328 - val_accuracy: 0.5055 - val_ce: 0.6931 - val_loss: 0.7102 - learning_rate: 5.0000e-05
Epoch 8/20
122/122 - 4s - 34ms/step - accuracy: 0.5054 - ce: 0.7118 - loss: 0.7283 - val_accuracy: 0.4945 - val_ce: 0.6933 - val_loss: 0.7092 - learning_rate: 5.0000e-05
Epoch 9/20

Epoch 9: ReduceLROnPlateau reducing learning rate to 2.499999936844688e-05.
122/122 - 4s - 34ms/step - accuracy: 0.4946 - ce: 0.7304 - loss: 0.7427 - val_accuracy: 0.5055 - val_ce: 0.6931 - val_loss: 0.7079 - learning_rate: 5.0000e-05
Epoch 10/20
122/122 - 4s - 34ms/step - accuracy: 0.4859 - ce: 0.7230 - loss: 0.7381 - val_accuracy: 0.4945 - val_ce: 0.6936 - val_loss: 0.7080 - learning_rate: 2.5000e-05
Epoch 11/20

Epoch 11: ReduceLROnPlateau reducing learning rate to 1.249999968422344e-05.
122/122 - 4s - 34ms/step - accuracy: 0.4890 - ce: 0.7294 - loss: 0.7420 - val_accuracy: 0.5055 - val_ce: 0.6933 - val_loss: 0.7071 - learning_rate: 2.5000e-05
COLLAPSE: 100% of the validation predictions are in one class -> training is repeated once with lr 1e-05
Epoch 1/20
122/122 - 14s - 118ms/step - accuracy: 0.5357 - ce: 0.7275 - loss: 0.7790 - val_accuracy: 0.5797 - val_ce: 0.6957 - val_loss: 0.7467 - learning_rate: 1.0000e-05
Epoch 2/20
122/122 - 4s - 35ms/step - accuracy: 0.6316 - ce: 0.6456 - loss: 0.6964 - val_accuracy: 0.6099 - val_ce: 0.6754 - val_loss: 0.7260 - learning_rate: 1.0000e-05
Epoch 3/20
122/122 - 4s - 34ms/step - accuracy: 0.7075 - ce: 0.5690 - loss: 0.6194 - val_accuracy: 0.6016 - val_ce: 0.6614 - val_loss: 0.7118 - learning_rate: 1.0000e-05
Epoch 4/20
122/122 - 4s - 34ms/step - accuracy: 0.7963 - ce: 0.4672 - loss: 0.5181 - val_accuracy: 0.6374 - val_ce: 0.6509 - val_loss: 0.7011 - learning_rate: 1.0000e-05
Epoch 5/20
122/122 - 4s - 35ms/step - accuracy: 0.8415 - ce: 0.3905 - loss: 0.4418 - val_accuracy: 0.6044 - val_ce: 0.6499 - val_loss: 0.6998 - learning_rate: 1.0000e-05
Epoch 6/20
122/122 - 4s - 34ms/step - accuracy: 0.8917 - ce: 0.3152 - loss: 0.3660 - val_accuracy: 0.6264 - val_ce: 0.6526 - val_loss: 0.7024 - learning_rate: 1.0000e-05
Epoch 7/20

Epoch 7: ReduceLROnPlateau reducing learning rate to 4.999999873689376e-06.
122/122 - 4s - 33ms/step - accuracy: 0.9338 - ce: 0.2471 - loss: 0.2974 - val_accuracy: 0.6181 - val_ce: 0.6831 - val_loss: 0.7326 - learning_rate: 1.0000e-05
Epoch 8/20
122/122 - 4s - 34ms/step - accuracy: 0.9713 - ce: 0.1623 - loss: 0.2120 - val_accuracy: 0.6401 - val_ce: 0.7095 - val_loss: 0.7589 - learning_rate: 5.0000e-06
Epoch 9/20

Epoch 9: ReduceLROnPlateau reducing learning rate to 2.499999936844688e-06.
122/122 - 4s - 33ms/step - accuracy: 0.9836 - ce: 0.1266 - loss: 0.1761 - val_accuracy: 0.6126 - val_ce: 0.8140 - val_loss: 0.8632 - learning_rate: 5.0000e-06
Fold 3: accuracy=0.6188  F1(w/m)=0.6166/0.6178  CE=0.6653  epochs=9  

===== Fold 4/5  00:59:35 =====
Class weights (balanced): Human-written=1.059  V5=0.948
Epoch 1/20
124/124 - 15s - 121ms/step - accuracy: 0.4937 - ce: 0.7548 - loss: 0.8021 - val_accuracy: 0.5043 - val_ce: 0.7068 - val_loss: 0.7548 - learning_rate: 1.0000e-04
Epoch 2/20
124/124 - 4s - 34ms/step - accuracy: 0.5114 - ce: 0.7262 - loss: 0.7695 - val_accuracy: 0.4957 - val_ce: 0.6935 - val_loss: 0.7327 - learning_rate: 1.0000e-04
Epoch 3/20
124/124 - 4s - 33ms/step - accuracy: 0.5003 - ce: 0.7195 - loss: 0.7557 - val_accuracy: 0.4957 - val_ce: 0.6970 - val_loss: 0.7273 - learning_rate: 1.0000e-04
Epoch 4/20

Epoch 4: ReduceLROnPlateau reducing learning rate to 4.999999873689376e-05.
124/124 - 4s - 34ms/step - accuracy: 0.4815 - ce: 0.7615 - loss: 0.7797 - val_accuracy: 0.4957 - val_ce: 0.6946 - val_loss: 0.7213 - learning_rate: 1.0000e-04
Epoch 5/20
124/124 - 4s - 34ms/step - accuracy: 0.4977 - ce: 0.7261 - loss: 0.7496 - val_accuracy: 0.4957 - val_ce: 0.6933 - val_loss: 0.7168 - learning_rate: 5.0000e-05
Epoch 6/20
124/124 - 4s - 34ms/step - accuracy: 0.5063 - ce: 0.7104 - loss: 0.7327 - val_accuracy: 0.5043 - val_ce: 0.6931 - val_loss: 0.7132 - learning_rate: 5.0000e-05
Epoch 7/20
124/124 - 4s - 34ms/step - accuracy: 0.4901 - ce: 0.7247 - loss: 0.7434 - val_accuracy: 0.5043 - val_ce: 0.6933 - val_loss: 0.7108 - learning_rate: 5.0000e-05
Epoch 8/20

Epoch 8: ReduceLROnPlateau reducing learning rate to 2.499999936844688e-05.
124/124 - 4s - 34ms/step - accuracy: 0.4855 - ce: 0.7235 - loss: 0.7401 - val_accuracy: 0.5043 - val_ce: 0.6931 - val_loss: 0.7086 - learning_rate: 5.0000e-05
Epoch 9/20
124/124 - 4s - 33ms/step - accuracy: 0.5018 - ce: 0.7138 - loss: 0.7292 - val_accuracy: 0.4957 - val_ce: 0.6932 - val_loss: 0.7078 - learning_rate: 2.5000e-05
Epoch 10/20

Epoch 10: ReduceLROnPlateau reducing learning rate to 1.249999968422344e-05.
124/124 - 4s - 34ms/step - accuracy: 0.5089 - ce: 0.7180 - loss: 0.7334 - val_accuracy: 0.4957 - val_ce: 0.6934 - val_loss: 0.7072 - learning_rate: 2.5000e-05
Epoch 11/20
124/124 - 4s - 33ms/step - accuracy: 0.4967 - ce: 0.7274 - loss: 0.7400 - val_accuracy: 0.4957 - val_ce: 0.6932 - val_loss: 0.7067 - learning_rate: 1.2500e-05
Epoch 12/20

Epoch 12: ReduceLROnPlateau reducing learning rate to 6.24999984211172e-06.
124/124 - 4s - 33ms/step - accuracy: 0.4876 - ce: 0.7194 - loss: 0.7326 - val_accuracy: 0.4957 - val_ce: 0.6933 - val_loss: 0.7064 - learning_rate: 1.2500e-05
COLLAPSE: 100% of the validation predictions are in one class -> training is repeated once with lr 1e-05
Epoch 1/20
124/124 - 15s - 117ms/step - accuracy: 0.5271 - ce: 0.7244 - loss: 0.7761 - val_accuracy: 0.5942 - val_ce: 0.6723 - val_loss: 0.7231 - learning_rate: 1.0000e-05
Epoch 2/20
124/124 - 4s - 34ms/step - accuracy: 0.6073 - ce: 0.6676 - loss: 0.7176 - val_accuracy: 0.5739 - val_ce: 0.6644 - val_loss: 0.7149 - learning_rate: 1.0000e-05
Epoch 3/20
124/124 - 4s - 34ms/step - accuracy: 0.6829 - ce: 0.5977 - loss: 0.6476 - val_accuracy: 0.6145 - val_ce: 0.6646 - val_loss: 0.7148 - learning_rate: 1.0000e-05
Epoch 4/20

Epoch 4: ReduceLROnPlateau reducing learning rate to 4.999999873689376e-06.
124/124 - 4s - 34ms/step - accuracy: 0.7494 - ce: 0.5258 - loss: 0.5772 - val_accuracy: 0.5884 - val_ce: 0.6957 - val_loss: 0.7456 - learning_rate: 1.0000e-05
Epoch 5/20
124/124 - 4s - 33ms/step - accuracy: 0.8290 - ce: 0.4226 - loss: 0.4723 - val_accuracy: 0.6319 - val_ce: 0.6679 - val_loss: 0.7177 - learning_rate: 5.0000e-06
Epoch 6/20

Epoch 6: ReduceLROnPlateau reducing learning rate to 2.499999936844688e-06.
124/124 - 4s - 33ms/step - accuracy: 0.8884 - ce: 0.3559 - loss: 0.4062 - val_accuracy: 0.6261 - val_ce: 0.6759 - val_loss: 0.7255 - learning_rate: 5.0000e-06
Fold 4: accuracy=0.6031  F1(w/m)=0.5757/0.5656  CE=0.6623  epochs=6  

===== Fold 5/5  01:01:23 =====
Class weights (balanced): Human-written=1.059  V5=0.947
Epoch 1/20
124/124 - 18s - 143ms/step - accuracy: 0.4858 - ce: 0.7534 - loss: 0.8014 - val_accuracy: 0.5286 - val_ce: 0.7245 - val_loss: 0.7726 - learning_rate: 1.0000e-04
Epoch 2/20
124/124 - 4s - 34ms/step - accuracy: 0.5081 - ce: 0.7238 - loss: 0.7717 - val_accuracy: 0.5286 - val_ce: 0.6953 - val_loss: 0.7394 - learning_rate: 1.0000e-04
Epoch 3/20
124/124 - 4s - 33ms/step - accuracy: 0.4888 - ce: 0.7384 - loss: 0.7842 - val_accuracy: 0.4714 - val_ce: 0.7143 - val_loss: 0.7512 - learning_rate: 1.0000e-04
Epoch 4/20

Epoch 4: ReduceLROnPlateau reducing learning rate to 4.999999873689376e-05.
124/124 - 4s - 33ms/step - accuracy: 0.5091 - ce: 0.7247 - loss: 0.7514 - val_accuracy: 0.4714 - val_ce: 0.7137 - val_loss: 0.7408 - learning_rate: 1.0000e-04
Epoch 5/20
124/124 - 4s - 34ms/step - accuracy: 0.4954 - ce: 0.7229 - loss: 0.7472 - val_accuracy: 0.4714 - val_ce: 0.6951 - val_loss: 0.7182 - learning_rate: 5.0000e-05
Epoch 6/20
124/124 - 4s - 34ms/step - accuracy: 0.4944 - ce: 0.7210 - loss: 0.7405 - val_accuracy: 0.4714 - val_ce: 0.6934 - val_loss: 0.7133 - learning_rate: 5.0000e-05
Epoch 7/20
124/124 - 4s - 34ms/step - accuracy: 0.4975 - ce: 0.7247 - loss: 0.7420 - val_accuracy: 0.4714 - val_ce: 0.6934 - val_loss: 0.7109 - learning_rate: 5.0000e-05
Epoch 8/20

Epoch 8: ReduceLROnPlateau reducing learning rate to 2.499999936844688e-05.
124/124 - 4s - 34ms/step - accuracy: 0.5167 - ce: 0.7114 - loss: 0.7282 - val_accuracy: 0.4714 - val_ce: 0.6941 - val_loss: 0.7096 - learning_rate: 5.0000e-05
Epoch 9/20
124/124 - 4s - 33ms/step - accuracy: 0.5020 - ce: 0.7188 - loss: 0.7337 - val_accuracy: 0.4714 - val_ce: 0.6949 - val_loss: 0.7095 - learning_rate: 2.5000e-05
Epoch 10/20

Epoch 10: ReduceLROnPlateau reducing learning rate to 1.249999968422344e-05.
124/124 - 4s - 33ms/step - accuracy: 0.4965 - ce: 0.7193 - loss: 0.7330 - val_accuracy: 0.4714 - val_ce: 0.6936 - val_loss: 0.7074 - learning_rate: 2.5000e-05
COLLAPSE: 100% of the validation predictions are in one class -> training is repeated once with lr 1e-05
Epoch 1/20
124/124 - 15s - 118ms/step - accuracy: 0.5436 - ce: 0.7162 - loss: 0.7668 - val_accuracy: 0.5943 - val_ce: 0.6904 - val_loss: 0.7413 - learning_rate: 1.0000e-05
Epoch 2/20
124/124 - 4s - 34ms/step - accuracy: 0.6050 - ce: 0.6614 - loss: 0.7132 - val_accuracy: 0.6286 - val_ce: 0.6679 - val_loss: 0.7186 - learning_rate: 1.0000e-05
Epoch 3/20
124/124 - 4s - 34ms/step - accuracy: 0.7003 - ce: 0.5797 - loss: 0.6309 - val_accuracy: 0.6514 - val_ce: 0.6651 - val_loss: 0.7155 - learning_rate: 1.0000e-05
Epoch 4/20
124/124 - 4s - 34ms/step - accuracy: 0.7556 - ce: 0.5078 - loss: 0.5586 - val_accuracy: 0.6114 - val_ce: 0.6916 - val_loss: 0.7419 - learning_rate: 1.0000e-05
Epoch 5/20

Epoch 5: ReduceLROnPlateau reducing learning rate to 4.999999873689376e-06.
124/124 - 4s - 33ms/step - accuracy: 0.8124 - ce: 0.4260 - loss: 0.4762 - val_accuracy: 0.6486 - val_ce: 0.6800 - val_loss: 0.7301 - learning_rate: 1.0000e-05
Epoch 6/20
124/124 - 4s - 33ms/step - accuracy: 0.8971 - ce: 0.3293 - loss: 0.3794 - val_accuracy: 0.6314 - val_ce: 0.6792 - val_loss: 0.7291 - learning_rate: 5.0000e-06
Epoch 7/20

Epoch 7: ReduceLROnPlateau reducing learning rate to 2.499999936844688e-06.
124/124 - 4s - 34ms/step - accuracy: 0.9249 - ce: 0.2814 - loss: 0.3320 - val_accuracy: 0.6371 - val_ce: 0.7337 - val_loss: 0.7835 - learning_rate: 5.0000e-06
Fold 5: accuracy=0.6233  F1(w/m)=0.6231/0.6232  CE=0.6605  epochs=7  

CV mean ± std:
  accuracy               0.6080 ± 0.0174
  balanced_accuracy      0.6035 ± 0.0234
  mcc                    0.2151 ± 0.0409
  cross_entropy          0.6698 ± 0.0150
  roc_auc                0.6530 ± 0.0235
  precision_macro        0.6121 ± 0.0185
  recall_macro           0.6035 ± 0.0234
  f1_macro               0.5967 ± 0.0276
  precision_micro        0.6080 ± 0.0174
  recall_micro           0.6080 ± 0.0174
  f1_micro               0.6080 ± 0.0174
  precision_weighted     0.6127 ± 0.0195
  recall_weighted        0.6080 ± 0.0174
  f1_weighted            0.5994 ± 0.0243

===== Final training  01:03:07 =====
Class weights (balanced): Human-written=1.055  V5=0.950
Epoch 1/20
149/149 - 18s - 120ms/step - accuracy: 0.5166 - ce: 0.7465 - loss: 0.7918 - val_accuracy: 0.5320 - val_ce: 0.6928 - val_loss: 0.7385 - learning_rate: 1.0000e-04
Epoch 2/20
149/149 - 5s - 34ms/step - accuracy: 0.5073 - ce: 0.7224 - loss: 0.7605 - val_accuracy: 0.5320 - val_ce: 0.6926 - val_loss: 0.7271 - learning_rate: 1.0000e-04
Epoch 3/20
149/149 - 5s - 34ms/step - accuracy: 0.4910 - ce: 0.7301 - loss: 0.7607 - val_accuracy: 0.4680 - val_ce: 0.6950 - val_loss: 0.7227 - learning_rate: 1.0000e-04
Epoch 4/20
149/149 - 5s - 34ms/step - accuracy: 0.4906 - ce: 0.7229 - loss: 0.7474 - val_accuracy: 0.5320 - val_ce: 0.6913 - val_loss: 0.7125 - learning_rate: 1.0000e-04
Epoch 5/20
149/149 - 5s - 34ms/step - accuracy: 0.4969 - ce: 0.7278 - loss: 0.7473 - val_accuracy: 0.5320 - val_ce: 0.6915 - val_loss: 0.7092 - learning_rate: 1.0000e-04
Epoch 6/20

Epoch 6: ReduceLROnPlateau reducing learning rate to 4.999999873689376e-05.
149/149 - 5s - 34ms/step - accuracy: 0.4956 - ce: 0.7244 - loss: 0.7420 - val_accuracy: 0.4680 - val_ce: 0.7037 - val_loss: 0.7189 - learning_rate: 1.0000e-04
Epoch 7/20
149/149 - 5s - 34ms/step - accuracy: 0.4935 - ce: 0.7306 - loss: 0.7429 - val_accuracy: 0.4680 - val_ce: 0.6946 - val_loss: 0.7087 - learning_rate: 5.0000e-05
Epoch 8/20

Epoch 8: ReduceLROnPlateau reducing learning rate to 2.499999936844688e-05.
149/149 - 5s - 34ms/step - accuracy: 0.5069 - ce: 0.7211 - loss: 0.7352 - val_accuracy: 0.5320 - val_ce: 0.6929 - val_loss: 0.7061 - learning_rate: 5.0000e-05
COLLAPSE: 100% of the validation predictions are in one class -> training is repeated once with lr 1e-05
Epoch 1/20
149/149 - 15s - 104ms/step - accuracy: 0.5590 - ce: 0.7042 - loss: 0.7556 - val_accuracy: 0.5883 - val_ce: 0.6700 - val_loss: 0.7207 - learning_rate: 1.0000e-05
Epoch 2/20
149/149 - 5s - 34ms/step - accuracy: 0.6395 - ce: 0.6422 - loss: 0.6926 - val_accuracy: 0.6369 - val_ce: 0.6556 - val_loss: 0.7060 - learning_rate: 1.0000e-05
Epoch 3/20
149/149 - 5s - 34ms/step - accuracy: 0.7012 - ce: 0.5726 - loss: 0.6235 - val_accuracy: 0.6019 - val_ce: 0.6621 - val_loss: 0.7123 - learning_rate: 1.0000e-05
Epoch 4/20

Epoch 4: ReduceLROnPlateau reducing learning rate to 4.999999873689376e-06.
149/149 - 5s - 34ms/step - accuracy: 0.7877 - ce: 0.4716 - loss: 0.5209 - val_accuracy: 0.6291 - val_ce: 0.6632 - val_loss: 0.7132 - learning_rate: 1.0000e-05
Epoch 5/20
149/149 - 5s - 34ms/step - accuracy: 0.8691 - ce: 0.3620 - loss: 0.4122 - val_accuracy: 0.6408 - val_ce: 0.6743 - val_loss: 0.7242 - learning_rate: 5.0000e-06
Epoch 6/20

Epoch 6: ReduceLROnPlateau reducing learning rate to 2.499999936844688e-06.
149/149 - 5s - 34ms/step - accuracy: 0.9056 - ce: 0.3066 - loss: 0.3565 - val_accuracy: 0.6117 - val_ce: 0.7417 - val_loss: 0.7914 - learning_rate: 5.0000e-06
               precision    recall  f1-score   support

Human-written     0.6448    0.6448    0.6448       259
           V5     0.6541    0.6541    0.6541       266

     accuracy                         0.6495       525
    macro avg     0.6495    0.6495    0.6495       525
 weighted avg     0.6495    0.6495    0.6495       525

Class distribution all  : {'Human-written': 1629, 'V5': 1794}  ratio {'Human-written': 0.4759, 'V5': 0.5241}
Class distribution train: {'Human-written': 1129, 'V5': 1254}  ratio {'Human-written': 0.4738, 'V5': 0.5262}
Class distribution val  : {'Human-written': 241, 'V5': 274}  ratio {'Human-written': 0.468, 'V5': 0.532}
Class distribution test : {'Human-written': 259, 'V5': 266}  ratio {'Human-written': 0.4933, 'V5': 0.5067}

subdataset13_graph_human_vs_v5_group_cv  VGG19 (tanh, dropout 0.1, lr 0.0001)
CV mean    acc=0.6080  F1 w/m/micro=0.5994/0.5967/0.6080  P_w=0.6127  R_w=0.6080  CE=0.6698  AUC=0.6530  MCC=0.2151
VALIDATION acc=0.6369  F1 w/m/micro=0.6368/0.6353/0.6369  P_w=0.6368  R_w=0.6369  CE=0.6556  AUC=0.6613  MCC=0.2706
TEST       acc=0.6495  F1 w/m/micro=0.6495/0.6495/0.6495  P_w=0.6495  R_w=0.6495  CE=0.6523  AUC=0.6782  MCC=0.2989
TEST 95% CI: accuracy=[0.6095, 0.6876]  f1_weighted=[0.6094, 0.6877]  f1_macro=[0.6094, 0.6876]  mcc=[0.2189, 0.3753]  balanced_accuracy=[0.6094, 0.6876]
Outputs: Experiments/subdataset13/Group-Based Split/results/subdataset13_graph_human_vs_v5_group_cv
2026-10-03 01:04:59 FINISHED
