
====================================================================================================
2026-10-02 20:46:17  subdataset14_screenshot_human_vs_v2_group_cv  (config hash 80ba0e34cdb7)
Data    : Data/Subdataset_14
Classes : ['Human-written', 'V2']   Split: Group-Based Split
Model   : VGG19  activation=tanh  dropout=0.2  lr=0.0001  trained=base from block5_* on  preprocessing=caffe  L2=0.0001
Training: at most 20 epochs, early stopping val_ce patience 4, batch 16, 320x320 (no cropping), mixed precision True
Output  : Experiments/subdataset14/Group-Based Split/results/subdataset14_screenshot_human_vs_v2_group_cv
Human-written (label 0): 1218 images
V2  (label 1): 1350 images
Total 2568 images
Groups: {'n_groups': 1256, 'groups_with_human_and_version': 1141, 'groups_with_all_classes': 1141, 'human_only_groups': 64, 'groups_without_human': 51, 'match_ratio': 0.9084394904458599, 'groups_merged_by_content': 1}
CHECK 4: human/version pairs found with the simple rule 1195, in different groups 0
Files whose folder and version tag in the name do not match (data unchanged): 72
Train     :  1795 (69.9%)  Human-written=847 V2=948
Validation:   392 (15.3%)  Human-written=185 V2=207
Test      :   381 (14.8%)  Human-written=186 V2=195
Fold 1: train=1727 (Human-written=819 V2=908)  evaluation=460 (Human-written=213 V2=247)
Fold 2: train=1765 (Human-written=826 V2=939)  evaluation=422 (Human-written=206 V2=216)
Fold 3: train=1752 (Human-written=826 V2=926)  evaluation=435 (Human-written=206 V2=229)
Fold 4: train=1763 (Human-written=832 V2=931)  evaluation=424 (Human-written=200 V2=224)
Fold 5: train=1741 (Human-written=825 V2=916)  evaluation=446 (Human-written=207 V2=239)
Leakage check PASSED.
TensorFlow 2.20.0 | GPU: [PhysicalDevice(name='/physical_device:GPU:0', device_type='GPU')]
Mixed precision: mixed_float16 (output layer float32)
Images loaded: 2568, 0.8 GB, 2 s

===== Fold 1/5  20:46:22 =====
Class weights (balanced): Human-written=1.058  V2=0.948
Fold 1: accuracy=nan  F1(w/m)=nan/nan  CE=nan  epochs=-  InternalError: {{function_node __wrapped__Cast_device_/job:localhost/replica:0/task:0/device:GPU:0}} 'cuLaunchKernel(function, gridX, gridY, gridZ, blockX, blockY, blockZ, 0, reinterpret_cast<CUstream>(stream), params, nullptr)' failed with 'CUDA_ERROR_INVALID_HANDLE' [Op:Cast] name: 

===== Fold 2/5  20:46:23 =====
Class weights (balanced): Human-written=1.064  V2=0.943
Fold 2: accuracy=nan  F1(w/m)=nan/nan  CE=nan  epochs=-  InternalError: {{function_node __wrapped__Cast_device_/job:localhost/replica:0/task:0/device:GPU:0}} 'cuLaunchKernel(function, gridX, gridY, gridZ, blockX, blockY, blockZ, 0, reinterpret_cast<CUstream>(stream), params, nullptr)' failed with 'CUDA_ERROR_INVALID_HANDLE' [Op:Cast] name: 

===== Fold 3/5  20:46:23 =====
Class weights (balanced): Human-written=1.053  V2=0.952
Fold 3: accuracy=nan  F1(w/m)=nan/nan  CE=nan  epochs=-  InternalError: {{function_node __wrapped__Cast_device_/job:localhost/replica:0/task:0/device:GPU:0}} 'cuLaunchKernel(function, gridX, gridY, gridZ, blockX, blockY, blockZ, 0, reinterpret_cast<CUstream>(stream), params, nullptr)' failed with 'CUDA_ERROR_INVALID_HANDLE' [Op:Cast] name: 

===== Fold 4/5  20:46:24 =====
Class weights (balanced): Human-written=1.039  V2=0.964
Fold 4: accuracy=nan  F1(w/m)=nan/nan  CE=nan  epochs=-  InternalError: {{function_node __wrapped__Cast_device_/job:localhost/replica:0/task:0/device:GPU:0}} 'cuLaunchKernel(function, gridX, gridY, gridZ, blockX, blockY, blockZ, 0, reinterpret_cast<CUstream>(stream), params, nullptr)' failed with 'CUDA_ERROR_INVALID_HANDLE' [Op:Cast] name: 

===== Fold 5/5  20:46:25 =====
Class weights (balanced): Human-written=1.059  V2=0.947
Fold 5: accuracy=nan  F1(w/m)=nan/nan  CE=nan  epochs=-  InternalError: {{function_node __wrapped__Cast_device_/job:localhost/replica:0/task:0/device:GPU:0}} 'cuLaunchKernel(function, gridX, gridY, gridZ, blockX, blockY, blockZ, 0, reinterpret_cast<CUstream>(stream), params, nullptr)' failed with 'CUDA_ERROR_INVALID_HANDLE' [Op:Cast] name: 
Traceback (most recent call last):
  File "Experiments/subdataset14/Group-Based Split/subdataset14_screenshot_human_vs_v2_group_cv.py", line 653, in <module>
    assert len(cv) == CV_FOLDS, f"not all {CV_FOLDS} folds are complete ({len(cv)}); run the script again (it resumes from the missing fold)."
           ^^^^^^^^^^^^^^^^^^^
AssertionError: not all 5 folds are complete (0); run the script again (it resumes from the missing fold).

====================================================================================================
2026-10-02 20:46:27  subdataset14_screenshot_human_vs_v2_group_cv  (config hash 80ba0e34cdb7)
Data    : Data/Subdataset_14
Classes : ['Human-written', 'V2']   Split: Group-Based Split
Model   : VGG19  activation=tanh  dropout=0.2  lr=0.0001  trained=base from block5_* on  preprocessing=caffe  L2=0.0001
Training: at most 20 epochs, early stopping val_ce patience 4, batch 16, 320x320 (no cropping), mixed precision True
Output  : Experiments/subdataset14/Group-Based Split/results/subdataset14_screenshot_human_vs_v2_group_cv
Human-written (label 0): 1218 images
V2  (label 1): 1350 images
Total 2568 images
Groups: {'n_groups': 1256, 'groups_with_human_and_version': 1141, 'groups_with_all_classes': 1141, 'human_only_groups': 64, 'groups_without_human': 51, 'match_ratio': 0.9084394904458599, 'groups_merged_by_content': 1}
CHECK 4: human/version pairs found with the simple rule 1195, in different groups 0
Files whose folder and version tag in the name do not match (data unchanged): 72
Train     :  1795 (69.9%)  Human-written=847 V2=948
Validation:   392 (15.3%)  Human-written=185 V2=207
Test      :   381 (14.8%)  Human-written=186 V2=195
Fold 1: train=1727 (Human-written=819 V2=908)  evaluation=460 (Human-written=213 V2=247)
Fold 2: train=1765 (Human-written=826 V2=939)  evaluation=422 (Human-written=206 V2=216)
Fold 3: train=1752 (Human-written=826 V2=926)  evaluation=435 (Human-written=206 V2=229)
Fold 4: train=1763 (Human-written=832 V2=931)  evaluation=424 (Human-written=200 V2=224)
Fold 5: train=1741 (Human-written=825 V2=916)  evaluation=446 (Human-written=207 V2=239)
Leakage check PASSED.
TensorFlow 2.20.0 | GPU: [PhysicalDevice(name='/physical_device:GPU:0', device_type='GPU')]
Mixed precision: mixed_float16 (output layer float32)
Images loaded: 2568, 0.8 GB, 2 s
Previously completed folds: [] (will be skipped)

===== Fold 1/5  20:46:32 =====
Class weights (balanced): Human-written=1.058  V2=0.948
Fold 1: accuracy=nan  F1(w/m)=nan/nan  CE=nan  epochs=-  InternalError: {{function_node __wrapped__Cast_device_/job:localhost/replica:0/task:0/device:GPU:0}} 'cuLaunchKernel(function, gridX, gridY, gridZ, blockX, blockY, blockZ, 0, reinterpret_cast<CUstream>(stream), params, nullptr)' failed with 'CUDA_ERROR_INVALID_HANDLE' [Op:Cast] name: 

===== Fold 2/5  20:46:32 =====
Class weights (balanced): Human-written=1.064  V2=0.943
Fold 2: accuracy=nan  F1(w/m)=nan/nan  CE=nan  epochs=-  InternalError: {{function_node __wrapped__Cast_device_/job:localhost/replica:0/task:0/device:GPU:0}} 'cuLaunchKernel(function, gridX, gridY, gridZ, blockX, blockY, blockZ, 0, reinterpret_cast<CUstream>(stream), params, nullptr)' failed with 'CUDA_ERROR_INVALID_HANDLE' [Op:Cast] name: 

===== Fold 3/5  20:46:33 =====
Class weights (balanced): Human-written=1.053  V2=0.952
Fold 3: accuracy=nan  F1(w/m)=nan/nan  CE=nan  epochs=-  InternalError: {{function_node __wrapped__Cast_device_/job:localhost/replica:0/task:0/device:GPU:0}} 'cuLaunchKernel(function, gridX, gridY, gridZ, blockX, blockY, blockZ, 0, reinterpret_cast<CUstream>(stream), params, nullptr)' failed with 'CUDA_ERROR_INVALID_HANDLE' [Op:Cast] name: 

===== Fold 4/5  20:46:33 =====
Class weights (balanced): Human-written=1.039  V2=0.964
Fold 4: accuracy=nan  F1(w/m)=nan/nan  CE=nan  epochs=-  InternalError: {{function_node __wrapped__Cast_device_/job:localhost/replica:0/task:0/device:GPU:0}} 'cuLaunchKernel(function, gridX, gridY, gridZ, blockX, blockY, blockZ, 0, reinterpret_cast<CUstream>(stream), params, nullptr)' failed with 'CUDA_ERROR_INVALID_HANDLE' [Op:Cast] name: 

===== Fold 5/5  20:46:34 =====
Class weights (balanced): Human-written=1.059  V2=0.947
Fold 5: accuracy=nan  F1(w/m)=nan/nan  CE=nan  epochs=-  InternalError: {{function_node __wrapped__Cast_device_/job:localhost/replica:0/task:0/device:GPU:0}} 'cuLaunchKernel(function, gridX, gridY, gridZ, blockX, blockY, blockZ, 0, reinterpret_cast<CUstream>(stream), params, nullptr)' failed with 'CUDA_ERROR_INVALID_HANDLE' [Op:Cast] name: 
Traceback (most recent call last):
  File "Experiments/subdataset14/Group-Based Split/subdataset14_screenshot_human_vs_v2_group_cv.py", line 653, in <module>
    assert len(cv) == CV_FOLDS, f"not all {CV_FOLDS} folds are complete ({len(cv)}); run the script again (it resumes from the missing fold)."
           ^^^^^^^^^^^^^^^^^^^
AssertionError: not all 5 folds are complete (0); run the script again (it resumes from the missing fold).

====================================================================================================
2026-10-02 20:46:36  subdataset14_screenshot_human_vs_v2_group_cv  (config hash 80ba0e34cdb7)
Data    : Data/Subdataset_14
Classes : ['Human-written', 'V2']   Split: Group-Based Split
Model   : VGG19  activation=tanh  dropout=0.2  lr=0.0001  trained=base from block5_* on  preprocessing=caffe  L2=0.0001
Training: at most 20 epochs, early stopping val_ce patience 4, batch 16, 320x320 (no cropping), mixed precision True
Output  : Experiments/subdataset14/Group-Based Split/results/subdataset14_screenshot_human_vs_v2_group_cv
Human-written (label 0): 1218 images
V2  (label 1): 1350 images
Total 2568 images
Groups: {'n_groups': 1256, 'groups_with_human_and_version': 1141, 'groups_with_all_classes': 1141, 'human_only_groups': 64, 'groups_without_human': 51, 'match_ratio': 0.9084394904458599, 'groups_merged_by_content': 1}
CHECK 4: human/version pairs found with the simple rule 1195, in different groups 0
Files whose folder and version tag in the name do not match (data unchanged): 72
Train     :  1795 (69.9%)  Human-written=847 V2=948
Validation:   392 (15.3%)  Human-written=185 V2=207
Test      :   381 (14.8%)  Human-written=186 V2=195
Fold 1: train=1727 (Human-written=819 V2=908)  evaluation=460 (Human-written=213 V2=247)
Fold 2: train=1765 (Human-written=826 V2=939)  evaluation=422 (Human-written=206 V2=216)
Fold 3: train=1752 (Human-written=826 V2=926)  evaluation=435 (Human-written=206 V2=229)
Fold 4: train=1763 (Human-written=832 V2=931)  evaluation=424 (Human-written=200 V2=224)
Fold 5: train=1741 (Human-written=825 V2=916)  evaluation=446 (Human-written=207 V2=239)
Leakage check PASSED.
TensorFlow 2.20.0 | GPU: [PhysicalDevice(name='/physical_device:GPU:0', device_type='GPU')]
Mixed precision: mixed_float16 (output layer float32)
Images loaded: 2568, 0.8 GB, 2 s
Previously completed folds: [] (will be skipped)

===== Fold 1/5  20:46:41 =====
Class weights (balanced): Human-written=1.058  V2=0.948
Fold 1: accuracy=nan  F1(w/m)=nan/nan  CE=nan  epochs=-  InternalError: {{function_node __wrapped__Cast_device_/job:localhost/replica:0/task:0/device:GPU:0}} 'cuLaunchKernel(function, gridX, gridY, gridZ, blockX, blockY, blockZ, 0, reinterpret_cast<CUstream>(stream), params, nullptr)' failed with 'CUDA_ERROR_INVALID_HANDLE' [Op:Cast] name: 

===== Fold 2/5  20:46:42 =====
Class weights (balanced): Human-written=1.064  V2=0.943
Fold 2: accuracy=nan  F1(w/m)=nan/nan  CE=nan  epochs=-  InternalError: {{function_node __wrapped__Cast_device_/job:localhost/replica:0/task:0/device:GPU:0}} 'cuLaunchKernel(function, gridX, gridY, gridZ, blockX, blockY, blockZ, 0, reinterpret_cast<CUstream>(stream), params, nullptr)' failed with 'CUDA_ERROR_INVALID_HANDLE' [Op:Cast] name: 

===== Fold 3/5  20:46:42 =====
Class weights (balanced): Human-written=1.053  V2=0.952
Fold 3: accuracy=nan  F1(w/m)=nan/nan  CE=nan  epochs=-  InternalError: {{function_node __wrapped__Cast_device_/job:localhost/replica:0/task:0/device:GPU:0}} 'cuLaunchKernel(function, gridX, gridY, gridZ, blockX, blockY, blockZ, 0, reinterpret_cast<CUstream>(stream), params, nullptr)' failed with 'CUDA_ERROR_INVALID_HANDLE' [Op:Cast] name: 

===== Fold 4/5  20:46:43 =====
Class weights (balanced): Human-written=1.039  V2=0.964
Fold 4: accuracy=nan  F1(w/m)=nan/nan  CE=nan  epochs=-  InternalError: {{function_node __wrapped__Cast_device_/job:localhost/replica:0/task:0/device:GPU:0}} 'cuLaunchKernel(function, gridX, gridY, gridZ, blockX, blockY, blockZ, 0, reinterpret_cast<CUstream>(stream), params, nullptr)' failed with 'CUDA_ERROR_INVALID_HANDLE' [Op:Cast] name: 

===== Fold 5/5  20:46:44 =====
Class weights (balanced): Human-written=1.059  V2=0.947
Fold 5: accuracy=nan  F1(w/m)=nan/nan  CE=nan  epochs=-  InternalError: {{function_node __wrapped__Cast_device_/job:localhost/replica:0/task:0/device:GPU:0}} 'cuLaunchKernel(function, gridX, gridY, gridZ, blockX, blockY, blockZ, 0, reinterpret_cast<CUstream>(stream), params, nullptr)' failed with 'CUDA_ERROR_INVALID_HANDLE' [Op:Cast] name: 
Traceback (most recent call last):
  File "Experiments/subdataset14/Group-Based Split/subdataset14_screenshot_human_vs_v2_group_cv.py", line 653, in <module>
    assert len(cv) == CV_FOLDS, f"not all {CV_FOLDS} folds are complete ({len(cv)}); run the script again (it resumes from the missing fold)."
           ^^^^^^^^^^^^^^^^^^^
AssertionError: not all 5 folds are complete (0); run the script again (it resumes from the missing fold).

====================================================================================================
2026-10-02 22:13:27  subdataset14_screenshot_human_vs_v2_group_cv  (config hash 80ba0e34cdb7)
Data    : Data/Subdataset_14
Classes : ['Human-written', 'V2']   Split: Group-Based Split
Model   : VGG19  activation=tanh  dropout=0.2  lr=0.0001  trained=base from block5_* on  preprocessing=caffe  L2=0.0001
Training: at most 20 epochs, early stopping val_ce patience 4, batch 16, 320x320 (no cropping), mixed precision True
Output  : Experiments/subdataset14/Group-Based Split/results/subdataset14_screenshot_human_vs_v2_group_cv
Human-written (label 0): 1218 images
V2  (label 1): 1350 images
Total 2568 images
Groups: {'n_groups': 1256, 'groups_with_human_and_version': 1141, 'groups_with_all_classes': 1141, 'human_only_groups': 64, 'groups_without_human': 51, 'match_ratio': 0.9084394904458599, 'groups_merged_by_content': 1}
CHECK 4: human/version pairs found with the simple rule 1195, in different groups 0
Files whose folder and version tag in the name do not match (data unchanged): 72
Train     :  1795 (69.9%)  Human-written=847 V2=948
Validation:   392 (15.3%)  Human-written=185 V2=207
Test      :   381 (14.8%)  Human-written=186 V2=195
Fold 1: train=1727 (Human-written=819 V2=908)  evaluation=460 (Human-written=213 V2=247)
Fold 2: train=1765 (Human-written=826 V2=939)  evaluation=422 (Human-written=206 V2=216)
Fold 3: train=1752 (Human-written=826 V2=926)  evaluation=435 (Human-written=206 V2=229)
Fold 4: train=1763 (Human-written=832 V2=931)  evaluation=424 (Human-written=200 V2=224)
Fold 5: train=1741 (Human-written=825 V2=916)  evaluation=446 (Human-written=207 V2=239)
Leakage check PASSED.
TensorFlow 2.20.0 | GPU: [PhysicalDevice(name='/physical_device:GPU:0', device_type='GPU')]
Mixed precision: mixed_float16 (output layer float32)
Images loaded: 2568, 0.8 GB, 12 s
Previously completed folds: [] (will be skipped)

===== Fold 1/5  22:13:49 =====
Class weights (balanced): Human-written=1.058  V2=0.948
Model: base 22 layers, trained base layers 5 (first: block5_conv1); trained parameters 9,702,401 / 20,287,553
Epoch 1/20
92/92 - 21s - 225ms/step - accuracy: 0.6969 - ce: 0.6065 - loss: 0.6531 - val_accuracy: 0.7954 - val_ce: 0.4502 - val_loss: 0.4964 - learning_rate: 1.0000e-04
Epoch 2/20
92/92 - 3s - 36ms/step - accuracy: 0.7841 - ce: 0.4876 - loss: 0.5311 - val_accuracy: 0.8340 - val_ce: 0.4007 - val_loss: 0.4420 - learning_rate: 1.0000e-04
Epoch 3/20
92/92 - 3s - 36ms/step - accuracy: 0.8120 - ce: 0.4293 - loss: 0.4698 - val_accuracy: 0.7761 - val_ce: 0.4805 - val_loss: 0.5176 - learning_rate: 1.0000e-04
Epoch 4/20

Epoch 4: ReduceLROnPlateau reducing learning rate to 4.999999873689376e-05.
92/92 - 3s - 35ms/step - accuracy: 0.7929 - ce: 0.4862 - loss: 0.5228 - val_accuracy: 0.7722 - val_ce: 0.5427 - val_loss: 0.5761 - learning_rate: 1.0000e-04
Epoch 5/20
92/92 - 3s - 36ms/step - accuracy: 0.8597 - ce: 0.3504 - loss: 0.3817 - val_accuracy: 0.8185 - val_ce: 0.4191 - val_loss: 0.4506 - learning_rate: 5.0000e-05
Epoch 6/20

Epoch 6: ReduceLROnPlateau reducing learning rate to 2.499999936844688e-05.
92/92 - 3s - 35ms/step - accuracy: 0.8896 - ce: 0.3078 - loss: 0.3398 - val_accuracy: 0.8031 - val_ce: 0.4580 - val_loss: 0.4877 - learning_rate: 5.0000e-05
Fold 1: accuracy=0.8152  F1(w/m)=0.8150/0.8137  CE=0.4429  epochs=6  

===== Fold 2/5  22:14:34 =====
Class weights (balanced): Human-written=1.064  V2=0.943
Epoch 1/20
94/94 - 17s - 183ms/step - accuracy: 0.7323 - ce: 0.5662 - loss: 0.6140 - val_accuracy: 0.7970 - val_ce: 0.4543 - val_loss: 0.4991 - learning_rate: 1.0000e-04
Epoch 2/20
94/94 - 3s - 35ms/step - accuracy: 0.7851 - ce: 0.4807 - loss: 0.5221 - val_accuracy: 0.8007 - val_ce: 0.4384 - val_loss: 0.4776 - learning_rate: 1.0000e-04
Epoch 3/20
94/94 - 3s - 36ms/step - accuracy: 0.8300 - ce: 0.4030 - loss: 0.4414 - val_accuracy: 0.7934 - val_ce: 0.4057 - val_loss: 0.4400 - learning_rate: 1.0000e-04
Epoch 4/20
94/94 - 3s - 35ms/step - accuracy: 0.8025 - ce: 0.4332 - loss: 0.4676 - val_accuracy: 0.8229 - val_ce: 0.3949 - val_loss: 0.4253 - learning_rate: 1.0000e-04
Epoch 5/20
94/94 - 3s - 35ms/step - accuracy: 0.8594 - ce: 0.3526 - loss: 0.3812 - val_accuracy: 0.8893 - val_ce: 0.3126 - val_loss: 0.3394 - learning_rate: 1.0000e-04
Epoch 6/20
94/94 - 3s - 35ms/step - accuracy: 0.8822 - ce: 0.2912 - loss: 0.3156 - val_accuracy: 0.8856 - val_ce: 0.3142 - val_loss: 0.3377 - learning_rate: 1.0000e-04
Epoch 7/20

Epoch 7: ReduceLROnPlateau reducing learning rate to 4.999999873689376e-05.
94/94 - 3s - 35ms/step - accuracy: 0.9116 - ce: 0.2531 - loss: 0.2751 - val_accuracy: 0.8893 - val_ce: 0.3692 - val_loss: 0.3899 - learning_rate: 1.0000e-04
Epoch 8/20
94/94 - 3s - 35ms/step - accuracy: 0.9230 - ce: 0.2039 - loss: 0.2254 - val_accuracy: 0.8967 - val_ce: 0.3342 - val_loss: 0.3538 - learning_rate: 5.0000e-05
Epoch 9/20
94/94 - 3s - 35ms/step - accuracy: 0.9438 - ce: 0.1464 - loss: 0.1667 - val_accuracy: 0.9077 - val_ce: 0.2672 - val_loss: 0.2857 - learning_rate: 5.0000e-05
Epoch 10/20
94/94 - 3s - 35ms/step - accuracy: 0.9652 - ce: 0.1086 - loss: 0.1277 - val_accuracy: 0.9041 - val_ce: 0.3634 - val_loss: 0.3808 - learning_rate: 5.0000e-05
Epoch 11/20

Epoch 11: ReduceLROnPlateau reducing learning rate to 2.499999936844688e-05.
94/94 - 3s - 36ms/step - accuracy: 0.9705 - ce: 0.0901 - loss: 0.1077 - val_accuracy: 0.8930 - val_ce: 0.4156 - val_loss: 0.4321 - learning_rate: 5.0000e-05
Epoch 12/20
94/94 - 3s - 35ms/step - accuracy: 0.9799 - ce: 0.0640 - loss: 0.0808 - val_accuracy: 0.9151 - val_ce: 0.3326 - val_loss: 0.3487 - learning_rate: 2.5000e-05
Epoch 13/20

Epoch 13: ReduceLROnPlateau reducing learning rate to 1.249999968422344e-05.
94/94 - 3s - 34ms/step - accuracy: 0.9900 - ce: 0.0374 - loss: 0.0533 - val_accuracy: 0.9041 - val_ce: 0.4141 - val_loss: 0.4297 - learning_rate: 2.5000e-05
Fold 2: accuracy=0.9028  F1(w/m)=0.9029/0.9028  CE=0.3038  epochs=13  

===== Fold 3/5  22:15:36 =====
Class weights (balanced): Human-written=1.053  V2=0.952
Epoch 1/20
93/93 - 15s - 158ms/step - accuracy: 0.7233 - ce: 0.5582 - loss: 0.6048 - val_accuracy: 0.8431 - val_ce: 0.3947 - val_loss: 0.4386 - learning_rate: 1.0000e-04
Epoch 2/20
93/93 - 3s - 35ms/step - accuracy: 0.7815 - ce: 0.4641 - loss: 0.5055 - val_accuracy: 0.8905 - val_ce: 0.3079 - val_loss: 0.3465 - learning_rate: 1.0000e-04
Epoch 3/20
93/93 - 3s - 35ms/step - accuracy: 0.8011 - ce: 0.4481 - loss: 0.4855 - val_accuracy: 0.7920 - val_ce: 0.4668 - val_loss: 0.5006 - learning_rate: 1.0000e-04
Epoch 4/20
93/93 - 3s - 36ms/step - accuracy: 0.8396 - ce: 0.3776 - loss: 0.4102 - val_accuracy: 0.9015 - val_ce: 0.2465 - val_loss: 0.2766 - learning_rate: 1.0000e-04
Epoch 5/20
93/93 - 3s - 35ms/step - accuracy: 0.8261 - ce: 0.4136 - loss: 0.4441 - val_accuracy: 0.9234 - val_ce: 0.2578 - val_loss: 0.2847 - learning_rate: 1.0000e-04
Epoch 6/20

Epoch 6: ReduceLROnPlateau reducing learning rate to 4.999999873689376e-05.
93/93 - 3s - 35ms/step - accuracy: 0.8857 - ce: 0.2931 - loss: 0.3192 - val_accuracy: 0.8723 - val_ce: 0.2663 - val_loss: 0.2903 - learning_rate: 1.0000e-04
Epoch 7/20
93/93 - 3s - 35ms/step - accuracy: 0.9168 - ce: 0.2184 - loss: 0.2416 - val_accuracy: 0.9234 - val_ce: 0.1946 - val_loss: 0.2172 - learning_rate: 5.0000e-05
Epoch 8/20
93/93 - 3s - 35ms/step - accuracy: 0.9364 - ce: 0.1715 - loss: 0.1944 - val_accuracy: 0.9307 - val_ce: 0.2337 - val_loss: 0.2550 - learning_rate: 5.0000e-05
Epoch 9/20

Epoch 9: ReduceLROnPlateau reducing learning rate to 2.499999936844688e-05.
93/93 - 3s - 35ms/step - accuracy: 0.9526 - ce: 0.1331 - loss: 0.1546 - val_accuracy: 0.9234 - val_ce: 0.3445 - val_loss: 0.3646 - learning_rate: 5.0000e-05
Epoch 10/20
93/93 - 3s - 35ms/step - accuracy: 0.9635 - ce: 0.0972 - loss: 0.1170 - val_accuracy: 0.9088 - val_ce: 0.2698 - val_loss: 0.2893 - learning_rate: 2.5000e-05
Epoch 11/20

Epoch 11: ReduceLROnPlateau reducing learning rate to 1.249999968422344e-05.
93/93 - 3s - 35ms/step - accuracy: 0.9709 - ce: 0.0836 - loss: 0.1039 - val_accuracy: 0.9343 - val_ce: 0.2948 - val_loss: 0.3137 - learning_rate: 2.5000e-05
Fold 3: accuracy=0.8989  F1(w/m)=0.8987/0.8983  CE=0.2455  epochs=11  

===== Fold 4/5  22:16:28 =====
Class weights (balanced): Human-written=1.039  V2=0.964
Epoch 1/20
92/92 - 16s - 169ms/step - accuracy: 0.7155 - ce: 0.5681 - loss: 0.6148 - val_accuracy: 0.8095 - val_ce: 0.4618 - val_loss: 0.5055 - learning_rate: 1.0000e-04
Epoch 2/20
92/92 - 3s - 35ms/step - accuracy: 0.7760 - ce: 0.4993 - loss: 0.5390 - val_accuracy: 0.7891 - val_ce: 0.5384 - val_loss: 0.5746 - learning_rate: 1.0000e-04
Epoch 3/20
92/92 - 3s - 36ms/step - accuracy: 0.8080 - ce: 0.4549 - loss: 0.4899 - val_accuracy: 0.8435 - val_ce: 0.3519 - val_loss: 0.3829 - learning_rate: 1.0000e-04
Epoch 4/20
92/92 - 3s - 36ms/step - accuracy: 0.8536 - ce: 0.3693 - loss: 0.3986 - val_accuracy: 0.8333 - val_ce: 0.3942 - val_loss: 0.4206 - learning_rate: 1.0000e-04
Epoch 5/20
92/92 - 3s - 36ms/step - accuracy: 0.8884 - ce: 0.3048 - loss: 0.3284 - val_accuracy: 0.8571 - val_ce: 0.3215 - val_loss: 0.3439 - learning_rate: 1.0000e-04
Epoch 6/20
92/92 - 3s - 36ms/step - accuracy: 0.8781 - ce: 0.2785 - loss: 0.3002 - val_accuracy: 0.8878 - val_ce: 0.2885 - val_loss: 0.3078 - learning_rate: 1.0000e-04
Epoch 7/20
92/92 - 3s - 36ms/step - accuracy: 0.9163 - ce: 0.2272 - loss: 0.2447 - val_accuracy: 0.9082 - val_ce: 0.2522 - val_loss: 0.2689 - learning_rate: 1.0000e-04
Epoch 8/20
92/92 - 3s - 36ms/step - accuracy: 0.9360 - ce: 0.1798 - loss: 0.1960 - val_accuracy: 0.8503 - val_ce: 0.4622 - val_loss: 0.4768 - learning_rate: 1.0000e-04
Epoch 9/20

Epoch 9: ReduceLROnPlateau reducing learning rate to 4.999999873689376e-05.
92/92 - 3s - 35ms/step - accuracy: 0.9496 - ce: 0.1653 - loss: 0.1793 - val_accuracy: 0.9116 - val_ce: 0.2768 - val_loss: 0.2902 - learning_rate: 1.0000e-04
Epoch 10/20
92/92 - 3s - 35ms/step - accuracy: 0.9598 - ce: 0.1153 - loss: 0.1284 - val_accuracy: 0.9184 - val_ce: 0.2571 - val_loss: 0.2699 - learning_rate: 5.0000e-05
Epoch 11/20

Epoch 11: ReduceLROnPlateau reducing learning rate to 2.499999936844688e-05.
92/92 - 3s - 36ms/step - accuracy: 0.9775 - ce: 0.0753 - loss: 0.0878 - val_accuracy: 0.9150 - val_ce: 0.3027 - val_loss: 0.3149 - learning_rate: 5.0000e-05
Fold 4: accuracy=0.9104  F1(w/m)=0.9104/0.9101  CE=0.2464  epochs=11  

===== Fold 5/5  22:17:23 =====
Class weights (balanced): Human-written=1.059  V2=0.947
Epoch 1/20
93/93 - 13s - 137ms/step - accuracy: 0.7266 - ce: 0.5823 - loss: 0.6277 - val_accuracy: 0.7930 - val_ce: 0.4409 - val_loss: 0.4841 - learning_rate: 1.0000e-04
Epoch 2/20
93/93 - 3s - 35ms/step - accuracy: 0.7906 - ce: 0.4823 - loss: 0.5214 - val_accuracy: 0.8164 - val_ce: 0.4176 - val_loss: 0.4545 - learning_rate: 1.0000e-04
Epoch 3/20
93/93 - 3s - 35ms/step - accuracy: 0.8000 - ce: 0.4616 - loss: 0.4958 - val_accuracy: 0.7812 - val_ce: 0.4483 - val_loss: 0.4808 - learning_rate: 1.0000e-04
Epoch 4/20

Epoch 4: ReduceLROnPlateau reducing learning rate to 4.999999873689376e-05.
93/93 - 3s - 35ms/step - accuracy: 0.8721 - ce: 0.3242 - loss: 0.3537 - val_accuracy: 0.8242 - val_ce: 0.4203 - val_loss: 0.4490 - learning_rate: 1.0000e-04
Epoch 5/20
93/93 - 3s - 35ms/step - accuracy: 0.9010 - ce: 0.2626 - loss: 0.2925 - val_accuracy: 0.8477 - val_ce: 0.3844 - val_loss: 0.4113 - learning_rate: 5.0000e-05
Epoch 6/20
93/93 - 3s - 35ms/step - accuracy: 0.8916 - ce: 0.2606 - loss: 0.2879 - val_accuracy: 0.8242 - val_ce: 0.4472 - val_loss: 0.4726 - learning_rate: 5.0000e-05
Epoch 7/20
93/93 - 3s - 36ms/step - accuracy: 0.9239 - ce: 0.2004 - loss: 0.2258 - val_accuracy: 0.8633 - val_ce: 0.3496 - val_loss: 0.3733 - learning_rate: 5.0000e-05
Epoch 8/20
93/93 - 3s - 35ms/step - accuracy: 0.9380 - ce: 0.1665 - loss: 0.1883 - val_accuracy: 0.8750 - val_ce: 0.3890 - val_loss: 0.4113 - learning_rate: 5.0000e-05
Epoch 9/20

Epoch 9: ReduceLROnPlateau reducing learning rate to 2.499999936844688e-05.
93/93 - 3s - 35ms/step - accuracy: 0.9434 - ce: 0.1543 - loss: 0.1776 - val_accuracy: 0.8516 - val_ce: 0.4565 - val_loss: 0.4776 - learning_rate: 5.0000e-05
Epoch 10/20
93/93 - 3s - 35ms/step - accuracy: 0.9670 - ce: 0.0883 - loss: 0.1094 - val_accuracy: 0.8633 - val_ce: 0.4741 - val_loss: 0.4946 - learning_rate: 2.5000e-05
Epoch 11/20

Epoch 11: ReduceLROnPlateau reducing learning rate to 1.249999968422344e-05.
93/93 - 3s - 34ms/step - accuracy: 0.9825 - ce: 0.0515 - loss: 0.0719 - val_accuracy: 0.8672 - val_ce: 0.5252 - val_loss: 0.5451 - learning_rate: 2.5000e-05
Fold 5: accuracy=0.9103  F1(w/m)=0.9104/0.9102  CE=0.2549  epochs=11  

CV mean ± std:
  accuracy               0.8875 ± 0.0407
  balanced_accuracy      0.8872 ± 0.0419
  mcc                    0.7748 ± 0.0828
  cross_entropy          0.2987 ± 0.0841
  roc_auc                0.9512 ± 0.0371
  precision_macro        0.8876 ± 0.0410
  recall_macro           0.8872 ± 0.0419
  f1_macro               0.8870 ± 0.0413
  precision_micro        0.8875 ± 0.0407
  recall_micro           0.8875 ± 0.0407
  f1_micro               0.8875 ± 0.0407
  precision_weighted     0.8882 ± 0.0412
  recall_weighted        0.8875 ± 0.0407
  f1_weighted            0.8875 ± 0.0408

===== Final training  22:18:15 =====
Class weights (balanced): Human-written=1.060  V2=0.947
Epoch 1/20
113/113 - 15s - 130ms/step - accuracy: 0.7148 - ce: 0.5684 - loss: 0.6159 - val_accuracy: 0.8036 - val_ce: 0.4463 - val_loss: 0.4894 - learning_rate: 1.0000e-04
Epoch 2/20
113/113 - 4s - 35ms/step - accuracy: 0.7916 - ce: 0.4600 - loss: 0.5011 - val_accuracy: 0.5689 - val_ce: 0.8401 - val_loss: 0.8771 - learning_rate: 1.0000e-04
Epoch 3/20
113/113 - 4s - 36ms/step - accuracy: 0.7866 - ce: 0.4909 - loss: 0.5221 - val_accuracy: 0.8087 - val_ce: 0.3923 - val_loss: 0.4247 - learning_rate: 1.0000e-04
Epoch 4/20
113/113 - 4s - 35ms/step - accuracy: 0.8535 - ce: 0.3573 - loss: 0.3889 - val_accuracy: 0.8342 - val_ce: 0.3436 - val_loss: 0.3721 - learning_rate: 1.0000e-04
Epoch 5/20
113/113 - 4s - 35ms/step - accuracy: 0.8724 - ce: 0.2905 - loss: 0.3175 - val_accuracy: 0.8878 - val_ce: 0.2692 - val_loss: 0.2943 - learning_rate: 1.0000e-04
Epoch 6/20
113/113 - 4s - 35ms/step - accuracy: 0.8969 - ce: 0.2664 - loss: 0.2896 - val_accuracy: 0.9107 - val_ce: 0.2659 - val_loss: 0.2885 - learning_rate: 1.0000e-04
Epoch 7/20
113/113 - 4s - 35ms/step - accuracy: 0.9136 - ce: 0.2281 - loss: 0.2483 - val_accuracy: 0.9184 - val_ce: 0.2655 - val_loss: 0.2863 - learning_rate: 1.0000e-04
Epoch 8/20
113/113 - 4s - 35ms/step - accuracy: 0.9164 - ce: 0.2182 - loss: 0.2390 - val_accuracy: 0.9158 - val_ce: 0.2699 - val_loss: 0.2895 - learning_rate: 1.0000e-04
Epoch 9/20
113/113 - 4s - 35ms/step - accuracy: 0.9276 - ce: 0.1908 - loss: 0.2121 - val_accuracy: 0.9209 - val_ce: 0.2180 - val_loss: 0.2366 - learning_rate: 1.0000e-04
Epoch 10/20
113/113 - 4s - 35ms/step - accuracy: 0.9454 - ce: 0.1475 - loss: 0.1661 - val_accuracy: 0.9209 - val_ce: 0.2561 - val_loss: 0.2738 - learning_rate: 1.0000e-04
Epoch 11/20

Epoch 11: ReduceLROnPlateau reducing learning rate to 4.999999873689376e-05.
113/113 - 4s - 34ms/step - accuracy: 0.9515 - ce: 0.1268 - loss: 0.1450 - val_accuracy: 0.8520 - val_ce: 0.5866 - val_loss: 0.6035 - learning_rate: 1.0000e-04
Epoch 12/20
113/113 - 4s - 35ms/step - accuracy: 0.9638 - ce: 0.0875 - loss: 0.1031 - val_accuracy: 0.9388 - val_ce: 0.3003 - val_loss: 0.3168 - learning_rate: 5.0000e-05
Epoch 13/20

Epoch 13: ReduceLROnPlateau reducing learning rate to 2.499999936844688e-05.
113/113 - 4s - 35ms/step - accuracy: 0.9905 - ce: 0.0329 - loss: 0.0497 - val_accuracy: 0.9158 - val_ce: 0.3610 - val_loss: 0.3770 - learning_rate: 5.0000e-05
               precision    recall  f1-score   support

Human-written     0.9167    0.8871    0.9016       186
           V2     0.8955    0.9231    0.9091       195

     accuracy                         0.9055       381
    macro avg     0.9061    0.9051    0.9054       381
 weighted avg     0.9058    0.9055    0.9055       381

Class distribution all  : {'Human-written': 1218, 'V2': 1350}  ratio {'Human-written': 0.4743, 'V2': 0.5257}
Class distribution train: {'Human-written': 847, 'V2': 948}  ratio {'Human-written': 0.4719, 'V2': 0.5281}
Class distribution val  : {'Human-written': 185, 'V2': 207}  ratio {'Human-written': 0.4719, 'V2': 0.5281}
Class distribution test : {'Human-written': 186, 'V2': 195}  ratio {'Human-written': 0.4882, 'V2': 0.5118}

subdataset14_screenshot_human_vs_v2_group_cv  VGG19 (tanh, dropout 0.2, lr 0.0001)
CV mean    acc=0.8875  F1 w/m/micro=0.8875/0.8870/0.8875  P_w=0.8882  R_w=0.8875  CE=0.2987  AUC=0.9512  MCC=0.7748
VALIDATION acc=0.9209  F1 w/m/micro=0.9209/0.9206/0.9209  P_w=0.9209  R_w=0.9209  CE=0.2180  AUC=0.9748  MCC=0.8413
TEST       acc=0.9055  F1 w/m/micro=0.9055/0.9054/0.9055  P_w=0.9058  R_w=0.9055  CE=0.2680  AUC=0.9622  MCC=0.8112
TEST 95% CI: accuracy=[0.8766, 0.9344]  f1_weighted=[0.8766, 0.9344]  f1_macro=[0.8764, 0.9343]  mcc=[0.7534, 0.8688]  balanced_accuracy=[0.8761, 0.9342]
Outputs: Experiments/subdataset14/Group-Based Split/results/subdataset14_screenshot_human_vs_v2_group_cv
2026-10-02 22:19:30 FINISHED
