
====================================================================================================
2026-10-03 00:47:18  subdataset13_graph_human_vs_v4_snippet_cv  (config hash 86201320cc98)
Data    : Data/Subdataset_13
Classes : ['Human-written', 'V4']   Split: Snippet-Level Split
Model   : VGG16  activation=relu  dropout=0.1  lr=0.0001  trained=base from block5_* on  preprocessing=caffe  L2=0.0001
Training: at most 20 epochs, early stopping val_ce patience 4, batch 16, 320x320 (no cropping), mixed precision True
Output  : Experiments/subdataset13/Snippet-Level Split/results/subdataset13_graph_human_vs_v4_snippet_cv
Human-written (label 0): 1629 images
V4  (label 1): 1913 images
Total 3542 images
Train     :  2478 (70.0%)  Human-written=1139 V4=1339
Validation:   532 (15.0%)  Human-written=245 V4=287
Test      :   532 (15.0%)  Human-written=245 V4=287
Fold 1: train=2408 (Human-written=1108 V4=1300)  evaluation=602 (Human-written=276 V4=326)
Fold 2: train=2408 (Human-written=1107 V4=1301)  evaluation=602 (Human-written=277 V4=325)
Fold 3: train=2408 (Human-written=1107 V4=1301)  evaluation=602 (Human-written=277 V4=325)
Fold 4: train=2408 (Human-written=1107 V4=1301)  evaluation=602 (Human-written=277 V4=325)
Fold 5: train=2408 (Human-written=1107 V4=1301)  evaluation=602 (Human-written=277 V4=325)
Leakage check PASSED.
TensorFlow 2.20.0 | GPU: [PhysicalDevice(name='/physical_device:GPU:0', device_type='GPU')]
Mixed precision: mixed_float16 (output layer float32)
Images loaded: 3542, 1.1 GB, 5 s

===== Fold 1/5  00:47:27 =====
Class weights (balanced): Human-written=1.087  V4=0.926
Model: base 19 layers, trained base layers 4 (first: block5_conv1); trained parameters 7,342,593 / 14,977,857
Epoch 1/20
128/128 - 20s - 160ms/step - accuracy: 0.5000 - ce: 0.7383 - loss: 0.7880 - val_accuracy: 0.4641 - val_ce: 0.6935 - val_loss: 0.7344 - learning_rate: 1.0000e-04
Epoch 2/20
128/128 - 4s - 30ms/step - accuracy: 0.4501 - ce: 0.6942 - loss: 0.7299 - val_accuracy: 0.4613 - val_ce: 0.6935 - val_loss: 0.7251 - learning_rate: 1.0000e-04
Epoch 3/20
128/128 - 4s - 30ms/step - accuracy: 0.4599 - ce: 0.6938 - loss: 0.7214 - val_accuracy: 0.4613 - val_ce: 0.6934 - val_loss: 0.7185 - learning_rate: 1.0000e-04
Epoch 4/20
128/128 - 4s - 29ms/step - accuracy: 0.4888 - ce: 0.6932 - loss: 0.7158 - val_accuracy: 0.4613 - val_ce: 0.6932 - val_loss: 0.7136 - learning_rate: 1.0000e-04
Epoch 5/20
128/128 - 4s - 29ms/step - accuracy: 0.4570 - ce: 0.6932 - loss: 0.7118 - val_accuracy: 0.4613 - val_ce: 0.6932 - val_loss: 0.7102 - learning_rate: 1.0000e-04
Epoch 6/20

Epoch 6: ReduceLROnPlateau reducing learning rate to 4.999999873689376e-05.
128/128 - 4s - 29ms/step - accuracy: 0.4863 - ce: 0.6932 - loss: 0.7089 - val_accuracy: 0.4613 - val_ce: 0.6932 - val_loss: 0.7077 - learning_rate: 1.0000e-04
Epoch 7/20
128/128 - 4s - 30ms/step - accuracy: 0.4604 - ce: 0.6932 - loss: 0.7072 - val_accuracy: 0.4613 - val_ce: 0.6932 - val_loss: 0.7067 - learning_rate: 5.0000e-05
Epoch 8/20

Epoch 8: ReduceLROnPlateau reducing learning rate to 2.499999936844688e-05.
128/128 - 4s - 29ms/step - accuracy: 0.4599 - ce: 0.6933 - loss: 0.7062 - val_accuracy: 0.4613 - val_ce: 0.6932 - val_loss: 0.7057 - learning_rate: 5.0000e-05
Epoch 9/20
128/128 - 4s - 29ms/step - accuracy: 0.4663 - ce: 0.6932 - loss: 0.7055 - val_accuracy: 0.4613 - val_ce: 0.6932 - val_loss: 0.7053 - learning_rate: 2.5000e-05
Epoch 10/20

Epoch 10: ReduceLROnPlateau reducing learning rate to 1.249999968422344e-05.
128/128 - 4s - 30ms/step - accuracy: 0.4599 - ce: 0.6932 - loss: 0.7050 - val_accuracy: 0.4613 - val_ce: 0.6932 - val_loss: 0.7049 - learning_rate: 2.5000e-05
Epoch 11/20
128/128 - 4s - 29ms/step - accuracy: 0.4604 - ce: 0.6932 - loss: 0.7047 - val_accuracy: 0.4613 - val_ce: 0.6932 - val_loss: 0.7046 - learning_rate: 1.2500e-05
Epoch 12/20

Epoch 12: ReduceLROnPlateau reducing learning rate to 6.24999984211172e-06.
128/128 - 4s - 29ms/step - accuracy: 0.4599 - ce: 0.6932 - loss: 0.7045 - val_accuracy: 0.4613 - val_ce: 0.6932 - val_loss: 0.7044 - learning_rate: 1.2500e-05
Epoch 13/20
128/128 - 4s - 29ms/step - accuracy: 0.4594 - ce: 0.6932 - loss: 0.7043 - val_accuracy: 0.4613 - val_ce: 0.6932 - val_loss: 0.7043 - learning_rate: 6.2500e-06
COLLAPSE: 100% of the validation predictions are in one class -> training is repeated once with lr 1e-05
Epoch 1/20
128/128 - 13s - 104ms/step - accuracy: 0.5235 - ce: 0.7747 - loss: 0.8270 - val_accuracy: 0.5608 - val_ce: 0.6849 - val_loss: 0.7357 - learning_rate: 1.0000e-05
Epoch 2/20
128/128 - 4s - 29ms/step - accuracy: 0.6022 - ce: 0.6577 - loss: 0.7090 - val_accuracy: 0.5856 - val_ce: 0.6900 - val_loss: 0.7402 - learning_rate: 1.0000e-05
Epoch 3/20

Epoch 3: ReduceLROnPlateau reducing learning rate to 4.999999873689376e-06.
128/128 - 4s - 29ms/step - accuracy: 0.6818 - ce: 0.6024 - loss: 0.6526 - val_accuracy: 0.5829 - val_ce: 0.6927 - val_loss: 0.7425 - learning_rate: 1.0000e-05
Epoch 4/20
128/128 - 4s - 30ms/step - accuracy: 0.7634 - ce: 0.5240 - loss: 0.5753 - val_accuracy: 0.5663 - val_ce: 0.6999 - val_loss: 0.7496 - learning_rate: 5.0000e-06
Epoch 5/20

Epoch 5: ReduceLROnPlateau reducing learning rate to 2.499999936844688e-06.
128/128 - 4s - 29ms/step - accuracy: 0.8030 - ce: 0.4751 - loss: 0.5258 - val_accuracy: 0.5939 - val_ce: 0.7064 - val_loss: 0.7559 - learning_rate: 5.0000e-06
Fold 1: accuracy=0.5000  F1(w/m)=0.4576/0.4427  CE=0.7116  epochs=5  

===== Fold 2/5  00:49:11 =====
Class weights (balanced): Human-written=1.087  V4=0.926
Epoch 1/20
128/128 - 13s - 105ms/step - accuracy: 0.4951 - ce: 0.7397 - loss: 0.7874 - val_accuracy: 0.5497 - val_ce: 0.6926 - val_loss: 0.7316 - learning_rate: 1.0000e-04
Epoch 2/20
128/128 - 4s - 30ms/step - accuracy: 0.5088 - ce: 0.6941 - loss: 0.7281 - val_accuracy: 0.4586 - val_ce: 0.6933 - val_loss: 0.7226 - learning_rate: 1.0000e-04
Epoch 3/20

Epoch 3: ReduceLROnPlateau reducing learning rate to 4.999999873689376e-05.
128/128 - 4s - 29ms/step - accuracy: 0.4741 - ce: 0.6936 - loss: 0.7190 - val_accuracy: 0.5414 - val_ce: 0.6929 - val_loss: 0.7155 - learning_rate: 1.0000e-04
Epoch 4/20
128/128 - 4s - 29ms/step - accuracy: 0.5264 - ce: 0.6931 - loss: 0.7144 - val_accuracy: 0.5359 - val_ce: 0.6930 - val_loss: 0.7129 - learning_rate: 5.0000e-05
Epoch 5/20

Epoch 5: ReduceLROnPlateau reducing learning rate to 2.499999936844688e-05.
128/128 - 4s - 30ms/step - accuracy: 0.4971 - ce: 0.6932 - loss: 0.7120 - val_accuracy: 0.5442 - val_ce: 0.6931 - val_loss: 0.7108 - learning_rate: 5.0000e-05
Fold 2: accuracy=0.4917  F1(w/m)=0.4530/0.4393  CE=0.6935  epochs=5  

===== Fold 3/5  00:49:44 =====
Class weights (balanced): Human-written=1.087  V4=0.926
Epoch 1/20
128/128 - 13s - 104ms/step - accuracy: 0.5088 - ce: 0.7577 - loss: 0.7973 - val_accuracy: 0.4503 - val_ce: 0.6943 - val_loss: 0.7354 - learning_rate: 1.0000e-04
Epoch 2/20
128/128 - 4s - 30ms/step - accuracy: 0.5005 - ce: 0.6956 - loss: 0.7308 - val_accuracy: 0.5110 - val_ce: 0.6938 - val_loss: 0.7253 - learning_rate: 1.0000e-04
Epoch 3/20
128/128 - 4s - 29ms/step - accuracy: 0.5367 - ce: 0.6945 - loss: 0.7206 - val_accuracy: 0.5359 - val_ce: 0.6931 - val_loss: 0.7179 - learning_rate: 1.0000e-04
Epoch 4/20
128/128 - 4s - 30ms/step - accuracy: 0.5376 - ce: 0.6913 - loss: 0.7134 - val_accuracy: 0.5387 - val_ce: 0.6916 - val_loss: 0.7117 - learning_rate: 1.0000e-04
Epoch 5/20
128/128 - 4s - 29ms/step - accuracy: 0.5450 - ce: 0.6907 - loss: 0.7088 - val_accuracy: 0.5055 - val_ce: 0.6969 - val_loss: 0.7136 - learning_rate: 1.0000e-04
Epoch 6/20

Epoch 6: ReduceLROnPlateau reducing learning rate to 4.999999873689376e-05.
128/128 - 4s - 29ms/step - accuracy: 0.5386 - ce: 0.6939 - loss: 0.7098 - val_accuracy: 0.5331 - val_ce: 0.6949 - val_loss: 0.7091 - learning_rate: 1.0000e-04
Epoch 7/20
128/128 - 4s - 30ms/step - accuracy: 0.5450 - ce: 0.6886 - loss: 0.7022 - val_accuracy: 0.5276 - val_ce: 0.7017 - val_loss: 0.7150 - learning_rate: 5.0000e-05
Epoch 8/20

Epoch 8: ReduceLROnPlateau reducing learning rate to 2.499999936844688e-05.
128/128 - 4s - 29ms/step - accuracy: 0.5513 - ce: 0.6894 - loss: 0.7011 - val_accuracy: 0.5276 - val_ce: 0.7034 - val_loss: 0.7157 - learning_rate: 5.0000e-05
COLLAPSE: 99% of the validation predictions are in one class -> training is repeated once with lr 1e-05
Epoch 1/20
128/128 - 13s - 105ms/step - accuracy: 0.5215 - ce: 0.7522 - loss: 0.8036 - val_accuracy: 0.4890 - val_ce: 0.7091 - val_loss: 0.7597 - learning_rate: 1.0000e-05
Epoch 2/20
128/128 - 4s - 30ms/step - accuracy: 0.5953 - ce: 0.6694 - loss: 0.7194 - val_accuracy: 0.5359 - val_ce: 0.7064 - val_loss: 0.7565 - learning_rate: 1.0000e-05
Epoch 3/20
128/128 - 4s - 30ms/step - accuracy: 0.6520 - ce: 0.6236 - loss: 0.6755 - val_accuracy: 0.5166 - val_ce: 0.7117 - val_loss: 0.7614 - learning_rate: 1.0000e-05
Epoch 4/20

Epoch 4: ReduceLROnPlateau reducing learning rate to 4.999999873689376e-06.
128/128 - 4s - 29ms/step - accuracy: 0.7253 - ce: 0.5538 - loss: 0.6050 - val_accuracy: 0.5249 - val_ce: 0.7523 - val_loss: 0.8016 - learning_rate: 1.0000e-05
Epoch 5/20
128/128 - 4s - 29ms/step - accuracy: 0.7986 - ce: 0.4691 - loss: 0.5189 - val_accuracy: 0.5608 - val_ce: 0.7246 - val_loss: 0.7738 - learning_rate: 5.0000e-06
Epoch 6/20

Epoch 6: ReduceLROnPlateau reducing learning rate to 2.499999936844688e-06.
128/128 - 4s - 30ms/step - accuracy: 0.8392 - ce: 0.4199 - loss: 0.4704 - val_accuracy: 0.5691 - val_ce: 0.7356 - val_loss: 0.7847 - learning_rate: 5.0000e-06
Fold 3: accuracy=0.5532  F1(w/m)=0.5528/0.5497  CE=0.6940  epochs=6  

===== Fold 4/5  00:51:05 =====
Class weights (balanced): Human-written=1.087  V4=0.926
Epoch 1/20
128/128 - 13s - 105ms/step - accuracy: 0.5049 - ce: 0.7529 - loss: 0.7971 - val_accuracy: 0.4586 - val_ce: 0.6932 - val_loss: 0.7329 - learning_rate: 1.0000e-04
Epoch 2/20
128/128 - 4s - 29ms/step - accuracy: 0.4966 - ce: 0.6949 - loss: 0.7295 - val_accuracy: 0.4586 - val_ce: 0.6933 - val_loss: 0.7235 - learning_rate: 1.0000e-04
Epoch 3/20
128/128 - 4s - 30ms/step - accuracy: 0.5191 - ce: 0.6942 - loss: 0.7198 - val_accuracy: 0.5414 - val_ce: 0.6927 - val_loss: 0.7162 - learning_rate: 1.0000e-04
Epoch 4/20
128/128 - 4s - 29ms/step - accuracy: 0.4980 - ce: 0.6934 - loss: 0.7142 - val_accuracy: 0.5359 - val_ce: 0.6939 - val_loss: 0.7128 - learning_rate: 1.0000e-04
Epoch 5/20

Epoch 5: ReduceLROnPlateau reducing learning rate to 4.999999873689376e-05.
128/128 - 4s - 29ms/step - accuracy: 0.5376 - ce: 0.6919 - loss: 0.7085 - val_accuracy: 0.5359 - val_ce: 0.6928 - val_loss: 0.7085 - learning_rate: 1.0000e-04
Epoch 6/20
128/128 - 4s - 29ms/step - accuracy: 0.5508 - ce: 0.6908 - loss: 0.7062 - val_accuracy: 0.5193 - val_ce: 0.7061 - val_loss: 0.7204 - learning_rate: 5.0000e-05
Epoch 7/20

Epoch 7: ReduceLROnPlateau reducing learning rate to 2.499999936844688e-05.
128/128 - 4s - 30ms/step - accuracy: 0.5523 - ce: 0.6902 - loss: 0.7036 - val_accuracy: 0.5249 - val_ce: 0.7028 - val_loss: 0.7160 - learning_rate: 5.0000e-05
COLLAPSE: 99% of the validation predictions are in one class -> training is repeated once with lr 1e-05
Epoch 1/20
128/128 - 13s - 105ms/step - accuracy: 0.5049 - ce: 0.8031 - loss: 0.8551 - val_accuracy: 0.5304 - val_ce: 0.6938 - val_loss: 0.7445 - learning_rate: 1.0000e-05
Epoch 2/20
128/128 - 4s - 29ms/step - accuracy: 0.6119 - ce: 0.6567 - loss: 0.7083 - val_accuracy: 0.5387 - val_ce: 0.6991 - val_loss: 0.7492 - learning_rate: 1.0000e-05
Epoch 3/20

Epoch 3: ReduceLROnPlateau reducing learning rate to 4.999999873689376e-06.
128/128 - 4s - 30ms/step - accuracy: 0.6911 - ce: 0.5881 - loss: 0.6388 - val_accuracy: 0.5856 - val_ce: 0.7081 - val_loss: 0.7578 - learning_rate: 1.0000e-05
Epoch 4/20
128/128 - 4s - 29ms/step - accuracy: 0.7634 - ce: 0.5015 - loss: 0.5518 - val_accuracy: 0.5856 - val_ce: 0.7319 - val_loss: 0.7815 - learning_rate: 5.0000e-06
Epoch 5/20

Epoch 5: ReduceLROnPlateau reducing learning rate to 2.499999936844688e-06.
128/128 - 4s - 29ms/step - accuracy: 0.7991 - ce: 0.4579 - loss: 0.5074 - val_accuracy: 0.5470 - val_ce: 0.7129 - val_loss: 0.7624 - learning_rate: 5.0000e-06
Fold 4: accuracy=0.5249  F1(w/m)=0.5043/0.4944  CE=0.6980  epochs=5  

===== Fold 5/5  00:52:17 =====
Class weights (balanced): Human-written=1.087  V4=0.926
Epoch 1/20
128/128 - 14s - 106ms/step - accuracy: 0.5191 - ce: 0.7351 - loss: 0.7809 - val_accuracy: 0.5221 - val_ce: 0.6930 - val_loss: 0.7332 - learning_rate: 1.0000e-04
Epoch 2/20
128/128 - 4s - 29ms/step - accuracy: 0.4619 - ce: 0.6937 - loss: 0.7285 - val_accuracy: 0.4834 - val_ce: 0.6932 - val_loss: 0.7236 - learning_rate: 1.0000e-04
Epoch 3/20

Epoch 3: ReduceLROnPlateau reducing learning rate to 4.999999873689376e-05.
128/128 - 4s - 29ms/step - accuracy: 0.4863 - ce: 0.6933 - loss: 0.7203 - val_accuracy: 0.4586 - val_ce: 0.6936 - val_loss: 0.7171 - learning_rate: 1.0000e-04
Epoch 4/20
128/128 - 4s - 30ms/step - accuracy: 0.4594 - ce: 0.6933 - loss: 0.7153 - val_accuracy: 0.4586 - val_ce: 0.6943 - val_loss: 0.7152 - learning_rate: 5.0000e-05
Epoch 5/20

Epoch 5: ReduceLROnPlateau reducing learning rate to 2.499999936844688e-05.
128/128 - 4s - 30ms/step - accuracy: 0.4599 - ce: 0.6934 - loss: 0.7124 - val_accuracy: 0.4586 - val_ce: 0.6935 - val_loss: 0.7120 - learning_rate: 5.0000e-05
Fold 5: accuracy=0.5349  F1(w/m)=0.5258/0.5188  CE=0.6929  epochs=5  

CV mean ± std:
  accuracy               0.5209 ± 0.0252
  balanced_accuracy      0.5058 ± 0.0330
  mcc                    0.0083 ± 0.0713
  cross_entropy          0.6980 ± 0.0079
  roc_auc                0.5181 ± 0.0403
  precision_macro        0.5022 ± 0.0389
  recall_macro           0.5058 ± 0.0330
  f1_macro               0.4890 ± 0.0480
  precision_micro        0.5209 ± 0.0252
  recall_micro           0.5209 ± 0.0252
  f1_micro               0.5209 ± 0.0252
  precision_weighted     0.5058 ± 0.0377
  recall_weighted        0.5209 ± 0.0252
  f1_weighted            0.4987 ± 0.0432

===== Final training  00:52:51 =====
Class weights (balanced): Human-written=1.088  V4=0.925
Epoch 1/20
155/155 - 15s - 99ms/step - accuracy: 0.4879 - ce: 0.7519 - loss: 0.8001 - val_accuracy: 0.4586 - val_ce: 0.6933 - val_loss: 0.7305 - learning_rate: 1.0000e-04
Epoch 2/20
155/155 - 5s - 30ms/step - accuracy: 0.5246 - ce: 0.6931 - loss: 0.7244 - val_accuracy: 0.4605 - val_ce: 0.7025 - val_loss: 0.7293 - learning_rate: 1.0000e-04
Epoch 3/20
155/155 - 5s - 30ms/step - accuracy: 0.5202 - ce: 0.6946 - loss: 0.7173 - val_accuracy: 0.5395 - val_ce: 0.6929 - val_loss: 0.7132 - learning_rate: 1.0000e-04
Epoch 4/20
155/155 - 5s - 30ms/step - accuracy: 0.5270 - ce: 0.6930 - loss: 0.7112 - val_accuracy: 0.5395 - val_ce: 0.6931 - val_loss: 0.7091 - learning_rate: 1.0000e-04
Epoch 5/20

Epoch 5: ReduceLROnPlateau reducing learning rate to 4.999999873689376e-05.
155/155 - 5s - 30ms/step - accuracy: 0.5404 - ce: 0.6930 - loss: 0.7077 - val_accuracy: 0.5395 - val_ce: 0.6930 - val_loss: 0.7062 - learning_rate: 1.0000e-04
Epoch 6/20
155/155 - 5s - 29ms/step - accuracy: 0.5404 - ce: 0.6931 - loss: 0.7057 - val_accuracy: 0.5395 - val_ce: 0.6931 - val_loss: 0.7051 - learning_rate: 5.0000e-05
Epoch 7/20

Epoch 7: ReduceLROnPlateau reducing learning rate to 2.499999936844688e-05.
155/155 - 5s - 30ms/step - accuracy: 0.5404 - ce: 0.6931 - loss: 0.7047 - val_accuracy: 0.5395 - val_ce: 0.6931 - val_loss: 0.7041 - learning_rate: 5.0000e-05
COLLAPSE: 100% of the validation predictions are in one class -> training is repeated once with lr 1e-05
Epoch 1/20
155/155 - 14s - 92ms/step - accuracy: 0.5242 - ce: 0.7546 - loss: 0.8055 - val_accuracy: 0.5188 - val_ce: 0.6843 - val_loss: 0.7348 - learning_rate: 1.0000e-05
Epoch 2/20
155/155 - 5s - 30ms/step - accuracy: 0.5973 - ce: 0.6647 - loss: 0.7157 - val_accuracy: 0.5282 - val_ce: 0.6950 - val_loss: 0.7449 - learning_rate: 1.0000e-05
Epoch 3/20

Epoch 3: ReduceLROnPlateau reducing learning rate to 4.999999873689376e-06.
155/155 - 5s - 30ms/step - accuracy: 0.6521 - ce: 0.6213 - loss: 0.6717 - val_accuracy: 0.5508 - val_ce: 0.6949 - val_loss: 0.7442 - learning_rate: 1.0000e-05
Epoch 4/20
155/155 - 5s - 30ms/step - accuracy: 0.7381 - ce: 0.5367 - loss: 0.5855 - val_accuracy: 0.5733 - val_ce: 0.7126 - val_loss: 0.7617 - learning_rate: 5.0000e-06
Epoch 5/20

Epoch 5: ReduceLROnPlateau reducing learning rate to 2.499999936844688e-06.
155/155 - 5s - 30ms/step - accuracy: 0.7873 - ce: 0.4903 - loss: 0.5396 - val_accuracy: 0.5658 - val_ce: 0.7181 - val_loss: 0.7670 - learning_rate: 5.0000e-06
               precision    recall  f1-score   support

Human-written     0.5254    0.3796    0.4408       245
           V4     0.5718    0.7073    0.6324       287

     accuracy                         0.5564       532
    macro avg     0.5486    0.5435    0.5366       532
 weighted avg     0.5505    0.5564    0.5441       532

Class distribution all  : {'Human-written': 1629, 'V4': 1913}  ratio {'Human-written': 0.4599, 'V4': 0.5401}
Class distribution train: {'Human-written': 1139, 'V4': 1339}  ratio {'Human-written': 0.4596, 'V4': 0.5404}
Class distribution val  : {'Human-written': 245, 'V4': 287}  ratio {'Human-written': 0.4605, 'V4': 0.5395}
Class distribution test : {'Human-written': 245, 'V4': 287}  ratio {'Human-written': 0.4605, 'V4': 0.5395}

subdataset13_graph_human_vs_v4_snippet_cv  VGG16 (relu, dropout 0.1, lr 0.0001)
CV mean    acc=0.5209  F1 w/m/micro=0.4987/0.4890/0.5209  P_w=0.5058  R_w=0.5209  CE=0.6980  AUC=0.5181  MCC=0.0083
VALIDATION acc=0.5188  F1 w/m/micro=0.4973/0.4872/0.5188  P_w=0.5058  R_w=0.5188  CE=0.6843  AUC=0.5595  MCC=0.0051
TEST       acc=0.5564  F1 w/m/micro=0.5441/0.5366/0.5564  P_w=0.5505  R_w=0.5564  CE=0.6890  AUC=0.5531  MCC=0.0919
TEST 95% CI: accuracy=[0.5169, 0.5996]  f1_weighted=[0.5020, 0.5875]  f1_macro=[0.4962, 0.5777]  mcc=[0.0094, 0.1734]  balanced_accuracy=[0.5045, 0.5819]
Outputs: Experiments/subdataset13/Snippet-Level Split/results/subdataset13_graph_human_vs_v4_snippet_cv
2026-10-03 00:54:23 FINISHED
