
====================================================================================================
2026-10-02 21:31:56  subdataset12_screenshot_human_vs_v5_group_cv  (config hash 6f36147b4fbc)
Data    : Data/Subdataset_12
Classes : ['Human-written', 'V5']   Split: Group-Based Split
Model   : VGG19  activation=tanh  dropout=0.1  lr=0.0001  trained=base from block5_* on  preprocessing=caffe  L2=0.0001
Training: at most 20 epochs, early stopping val_ce patience 4, batch 16, 320x320 (no cropping), mixed precision True
Output  : Experiments/subdataset12/Group-Based Split/results/subdataset12_screenshot_human_vs_v5_group_cv
Human-written (label 0): 2236 images
V5  (label 1): 1986 images
Total 4222 images
Groups: {'n_groups': 2262, 'groups_with_human_and_version': 1886, 'groups_with_all_classes': 1886, 'human_only_groups': 325, 'groups_without_human': 51, 'match_ratio': 0.8337754199823165, 'groups_merged_by_content': 1}
CHECK 4: human/version pairs found with the simple rule 1914, in different groups 0
Files whose folder and version tag in the name do not match (data unchanged): 0
Train     :  2947 (69.8%)  Human-written=1560 V5=1387
Validation:   633 (15.0%)  Human-written=337 V5=296
Test      :   642 (15.2%)  Human-written=339 V5=303
Fold 1: train=2867 (Human-written=1516 V5=1351)  evaluation=713 (Human-written=381 V5=332)
Fold 2: train=2863 (Human-written=1516 V5=1347)  evaluation=717 (Human-written=381 V5=336)
Fold 3: train=2858 (Human-written=1517 V5=1341)  evaluation=722 (Human-written=380 V5=342)
Fold 4: train=2859 (Human-written=1516 V5=1343)  evaluation=721 (Human-written=381 V5=340)
Fold 5: train=2873 (Human-written=1523 V5=1350)  evaluation=707 (Human-written=374 V5=333)
Leakage check PASSED.
TensorFlow 2.20.0 | GPU: [PhysicalDevice(name='/physical_device:GPU:0', device_type='GPU')]
Mixed precision: mixed_float16 (output layer float32)
Images loaded: 4222, 1.3 GB, 19 s

===== Fold 1/5  21:32:20 =====
Class weights (balanced): Human-written=0.944  V5=1.063
Model: base 22 layers, trained base layers 5 (first: block5_conv1); trained parameters 9,702,401 / 20,287,553
Epoch 1/20
152/152 - 22s - 145ms/step - accuracy: 0.6572 - ce: 0.6453 - loss: 0.6932 - val_accuracy: 0.7437 - val_ce: 0.5562 - val_loss: 0.5979 - learning_rate: 1.0000e-04
Epoch 2/20
152/152 - 5s - 33ms/step - accuracy: 0.7177 - ce: 0.5625 - loss: 0.6004 - val_accuracy: 0.7689 - val_ce: 0.4855 - val_loss: 0.5201 - learning_rate: 1.0000e-04
Epoch 3/20
152/152 - 5s - 33ms/step - accuracy: 0.7663 - ce: 0.4999 - loss: 0.5312 - val_accuracy: 0.7689 - val_ce: 0.4815 - val_loss: 0.5099 - learning_rate: 1.0000e-04
Epoch 4/20
152/152 - 5s - 33ms/step - accuracy: 0.8066 - ce: 0.4239 - loss: 0.4498 - val_accuracy: 0.7735 - val_ce: 0.4930 - val_loss: 0.5173 - learning_rate: 1.0000e-04
Epoch 5/20
152/152 - 5s - 33ms/step - accuracy: 0.8210 - ce: 0.4040 - loss: 0.4268 - val_accuracy: 0.7597 - val_ce: 0.4777 - val_loss: 0.4993 - learning_rate: 1.0000e-04
Epoch 6/20
152/152 - 5s - 33ms/step - accuracy: 0.8449 - ce: 0.3504 - loss: 0.3712 - val_accuracy: 0.7757 - val_ce: 0.4730 - val_loss: 0.4927 - learning_rate: 1.0000e-04
Epoch 7/20
152/152 - 5s - 33ms/step - accuracy: 0.8683 - ce: 0.2930 - loss: 0.3120 - val_accuracy: 0.7574 - val_ce: 0.7825 - val_loss: 0.8007 - learning_rate: 1.0000e-04
Epoch 8/20

Epoch 8: ReduceLROnPlateau reducing learning rate to 4.999999873689376e-05.
152/152 - 5s - 33ms/step - accuracy: 0.8992 - ce: 0.2501 - loss: 0.2683 - val_accuracy: 0.7712 - val_ce: 0.5392 - val_loss: 0.5562 - learning_rate: 1.0000e-04
Epoch 9/20
152/152 - 5s - 33ms/step - accuracy: 0.9551 - ce: 0.1250 - loss: 0.1415 - val_accuracy: 0.7597 - val_ce: 0.6534 - val_loss: 0.6698 - learning_rate: 5.0000e-05
Epoch 10/20

Epoch 10: ReduceLROnPlateau reducing learning rate to 2.499999936844688e-05.
152/152 - 5s - 33ms/step - accuracy: 0.9605 - ce: 0.1047 - loss: 0.1202 - val_accuracy: 0.7620 - val_ce: 0.7194 - val_loss: 0.7354 - learning_rate: 5.0000e-05
Fold 1: accuracy=0.7447  F1(w/m)=0.7430/0.7440  CE=0.5091  epochs=10  

===== Fold 2/5  21:33:37 =====
Class weights (balanced): Human-written=0.946  V5=1.061
Epoch 1/20
153/153 - 18s - 118ms/step - accuracy: 0.6549 - ce: 0.6424 - loss: 0.6904 - val_accuracy: 0.7179 - val_ce: 0.5582 - val_loss: 0.6010 - learning_rate: 1.0000e-04
Epoch 2/20
153/153 - 5s - 33ms/step - accuracy: 0.7383 - ce: 0.5461 - loss: 0.5844 - val_accuracy: 0.7249 - val_ce: 0.5336 - val_loss: 0.5693 - learning_rate: 1.0000e-04
Epoch 3/20
153/153 - 5s - 33ms/step - accuracy: 0.7781 - ce: 0.4833 - loss: 0.5166 - val_accuracy: 0.7179 - val_ce: 0.5166 - val_loss: 0.5473 - learning_rate: 1.0000e-04
Epoch 4/20
153/153 - 5s - 33ms/step - accuracy: 0.8061 - ce: 0.4310 - loss: 0.4589 - val_accuracy: 0.7273 - val_ce: 0.6250 - val_loss: 0.6525 - learning_rate: 1.0000e-04
Epoch 5/20

Epoch 5: ReduceLROnPlateau reducing learning rate to 4.999999873689376e-05.
153/153 - 5s - 33ms/step - accuracy: 0.8172 - ce: 0.3914 - loss: 0.4185 - val_accuracy: 0.7506 - val_ce: 0.5295 - val_loss: 0.5547 - learning_rate: 1.0000e-04
Epoch 6/20
153/153 - 5s - 33ms/step - accuracy: 0.8718 - ce: 0.3039 - loss: 0.3283 - val_accuracy: 0.7296 - val_ce: 0.5780 - val_loss: 0.6021 - learning_rate: 5.0000e-05
Epoch 7/20

Epoch 7: ReduceLROnPlateau reducing learning rate to 2.499999936844688e-05.
153/153 - 5s - 33ms/step - accuracy: 0.9022 - ce: 0.2388 - loss: 0.2627 - val_accuracy: 0.7669 - val_ce: 0.7467 - val_loss: 0.7700 - learning_rate: 5.0000e-05
Fold 2: accuracy=0.7782  F1(w/m)=0.7772/0.7757  CE=0.4741  epochs=7  

===== Fold 3/5  21:34:30 =====
Class weights (balanced): Human-written=0.946  V5=1.060
Epoch 1/20
153/153 - 16s - 103ms/step - accuracy: 0.6331 - ce: 0.6485 - loss: 0.6931 - val_accuracy: 0.7264 - val_ce: 0.5243 - val_loss: 0.5652 - learning_rate: 1.0000e-04
Epoch 2/20
153/153 - 5s - 33ms/step - accuracy: 0.7403 - ce: 0.5415 - loss: 0.5792 - val_accuracy: 0.7554 - val_ce: 0.4839 - val_loss: 0.5188 - learning_rate: 1.0000e-04
Epoch 3/20
153/153 - 5s - 33ms/step - accuracy: 0.7714 - ce: 0.4835 - loss: 0.5148 - val_accuracy: 0.7288 - val_ce: 0.5650 - val_loss: 0.5949 - learning_rate: 1.0000e-04
Epoch 4/20
153/153 - 5s - 33ms/step - accuracy: 0.7955 - ce: 0.4431 - loss: 0.4712 - val_accuracy: 0.7772 - val_ce: 0.4695 - val_loss: 0.4959 - learning_rate: 1.0000e-04
Epoch 5/20
153/153 - 5s - 33ms/step - accuracy: 0.8307 - ce: 0.3875 - loss: 0.4122 - val_accuracy: 0.7748 - val_ce: 0.4886 - val_loss: 0.5125 - learning_rate: 1.0000e-04
Epoch 6/20

Epoch 6: ReduceLROnPlateau reducing learning rate to 4.999999873689376e-05.
153/153 - 5s - 33ms/step - accuracy: 0.8601 - ce: 0.3455 - loss: 0.3690 - val_accuracy: 0.7990 - val_ce: 0.4700 - val_loss: 0.4921 - learning_rate: 1.0000e-04
Epoch 7/20
153/153 - 5s - 32ms/step - accuracy: 0.8998 - ce: 0.2372 - loss: 0.2587 - val_accuracy: 0.7918 - val_ce: 0.4920 - val_loss: 0.5132 - learning_rate: 5.0000e-05
Epoch 8/20

Epoch 8: ReduceLROnPlateau reducing learning rate to 2.499999936844688e-05.
153/153 - 5s - 33ms/step - accuracy: 0.9207 - ce: 0.1953 - loss: 0.2155 - val_accuracy: 0.7893 - val_ce: 0.5866 - val_loss: 0.6071 - learning_rate: 5.0000e-05
Fold 3: accuracy=0.7341  F1(w/m)=0.7299/0.7278  CE=0.5077  epochs=8  

===== Fold 4/5  21:35:27 =====
Class weights (balanced): Human-written=0.948  V5=1.058
Epoch 1/20
153/153 - 18s - 120ms/step - accuracy: 0.6496 - ce: 0.6286 - loss: 0.6750 - val_accuracy: 0.7279 - val_ce: 0.5658 - val_loss: 0.6053 - learning_rate: 1.0000e-04
Epoch 2/20
153/153 - 5s - 33ms/step - accuracy: 0.7406 - ce: 0.5344 - loss: 0.5706 - val_accuracy: 0.7518 - val_ce: 0.5092 - val_loss: 0.5407 - learning_rate: 1.0000e-04
Epoch 3/20
153/153 - 5s - 33ms/step - accuracy: 0.7721 - ce: 0.4909 - loss: 0.5188 - val_accuracy: 0.7637 - val_ce: 0.4721 - val_loss: 0.4981 - learning_rate: 1.0000e-04
Epoch 4/20
153/153 - 5s - 33ms/step - accuracy: 0.7816 - ce: 0.4601 - loss: 0.4845 - val_accuracy: 0.7494 - val_ce: 0.5055 - val_loss: 0.5279 - learning_rate: 1.0000e-04
Epoch 5/20

Epoch 5: ReduceLROnPlateau reducing learning rate to 4.999999873689376e-05.
153/153 - 5s - 33ms/step - accuracy: 0.8242 - ce: 0.3921 - loss: 0.4125 - val_accuracy: 0.7041 - val_ce: 0.6171 - val_loss: 0.6370 - learning_rate: 1.0000e-04
Epoch 6/20
153/153 - 5s - 33ms/step - accuracy: 0.8594 - ce: 0.3141 - loss: 0.3341 - val_accuracy: 0.7924 - val_ce: 0.4647 - val_loss: 0.4836 - learning_rate: 5.0000e-05
Epoch 7/20
153/153 - 5s - 32ms/step - accuracy: 0.8959 - ce: 0.2499 - loss: 0.2694 - val_accuracy: 0.7088 - val_ce: 0.6944 - val_loss: 0.7126 - learning_rate: 5.0000e-05
Epoch 8/20

Epoch 8: ReduceLROnPlateau reducing learning rate to 2.499999936844688e-05.
153/153 - 5s - 33ms/step - accuracy: 0.9184 - ce: 0.2015 - loss: 0.2183 - val_accuracy: 0.7518 - val_ce: 0.7591 - val_loss: 0.7766 - learning_rate: 5.0000e-05
Epoch 9/20
153/153 - 5s - 32ms/step - accuracy: 0.9508 - ce: 0.1250 - loss: 0.1417 - val_accuracy: 0.7924 - val_ce: 0.8588 - val_loss: 0.8760 - learning_rate: 2.5000e-05
Epoch 10/20

Epoch 10: ReduceLROnPlateau reducing learning rate to 1.249999968422344e-05.
153/153 - 5s - 33ms/step - accuracy: 0.9689 - ce: 0.0894 - loss: 0.1061 - val_accuracy: 0.7780 - val_ce: 0.8699 - val_loss: 0.8868 - learning_rate: 2.5000e-05
Fold 4: accuracy=0.7614  F1(w/m)=0.7597/0.7581  CE=0.5043  epochs=10  

===== Fold 5/5  21:36:36 =====
Class weights (balanced): Human-written=0.944  V5=1.063
Epoch 1/20
153/153 - 17s - 111ms/step - accuracy: 0.6282 - ce: 0.6436 - loss: 0.6895 - val_accuracy: 0.7202 - val_ce: 0.5289 - val_loss: 0.5699 - learning_rate: 1.0000e-04
Epoch 2/20
153/153 - 5s - 33ms/step - accuracy: 0.7128 - ce: 0.5651 - loss: 0.6017 - val_accuracy: 0.7431 - val_ce: 0.5131 - val_loss: 0.5442 - learning_rate: 1.0000e-04
Epoch 3/20
153/153 - 5s - 33ms/step - accuracy: 0.7558 - ce: 0.5155 - loss: 0.5431 - val_accuracy: 0.7844 - val_ce: 0.4480 - val_loss: 0.4732 - learning_rate: 1.0000e-04
Epoch 4/20
153/153 - 5s - 33ms/step - accuracy: 0.7870 - ce: 0.4439 - loss: 0.4663 - val_accuracy: 0.7936 - val_ce: 0.4814 - val_loss: 0.5025 - learning_rate: 1.0000e-04
Epoch 5/20

Epoch 5: ReduceLROnPlateau reducing learning rate to 4.999999873689376e-05.
153/153 - 5s - 33ms/step - accuracy: 0.8112 - ce: 0.4273 - loss: 0.4464 - val_accuracy: 0.7844 - val_ce: 0.5369 - val_loss: 0.5556 - learning_rate: 1.0000e-04
Epoch 6/20
153/153 - 5s - 33ms/step - accuracy: 0.8535 - ce: 0.3295 - loss: 0.3489 - val_accuracy: 0.7982 - val_ce: 0.4999 - val_loss: 0.5176 - learning_rate: 5.0000e-05
Epoch 7/20

Epoch 7: ReduceLROnPlateau reducing learning rate to 2.499999936844688e-05.
153/153 - 5s - 33ms/step - accuracy: 0.8765 - ce: 0.2875 - loss: 0.3047 - val_accuracy: 0.8050 - val_ce: 0.4844 - val_loss: 0.5013 - learning_rate: 5.0000e-05
Fold 5: accuracy=0.7850  F1(w/m)=0.7852/0.7847  CE=0.4702  epochs=7  

CV mean ± std:
  accuracy               0.7607 ± 0.0216
  balanced_accuracy      0.7595 ± 0.0221
  mcc                    0.5257 ± 0.0389
  cross_entropy          0.4931 ± 0.0193
  roc_auc                0.8520 ± 0.0079
  precision_macro        0.7663 ± 0.0168
  recall_macro           0.7595 ± 0.0221
  f1_macro               0.7581 ± 0.0231
  precision_micro        0.7607 ± 0.0216
  recall_micro           0.7607 ± 0.0216
  f1_micro               0.7607 ± 0.0216
  precision_weighted     0.7669 ± 0.0174
  recall_weighted        0.7607 ± 0.0216
  f1_weighted            0.7590 ± 0.0230

===== Final training  21:37:29 =====
Class weights (balanced): Human-written=0.945  V5=1.062
Epoch 1/20
185/185 - 17s - 91ms/step - accuracy: 0.6240 - ce: 0.6520 - loss: 0.6966 - val_accuracy: 0.6904 - val_ce: 0.6140 - val_loss: 0.6507 - learning_rate: 1.0000e-04
Epoch 2/20
185/185 - 6s - 34ms/step - accuracy: 0.7346 - ce: 0.5346 - loss: 0.5662 - val_accuracy: 0.7457 - val_ce: 0.5303 - val_loss: 0.5572 - learning_rate: 1.0000e-04
Epoch 3/20
185/185 - 6s - 33ms/step - accuracy: 0.7771 - ce: 0.4744 - loss: 0.4984 - val_accuracy: 0.7504 - val_ce: 0.5317 - val_loss: 0.5527 - learning_rate: 1.0000e-04
Epoch 4/20
185/185 - 6s - 34ms/step - accuracy: 0.7900 - ce: 0.4602 - loss: 0.4804 - val_accuracy: 0.7662 - val_ce: 0.4782 - val_loss: 0.4958 - learning_rate: 1.0000e-04
Epoch 5/20
185/185 - 6s - 33ms/step - accuracy: 0.8090 - ce: 0.4037 - loss: 0.4203 - val_accuracy: 0.7694 - val_ce: 0.4718 - val_loss: 0.4871 - learning_rate: 1.0000e-04
Epoch 6/20
185/185 - 6s - 33ms/step - accuracy: 0.8266 - ce: 0.3791 - loss: 0.3932 - val_accuracy: 0.7504 - val_ce: 0.5834 - val_loss: 0.5973 - learning_rate: 1.0000e-04
Epoch 7/20

Epoch 7: ReduceLROnPlateau reducing learning rate to 4.999999873689376e-05.
185/185 - 6s - 33ms/step - accuracy: 0.8595 - ce: 0.3251 - loss: 0.3377 - val_accuracy: 0.7852 - val_ce: 0.5358 - val_loss: 0.5485 - learning_rate: 1.0000e-04
Epoch 8/20
185/185 - 6s - 33ms/step - accuracy: 0.9057 - ce: 0.2236 - loss: 0.2361 - val_accuracy: 0.7836 - val_ce: 0.6901 - val_loss: 0.7023 - learning_rate: 5.0000e-05
Epoch 9/20

Epoch 9: ReduceLROnPlateau reducing learning rate to 2.499999936844688e-05.
185/185 - 6s - 33ms/step - accuracy: 0.9376 - ce: 0.1555 - loss: 0.1669 - val_accuracy: 0.7899 - val_ce: 0.6299 - val_loss: 0.6417 - learning_rate: 5.0000e-05
               precision    recall  f1-score   support

Human-written     0.7947    0.7994    0.7971       339
           V5     0.7741    0.7690    0.7715       303

     accuracy                         0.7850       642
    macro avg     0.7844    0.7842    0.7843       642
 weighted avg     0.7850    0.7850    0.7850       642

Class distribution all  : {'Human-written': 2236, 'V5': 1986}  ratio {'Human-written': 0.5296, 'V5': 0.4704}
Class distribution train: {'Human-written': 1560, 'V5': 1387}  ratio {'Human-written': 0.5294, 'V5': 0.4706}
Class distribution val  : {'Human-written': 337, 'V5': 296}  ratio {'Human-written': 0.5324, 'V5': 0.4676}
Class distribution test : {'Human-written': 339, 'V5': 303}  ratio {'Human-written': 0.528, 'V5': 0.472}

subdataset12_screenshot_human_vs_v5_group_cv  VGG19 (tanh, dropout 0.1, lr 0.0001)
CV mean    acc=0.7607  F1 w/m/micro=0.7590/0.7581/0.7607  P_w=0.7669  R_w=0.7607  CE=0.4931  AUC=0.8520  MCC=0.5257
VALIDATION acc=0.7694  F1 w/m/micro=0.7691/0.7680/0.7694  P_w=0.7691  R_w=0.7694  CE=0.4718  AUC=0.8620  MCC=0.5362
TEST       acc=0.7850  F1 w/m/micro=0.7850/0.7843/0.7850  P_w=0.7850  R_w=0.7850  CE=0.5019  AUC=0.8501  MCC=0.5686
TEST 95% CI: accuracy=[0.7539, 0.8162]  f1_weighted=[0.7527, 0.8162]  f1_macro=[0.7517, 0.8160]  mcc=[0.5035, 0.6321]  balanced_accuracy=[0.7518, 0.8154]
Outputs: Experiments/subdataset12/Group-Based Split/results/subdataset12_screenshot_human_vs_v5_group_cv
2026-10-02 21:38:49 FINISHED
