
====================================================================================================
2026-10-03 08:58:56  subdataset2_graph_6class_snippet_cv  (config hash b77ba212a9bf)
Data    : Data/Subdataset_2
Classes : ['Human-written', 'V1', 'V2', 'V3', 'V4', 'V5']   Split: Snippet-Level Split
Model   : VGG19  activation=relu  dropout=0.1  lr=0.0001  trained=base from block5_* on  preprocessing=caffe  L2=0.0001
Training: at most 20 epochs, early stopping val_ce patience 4, batch 16, 320x320 (no cropping), mixed precision True
Output  : Experiments/subdataset2/Snippet-Level Split/results/subdataset2_graph_6class_snippet_cv
Human-written (label 0): 772 images
V1  (label 1): 701 images
V2  (label 2): 674 images
V3  (label 3): 558 images
V4  (label 4): 856 images
V5  (label 5): 733 images
Total 4294 images
Train     :  3005 (70.0%)  Human-written=540 V1=491 V2=472 V3=390 V4=599 V5=513
Validation:   644 (15.0%)  Human-written=116 V1=105 V2=101 V3=84 V4=128 V5=110
Test      :   645 (15.0%)  Human-written=116 V1=105 V2=101 V3=84 V4=129 V5=110
Fold 1: train=2919 (Human-written=525 V1=477 V2=458 V3=379 V4=582 V5=498)  evaluation=730 (Human-written=131 V1=119 V2=115 V3=95 V4=145 V5=125)
Fold 2: train=2919 (Human-written=525 V1=477 V2=458 V3=379 V4=581 V5=499)  evaluation=730 (Human-written=131 V1=119 V2=115 V3=95 V4=146 V5=124)
Fold 3: train=2919 (Human-written=525 V1=477 V2=458 V3=379 V4=581 V5=499)  evaluation=730 (Human-written=131 V1=119 V2=115 V3=95 V4=146 V5=124)
Fold 4: train=2919 (Human-written=525 V1=476 V2=459 V3=379 V4=582 V5=498)  evaluation=730 (Human-written=131 V1=120 V2=114 V3=95 V4=145 V5=125)
Fold 5: train=2920 (Human-written=524 V1=477 V2=459 V3=380 V4=582 V5=498)  evaluation=729 (Human-written=132 V1=119 V2=114 V3=94 V4=145 V5=125)
Leakage check PASSED.
TensorFlow 2.20.0 | GPU: [PhysicalDevice(name='/physical_device:GPU:0', device_type='GPU')]
Mixed precision: mixed_float16 (output layer float32)
Images loaded: 4294, 1.3 GB, 27 s

===== Fold 1/5  08:59:26 =====
Class weights (balanced): Human-written=0.927  V1=1.018  V2=1.063  V3=1.284  V4=0.835  V5=0.978
Model: base 22 layers, trained base layers 5 (first: block5_conv1); trained parameters 9,704,966 / 20,290,118
Epoch 1/20
156/156 - 23s - 145ms/step - accuracy: 0.1636 - ce: 1.8450 - loss: 1.8954 - val_accuracy: 0.1712 - val_ce: 1.7920 - val_loss: 1.8321 - learning_rate: 1.0000e-04
Epoch 2/20
156/156 - 5s - 33ms/step - accuracy: 0.1572 - ce: 1.7921 - loss: 1.8272 - val_accuracy: 0.1575 - val_ce: 1.7919 - val_loss: 1.8229 - learning_rate: 1.0000e-04
Epoch 3/20
156/156 - 5s - 33ms/step - accuracy: 0.1516 - ce: 1.7920 - loss: 1.8193 - val_accuracy: 0.1575 - val_ce: 1.7918 - val_loss: 1.8161 - learning_rate: 1.0000e-04
Epoch 4/20
156/156 - 5s - 33ms/step - accuracy: 0.1588 - ce: 1.7918 - loss: 1.8137 - val_accuracy: 0.1712 - val_ce: 1.7917 - val_loss: 1.8114 - learning_rate: 1.0000e-04
Epoch 5/20
156/156 - 5s - 33ms/step - accuracy: 0.1584 - ce: 1.7918 - loss: 1.8097 - val_accuracy: 0.1621 - val_ce: 1.7917 - val_loss: 1.8080 - learning_rate: 1.0000e-04
Epoch 6/20
156/156 - 5s - 32ms/step - accuracy: 0.1628 - ce: 1.7918 - loss: 1.8068 - val_accuracy: 0.1621 - val_ce: 1.7917 - val_loss: 1.8055 - learning_rate: 1.0000e-04
Epoch 7/20

Epoch 7: ReduceLROnPlateau reducing learning rate to 4.999999873689376e-05.
156/156 - 5s - 32ms/step - accuracy: 0.1572 - ce: 1.7918 - loss: 1.8046 - val_accuracy: 0.1575 - val_ce: 1.7918 - val_loss: 1.8036 - learning_rate: 1.0000e-04
Epoch 8/20
156/156 - 5s - 32ms/step - accuracy: 0.1487 - ce: 1.7918 - loss: 1.8032 - val_accuracy: 0.1575 - val_ce: 1.7918 - val_loss: 1.8028 - learning_rate: 5.0000e-05
Epoch 9/20

Epoch 9: ReduceLROnPlateau reducing learning rate to 2.499999936844688e-05.
156/156 - 5s - 32ms/step - accuracy: 0.1596 - ce: 1.7918 - loss: 1.8024 - val_accuracy: 0.1575 - val_ce: 1.7918 - val_loss: 1.8020 - learning_rate: 5.0000e-05
COLLAPSE: 100% of the validation predictions are in one class -> training is repeated once with lr 1e-05
Epoch 1/20
156/156 - 17s - 106ms/step - accuracy: 0.1798 - ce: 1.9411 - loss: 2.0087 - val_accuracy: 0.1484 - val_ce: 1.7977 - val_loss: 1.8485 - learning_rate: 1.0000e-05
Epoch 2/20
156/156 - 5s - 32ms/step - accuracy: 0.2265 - ce: 1.7612 - loss: 1.8117 - val_accuracy: 0.1712 - val_ce: 1.8008 - val_loss: 1.8512 - learning_rate: 1.0000e-05
Epoch 3/20

Epoch 3: ReduceLROnPlateau reducing learning rate to 4.999999873689376e-06.
156/156 - 5s - 32ms/step - accuracy: 0.2926 - ce: 1.6940 - loss: 1.7442 - val_accuracy: 0.1918 - val_ce: 1.8311 - val_loss: 1.8812 - learning_rate: 1.0000e-05
Epoch 4/20
156/156 - 5s - 32ms/step - accuracy: 0.3890 - ce: 1.5767 - loss: 1.6239 - val_accuracy: 0.1507 - val_ce: 1.8364 - val_loss: 1.8864 - learning_rate: 5.0000e-06
Epoch 5/20

Epoch 5: ReduceLROnPlateau reducing learning rate to 2.499999936844688e-06.
156/156 - 5s - 32ms/step - accuracy: 0.4349 - ce: 1.5038 - loss: 1.5481 - val_accuracy: 0.1781 - val_ce: 1.8562 - val_loss: 1.9062 - learning_rate: 5.0000e-06
/usr/local/lib/python3.13/dist-packages/sklearn/metrics/_classification.py:3001: UserWarning: The y_pred values do not sum to one. Make sure to pass probabilities.
  warnings.warn(
/usr/local/lib/python3.13/dist-packages/sklearn/metrics/_classification.py:3001: UserWarning: The y_pred values do not sum to one. Make sure to pass probabilities.
  warnings.warn(
Fold 1: accuracy=0.1726  F1(w/m)=0.1253/0.1271  CE=1.7961  epochs=5  

===== Fold 2/5  09:01:20 =====
Class weights (balanced): Human-written=0.927  V1=1.018  V2=1.063  V3=1.284  V4=0.837  V5=0.975
Epoch 1/20
156/156 - 16s - 106ms/step - accuracy: 0.1673 - ce: 1.8382 - loss: 1.8856 - val_accuracy: 0.1621 - val_ce: 1.7919 - val_loss: 1.8300 - learning_rate: 1.0000e-04
Epoch 2/20
156/156 - 5s - 33ms/step - accuracy: 0.1624 - ce: 1.8162 - loss: 1.8493 - val_accuracy: 0.1621 - val_ce: 1.7920 - val_loss: 1.8201 - learning_rate: 1.0000e-04
Epoch 3/20
156/156 - 5s - 33ms/step - accuracy: 0.1616 - ce: 1.7920 - loss: 1.8165 - val_accuracy: 0.1621 - val_ce: 1.7918 - val_loss: 1.8130 - learning_rate: 1.0000e-04
Epoch 4/20
156/156 - 5s - 32ms/step - accuracy: 0.1532 - ce: 1.7920 - loss: 1.8107 - val_accuracy: 0.1621 - val_ce: 1.7918 - val_loss: 1.8084 - learning_rate: 1.0000e-04
Epoch 5/20

Epoch 5: ReduceLROnPlateau reducing learning rate to 4.999999873689376e-05.
156/156 - 5s - 32ms/step - accuracy: 0.1636 - ce: 1.7918 - loss: 1.8068 - val_accuracy: 0.1621 - val_ce: 1.7918 - val_loss: 1.8052 - learning_rate: 1.0000e-04
Epoch 6/20
156/156 - 5s - 33ms/step - accuracy: 0.1636 - ce: 1.7919 - loss: 1.8046 - val_accuracy: 0.1621 - val_ce: 1.7918 - val_loss: 1.8040 - learning_rate: 5.0000e-05
Epoch 7/20

Epoch 7: ReduceLROnPlateau reducing learning rate to 2.499999936844688e-05.
156/156 - 5s - 32ms/step - accuracy: 0.1636 - ce: 1.7918 - loss: 1.8034 - val_accuracy: 0.1621 - val_ce: 1.7918 - val_loss: 1.8028 - learning_rate: 5.0000e-05
COLLAPSE: 100% of the validation predictions are in one class -> training is repeated once with lr 1e-05
Epoch 1/20
156/156 - 17s - 106ms/step - accuracy: 0.1773 - ce: 1.9211 - loss: 1.9772 - val_accuracy: 0.1849 - val_ce: 1.7898 - val_loss: 1.8406 - learning_rate: 1.0000e-05
Epoch 2/20
156/156 - 5s - 33ms/step - accuracy: 0.2108 - ce: 1.7642 - loss: 1.8197 - val_accuracy: 0.1918 - val_ce: 1.7985 - val_loss: 1.8487 - learning_rate: 1.0000e-05
Epoch 3/20

Epoch 3: ReduceLROnPlateau reducing learning rate to 4.999999873689376e-06.
156/156 - 5s - 32ms/step - accuracy: 0.2701 - ce: 1.7164 - loss: 1.7692 - val_accuracy: 0.1849 - val_ce: 1.8030 - val_loss: 1.8529 - learning_rate: 1.0000e-05
Epoch 4/20
156/156 - 5s - 33ms/step - accuracy: 0.3559 - ce: 1.6140 - loss: 1.6619 - val_accuracy: 0.1689 - val_ce: 1.8245 - val_loss: 1.8742 - learning_rate: 5.0000e-06
Epoch 5/20

Epoch 5: ReduceLROnPlateau reducing learning rate to 2.499999936844688e-06.
156/156 - 5s - 32ms/step - accuracy: 0.4143 - ce: 1.5392 - loss: 1.5868 - val_accuracy: 0.1895 - val_ce: 1.8378 - val_loss: 1.8875 - learning_rate: 5.0000e-06
/usr/local/lib/python3.13/dist-packages/sklearn/metrics/_classification.py:3001: UserWarning: The y_pred values do not sum to one. Make sure to pass probabilities.
  warnings.warn(
/usr/local/lib/python3.13/dist-packages/sklearn/metrics/_classification.py:3001: UserWarning: The y_pred values do not sum to one. Make sure to pass probabilities.
  warnings.warn(
Fold 2: accuracy=0.1836  F1(w/m)=0.1338/0.1267  CE=1.7928  epochs=5  

===== Fold 3/5  09:02:55 =====
Class weights (balanced): Human-written=0.927  V1=1.018  V2=1.063  V3=1.284  V4=0.837  V5=0.975
Epoch 1/20
156/156 - 17s - 106ms/step - accuracy: 0.1556 - ce: 1.8428 - loss: 1.8898 - val_accuracy: 0.1735 - val_ce: 1.7918 - val_loss: 1.8313 - learning_rate: 1.0000e-04
Epoch 2/20
156/156 - 5s - 32ms/step - accuracy: 0.1624 - ce: 1.7922 - loss: 1.8263 - val_accuracy: 0.1598 - val_ce: 1.7914 - val_loss: 1.8213 - learning_rate: 1.0000e-04
Epoch 3/20
156/156 - 5s - 32ms/step - accuracy: 0.1653 - ce: 1.7930 - loss: 1.8182 - val_accuracy: 0.1621 - val_ce: 1.7915 - val_loss: 1.8148 - learning_rate: 1.0000e-04
Epoch 4/20

Epoch 4: ReduceLROnPlateau reducing learning rate to 4.999999873689376e-05.
156/156 - 5s - 32ms/step - accuracy: 0.1636 - ce: 1.7915 - loss: 1.8128 - val_accuracy: 0.1621 - val_ce: 1.7914 - val_loss: 1.8102 - learning_rate: 1.0000e-04
Epoch 5/20
156/156 - 5s - 32ms/step - accuracy: 0.1681 - ce: 1.7915 - loss: 1.8097 - val_accuracy: 0.1621 - val_ce: 1.7914 - val_loss: 1.8084 - learning_rate: 5.0000e-05
Epoch 6/20

Epoch 6: ReduceLROnPlateau reducing learning rate to 2.499999936844688e-05.
156/156 - 5s - 32ms/step - accuracy: 0.1636 - ce: 1.7915 - loss: 1.8080 - val_accuracy: 0.1621 - val_ce: 1.7915 - val_loss: 1.8068 - learning_rate: 5.0000e-05
/usr/local/lib/python3.13/dist-packages/sklearn/metrics/_classification.py:3001: UserWarning: The y_pred values do not sum to one. Make sure to pass probabilities.
  warnings.warn(
/usr/local/lib/python3.13/dist-packages/sklearn/metrics/_classification.py:3001: UserWarning: The y_pred values do not sum to one. Make sure to pass probabilities.
  warnings.warn(
Fold 3: accuracy=0.1562  F1(w/m)=0.0758/0.0788  CE=1.7913  epochs=6  

===== Fold 4/5  09:03:43 =====
Class weights (balanced): Human-written=0.927  V1=1.021  V2=1.060  V3=1.284  V4=0.835  V5=0.978
Epoch 1/20
156/156 - 17s - 106ms/step - accuracy: 0.1612 - ce: 1.8493 - loss: 1.8966 - val_accuracy: 0.1575 - val_ce: 1.7920 - val_loss: 1.8309 - learning_rate: 1.0000e-04
Epoch 2/20
156/156 - 5s - 32ms/step - accuracy: 0.1237 - ce: 1.7922 - loss: 1.8255 - val_accuracy: 0.1575 - val_ce: 1.7920 - val_loss: 1.8209 - learning_rate: 1.0000e-04
Epoch 3/20

Epoch 3: ReduceLROnPlateau reducing learning rate to 4.999999873689376e-05.
156/156 - 5s - 32ms/step - accuracy: 0.1391 - ce: 1.7921 - loss: 1.8172 - val_accuracy: 0.1575 - val_ce: 1.7920 - val_loss: 1.8141 - learning_rate: 1.0000e-04
Epoch 4/20
156/156 - 5s - 33ms/step - accuracy: 0.1572 - ce: 1.7920 - loss: 1.8126 - val_accuracy: 0.1575 - val_ce: 1.7919 - val_loss: 1.8114 - learning_rate: 5.0000e-05
Epoch 5/20
156/156 - 5s - 33ms/step - accuracy: 0.1572 - ce: 1.7919 - loss: 1.8102 - val_accuracy: 0.1575 - val_ce: 1.7919 - val_loss: 1.8092 - learning_rate: 5.0000e-05
Epoch 6/20

Epoch 6: ReduceLROnPlateau reducing learning rate to 2.499999936844688e-05.
156/156 - 5s - 33ms/step - accuracy: 0.1552 - ce: 1.7919 - loss: 1.8081 - val_accuracy: 0.1575 - val_ce: 1.7919 - val_loss: 1.8072 - learning_rate: 5.0000e-05
Epoch 7/20
156/156 - 5s - 32ms/step - accuracy: 0.1568 - ce: 1.7919 - loss: 1.8067 - val_accuracy: 0.1575 - val_ce: 1.7919 - val_loss: 1.8064 - learning_rate: 2.5000e-05
Epoch 8/20

Epoch 8: ReduceLROnPlateau reducing learning rate to 1.249999968422344e-05.
156/156 - 5s - 33ms/step - accuracy: 0.1564 - ce: 1.7919 - loss: 1.8058 - val_accuracy: 0.1575 - val_ce: 1.7919 - val_loss: 1.8055 - learning_rate: 2.5000e-05
Epoch 9/20
156/156 - 5s - 33ms/step - accuracy: 0.1572 - ce: 1.7919 - loss: 1.8052 - val_accuracy: 0.1575 - val_ce: 1.7919 - val_loss: 1.8051 - learning_rate: 1.2500e-05
Epoch 10/20

Epoch 10: ReduceLROnPlateau reducing learning rate to 6.24999984211172e-06.
156/156 - 5s - 32ms/step - accuracy: 0.1572 - ce: 1.7919 - loss: 1.8048 - val_accuracy: 0.1575 - val_ce: 1.7919 - val_loss: 1.8047 - learning_rate: 1.2500e-05
Epoch 11/20
156/156 - 5s - 32ms/step - accuracy: 0.1568 - ce: 1.7919 - loss: 1.8045 - val_accuracy: 0.1575 - val_ce: 1.7919 - val_loss: 1.8045 - learning_rate: 6.2500e-06
Epoch 12/20

Epoch 12: ReduceLROnPlateau reducing learning rate to 3.12499992105586e-06.
156/156 - 5s - 32ms/step - accuracy: 0.1572 - ce: 1.7919 - loss: 1.8042 - val_accuracy: 0.1575 - val_ce: 1.7919 - val_loss: 1.8042 - learning_rate: 6.2500e-06
Epoch 13/20
156/156 - 5s - 32ms/step - accuracy: 0.1572 - ce: 1.7919 - loss: 1.8041 - val_accuracy: 0.1575 - val_ce: 1.7919 - val_loss: 1.8041 - learning_rate: 3.1250e-06
COLLAPSE: 100% of the validation predictions are in one class -> training is repeated once with lr 1e-05
Epoch 1/20
156/156 - 16s - 106ms/step - accuracy: 0.1580 - ce: 1.9181 - loss: 1.9677 - val_accuracy: 0.1826 - val_ce: 1.7891 - val_loss: 1.8398 - learning_rate: 1.0000e-05
Epoch 2/20
156/156 - 5s - 33ms/step - accuracy: 0.2148 - ce: 1.7675 - loss: 1.8185 - val_accuracy: 0.2100 - val_ce: 1.7792 - val_loss: 1.8294 - learning_rate: 1.0000e-05
Epoch 3/20
156/156 - 5s - 33ms/step - accuracy: 0.2918 - ce: 1.7061 - loss: 1.7555 - val_accuracy: 0.2032 - val_ce: 1.7988 - val_loss: 1.8488 - learning_rate: 1.0000e-05
Epoch 4/20

Epoch 4: ReduceLROnPlateau reducing learning rate to 4.999999873689376e-06.
156/156 - 5s - 32ms/step - accuracy: 0.3462 - ce: 1.6187 - loss: 1.6661 - val_accuracy: 0.1849 - val_ce: 1.8204 - val_loss: 1.8703 - learning_rate: 1.0000e-05
Epoch 5/20
156/156 - 5s - 32ms/step - accuracy: 0.4401 - ce: 1.4910 - loss: 1.5373 - val_accuracy: 0.2055 - val_ce: 1.8336 - val_loss: 1.8833 - learning_rate: 5.0000e-06
Epoch 6/20

Epoch 6: ReduceLROnPlateau reducing learning rate to 2.499999936844688e-06.
156/156 - 5s - 32ms/step - accuracy: 0.5091 - ce: 1.3917 - loss: 1.4359 - val_accuracy: 0.1781 - val_ce: 1.8723 - val_loss: 1.9220 - learning_rate: 5.0000e-06
/usr/local/lib/python3.13/dist-packages/sklearn/metrics/_classification.py:3001: UserWarning: The y_pred values do not sum to one. Make sure to pass probabilities.
  warnings.warn(
/usr/local/lib/python3.13/dist-packages/sklearn/metrics/_classification.py:3001: UserWarning: The y_pred values do not sum to one. Make sure to pass probabilities.
  warnings.warn(
Fold 4: accuracy=0.1753  F1(w/m)=0.1652/0.1629  CE=1.7980  epochs=6  

===== Fold 5/5  09:05:53 =====
Class weights (balanced): Human-written=0.930  V1=1.019  V2=1.061  V3=1.281  V4=0.836  V5=0.978
Epoch 1/20
156/156 - 18s - 115ms/step - accuracy: 0.1745 - ce: 1.8272 - loss: 1.8718 - val_accuracy: 0.1575 - val_ce: 1.7918 - val_loss: 1.8322 - learning_rate: 1.0000e-04
Epoch 2/20
156/156 - 5s - 33ms/step - accuracy: 0.1704 - ce: 1.7968 - loss: 1.8329 - val_accuracy: 0.1301 - val_ce: 1.7919 - val_loss: 1.8236 - learning_rate: 1.0000e-04
Epoch 3/20

Epoch 3: ReduceLROnPlateau reducing learning rate to 4.999999873689376e-05.
156/156 - 5s - 33ms/step - accuracy: 0.1922 - ce: 1.7919 - loss: 1.8201 - val_accuracy: 0.1986 - val_ce: 1.7918 - val_loss: 1.8169 - learning_rate: 1.0000e-04
Epoch 4/20
156/156 - 5s - 32ms/step - accuracy: 0.1966 - ce: 1.7918 - loss: 1.8156 - val_accuracy: 0.1986 - val_ce: 1.7919 - val_loss: 1.8143 - learning_rate: 5.0000e-05
Epoch 5/20

Epoch 5: ReduceLROnPlateau reducing learning rate to 2.499999936844688e-05.
156/156 - 5s - 33ms/step - accuracy: 0.1761 - ce: 1.7919 - loss: 1.8131 - val_accuracy: 0.1986 - val_ce: 1.7918 - val_loss: 1.8120 - learning_rate: 5.0000e-05
Epoch 6/20
156/156 - 5s - 32ms/step - accuracy: 0.1704 - ce: 1.7918 - loss: 1.8114 - val_accuracy: 0.1986 - val_ce: 1.7918 - val_loss: 1.8109 - learning_rate: 2.5000e-05
Epoch 7/20

Epoch 7: ReduceLROnPlateau reducing learning rate to 1.249999968422344e-05.
156/156 - 5s - 32ms/step - accuracy: 0.1938 - ce: 1.7918 - loss: 1.8104 - val_accuracy: 0.1986 - val_ce: 1.7918 - val_loss: 1.8099 - learning_rate: 2.5000e-05
COLLAPSE: 100% of the validation predictions are in one class -> training is repeated once with lr 1e-05
Epoch 1/20
156/156 - 17s - 107ms/step - accuracy: 0.1761 - ce: 1.8971 - loss: 1.9424 - val_accuracy: 0.1781 - val_ce: 1.8034 - val_loss: 1.8541 - learning_rate: 1.0000e-05
Epoch 2/20
156/156 - 5s - 33ms/step - accuracy: 0.2147 - ce: 1.7647 - loss: 1.8172 - val_accuracy: 0.1735 - val_ce: 1.8059 - val_loss: 1.8562 - learning_rate: 1.0000e-05
Epoch 3/20

Epoch 3: ReduceLROnPlateau reducing learning rate to 4.999999873689376e-06.
156/156 - 5s - 33ms/step - accuracy: 0.3054 - ce: 1.6958 - loss: 1.7453 - val_accuracy: 0.1712 - val_ce: 1.8179 - val_loss: 1.8680 - learning_rate: 1.0000e-05
Epoch 4/20
156/156 - 5s - 32ms/step - accuracy: 0.3936 - ce: 1.5787 - loss: 1.6285 - val_accuracy: 0.1986 - val_ce: 1.8340 - val_loss: 1.8840 - learning_rate: 5.0000e-06
Epoch 5/20

Epoch 5: ReduceLROnPlateau reducing learning rate to 2.499999936844688e-06.
156/156 - 5s - 32ms/step - accuracy: 0.4319 - ce: 1.4939 - loss: 1.5428 - val_accuracy: 0.1941 - val_ce: 1.8535 - val_loss: 1.9035 - learning_rate: 5.0000e-06
/usr/local/lib/python3.13/dist-packages/sklearn/metrics/_classification.py:3001: UserWarning: The y_pred values do not sum to one. Make sure to pass probabilities.
  warnings.warn(
/usr/local/lib/python3.13/dist-packages/sklearn/metrics/_classification.py:3001: UserWarning: The y_pred values do not sum to one. Make sure to pass probabilities.
  warnings.warn(
Fold 5: accuracy=0.1866  F1(w/m)=0.1176/0.1178  CE=1.7992  epochs=5  

CV mean ± std:
  accuracy               0.1748 ± 0.0119
  balanced_accuracy      0.1737 ± 0.0123
  mcc                    0.0123 ± 0.0251
  cross_entropy          1.7955 ± 0.0033
  roc_auc                0.5197 ± 0.0168
  precision_macro        0.1492 ± 0.0593
  recall_macro           0.1737 ± 0.0123
  f1_macro               0.1227 ± 0.0300
  precision_micro        0.1748 ± 0.0119
  recall_micro           0.1748 ± 0.0119
  f1_micro               0.1748 ± 0.0119
  precision_weighted     0.1479 ± 0.0590
  recall_weighted        0.1748 ± 0.0119
  f1_weighted            0.1235 ± 0.0322

===== Final training  09:07:32 =====
Class weights (balanced): Human-written=0.927  V1=1.020  V2=1.061  V3=1.284  V4=0.836  V5=0.976
Epoch 1/20
188/188 - 22s - 114ms/step - accuracy: 0.1491 - ce: 1.8521 - loss: 1.8973 - val_accuracy: 0.1630 - val_ce: 1.7917 - val_loss: 1.8292 - learning_rate: 1.0000e-04
Epoch 2/20
188/188 - 6s - 33ms/step - accuracy: 0.1634 - ce: 1.7918 - loss: 1.8238 - val_accuracy: 0.1630 - val_ce: 1.7917 - val_loss: 1.8189 - learning_rate: 1.0000e-04
Epoch 3/20

Epoch 3: ReduceLROnPlateau reducing learning rate to 4.999999873689376e-05.
188/188 - 6s - 33ms/step - accuracy: 0.1624 - ce: 1.7919 - loss: 1.8155 - val_accuracy: 0.1630 - val_ce: 1.7918 - val_loss: 1.8124 - learning_rate: 1.0000e-04
Epoch 4/20
188/188 - 6s - 33ms/step - accuracy: 0.1634 - ce: 1.7918 - loss: 1.8111 - val_accuracy: 0.1630 - val_ce: 1.7918 - val_loss: 1.8098 - learning_rate: 5.0000e-05
Epoch 5/20

Epoch 5: ReduceLROnPlateau reducing learning rate to 2.499999936844688e-05.
188/188 - 6s - 33ms/step - accuracy: 0.1634 - ce: 1.7918 - loss: 1.8087 - val_accuracy: 0.1630 - val_ce: 1.7918 - val_loss: 1.8077 - learning_rate: 5.0000e-05
COLLAPSE: 100% of the validation predictions are in one class -> training is repeated once with lr 1e-05
Epoch 1/20
188/188 - 18s - 95ms/step - accuracy: 0.1661 - ce: 1.9925 - loss: 2.0454 - val_accuracy: 0.1599 - val_ce: 1.8038 - val_loss: 1.8542 - learning_rate: 1.0000e-05
Epoch 2/20
188/188 - 6s - 33ms/step - accuracy: 0.1997 - ce: 1.7754 - loss: 1.8263 - val_accuracy: 0.1568 - val_ce: 1.7977 - val_loss: 1.8473 - learning_rate: 1.0000e-05
Epoch 3/20
188/188 - 6s - 33ms/step - accuracy: 0.2592 - ce: 1.7375 - loss: 1.7863 - val_accuracy: 0.1739 - val_ce: 1.7986 - val_loss: 1.8477 - learning_rate: 1.0000e-05
Epoch 4/20

Epoch 4: ReduceLROnPlateau reducing learning rate to 4.999999873689376e-06.
188/188 - 6s - 33ms/step - accuracy: 0.2995 - ce: 1.6810 - loss: 1.7306 - val_accuracy: 0.1755 - val_ce: 1.8057 - val_loss: 1.8544 - learning_rate: 1.0000e-05
Epoch 5/20
188/188 - 6s - 33ms/step - accuracy: 0.3947 - ce: 1.5754 - loss: 1.6226 - val_accuracy: 0.2019 - val_ce: 1.8274 - val_loss: 1.8761 - learning_rate: 5.0000e-06
Epoch 6/20

Epoch 6: ReduceLROnPlateau reducing learning rate to 2.499999936844688e-06.
188/188 - 6s - 33ms/step - accuracy: 0.4200 - ce: 1.5040 - loss: 1.5502 - val_accuracy: 0.1693 - val_ce: 1.8364 - val_loss: 1.8850 - learning_rate: 5.0000e-06
/usr/local/lib/python3.13/dist-packages/sklearn/metrics/_classification.py:3001: UserWarning: The y_pred values do not sum to one. Make sure to pass probabilities.
  warnings.warn(
/usr/local/lib/python3.13/dist-packages/sklearn/metrics/_classification.py:3001: UserWarning: The y_pred values do not sum to one. Make sure to pass probabilities.
  warnings.warn(
               precision    recall  f1-score   support

Human-written     0.2000    0.0259    0.0458       116
           V1     0.1429    0.1048    0.1209       105
           V2     0.1538    0.2574    0.1926       101
           V3     0.1145    0.2262    0.1520        84
           V4     0.2800    0.1085    0.1564       129
           V5     0.2024    0.3091    0.2446       110

     accuracy                         0.1659       645
    macro avg     0.1823    0.1720    0.1521       645
 weighted avg     0.1887    0.1659    0.1509       645

Class distribution all  : {'Human-written': 772, 'V1': 701, 'V2': 674, 'V3': 558, 'V4': 856, 'V5': 733}  ratio {'Human-written': 0.1798, 'V1': 0.1633, 'V2': 0.157, 'V3': 0.1299, 'V4': 0.1993, 'V5': 0.1707}
Class distribution train: {'Human-written': 540, 'V1': 491, 'V2': 472, 'V3': 390, 'V4': 599, 'V5': 513}  ratio {'Human-written': 0.1797, 'V1': 0.1634, 'V2': 0.1571, 'V3': 0.1298, 'V4': 0.1993, 'V5': 0.1707}
Class distribution val  : {'Human-written': 116, 'V1': 105, 'V2': 101, 'V3': 84, 'V4': 128, 'V5': 110}  ratio {'Human-written': 0.1801, 'V1': 0.163, 'V2': 0.1568, 'V3': 0.1304, 'V4': 0.1988, 'V5': 0.1708}
Class distribution test : {'Human-written': 116, 'V1': 105, 'V2': 101, 'V3': 84, 'V4': 129, 'V5': 110}  ratio {'Human-written': 0.1798, 'V1': 0.1628, 'V2': 0.1566, 'V3': 0.1302, 'V4': 0.2, 'V5': 0.1705}

subdataset2_graph_6class_snippet_cv  VGG19 (relu, dropout 0.1, lr 0.0001)
CV mean    acc=0.1748  F1 w/m/micro=0.1235/0.1227/0.1748  P_w=0.1479  R_w=0.1748  CE=1.7955  AUC=0.5197  MCC=0.0123
VALIDATION acc=0.1568  F1 w/m/micro=0.1327/0.1379/0.1568  P_w=0.1591  R_w=0.1568  CE=1.7977  AUC=0.5199  MCC=-0.0022
TEST       acc=0.1659  F1 w/m/micro=0.1509/0.1521/0.1659  P_w=0.1887  R_w=0.1659  CE=1.7984  AUC=0.5082  MCC=0.0097
TEST 95% CI: accuracy=[0.1395, 0.1969]  f1_weighted=[0.1251, 0.1799]  f1_macro=[0.1271, 0.1800]  mcc=[-0.0222, 0.0473]  balanced_accuracy=[0.1448, 0.2034]
Outputs: Experiments/subdataset2/Snippet-Level Split/results/subdataset2_graph_6class_snippet_cv
2026-10-03 09:09:27 FINISHED
