
====================================================================================================
2026-10-02 23:52:57  subdataset13_graph_human_vs_v1_snippet_cv  (config hash 60fd52f85f06)
Data    : Data/Subdataset_13
Classes : ['Human-written', 'V1']   Split: Snippet-Level Split
Model   : EfficientNetB0  activation=relu  dropout=0.2  lr=0.0001  trained=base from block7a_* on  preprocessing=raw  L2=0.0001
Training: at most 20 epochs, early stopping val_ce patience 4, batch 16, 320x320 (no cropping), mixed precision True
Output  : Experiments/subdataset13/Snippet-Level Split/results/subdataset13_graph_human_vs_v1_snippet_cv
Human-written (label 0): 1629 images
V1  (label 1): 2272 images
Total 3901 images
Train     :  2730 (70.0%)  Human-written=1140 V1=1590
Validation:   585 (15.0%)  Human-written=244 V1=341
Test      :   586 (15.0%)  Human-written=245 V1=341
Fold 1: train=2652 (Human-written=1108 V1=1544)  evaluation=663 (Human-written=276 V1=387)
Fold 2: train=2652 (Human-written=1107 V1=1545)  evaluation=663 (Human-written=277 V1=386)
Fold 3: train=2652 (Human-written=1107 V1=1545)  evaluation=663 (Human-written=277 V1=386)
Fold 4: train=2652 (Human-written=1107 V1=1545)  evaluation=663 (Human-written=277 V1=386)
Fold 5: train=2652 (Human-written=1107 V1=1545)  evaluation=663 (Human-written=277 V1=386)
Leakage check PASSED.
TensorFlow 2.20.0 | GPU: [PhysicalDevice(name='/physical_device:GPU:0', device_type='GPU')]
Mixed precision: mixed_float16 (output layer float32)
Images loaded: 3901, 1.2 GB, 5 s

===== Fold 1/5  23:53:05 =====
Class weights (balanced): Human-written=1.196  V1=0.859
Model: base 238 layers, trained base layers 16 (first: block7a_expand_conv); trained parameters 1,785,777 / 4,705,956
Epoch 1/20
141/141 - 80s - 569ms/step - accuracy: 0.5470 - ce: 0.6922 - loss: 0.7655 - val_accuracy: 0.6307 - val_ce: 0.6600 - val_loss: 0.7319 - learning_rate: 1.0000e-04
Epoch 2/20
141/141 - 2s - 16ms/step - accuracy: 0.6242 - ce: 0.6535 - loss: 0.7262 - val_accuracy: 0.6256 - val_ce: 0.6601 - val_loss: 0.7308 - learning_rate: 1.0000e-04
Epoch 3/20
141/141 - 2s - 17ms/step - accuracy: 0.6362 - ce: 0.6346 - loss: 0.7051 - val_accuracy: 0.6281 - val_ce: 0.6475 - val_loss: 0.7173 - learning_rate: 1.0000e-04
Epoch 4/20
141/141 - 2s - 17ms/step - accuracy: 0.6708 - ce: 0.6099 - loss: 0.6801 - val_accuracy: 0.6332 - val_ce: 0.6474 - val_loss: 0.7163 - learning_rate: 1.0000e-04
Epoch 5/20
141/141 - 2s - 16ms/step - accuracy: 0.6992 - ce: 0.5773 - loss: 0.6469 - val_accuracy: 0.6281 - val_ce: 0.6524 - val_loss: 0.7207 - learning_rate: 1.0000e-04
Epoch 6/20

Epoch 6: ReduceLROnPlateau reducing learning rate to 4.999999873689376e-05.
141/141 - 2s - 16ms/step - accuracy: 0.7351 - ce: 0.5446 - loss: 0.6135 - val_accuracy: 0.5980 - val_ce: 0.6766 - val_loss: 0.7443 - learning_rate: 1.0000e-04
Epoch 7/20
141/141 - 2s - 16ms/step - accuracy: 0.7720 - ce: 0.5006 - loss: 0.5706 - val_accuracy: 0.5980 - val_ce: 0.6638 - val_loss: 0.7312 - learning_rate: 5.0000e-05
Epoch 8/20

Epoch 8: ReduceLROnPlateau reducing learning rate to 2.499999936844688e-05.
141/141 - 2s - 17ms/step - accuracy: 0.8004 - ce: 0.4670 - loss: 0.5352 - val_accuracy: 0.6080 - val_ce: 0.6845 - val_loss: 0.7516 - learning_rate: 5.0000e-05
Fold 1: accuracy=0.6003  F1(w/m)=0.5812/0.5585  CE=0.6567  epochs=8  

===== Fold 2/5  23:55:14 =====
Class weights (balanced): Human-written=1.198  V1=0.858
Epoch 1/20
141/141 - 50s - 352ms/step - accuracy: 0.5586 - ce: 0.6862 - loss: 0.7619 - val_accuracy: 0.5905 - val_ce: 0.6627 - val_loss: 0.7347 - learning_rate: 1.0000e-04
Epoch 2/20
141/141 - 2s - 17ms/step - accuracy: 0.6087 - ce: 0.6634 - loss: 0.7339 - val_accuracy: 0.6181 - val_ce: 0.6654 - val_loss: 0.7364 - learning_rate: 1.0000e-04
Epoch 3/20

Epoch 3: ReduceLROnPlateau reducing learning rate to 4.999999873689376e-05.
141/141 - 2s - 17ms/step - accuracy: 0.6588 - ce: 0.6258 - loss: 0.6976 - val_accuracy: 0.6156 - val_ce: 0.6743 - val_loss: 0.7444 - learning_rate: 1.0000e-04
Epoch 4/20
141/141 - 2s - 17ms/step - accuracy: 0.6939 - ce: 0.5925 - loss: 0.6642 - val_accuracy: 0.5678 - val_ce: 0.6911 - val_loss: 0.7608 - learning_rate: 5.0000e-05
Epoch 5/20

Epoch 5: ReduceLROnPlateau reducing learning rate to 2.499999936844688e-05.
141/141 - 2s - 17ms/step - accuracy: 0.7098 - ce: 0.5774 - loss: 0.6457 - val_accuracy: 0.5754 - val_ce: 0.6976 - val_loss: 0.7668 - learning_rate: 5.0000e-05
Fold 2: accuracy=0.6109  F1(w/m)=0.5832/0.5581  CE=0.6705  epochs=5  

===== Fold 3/5  23:56:34 =====
Class weights (balanced): Human-written=1.198  V1=0.858
Epoch 1/20
141/141 - 50s - 353ms/step - accuracy: 0.5594 - ce: 0.6848 - loss: 0.7575 - val_accuracy: 0.5729 - val_ce: 0.6825 - val_loss: 0.7544 - learning_rate: 1.0000e-04
Epoch 2/20
141/141 - 2s - 17ms/step - accuracy: 0.6282 - ce: 0.6482 - loss: 0.7223 - val_accuracy: 0.5553 - val_ce: 0.6877 - val_loss: 0.7586 - learning_rate: 1.0000e-04
Epoch 3/20

Epoch 3: ReduceLROnPlateau reducing learning rate to 4.999999873689376e-05.
141/141 - 2s - 17ms/step - accuracy: 0.6566 - ce: 0.6259 - loss: 0.6969 - val_accuracy: 0.5905 - val_ce: 0.6873 - val_loss: 0.7573 - learning_rate: 1.0000e-04
Epoch 4/20
141/141 - 2s - 17ms/step - accuracy: 0.6832 - ce: 0.5901 - loss: 0.6609 - val_accuracy: 0.5754 - val_ce: 0.6973 - val_loss: 0.7669 - learning_rate: 5.0000e-05
Epoch 5/20

Epoch 5: ReduceLROnPlateau reducing learning rate to 2.499999936844688e-05.
141/141 - 2s - 17ms/step - accuracy: 0.7143 - ce: 0.5627 - loss: 0.6315 - val_accuracy: 0.5779 - val_ce: 0.7198 - val_loss: 0.7890 - learning_rate: 5.0000e-05
Fold 3: accuracy=0.5973  F1(w/m)=0.5427/0.5083  CE=0.6733  epochs=5  

===== Fold 4/5  23:57:53 =====
Class weights (balanced): Human-written=1.198  V1=0.858
Epoch 1/20
141/141 - 50s - 353ms/step - accuracy: 0.5390 - ce: 0.6907 - loss: 0.7642 - val_accuracy: 0.5804 - val_ce: 0.6691 - val_loss: 0.7408 - learning_rate: 1.0000e-04
Epoch 2/20
141/141 - 2s - 18ms/step - accuracy: 0.6140 - ce: 0.6538 - loss: 0.7266 - val_accuracy: 0.5980 - val_ce: 0.6655 - val_loss: 0.7361 - learning_rate: 1.0000e-04
Epoch 3/20
141/141 - 2s - 18ms/step - accuracy: 0.6402 - ce: 0.6277 - loss: 0.6986 - val_accuracy: 0.6307 - val_ce: 0.6548 - val_loss: 0.7243 - learning_rate: 1.0000e-04
Epoch 4/20
141/141 - 2s - 17ms/step - accuracy: 0.6713 - ce: 0.6101 - loss: 0.6787 - val_accuracy: 0.6030 - val_ce: 0.6835 - val_loss: 0.7522 - learning_rate: 1.0000e-04
Epoch 5/20

Epoch 5: ReduceLROnPlateau reducing learning rate to 4.999999873689376e-05.
141/141 - 2s - 17ms/step - accuracy: 0.7183 - ce: 0.5623 - loss: 0.6306 - val_accuracy: 0.5955 - val_ce: 0.7040 - val_loss: 0.7719 - learning_rate: 1.0000e-04
Epoch 6/20
141/141 - 2s - 17ms/step - accuracy: 0.7635 - ce: 0.5160 - loss: 0.5854 - val_accuracy: 0.6080 - val_ce: 0.6984 - val_loss: 0.7659 - learning_rate: 5.0000e-05
Epoch 7/20

Epoch 7: ReduceLROnPlateau reducing learning rate to 2.499999936844688e-05.
141/141 - 2s - 17ms/step - accuracy: 0.7671 - ce: 0.4970 - loss: 0.5640 - val_accuracy: 0.6281 - val_ce: 0.6898 - val_loss: 0.7571 - learning_rate: 5.0000e-05
Fold 4: accuracy=0.5988  F1(w/m)=0.5923/0.5762  CE=0.6756  epochs=7  

===== Fold 5/5  23:59:18 =====
Class weights (balanced): Human-written=1.198  V1=0.858
Epoch 1/20
141/141 - 50s - 354ms/step - accuracy: 0.5386 - ce: 0.6938 - loss: 0.7656 - val_accuracy: 0.6307 - val_ce: 0.6848 - val_loss: 0.7565 - learning_rate: 1.0000e-04
Epoch 2/20
141/141 - 3s - 18ms/step - accuracy: 0.6091 - ce: 0.6594 - loss: 0.7315 - val_accuracy: 0.6055 - val_ce: 0.6772 - val_loss: 0.7478 - learning_rate: 1.0000e-04
Epoch 3/20
141/141 - 2s - 17ms/step - accuracy: 0.6455 - ce: 0.6293 - loss: 0.7012 - val_accuracy: 0.6181 - val_ce: 0.6791 - val_loss: 0.7487 - learning_rate: 1.0000e-04
Epoch 4/20

Epoch 4: ReduceLROnPlateau reducing learning rate to 4.999999873689376e-05.
141/141 - 2s - 17ms/step - accuracy: 0.6819 - ce: 0.6039 - loss: 0.6744 - val_accuracy: 0.5477 - val_ce: 0.7066 - val_loss: 0.7753 - learning_rate: 1.0000e-04
Epoch 5/20
141/141 - 2s - 17ms/step - accuracy: 0.7409 - ce: 0.5573 - loss: 0.6266 - val_accuracy: 0.5930 - val_ce: 0.6966 - val_loss: 0.7649 - learning_rate: 5.0000e-05
Epoch 6/20

Epoch 6: ReduceLROnPlateau reducing learning rate to 2.499999936844688e-05.
141/141 - 2s - 17ms/step - accuracy: 0.7516 - ce: 0.5299 - loss: 0.5986 - val_accuracy: 0.6055 - val_ce: 0.7159 - val_loss: 0.7839 - learning_rate: 5.0000e-05
Fold 5: accuracy=0.5928  F1(w/m)=0.5775/0.5567  CE=0.6637  epochs=6  

CV mean ± std:
  accuracy               0.6000 ± 0.0067
  balanced_accuracy      0.5627 ± 0.0129
  mcc                    0.1415 ± 0.0194
  cross_entropy          0.6679 ± 0.0077
  roc_auc                0.6043 ± 0.0238
  precision_macro        0.5804 ± 0.0083
  recall_macro           0.5627 ± 0.0129
  f1_macro               0.5516 ± 0.0255
  precision_micro        0.6000 ± 0.0067
  recall_micro           0.6000 ± 0.0067
  f1_micro               0.6000 ± 0.0067
  precision_weighted     0.5877 ± 0.0076
  recall_weighted        0.6000 ± 0.0067
  f1_weighted            0.5754 ± 0.0191

===== Final training  00:00:42 =====
Class weights (balanced): Human-written=1.197  V1=0.858
Epoch 1/20
171/171 - 75s - 440ms/step - accuracy: 0.5590 - ce: 0.6889 - loss: 0.7634 - val_accuracy: 0.5880 - val_ce: 0.6642 - val_loss: 0.7357 - learning_rate: 1.0000e-04
Epoch 2/20
171/171 - 3s - 18ms/step - accuracy: 0.5967 - ce: 0.6630 - loss: 0.7341 - val_accuracy: 0.6154 - val_ce: 0.6595 - val_loss: 0.7297 - learning_rate: 1.0000e-04
Epoch 3/20
171/171 - 3s - 18ms/step - accuracy: 0.6319 - ce: 0.6338 - loss: 0.7036 - val_accuracy: 0.6154 - val_ce: 0.6631 - val_loss: 0.7321 - learning_rate: 1.0000e-04
Epoch 4/20

Epoch 4: ReduceLROnPlateau reducing learning rate to 4.999999873689376e-05.
171/171 - 3s - 18ms/step - accuracy: 0.6762 - ce: 0.6002 - loss: 0.6696 - val_accuracy: 0.6171 - val_ce: 0.6695 - val_loss: 0.7374 - learning_rate: 1.0000e-04
Epoch 5/20
171/171 - 3s - 18ms/step - accuracy: 0.7264 - ce: 0.5640 - loss: 0.6324 - val_accuracy: 0.6342 - val_ce: 0.6626 - val_loss: 0.7301 - learning_rate: 5.0000e-05
Epoch 6/20

Epoch 6: ReduceLROnPlateau reducing learning rate to 2.499999936844688e-05.
171/171 - 3s - 18ms/step - accuracy: 0.7410 - ce: 0.5421 - loss: 0.6083 - val_accuracy: 0.6291 - val_ce: 0.6640 - val_loss: 0.7312 - learning_rate: 5.0000e-05
               precision    recall  f1-score   support

Human-written     0.5364    0.4816    0.5075       245
           V1     0.6530    0.7009    0.6761       341

     accuracy                         0.6092       586
    macro avg     0.5947    0.5913    0.5918       586
 weighted avg     0.6042    0.6092    0.6056       586

Class distribution all  : {'Human-written': 1629, 'V1': 2272}  ratio {'Human-written': 0.4176, 'V1': 0.5824}
Class distribution train: {'Human-written': 1140, 'V1': 1590}  ratio {'Human-written': 0.4176, 'V1': 0.5824}
Class distribution val  : {'Human-written': 244, 'V1': 341}  ratio {'Human-written': 0.4171, 'V1': 0.5829}
Class distribution test : {'Human-written': 245, 'V1': 341}  ratio {'Human-written': 0.4181, 'V1': 0.5819}

subdataset13_graph_human_vs_v1_snippet_cv  EfficientNetB0 (relu, dropout 0.2, lr 0.0001)
CV mean    acc=0.6000  F1 w/m/micro=0.5754/0.5516/0.6000  P_w=0.5877  R_w=0.6000  CE=0.6679  AUC=0.6043  MCC=0.1415
VALIDATION acc=0.6154  F1 w/m/micro=0.6111/0.5967/0.6154  P_w=0.6098  R_w=0.6154  CE=0.6595  AUC=0.6290  MCC=0.1965
TEST       acc=0.6092  F1 w/m/micro=0.6056/0.5918/0.6092  P_w=0.6042  R_w=0.6092  CE=0.6574  AUC=0.6322  MCC=0.1859
TEST 95% CI: accuracy=[0.5699, 0.6485]  f1_weighted=[0.5651, 0.6460]  f1_macro=[0.5520, 0.6286]  mcc=[0.1081, 0.2594]  balanced_accuracy=[0.5527, 0.6276]
Outputs: Experiments/subdataset13/Snippet-Level Split/results/subdataset13_graph_human_vs_v1_snippet_cv
2026-10-03 00:02:41 FINISHED
