
====================================================================================================
2026-10-02 23:25:26  subdataset10_screenshot_human_vs_v5_snippet_cv  (config hash 1ae372b89975)
Data    : Data/Subdataset_10
Classes : ['Human-written', 'V5']   Split: Snippet-Level Split
Model   : VGG19  activation=sigmoid  dropout=0.1  lr=0.0001  trained=base from block5_* on  preprocessing=caffe  L2=0.0001
Training: at most 20 epochs, early stopping val_ce patience 4, batch 16, 320x320 (no cropping), mixed precision True
Output  : Experiments/subdataset10/Snippet-Level Split/results/subdataset10_screenshot_human_vs_v5_snippet_cv
Human-written (label 0): 2234 images
V5  (label 1): 1985 images
Total 4219 images
Train     :  2953 (70.0%)  Human-written=1564 V5=1389
Validation:   633 (15.0%)  Human-written=335 V5=298
Test      :   633 (15.0%)  Human-written=335 V5=298
Fold 1: train=2868 (Human-written=1519 V5=1349)  evaluation=718 (Human-written=380 V5=338)
Fold 2: train=2869 (Human-written=1520 V5=1349)  evaluation=717 (Human-written=379 V5=338)
Fold 3: train=2869 (Human-written=1519 V5=1350)  evaluation=717 (Human-written=380 V5=337)
Fold 4: train=2869 (Human-written=1519 V5=1350)  evaluation=717 (Human-written=380 V5=337)
Fold 5: train=2869 (Human-written=1519 V5=1350)  evaluation=717 (Human-written=380 V5=337)
Leakage check PASSED.
TensorFlow 2.20.0 | GPU: [PhysicalDevice(name='/physical_device:GPU:0', device_type='GPU')]
Mixed precision: mixed_float16 (output layer float32)
Images loaded: 4219, 1.3 GB, 18 s

===== Fold 1/5  23:25:48 =====
Class weights (balanced): Human-written=0.944  V5=1.063
Model: base 22 layers, trained base layers 5 (first: block5_conv1); trained parameters 9,702,401 / 20,287,553
Epoch 1/20
153/153 - 55s - 357ms/step - accuracy: 0.5646 - ce: 0.6871 - loss: 0.7311 - val_accuracy: 0.6148 - val_ce: 0.6726 - val_loss: 0.7093 - learning_rate: 1.0000e-04
Epoch 2/20
153/153 - 15s - 100ms/step - accuracy: 0.6844 - ce: 0.5918 - loss: 0.6249 - val_accuracy: 0.6891 - val_ce: 0.5925 - val_loss: 0.6214 - learning_rate: 1.0000e-04
Epoch 3/20
153/153 - 15s - 99ms/step - accuracy: 0.7288 - ce: 0.5497 - loss: 0.5767 - val_accuracy: 0.7378 - val_ce: 0.5295 - val_loss: 0.5536 - learning_rate: 1.0000e-04
Epoch 4/20
153/153 - 15s - 99ms/step - accuracy: 0.7558 - ce: 0.5046 - loss: 0.5271 - val_accuracy: 0.7425 - val_ce: 0.5191 - val_loss: 0.5399 - learning_rate: 1.0000e-04
Epoch 5/20
153/153 - 15s - 99ms/step - accuracy: 0.7891 - ce: 0.4629 - loss: 0.4824 - val_accuracy: 0.7564 - val_ce: 0.5268 - val_loss: 0.5452 - learning_rate: 1.0000e-04
Epoch 6/20

Epoch 6: ReduceLROnPlateau reducing learning rate to 4.999999873689376e-05.
153/153 - 15s - 99ms/step - accuracy: 0.7952 - ce: 0.4347 - loss: 0.4529 - val_accuracy: 0.7216 - val_ce: 0.5301 - val_loss: 0.5469 - learning_rate: 1.0000e-04
Epoch 7/20
153/153 - 15s - 99ms/step - accuracy: 0.8588 - ce: 0.3426 - loss: 0.3597 - val_accuracy: 0.7517 - val_ce: 0.5600 - val_loss: 0.5761 - learning_rate: 5.0000e-05
Epoch 8/20

Epoch 8: ReduceLROnPlateau reducing learning rate to 2.499999936844688e-05.
153/153 - 15s - 99ms/step - accuracy: 0.8839 - ce: 0.2870 - loss: 0.3033 - val_accuracy: 0.7471 - val_ce: 0.5501 - val_loss: 0.5656 - learning_rate: 5.0000e-05
Fold 1: accuracy=0.7159  F1(w/m)=0.7161/0.7155  CE=0.5508  epochs=8  

===== Fold 2/5  23:28:50 =====
Class weights (balanced): Human-written=0.943  V5=1.064
Epoch 1/20
153/153 - 32s - 209ms/step - accuracy: 0.5705 - ce: 0.6858 - loss: 0.7299 - val_accuracy: 0.6497 - val_ce: 0.6231 - val_loss: 0.6615 - learning_rate: 1.0000e-04
Epoch 2/20
153/153 - 15s - 100ms/step - accuracy: 0.6961 - ce: 0.5948 - loss: 0.6280 - val_accuracy: 0.6288 - val_ce: 0.7931 - val_loss: 0.8234 - learning_rate: 1.0000e-04
Epoch 3/20

Epoch 3: ReduceLROnPlateau reducing learning rate to 4.999999873689376e-05.
153/153 - 15s - 99ms/step - accuracy: 0.7338 - ce: 0.5426 - loss: 0.5708 - val_accuracy: 0.6241 - val_ce: 0.7994 - val_loss: 0.8247 - learning_rate: 1.0000e-04
Epoch 4/20
153/153 - 15s - 99ms/step - accuracy: 0.7617 - ce: 0.4985 - loss: 0.5253 - val_accuracy: 0.6798 - val_ce: 0.5813 - val_loss: 0.6047 - learning_rate: 5.0000e-05
Epoch 5/20
153/153 - 15s - 99ms/step - accuracy: 0.7949 - ce: 0.4515 - loss: 0.4731 - val_accuracy: 0.7239 - val_ce: 0.5804 - val_loss: 0.6021 - learning_rate: 5.0000e-05
Epoch 6/20
153/153 - 15s - 99ms/step - accuracy: 0.8208 - ce: 0.4030 - loss: 0.4240 - val_accuracy: 0.7007 - val_ce: 0.6340 - val_loss: 0.6543 - learning_rate: 5.0000e-05
Epoch 7/20
153/153 - 15s - 99ms/step - accuracy: 0.8273 - ce: 0.3737 - loss: 0.3937 - val_accuracy: 0.7030 - val_ce: 0.5655 - val_loss: 0.5847 - learning_rate: 5.0000e-05
Epoch 8/20
153/153 - 15s - 99ms/step - accuracy: 0.8630 - ce: 0.3209 - loss: 0.3392 - val_accuracy: 0.7332 - val_ce: 0.7489 - val_loss: 0.7672 - learning_rate: 5.0000e-05
Epoch 9/20

Epoch 9: ReduceLROnPlateau reducing learning rate to 2.499999936844688e-05.
153/153 - 15s - 99ms/step - accuracy: 0.8970 - ce: 0.2610 - loss: 0.2791 - val_accuracy: 0.7262 - val_ce: 0.7944 - val_loss: 0.8119 - learning_rate: 5.0000e-05
Epoch 10/20
153/153 - 15s - 99ms/step - accuracy: 0.9389 - ce: 0.1575 - loss: 0.1748 - val_accuracy: 0.7146 - val_ce: 0.8320 - val_loss: 0.8492 - learning_rate: 2.5000e-05
Epoch 11/20

Epoch 11: ReduceLROnPlateau reducing learning rate to 1.249999968422344e-05.
153/153 - 15s - 99ms/step - accuracy: 0.9561 - ce: 0.1170 - loss: 0.1335 - val_accuracy: 0.7053 - val_ce: 1.0893 - val_loss: 1.1063 - learning_rate: 2.5000e-05
Fold 2: accuracy=0.7657  F1(w/m)=0.7658/0.7652  CE=0.5040  epochs=11  

===== Fold 3/5  23:32:13 =====
Class weights (balanced): Human-written=0.944  V5=1.063
Epoch 1/20
153/153 - 26s - 172ms/step - accuracy: 0.5989 - ce: 0.6647 - loss: 0.7115 - val_accuracy: 0.5568 - val_ce: 0.7925 - val_loss: 0.8344 - learning_rate: 1.0000e-04
Epoch 2/20
153/153 - 15s - 100ms/step - accuracy: 0.6916 - ce: 0.5926 - loss: 0.6325 - val_accuracy: 0.6636 - val_ce: 0.6379 - val_loss: 0.6739 - learning_rate: 1.0000e-04
Epoch 3/20
153/153 - 15s - 100ms/step - accuracy: 0.7178 - ce: 0.5524 - loss: 0.5864 - val_accuracy: 0.6961 - val_ce: 0.5657 - val_loss: 0.5973 - learning_rate: 1.0000e-04
Epoch 4/20
153/153 - 15s - 100ms/step - accuracy: 0.7629 - ce: 0.4899 - loss: 0.5197 - val_accuracy: 0.7541 - val_ce: 0.5220 - val_loss: 0.5503 - learning_rate: 1.0000e-04
Epoch 5/20
153/153 - 15s - 99ms/step - accuracy: 0.7970 - ce: 0.4399 - loss: 0.4672 - val_accuracy: 0.7216 - val_ce: 0.5632 - val_loss: 0.5893 - learning_rate: 1.0000e-04
Epoch 6/20

Epoch 6: ReduceLROnPlateau reducing learning rate to 4.999999873689376e-05.
153/153 - 15s - 99ms/step - accuracy: 0.8138 - ce: 0.4221 - loss: 0.4470 - val_accuracy: 0.7355 - val_ce: 0.5523 - val_loss: 0.5766 - learning_rate: 1.0000e-04
Epoch 7/20
153/153 - 15s - 99ms/step - accuracy: 0.8700 - ce: 0.3098 - loss: 0.3329 - val_accuracy: 0.7517 - val_ce: 0.6245 - val_loss: 0.6480 - learning_rate: 5.0000e-05
Epoch 8/20

Epoch 8: ReduceLROnPlateau reducing learning rate to 2.499999936844688e-05.
153/153 - 15s - 99ms/step - accuracy: 0.9011 - ce: 0.2435 - loss: 0.2673 - val_accuracy: 0.7285 - val_ce: 0.6789 - val_loss: 0.7017 - learning_rate: 5.0000e-05
Fold 3: accuracy=0.7559  F1(w/m)=0.7546/0.7530  CE=0.5210  epochs=8  

===== Fold 4/5  23:34:35 =====
Class weights (balanced): Human-written=0.944  V5=1.063
Epoch 1/20
153/153 - 26s - 172ms/step - accuracy: 0.5751 - ce: 0.6806 - loss: 0.7257 - val_accuracy: 0.6473 - val_ce: 0.6173 - val_loss: 0.6545 - learning_rate: 1.0000e-04
Epoch 2/20
153/153 - 15s - 100ms/step - accuracy: 0.6829 - ce: 0.5939 - loss: 0.6273 - val_accuracy: 0.7007 - val_ce: 0.5661 - val_loss: 0.5952 - learning_rate: 1.0000e-04
Epoch 3/20
153/153 - 15s - 100ms/step - accuracy: 0.7305 - ce: 0.5371 - loss: 0.5637 - val_accuracy: 0.7216 - val_ce: 0.5350 - val_loss: 0.5587 - learning_rate: 1.0000e-04
Epoch 4/20
153/153 - 15s - 99ms/step - accuracy: 0.7412 - ce: 0.5183 - loss: 0.5399 - val_accuracy: 0.7401 - val_ce: 0.5404 - val_loss: 0.5607 - learning_rate: 1.0000e-04
Epoch 5/20
153/153 - 15s - 99ms/step - accuracy: 0.8002 - ce: 0.4439 - loss: 0.4627 - val_accuracy: 0.7564 - val_ce: 0.5280 - val_loss: 0.5458 - learning_rate: 1.0000e-04
Epoch 6/20
153/153 - 15s - 99ms/step - accuracy: 0.8179 - ce: 0.4114 - loss: 0.4285 - val_accuracy: 0.7703 - val_ce: 0.5078 - val_loss: 0.5242 - learning_rate: 1.0000e-04
Epoch 7/20
153/153 - 15s - 99ms/step - accuracy: 0.8425 - ce: 0.3634 - loss: 0.3790 - val_accuracy: 0.7425 - val_ce: 0.5997 - val_loss: 0.6149 - learning_rate: 1.0000e-04
Epoch 8/20

Epoch 8: ReduceLROnPlateau reducing learning rate to 4.999999873689376e-05.
153/153 - 15s - 100ms/step - accuracy: 0.8610 - ce: 0.3369 - loss: 0.3523 - val_accuracy: 0.7378 - val_ce: 0.6648 - val_loss: 0.6792 - learning_rate: 1.0000e-04
Epoch 9/20
153/153 - 15s - 99ms/step - accuracy: 0.9089 - ce: 0.2271 - loss: 0.2412 - val_accuracy: 0.7355 - val_ce: 0.6742 - val_loss: 0.6882 - learning_rate: 5.0000e-05
Epoch 10/20

Epoch 10: ReduceLROnPlateau reducing learning rate to 2.499999936844688e-05.
153/153 - 15s - 99ms/step - accuracy: 0.9393 - ce: 0.1607 - loss: 0.1739 - val_accuracy: 0.7193 - val_ce: 0.8465 - val_loss: 0.8602 - learning_rate: 5.0000e-05
Fold 4: accuracy=0.7225  F1(w/m)=0.7226/0.7224  CE=0.5793  epochs=10  

===== Fold 5/5  23:37:27 =====
Class weights (balanced): Human-written=0.944  V5=1.063
Epoch 1/20
153/153 - 26s - 172ms/step - accuracy: 0.5090 - ce: 0.7046 - loss: 0.7505 - val_accuracy: 0.6520 - val_ce: 0.6469 - val_loss: 0.6852 - learning_rate: 1.0000e-04
Epoch 2/20
153/153 - 15s - 100ms/step - accuracy: 0.6706 - ce: 0.6201 - loss: 0.6542 - val_accuracy: 0.7123 - val_ce: 0.5463 - val_loss: 0.5767 - learning_rate: 1.0000e-04
Epoch 3/20
153/153 - 15s - 100ms/step - accuracy: 0.7317 - ce: 0.5475 - loss: 0.5756 - val_accuracy: 0.7007 - val_ce: 0.5493 - val_loss: 0.5745 - learning_rate: 1.0000e-04
Epoch 4/20
153/153 - 15s - 100ms/step - accuracy: 0.7543 - ce: 0.5087 - loss: 0.5311 - val_accuracy: 0.7053 - val_ce: 0.5218 - val_loss: 0.5432 - learning_rate: 1.0000e-04
Epoch 5/20
153/153 - 15s - 99ms/step - accuracy: 0.7888 - ce: 0.4502 - loss: 0.4709 - val_accuracy: 0.7309 - val_ce: 0.5245 - val_loss: 0.5433 - learning_rate: 1.0000e-04
Epoch 6/20

Epoch 6: ReduceLROnPlateau reducing learning rate to 4.999999873689376e-05.
153/153 - 15s - 99ms/step - accuracy: 0.8138 - ce: 0.4080 - loss: 0.4260 - val_accuracy: 0.7448 - val_ce: 0.5612 - val_loss: 0.5781 - learning_rate: 1.0000e-04
Epoch 7/20
153/153 - 15s - 99ms/step - accuracy: 0.8614 - ce: 0.3221 - loss: 0.3389 - val_accuracy: 0.7332 - val_ce: 0.6322 - val_loss: 0.6484 - learning_rate: 5.0000e-05
Epoch 8/20

Epoch 8: ReduceLROnPlateau reducing learning rate to 2.499999936844688e-05.
153/153 - 15s - 99ms/step - accuracy: 0.8962 - ce: 0.2669 - loss: 0.2822 - val_accuracy: 0.7633 - val_ce: 0.6084 - val_loss: 0.6239 - learning_rate: 5.0000e-05
Fold 5: accuracy=0.7071  F1(w/m)=0.7074/0.7069  CE=0.5482  epochs=8  

CV mean ± std:
  accuracy               0.7334 ± 0.0258
  balanced_accuracy      0.7333 ± 0.0245
  mcc                    0.4671 ± 0.0502
  cross_entropy          0.5407 ± 0.0291
  roc_auc                0.8114 ± 0.0200
  precision_macro        0.7339 ± 0.0258
  recall_macro           0.7333 ± 0.0245
  f1_macro               0.7326 ± 0.0252
  precision_micro        0.7334 ± 0.0258
  recall_micro           0.7334 ± 0.0258
  f1_micro               0.7334 ± 0.0258
  precision_weighted     0.7351 ± 0.0250
  recall_weighted        0.7334 ± 0.0258
  f1_weighted            0.7333 ± 0.0255

===== Final training  23:39:49 =====
Class weights (balanced): Human-written=0.944  V5=1.063
Epoch 1/20
185/185 - 37s - 202ms/step - accuracy: 0.5638 - ce: 0.6889 - loss: 0.7337 - val_accuracy: 0.6351 - val_ce: 0.6640 - val_loss: 0.7017 - learning_rate: 1.0000e-04
Epoch 2/20
185/185 - 19s - 102ms/step - accuracy: 0.6969 - ce: 0.5805 - loss: 0.6149 - val_accuracy: 0.7267 - val_ce: 0.5674 - val_loss: 0.5978 - learning_rate: 1.0000e-04
Epoch 3/20
185/185 - 19s - 102ms/step - accuracy: 0.7399 - ce: 0.5218 - loss: 0.5506 - val_accuracy: 0.7283 - val_ce: 0.5506 - val_loss: 0.5762 - learning_rate: 1.0000e-04
Epoch 4/20
185/185 - 19s - 101ms/step - accuracy: 0.7721 - ce: 0.4892 - loss: 0.5128 - val_accuracy: 0.6967 - val_ce: 0.5962 - val_loss: 0.6187 - learning_rate: 1.0000e-04
Epoch 5/20

Epoch 5: ReduceLROnPlateau reducing learning rate to 4.999999873689376e-05.
185/185 - 19s - 101ms/step - accuracy: 0.8029 - ce: 0.4178 - loss: 0.4398 - val_accuracy: 0.6809 - val_ce: 0.6670 - val_loss: 0.6873 - learning_rate: 1.0000e-04
Epoch 6/20
185/185 - 19s - 102ms/step - accuracy: 0.8391 - ce: 0.3597 - loss: 0.3799 - val_accuracy: 0.7141 - val_ce: 0.6753 - val_loss: 0.6947 - learning_rate: 5.0000e-05
Epoch 7/20

Epoch 7: ReduceLROnPlateau reducing learning rate to 2.499999936844688e-05.
185/185 - 19s - 102ms/step - accuracy: 0.8622 - ce: 0.3164 - loss: 0.3357 - val_accuracy: 0.7314 - val_ce: 0.6333 - val_loss: 0.6520 - learning_rate: 5.0000e-05
               precision    recall  f1-score   support

Human-written     0.7311    0.8358    0.7799       335
           V5     0.7800    0.6544    0.7117       298

     accuracy                         0.7504       633
    macro avg     0.7555    0.7451    0.7458       633
 weighted avg     0.7541    0.7504    0.7478       633

Class distribution all  : {'Human-written': 2234, 'V5': 1985}  ratio {'Human-written': 0.5295, 'V5': 0.4705}
Class distribution train: {'Human-written': 1564, 'V5': 1389}  ratio {'Human-written': 0.5296, 'V5': 0.4704}
Class distribution val  : {'Human-written': 335, 'V5': 298}  ratio {'Human-written': 0.5292, 'V5': 0.4708}
Class distribution test : {'Human-written': 335, 'V5': 298}  ratio {'Human-written': 0.5292, 'V5': 0.4708}

subdataset10_screenshot_human_vs_v5_snippet_cv  VGG19 (sigmoid, dropout 0.1, lr 0.0001)
CV mean    acc=0.7334  F1 w/m/micro=0.7333/0.7326/0.7334  P_w=0.7351  R_w=0.7334  CE=0.5407  AUC=0.8114  MCC=0.4671
VALIDATION acc=0.7283  F1 w/m/micro=0.7230/0.7203/0.7283  P_w=0.7366  R_w=0.7283  CE=0.5506  AUC=0.7974  MCC=0.4593
TEST       acc=0.7504  F1 w/m/micro=0.7478/0.7458/0.7504  P_w=0.7541  R_w=0.7504  CE=0.4970  AUC=0.8435  MCC=0.5005
TEST 95% CI: accuracy=[0.7156, 0.7820]  f1_weighted=[0.7130, 0.7810]  f1_macro=[0.7114, 0.7795]  mcc=[0.4331, 0.5662]  balanced_accuracy=[0.7110, 0.7782]
Outputs: Experiments/subdataset10/Snippet-Level Split/results/subdataset10_screenshot_human_vs_v5_snippet_cv
2026-10-02 23:42:36 FINISHED
