
====================================================================================================
2026-10-03 08:30:36  subdataset2_graph_human_vs_v5_group_cv  (config hash 06291e442553)
Data    : Data/Subdataset_2
Classes : ['Human-written', 'V5']   Split: Group-Based Split
Model   : InceptionV3  activation=sigmoid  dropout=0.1  lr=0.0001  trained=last 30 layers  preprocessing=tf  L2=0.0001
Training: at most 20 epochs, early stopping val_ce patience 4, batch 16, 320x320 (no cropping), mixed precision True
Output  : Experiments/subdataset2/Group-Based Split/results/subdataset2_graph_human_vs_v5_group_cv
Human-written (label 0): 772 images
V5  (label 1): 733 images
Total 1505 images
Groups: {'n_groups': 957, 'groups_with_human_and_version': 514, 'groups_with_all_classes': 514, 'human_only_groups': 239, 'groups_without_human': 204, 'match_ratio': 0.5370950888192267, 'groups_merged_by_content': 3}
CHECK 4: human/version pairs found with the simple rule 527, in different groups 0
Files whose folder and version tag in the name do not match (data unchanged): 0
Train     :  1049 (69.7%)  Human-written=543 V5=506
Validation:   237 (15.7%)  Human-written=114 V5=123
Test      :   219 (14.6%)  Human-written=115 V5=104
Fold 1: train=1016 (Human-written=521 V5=495)  evaluation=270 (Human-written=136 V5=134)
Fold 2: train=1038 (Human-written=527 V5=511)  evaluation=248 (Human-written=130 V5=118)
Fold 3: train=1026 (Human-written=523 V5=503)  evaluation=260 (Human-written=134 V5=126)
Fold 4: train=1036 (Human-written=533 V5=503)  evaluation=250 (Human-written=124 V5=126)
Fold 5: train=1028 (Human-written=524 V5=504)  evaluation=258 (Human-written=133 V5=125)
Leakage check PASSED.
TensorFlow 2.20.0 | GPU: [PhysicalDevice(name='/physical_device:GPU:0', device_type='GPU')]
Mixed precision: mixed_float16 (output layer float32)
Images loaded: 1505, 0.5 GB, 9 s

===== Fold 1/5  08:30:50 =====
Class weights (balanced): Human-written=0.969  V5=1.033
Model: base 311 layers, trained base layers 30 (first: batch_normalization_89); trained parameters 6,205,633 / 22,852,385
Epoch 1/20
54/54 - 50s - 929ms/step - accuracy: 0.5088 - ce: 0.7195 - loss: 0.8007 - val_accuracy: 0.5094 - val_ce: 0.7148 - val_loss: 0.7959 - learning_rate: 1.0000e-04
Epoch 2/20
54/54 - 1s - 26ms/step - accuracy: 0.5998 - ce: 0.6617 - loss: 0.7423 - val_accuracy: 0.5535 - val_ce: 0.7058 - val_loss: 0.7862 - learning_rate: 1.0000e-04
Epoch 3/20
54/54 - 1s - 23ms/step - accuracy: 0.7200 - ce: 0.5639 - loss: 0.6446 - val_accuracy: 0.5220 - val_ce: 0.7436 - val_loss: 0.8235 - learning_rate: 1.0000e-04
Epoch 4/20

Epoch 4: ReduceLROnPlateau reducing learning rate to 4.999999873689376e-05.
54/54 - 1s - 23ms/step - accuracy: 0.8600 - ce: 0.3714 - loss: 0.4512 - val_accuracy: 0.4906 - val_ce: 0.8361 - val_loss: 0.9156 - learning_rate: 1.0000e-04
Epoch 5/20
54/54 - 1s - 23ms/step - accuracy: 0.9487 - ce: 0.2039 - loss: 0.2833 - val_accuracy: 0.4969 - val_ce: 0.9253 - val_loss: 1.0045 - learning_rate: 5.0000e-05
Epoch 6/20

Epoch 6: ReduceLROnPlateau reducing learning rate to 2.499999936844688e-05.
54/54 - 1s - 23ms/step - accuracy: 0.9708 - ce: 0.1321 - loss: 0.2111 - val_accuracy: 0.4843 - val_ce: 0.9837 - val_loss: 1.0627 - learning_rate: 5.0000e-05
Fold 1: accuracy=0.5111  F1(w/m)=0.4849/0.4857  CE=0.7058  epochs=6  

===== Fold 2/5  08:32:12 =====
Class weights (balanced): Human-written=0.984  V5=1.016
Epoch 1/20
56/56 - 45s - 801ms/step - accuracy: 0.5136 - ce: 0.7462 - loss: 0.8274 - val_accuracy: 0.5065 - val_ce: 0.7181 - val_loss: 0.7995 - learning_rate: 1.0000e-04
Epoch 2/20
56/56 - 1s - 23ms/step - accuracy: 0.6052 - ce: 0.6577 - loss: 0.7391 - val_accuracy: 0.4805 - val_ce: 0.7229 - val_loss: 0.8035 - learning_rate: 1.0000e-04
Epoch 3/20

Epoch 3: ReduceLROnPlateau reducing learning rate to 4.999999873689376e-05.
56/56 - 1s - 23ms/step - accuracy: 0.7568 - ce: 0.5428 - loss: 0.6235 - val_accuracy: 0.4416 - val_ce: 0.8122 - val_loss: 0.8922 - learning_rate: 1.0000e-04
Epoch 4/20
56/56 - 1s - 23ms/step - accuracy: 0.8812 - ce: 0.3691 - loss: 0.4493 - val_accuracy: 0.4870 - val_ce: 0.8959 - val_loss: 0.9757 - learning_rate: 5.0000e-05
Epoch 5/20

Epoch 5: ReduceLROnPlateau reducing learning rate to 2.499999936844688e-05.
56/56 - 1s - 22ms/step - accuracy: 0.9242 - ce: 0.2666 - loss: 0.3462 - val_accuracy: 0.4740 - val_ce: 0.9664 - val_loss: 1.0459 - learning_rate: 5.0000e-05
Fold 2: accuracy=0.5524  F1(w/m)=0.4779/0.4676  CE=0.6922  epochs=5  

===== Fold 3/5  08:33:25 =====
Class weights (balanced): Human-written=0.978  V5=1.023
Epoch 1/20
55/55 - 46s - 845ms/step - accuracy: 0.5308 - ce: 0.7128 - loss: 0.7943 - val_accuracy: 0.5400 - val_ce: 0.7367 - val_loss: 0.8179 - learning_rate: 1.0000e-04
Epoch 2/20
55/55 - 1s - 24ms/step - accuracy: 0.6199 - ce: 0.6508 - loss: 0.7315 - val_accuracy: 0.4400 - val_ce: 0.7578 - val_loss: 0.8381 - learning_rate: 1.0000e-04
Epoch 3/20

Epoch 3: ReduceLROnPlateau reducing learning rate to 4.999999873689376e-05.
55/55 - 1s - 23ms/step - accuracy: 0.7340 - ce: 0.5445 - loss: 0.6244 - val_accuracy: 0.4600 - val_ce: 0.7873 - val_loss: 0.8671 - learning_rate: 1.0000e-04
Epoch 4/20
55/55 - 1s - 23ms/step - accuracy: 0.8653 - ce: 0.3684 - loss: 0.4485 - val_accuracy: 0.5133 - val_ce: 0.9006 - val_loss: 0.9801 - learning_rate: 5.0000e-05
Epoch 5/20

Epoch 5: ReduceLROnPlateau reducing learning rate to 2.499999936844688e-05.
55/55 - 1s - 23ms/step - accuracy: 0.9338 - ce: 0.2444 - loss: 0.3238 - val_accuracy: 0.4267 - val_ce: 0.8993 - val_loss: 0.9786 - learning_rate: 5.0000e-05
Fold 3: accuracy=0.5115  F1(w/m)=0.3741/0.3647  CE=0.7358  epochs=5  

===== Fold 4/5  08:34:37 =====
Class weights (balanced): Human-written=0.976  V5=1.026
Epoch 1/20
55/55 - 42s - 755ms/step - accuracy: 0.4601 - ce: 0.7315 - loss: 0.8128 - val_accuracy: 0.4937 - val_ce: 0.7193 - val_loss: 0.8004 - learning_rate: 1.0000e-04
Epoch 2/20
55/55 - 1s - 26ms/step - accuracy: 0.6128 - ce: 0.6535 - loss: 0.7345 - val_accuracy: 0.5190 - val_ce: 0.7192 - val_loss: 0.7995 - learning_rate: 1.0000e-04
Epoch 3/20

Epoch 3: ReduceLROnPlateau reducing learning rate to 4.999999873689376e-05.
55/55 - 1s - 23ms/step - accuracy: 0.7483 - ce: 0.5513 - loss: 0.6315 - val_accuracy: 0.4810 - val_ce: 0.7874 - val_loss: 0.8670 - learning_rate: 1.0000e-04
Epoch 4/20
55/55 - 1s - 24ms/step - accuracy: 0.8759 - ce: 0.3862 - loss: 0.4652 - val_accuracy: 0.5823 - val_ce: 0.7645 - val_loss: 0.8439 - learning_rate: 5.0000e-05
Epoch 5/20

Epoch 5: ReduceLROnPlateau reducing learning rate to 2.499999936844688e-05.
55/55 - 1s - 24ms/step - accuracy: 0.9362 - ce: 0.2451 - loss: 0.3246 - val_accuracy: 0.5506 - val_ce: 0.8210 - val_loss: 0.9003 - learning_rate: 5.0000e-05
Epoch 6/20
55/55 - 1s - 23ms/step - accuracy: 0.9761 - ce: 0.1638 - loss: 0.2434 - val_accuracy: 0.5633 - val_ce: 0.8866 - val_loss: 0.9657 - learning_rate: 2.5000e-05
Fold 4: accuracy=0.5080  F1(w/m)=0.4382/0.4366  CE=0.7134  epochs=6  

===== Fold 5/5  08:35:46 =====
Class weights (balanced): Human-written=0.974  V5=1.028
Epoch 1/20
56/56 - 42s - 758ms/step - accuracy: 0.5011 - ce: 0.7282 - loss: 0.8089 - val_accuracy: 0.5137 - val_ce: 0.7160 - val_loss: 0.7970 - learning_rate: 1.0000e-04
Epoch 2/20
56/56 - 1s - 23ms/step - accuracy: 0.5760 - ce: 0.6655 - loss: 0.7463 - val_accuracy: 0.5068 - val_ce: 0.7498 - val_loss: 0.8301 - learning_rate: 1.0000e-04
Epoch 3/20

Epoch 3: ReduceLROnPlateau reducing learning rate to 4.999999873689376e-05.
56/56 - 1s - 23ms/step - accuracy: 0.7041 - ce: 0.5696 - loss: 0.6498 - val_accuracy: 0.5137 - val_ce: 0.7693 - val_loss: 0.8490 - learning_rate: 1.0000e-04
Epoch 4/20
56/56 - 1s - 23ms/step - accuracy: 0.8776 - ce: 0.3816 - loss: 0.4619 - val_accuracy: 0.5205 - val_ce: 0.7557 - val_loss: 0.8352 - learning_rate: 5.0000e-05
Epoch 5/20

Epoch 5: ReduceLROnPlateau reducing learning rate to 2.499999936844688e-05.
56/56 - 1s - 23ms/step - accuracy: 0.9444 - ce: 0.2600 - loss: 0.3392 - val_accuracy: 0.4863 - val_ce: 0.8454 - val_loss: 0.9247 - learning_rate: 5.0000e-05
Fold 5: accuracy=0.5155  F1(w/m)=0.4494/0.4431  CE=0.7116  epochs=5  

CV mean ± std:
  accuracy               0.5197 ± 0.0185
  balanced_accuracy      0.5109 ± 0.0142
  mcc                    0.0290 ± 0.0447
  cross_entropy          0.7118 ± 0.0158
  roc_auc                0.5244 ± 0.0324
  precision_macro        0.5186 ± 0.0364
  recall_macro           0.5109 ± 0.0142
  f1_macro               0.4395 ± 0.0462
  precision_micro        0.5197 ± 0.0185
  recall_micro           0.5197 ± 0.0185
  f1_micro               0.5197 ± 0.0185
  precision_weighted     0.5186 ± 0.0354
  recall_weighted        0.5197 ± 0.0185
  f1_weighted            0.4449 ± 0.0441

===== Final training  08:36:51 =====
Class weights (balanced): Human-written=0.966  V5=1.037
Epoch 1/20
66/66 - 44s - 667ms/step - accuracy: 0.5186 - ce: 0.7105 - loss: 0.7919 - val_accuracy: 0.5148 - val_ce: 0.7260 - val_loss: 0.8070 - learning_rate: 1.0000e-04
Epoch 2/20
66/66 - 2s - 27ms/step - accuracy: 0.6349 - ce: 0.6476 - loss: 0.7278 - val_accuracy: 0.5232 - val_ce: 0.7144 - val_loss: 0.7946 - learning_rate: 1.0000e-04
Epoch 3/20
66/66 - 2s - 24ms/step - accuracy: 0.7235 - ce: 0.5374 - loss: 0.6182 - val_accuracy: 0.5021 - val_ce: 0.8165 - val_loss: 0.8960 - learning_rate: 1.0000e-04
Epoch 4/20

Epoch 4: ReduceLROnPlateau reducing learning rate to 4.999999873689376e-05.
66/66 - 2s - 24ms/step - accuracy: 0.8808 - ce: 0.3398 - loss: 0.4193 - val_accuracy: 0.5232 - val_ce: 0.8900 - val_loss: 0.9690 - learning_rate: 1.0000e-04
Epoch 5/20
66/66 - 2s - 24ms/step - accuracy: 0.9628 - ce: 0.1744 - loss: 0.2534 - val_accuracy: 0.5274 - val_ce: 0.9640 - val_loss: 1.0429 - learning_rate: 5.0000e-05
Epoch 6/20

Epoch 6: ReduceLROnPlateau reducing learning rate to 2.499999936844688e-05.
66/66 - 2s - 24ms/step - accuracy: 0.9876 - ce: 0.0920 - loss: 0.1705 - val_accuracy: 0.5021 - val_ce: 1.0639 - val_loss: 1.1425 - learning_rate: 5.0000e-05
               precision    recall  f1-score   support

Human-written     0.5479    0.6957    0.6130       115
           V5     0.5205    0.3654    0.4294       104

     accuracy                         0.5388       219
    macro avg     0.5342    0.5305    0.5212       219
 weighted avg     0.5349    0.5388    0.5258       219

Class distribution all  : {'Human-written': 772, 'V5': 733}  ratio {'Human-written': 0.513, 'V5': 0.487}
Class distribution train: {'Human-written': 543, 'V5': 506}  ratio {'Human-written': 0.5176, 'V5': 0.4824}
Class distribution val  : {'Human-written': 114, 'V5': 123}  ratio {'Human-written': 0.481, 'V5': 0.519}
Class distribution test : {'Human-written': 115, 'V5': 104}  ratio {'Human-written': 0.5251, 'V5': 0.4749}

subdataset2_graph_human_vs_v5_group_cv  InceptionV3 (sigmoid, dropout 0.1, lr 0.0001)
CV mean    acc=0.5197  F1 w/m/micro=0.4449/0.4395/0.5197  P_w=0.5186  R_w=0.5197  CE=0.7118  AUC=0.5244  MCC=0.0290
VALIDATION acc=0.5232  F1 w/m/micro=0.5191/0.5204/0.5232  P_w=0.5287  R_w=0.5232  CE=0.7144  AUC=0.5426  MCC=0.0547
TEST       acc=0.5388  F1 w/m/micro=0.5258/0.5212/0.5388  P_w=0.5349  R_w=0.5388  CE=0.7079  AUC=0.5299  MCC=0.0647
TEST 95% CI: accuracy=[0.4749, 0.6029]  f1_weighted=[0.4598, 0.5935]  f1_macro=[0.4547, 0.5877]  mcc=[-0.0654, 0.2037]  balanced_accuracy=[0.4694, 0.5951]
Outputs: Experiments/subdataset2/Group-Based Split/results/subdataset2_graph_human_vs_v5_group_cv
2026-10-03 08:38:14 FINISHED
