
====================================================================================================
2026-10-02 20:45:50  subdataset14_screenshot_human_vs_v1_snippet_cv  (config hash cad5b240b426)
Data    : Data/Subdataset_14
Classes : ['Human-written', 'V1']   Split: Snippet-Level Split
Model   : VGG19  activation=tanh  dropout=0.1  lr=0.0001  trained=base from block5_* on  preprocessing=caffe  L2=0.0001
Training: at most 20 epochs, early stopping val_ce patience 4, batch 16, 320x320 (no cropping), mixed precision True
Output  : Experiments/subdataset14/Snippet-Level Split/results/subdataset14_screenshot_human_vs_v1_snippet_cv
Human-written (label 0): 1218 images
V1  (label 1): 1433 images
Total 2651 images
Train     :  1855 (70.0%)  Human-written=852 V1=1003
Validation:   398 (15.0%)  Human-written=183 V1=215
Test      :   398 (15.0%)  Human-written=183 V1=215
Fold 1: train=1802 (Human-written=828 V1=974)  evaluation=451 (Human-written=207 V1=244)
Fold 2: train=1802 (Human-written=828 V1=974)  evaluation=451 (Human-written=207 V1=244)
Fold 3: train=1802 (Human-written=828 V1=974)  evaluation=451 (Human-written=207 V1=244)
Fold 4: train=1803 (Human-written=828 V1=975)  evaluation=450 (Human-written=207 V1=243)
Fold 5: train=1803 (Human-written=828 V1=975)  evaluation=450 (Human-written=207 V1=243)
Leakage check PASSED.
TensorFlow 2.20.0 | GPU: [PhysicalDevice(name='/physical_device:GPU:0', device_type='GPU')]
Mixed precision: mixed_float16 (output layer float32)
Images loaded: 2651, 0.8 GB, 2 s

===== Fold 1/5  20:45:54 =====
Class weights (balanced): Human-written=1.089  V1=0.925
Fold 1: accuracy=nan  F1(w/m)=nan/nan  CE=nan  epochs=-  InternalError: {{function_node __wrapped__Cast_device_/job:localhost/replica:0/task:0/device:GPU:0}} 'cuLaunchKernel(function, gridX, gridY, gridZ, blockX, blockY, blockZ, 0, reinterpret_cast<CUstream>(stream), params, nullptr)' failed with 'CUDA_ERROR_INVALID_HANDLE' [Op:Cast] name: 

===== Fold 2/5  20:45:55 =====
Class weights (balanced): Human-written=1.089  V1=0.925
Fold 2: accuracy=nan  F1(w/m)=nan/nan  CE=nan  epochs=-  InternalError: {{function_node __wrapped__Cast_device_/job:localhost/replica:0/task:0/device:GPU:0}} 'cuLaunchKernel(function, gridX, gridY, gridZ, blockX, blockY, blockZ, 0, reinterpret_cast<CUstream>(stream), params, nullptr)' failed with 'CUDA_ERROR_INVALID_HANDLE' [Op:Cast] name: 

===== Fold 3/5  20:45:56 =====
Class weights (balanced): Human-written=1.089  V1=0.925
Fold 3: accuracy=nan  F1(w/m)=nan/nan  CE=nan  epochs=-  InternalError: {{function_node __wrapped__Cast_device_/job:localhost/replica:0/task:0/device:GPU:0}} 'cuLaunchKernel(function, gridX, gridY, gridZ, blockX, blockY, blockZ, 0, reinterpret_cast<CUstream>(stream), params, nullptr)' failed with 'CUDA_ERROR_INVALID_HANDLE' [Op:Cast] name: 

===== Fold 4/5  20:45:56 =====
Class weights (balanced): Human-written=1.088  V1=0.925
Fold 4: accuracy=nan  F1(w/m)=nan/nan  CE=nan  epochs=-  InternalError: {{function_node __wrapped__Cast_device_/job:localhost/replica:0/task:0/device:GPU:0}} 'cuLaunchKernel(function, gridX, gridY, gridZ, blockX, blockY, blockZ, 0, reinterpret_cast<CUstream>(stream), params, nullptr)' failed with 'CUDA_ERROR_INVALID_HANDLE' [Op:Cast] name: 

===== Fold 5/5  20:45:57 =====
Class weights (balanced): Human-written=1.088  V1=0.925
Fold 5: accuracy=nan  F1(w/m)=nan/nan  CE=nan  epochs=-  InternalError: {{function_node __wrapped__Cast_device_/job:localhost/replica:0/task:0/device:GPU:0}} 'cuLaunchKernel(function, gridX, gridY, gridZ, blockX, blockY, blockZ, 0, reinterpret_cast<CUstream>(stream), params, nullptr)' failed with 'CUDA_ERROR_INVALID_HANDLE' [Op:Cast] name: 
Traceback (most recent call last):
  File "Experiments/subdataset14/Snippet-Level Split/subdataset14_screenshot_human_vs_v1_snippet_cv.py", line 653, in <module>
    assert len(cv) == CV_FOLDS, f"not all {CV_FOLDS} folds are complete ({len(cv)}); run the script again (it resumes from the missing fold)."
           ^^^^^^^^^^^^^^^^^^^
AssertionError: not all 5 folds are complete (0); run the script again (it resumes from the missing fold).

====================================================================================================
2026-10-02 20:45:59  subdataset14_screenshot_human_vs_v1_snippet_cv  (config hash cad5b240b426)
Data    : Data/Subdataset_14
Classes : ['Human-written', 'V1']   Split: Snippet-Level Split
Model   : VGG19  activation=tanh  dropout=0.1  lr=0.0001  trained=base from block5_* on  preprocessing=caffe  L2=0.0001
Training: at most 20 epochs, early stopping val_ce patience 4, batch 16, 320x320 (no cropping), mixed precision True
Output  : Experiments/subdataset14/Snippet-Level Split/results/subdataset14_screenshot_human_vs_v1_snippet_cv
Human-written (label 0): 1218 images
V1  (label 1): 1433 images
Total 2651 images
Train     :  1855 (70.0%)  Human-written=852 V1=1003
Validation:   398 (15.0%)  Human-written=183 V1=215
Test      :   398 (15.0%)  Human-written=183 V1=215
Fold 1: train=1802 (Human-written=828 V1=974)  evaluation=451 (Human-written=207 V1=244)
Fold 2: train=1802 (Human-written=828 V1=974)  evaluation=451 (Human-written=207 V1=244)
Fold 3: train=1802 (Human-written=828 V1=974)  evaluation=451 (Human-written=207 V1=244)
Fold 4: train=1803 (Human-written=828 V1=975)  evaluation=450 (Human-written=207 V1=243)
Fold 5: train=1803 (Human-written=828 V1=975)  evaluation=450 (Human-written=207 V1=243)
Leakage check PASSED.
TensorFlow 2.20.0 | GPU: [PhysicalDevice(name='/physical_device:GPU:0', device_type='GPU')]
Mixed precision: mixed_float16 (output layer float32)
Images loaded: 2651, 0.8 GB, 2 s
Previously completed folds: [] (will be skipped)

===== Fold 1/5  20:46:03 =====
Class weights (balanced): Human-written=1.089  V1=0.925
Fold 1: accuracy=nan  F1(w/m)=nan/nan  CE=nan  epochs=-  InternalError: {{function_node __wrapped__Cast_device_/job:localhost/replica:0/task:0/device:GPU:0}} 'cuLaunchKernel(function, gridX, gridY, gridZ, blockX, blockY, blockZ, 0, reinterpret_cast<CUstream>(stream), params, nullptr)' failed with 'CUDA_ERROR_INVALID_HANDLE' [Op:Cast] name: 

===== Fold 2/5  20:46:04 =====
Class weights (balanced): Human-written=1.089  V1=0.925
Fold 2: accuracy=nan  F1(w/m)=nan/nan  CE=nan  epochs=-  InternalError: {{function_node __wrapped__Cast_device_/job:localhost/replica:0/task:0/device:GPU:0}} 'cuLaunchKernel(function, gridX, gridY, gridZ, blockX, blockY, blockZ, 0, reinterpret_cast<CUstream>(stream), params, nullptr)' failed with 'CUDA_ERROR_INVALID_HANDLE' [Op:Cast] name: 

===== Fold 3/5  20:46:05 =====
Class weights (balanced): Human-written=1.089  V1=0.925
Fold 3: accuracy=nan  F1(w/m)=nan/nan  CE=nan  epochs=-  InternalError: {{function_node __wrapped__Cast_device_/job:localhost/replica:0/task:0/device:GPU:0}} 'cuLaunchKernel(function, gridX, gridY, gridZ, blockX, blockY, blockZ, 0, reinterpret_cast<CUstream>(stream), params, nullptr)' failed with 'CUDA_ERROR_INVALID_HANDLE' [Op:Cast] name: 

===== Fold 4/5  20:46:05 =====
Class weights (balanced): Human-written=1.088  V1=0.925
Fold 4: accuracy=nan  F1(w/m)=nan/nan  CE=nan  epochs=-  InternalError: {{function_node __wrapped__Cast_device_/job:localhost/replica:0/task:0/device:GPU:0}} 'cuLaunchKernel(function, gridX, gridY, gridZ, blockX, blockY, blockZ, 0, reinterpret_cast<CUstream>(stream), params, nullptr)' failed with 'CUDA_ERROR_INVALID_HANDLE' [Op:Cast] name: 

===== Fold 5/5  20:46:06 =====
Class weights (balanced): Human-written=1.088  V1=0.925
Fold 5: accuracy=nan  F1(w/m)=nan/nan  CE=nan  epochs=-  InternalError: {{function_node __wrapped__Cast_device_/job:localhost/replica:0/task:0/device:GPU:0}} 'cuLaunchKernel(function, gridX, gridY, gridZ, blockX, blockY, blockZ, 0, reinterpret_cast<CUstream>(stream), params, nullptr)' failed with 'CUDA_ERROR_INVALID_HANDLE' [Op:Cast] name: 
Traceback (most recent call last):
  File "Experiments/subdataset14/Snippet-Level Split/subdataset14_screenshot_human_vs_v1_snippet_cv.py", line 653, in <module>
    assert len(cv) == CV_FOLDS, f"not all {CV_FOLDS} folds are complete ({len(cv)}); run the script again (it resumes from the missing fold)."
           ^^^^^^^^^^^^^^^^^^^
AssertionError: not all 5 folds are complete (0); run the script again (it resumes from the missing fold).

====================================================================================================
2026-10-02 20:46:08  subdataset14_screenshot_human_vs_v1_snippet_cv  (config hash cad5b240b426)
Data    : Data/Subdataset_14
Classes : ['Human-written', 'V1']   Split: Snippet-Level Split
Model   : VGG19  activation=tanh  dropout=0.1  lr=0.0001  trained=base from block5_* on  preprocessing=caffe  L2=0.0001
Training: at most 20 epochs, early stopping val_ce patience 4, batch 16, 320x320 (no cropping), mixed precision True
Output  : Experiments/subdataset14/Snippet-Level Split/results/subdataset14_screenshot_human_vs_v1_snippet_cv
Human-written (label 0): 1218 images
V1  (label 1): 1433 images
Total 2651 images
Train     :  1855 (70.0%)  Human-written=852 V1=1003
Validation:   398 (15.0%)  Human-written=183 V1=215
Test      :   398 (15.0%)  Human-written=183 V1=215
Fold 1: train=1802 (Human-written=828 V1=974)  evaluation=451 (Human-written=207 V1=244)
Fold 2: train=1802 (Human-written=828 V1=974)  evaluation=451 (Human-written=207 V1=244)
Fold 3: train=1802 (Human-written=828 V1=974)  evaluation=451 (Human-written=207 V1=244)
Fold 4: train=1803 (Human-written=828 V1=975)  evaluation=450 (Human-written=207 V1=243)
Fold 5: train=1803 (Human-written=828 V1=975)  evaluation=450 (Human-written=207 V1=243)
Leakage check PASSED.
TensorFlow 2.20.0 | GPU: [PhysicalDevice(name='/physical_device:GPU:0', device_type='GPU')]
Mixed precision: mixed_float16 (output layer float32)
Images loaded: 2651, 0.8 GB, 2 s
Previously completed folds: [] (will be skipped)

===== Fold 1/5  20:46:12 =====
Class weights (balanced): Human-written=1.089  V1=0.925
Fold 1: accuracy=nan  F1(w/m)=nan/nan  CE=nan  epochs=-  InternalError: {{function_node __wrapped__Cast_device_/job:localhost/replica:0/task:0/device:GPU:0}} 'cuLaunchKernel(function, gridX, gridY, gridZ, blockX, blockY, blockZ, 0, reinterpret_cast<CUstream>(stream), params, nullptr)' failed with 'CUDA_ERROR_INVALID_HANDLE' [Op:Cast] name: 

===== Fold 2/5  20:46:13 =====
Class weights (balanced): Human-written=1.089  V1=0.925
Fold 2: accuracy=nan  F1(w/m)=nan/nan  CE=nan  epochs=-  InternalError: {{function_node __wrapped__Cast_device_/job:localhost/replica:0/task:0/device:GPU:0}} 'cuLaunchKernel(function, gridX, gridY, gridZ, blockX, blockY, blockZ, 0, reinterpret_cast<CUstream>(stream), params, nullptr)' failed with 'CUDA_ERROR_INVALID_HANDLE' [Op:Cast] name: 

===== Fold 3/5  20:46:13 =====
Class weights (balanced): Human-written=1.089  V1=0.925
Fold 3: accuracy=nan  F1(w/m)=nan/nan  CE=nan  epochs=-  InternalError: {{function_node __wrapped__Cast_device_/job:localhost/replica:0/task:0/device:GPU:0}} 'cuLaunchKernel(function, gridX, gridY, gridZ, blockX, blockY, blockZ, 0, reinterpret_cast<CUstream>(stream), params, nullptr)' failed with 'CUDA_ERROR_INVALID_HANDLE' [Op:Cast] name: 

===== Fold 4/5  20:46:14 =====
Class weights (balanced): Human-written=1.088  V1=0.925
Fold 4: accuracy=nan  F1(w/m)=nan/nan  CE=nan  epochs=-  InternalError: {{function_node __wrapped__Cast_device_/job:localhost/replica:0/task:0/device:GPU:0}} 'cuLaunchKernel(function, gridX, gridY, gridZ, blockX, blockY, blockZ, 0, reinterpret_cast<CUstream>(stream), params, nullptr)' failed with 'CUDA_ERROR_INVALID_HANDLE' [Op:Cast] name: 

===== Fold 5/5  20:46:15 =====
Class weights (balanced): Human-written=1.088  V1=0.925
Fold 5: accuracy=nan  F1(w/m)=nan/nan  CE=nan  epochs=-  InternalError: {{function_node __wrapped__Cast_device_/job:localhost/replica:0/task:0/device:GPU:0}} 'cuLaunchKernel(function, gridX, gridY, gridZ, blockX, blockY, blockZ, 0, reinterpret_cast<CUstream>(stream), params, nullptr)' failed with 'CUDA_ERROR_INVALID_HANDLE' [Op:Cast] name: 
Traceback (most recent call last):
  File "Experiments/subdataset14/Snippet-Level Split/subdataset14_screenshot_human_vs_v1_snippet_cv.py", line 653, in <module>
    assert len(cv) == CV_FOLDS, f"not all {CV_FOLDS} folds are complete ({len(cv)}); run the script again (it resumes from the missing fold)."
           ^^^^^^^^^^^^^^^^^^^
AssertionError: not all 5 folds are complete (0); run the script again (it resumes from the missing fold).

====================================================================================================
2026-10-02 22:06:49  subdataset14_screenshot_human_vs_v1_snippet_cv  (config hash cad5b240b426)
Data    : Data/Subdataset_14
Classes : ['Human-written', 'V1']   Split: Snippet-Level Split
Model   : VGG19  activation=tanh  dropout=0.1  lr=0.0001  trained=base from block5_* on  preprocessing=caffe  L2=0.0001
Training: at most 20 epochs, early stopping val_ce patience 4, batch 16, 320x320 (no cropping), mixed precision True
Output  : Experiments/subdataset14/Snippet-Level Split/results/subdataset14_screenshot_human_vs_v1_snippet_cv
Human-written (label 0): 1218 images
V1  (label 1): 1433 images
Total 2651 images
Train     :  1855 (70.0%)  Human-written=852 V1=1003
Validation:   398 (15.0%)  Human-written=183 V1=215
Test      :   398 (15.0%)  Human-written=183 V1=215
Fold 1: train=1802 (Human-written=828 V1=974)  evaluation=451 (Human-written=207 V1=244)
Fold 2: train=1802 (Human-written=828 V1=974)  evaluation=451 (Human-written=207 V1=244)
Fold 3: train=1802 (Human-written=828 V1=974)  evaluation=451 (Human-written=207 V1=244)
Fold 4: train=1803 (Human-written=828 V1=975)  evaluation=450 (Human-written=207 V1=243)
Fold 5: train=1803 (Human-written=828 V1=975)  evaluation=450 (Human-written=207 V1=243)
Leakage check PASSED.
TensorFlow 2.20.0 | GPU: [PhysicalDevice(name='/physical_device:GPU:0', device_type='GPU')]
Mixed precision: mixed_float16 (output layer float32)
Images loaded: 2651, 0.8 GB, 13 s
Previously completed folds: [] (will be skipped)

===== Fold 1/5  22:07:09 =====
Class weights (balanced): Human-written=1.089  V1=0.925
Model: base 22 layers, trained base layers 5 (first: block5_conv1); trained parameters 9,702,401 / 20,287,553
Epoch 1/20
96/96 - 21s - 221ms/step - accuracy: 0.6192 - ce: 0.6800 - loss: 0.7296 - val_accuracy: 0.6679 - val_ce: 0.5873 - val_loss: 0.6330 - learning_rate: 1.0000e-04
Epoch 2/20
96/96 - 3s - 36ms/step - accuracy: 0.6506 - ce: 0.6368 - loss: 0.6820 - val_accuracy: 0.7306 - val_ce: 0.5689 - val_loss: 0.6103 - learning_rate: 1.0000e-04
Epoch 3/20
96/96 - 3s - 35ms/step - accuracy: 0.6519 - ce: 0.6481 - loss: 0.6852 - val_accuracy: 0.5793 - val_ce: 0.7711 - val_loss: 0.8092 - learning_rate: 1.0000e-04
Epoch 4/20
96/96 - 3s - 35ms/step - accuracy: 0.6911 - ce: 0.6021 - loss: 0.6392 - val_accuracy: 0.7306 - val_ce: 0.5341 - val_loss: 0.5696 - learning_rate: 1.0000e-04
Epoch 5/20
96/96 - 3s - 35ms/step - accuracy: 0.6858 - ce: 0.5866 - loss: 0.6227 - val_accuracy: 0.7528 - val_ce: 0.4899 - val_loss: 0.5234 - learning_rate: 1.0000e-04
Epoch 6/20
96/96 - 3s - 35ms/step - accuracy: 0.7492 - ce: 0.5277 - loss: 0.5613 - val_accuracy: 0.7196 - val_ce: 0.5593 - val_loss: 0.5904 - learning_rate: 1.0000e-04
Epoch 7/20

Epoch 7: ReduceLROnPlateau reducing learning rate to 4.999999873689376e-05.
96/96 - 3s - 35ms/step - accuracy: 0.7511 - ce: 0.5187 - loss: 0.5497 - val_accuracy: 0.7601 - val_ce: 0.5098 - val_loss: 0.5387 - learning_rate: 1.0000e-04
Epoch 8/20
96/96 - 3s - 35ms/step - accuracy: 0.8099 - ce: 0.4274 - loss: 0.4550 - val_accuracy: 0.7712 - val_ce: 0.4849 - val_loss: 0.5126 - learning_rate: 5.0000e-05
Epoch 9/20
96/96 - 3s - 36ms/step - accuracy: 0.8210 - ce: 0.4033 - loss: 0.4313 - val_accuracy: 0.8561 - val_ce: 0.3874 - val_loss: 0.4138 - learning_rate: 5.0000e-05
Epoch 10/20
96/96 - 3s - 35ms/step - accuracy: 0.8393 - ce: 0.3637 - loss: 0.3874 - val_accuracy: 0.8487 - val_ce: 0.3996 - val_loss: 0.4248 - learning_rate: 5.0000e-05
Epoch 11/20

Epoch 11: ReduceLROnPlateau reducing learning rate to 2.499999936844688e-05.
96/96 - 3s - 35ms/step - accuracy: 0.8413 - ce: 0.3587 - loss: 0.3849 - val_accuracy: 0.8376 - val_ce: 0.3889 - val_loss: 0.4131 - learning_rate: 5.0000e-05
Epoch 12/20
96/96 - 3s - 35ms/step - accuracy: 0.8824 - ce: 0.2933 - loss: 0.3177 - val_accuracy: 0.8782 - val_ce: 0.3809 - val_loss: 0.4046 - learning_rate: 2.5000e-05
Epoch 13/20
96/96 - 3s - 35ms/step - accuracy: 0.9007 - ce: 0.2606 - loss: 0.2830 - val_accuracy: 0.7786 - val_ce: 0.5751 - val_loss: 0.5983 - learning_rate: 2.5000e-05
Epoch 14/20
96/96 - 3s - 36ms/step - accuracy: 0.9079 - ce: 0.2332 - loss: 0.2556 - val_accuracy: 0.8487 - val_ce: 0.3784 - val_loss: 0.4010 - learning_rate: 2.5000e-05
Epoch 15/20
96/96 - 3s - 35ms/step - accuracy: 0.9255 - ce: 0.2022 - loss: 0.2258 - val_accuracy: 0.8118 - val_ce: 0.4945 - val_loss: 0.5166 - learning_rate: 2.5000e-05
Epoch 16/20

Epoch 16: ReduceLROnPlateau reducing learning rate to 1.249999968422344e-05.
96/96 - 3s - 35ms/step - accuracy: 0.9386 - ce: 0.1687 - loss: 0.1900 - val_accuracy: 0.8413 - val_ce: 0.4663 - val_loss: 0.4878 - learning_rate: 2.5000e-05
Epoch 17/20
96/96 - 3s - 36ms/step - accuracy: 0.9589 - ce: 0.1296 - loss: 0.1517 - val_accuracy: 0.8081 - val_ce: 0.6191 - val_loss: 0.6402 - learning_rate: 1.2500e-05
Epoch 18/20

Epoch 18: ReduceLROnPlateau reducing learning rate to 6.24999984211172e-06.
96/96 - 3s - 35ms/step - accuracy: 0.9673 - ce: 0.1038 - loss: 0.1248 - val_accuracy: 0.8376 - val_ce: 0.5665 - val_loss: 0.5872 - learning_rate: 1.2500e-05
Fold 1: accuracy=0.8027  F1(w/m)=0.8027/0.8014  CE=0.5078  epochs=18  

===== Fold 2/5  22:08:36 =====
Class weights (balanced): Human-written=1.089  V1=0.925
Epoch 1/20
96/96 - 14s - 147ms/step - accuracy: 0.6159 - ce: 0.6688 - loss: 0.7158 - val_accuracy: 0.7159 - val_ce: 0.5542 - val_loss: 0.5971 - learning_rate: 1.0000e-04
Epoch 2/20
96/96 - 3s - 36ms/step - accuracy: 0.6421 - ce: 0.6547 - loss: 0.6928 - val_accuracy: 0.7122 - val_ce: 0.5612 - val_loss: 0.5971 - learning_rate: 1.0000e-04
Epoch 3/20
96/96 - 3s - 36ms/step - accuracy: 0.6858 - ce: 0.6239 - loss: 0.6561 - val_accuracy: 0.7122 - val_ce: 0.5534 - val_loss: 0.5832 - learning_rate: 1.0000e-04
Epoch 4/20
96/96 - 3s - 35ms/step - accuracy: 0.6871 - ce: 0.5918 - loss: 0.6183 - val_accuracy: 0.7417 - val_ce: 0.5983 - val_loss: 0.6232 - learning_rate: 1.0000e-04
Epoch 5/20
96/96 - 3s - 36ms/step - accuracy: 0.7224 - ce: 0.5653 - loss: 0.5859 - val_accuracy: 0.7269 - val_ce: 0.5328 - val_loss: 0.5543 - learning_rate: 1.0000e-04
Epoch 6/20
96/96 - 3s - 36ms/step - accuracy: 0.7524 - ce: 0.5217 - loss: 0.5390 - val_accuracy: 0.8007 - val_ce: 0.4420 - val_loss: 0.4607 - learning_rate: 1.0000e-04
Epoch 7/20
96/96 - 3s - 35ms/step - accuracy: 0.8060 - ce: 0.4389 - loss: 0.4571 - val_accuracy: 0.7565 - val_ce: 0.5250 - val_loss: 0.5413 - learning_rate: 1.0000e-04
Epoch 8/20

Epoch 8: ReduceLROnPlateau reducing learning rate to 4.999999873689376e-05.
96/96 - 3s - 35ms/step - accuracy: 0.8282 - ce: 0.3767 - loss: 0.3945 - val_accuracy: 0.7823 - val_ce: 0.4864 - val_loss: 0.5006 - learning_rate: 1.0000e-04
Epoch 9/20
96/96 - 3s - 35ms/step - accuracy: 0.8779 - ce: 0.3010 - loss: 0.3147 - val_accuracy: 0.7934 - val_ce: 0.4701 - val_loss: 0.4833 - learning_rate: 5.0000e-05
Epoch 10/20

Epoch 10: ReduceLROnPlateau reducing learning rate to 2.499999936844688e-05.
96/96 - 3s - 36ms/step - accuracy: 0.9079 - ce: 0.2150 - loss: 0.2270 - val_accuracy: 0.7122 - val_ce: 0.8141 - val_loss: 0.8265 - learning_rate: 5.0000e-05
Fold 2: accuracy=0.8226  F1(w/m)=0.8225/0.8211  CE=0.4147  epochs=10  

===== Fold 3/5  22:09:26 =====
Class weights (balanced): Human-written=1.089  V1=0.925
Epoch 1/20
96/96 - 14s - 147ms/step - accuracy: 0.6179 - ce: 0.6789 - loss: 0.7245 - val_accuracy: 0.6679 - val_ce: 0.6199 - val_loss: 0.6642 - learning_rate: 1.0000e-04
Epoch 2/20
96/96 - 3s - 35ms/step - accuracy: 0.6414 - ce: 0.6682 - loss: 0.7068 - val_accuracy: 0.5498 - val_ce: 0.6877 - val_loss: 0.7272 - learning_rate: 1.0000e-04
Epoch 3/20

Epoch 3: ReduceLROnPlateau reducing learning rate to 4.999999873689376e-05.
96/96 - 3s - 36ms/step - accuracy: 0.6519 - ce: 0.6271 - loss: 0.6677 - val_accuracy: 0.6974 - val_ce: 0.6392 - val_loss: 0.6743 - learning_rate: 1.0000e-04
Epoch 4/20
96/96 - 3s - 36ms/step - accuracy: 0.7054 - ce: 0.5968 - loss: 0.6338 - val_accuracy: 0.7159 - val_ce: 0.5412 - val_loss: 0.5741 - learning_rate: 5.0000e-05
Epoch 5/20
96/96 - 3s - 36ms/step - accuracy: 0.7185 - ce: 0.5671 - loss: 0.6022 - val_accuracy: 0.7491 - val_ce: 0.5264 - val_loss: 0.5569 - learning_rate: 5.0000e-05
Epoch 6/20
96/96 - 3s - 36ms/step - accuracy: 0.7420 - ce: 0.5381 - loss: 0.5673 - val_accuracy: 0.7638 - val_ce: 0.5197 - val_loss: 0.5481 - learning_rate: 5.0000e-05
Epoch 7/20
96/96 - 3s - 36ms/step - accuracy: 0.7472 - ce: 0.5290 - loss: 0.5585 - val_accuracy: 0.7085 - val_ce: 0.5582 - val_loss: 0.5844 - learning_rate: 5.0000e-05
Epoch 8/20
96/96 - 3s - 36ms/step - accuracy: 0.7812 - ce: 0.4761 - loss: 0.5001 - val_accuracy: 0.7786 - val_ce: 0.5068 - val_loss: 0.5305 - learning_rate: 5.0000e-05
Epoch 9/20
96/96 - 3s - 36ms/step - accuracy: 0.8347 - ce: 0.3950 - loss: 0.4176 - val_accuracy: 0.7970 - val_ce: 0.4862 - val_loss: 0.5079 - learning_rate: 5.0000e-05
Epoch 10/20
96/96 - 3s - 36ms/step - accuracy: 0.8406 - ce: 0.3802 - loss: 0.4006 - val_accuracy: 0.7380 - val_ce: 0.5439 - val_loss: 0.5636 - learning_rate: 5.0000e-05
Epoch 11/20
96/96 - 3s - 36ms/step - accuracy: 0.8543 - ce: 0.3504 - loss: 0.3671 - val_accuracy: 0.7823 - val_ce: 0.4560 - val_loss: 0.4740 - learning_rate: 5.0000e-05
Epoch 12/20
96/96 - 3s - 35ms/step - accuracy: 0.8981 - ce: 0.2797 - loss: 0.2991 - val_accuracy: 0.8007 - val_ce: 0.5237 - val_loss: 0.5402 - learning_rate: 5.0000e-05
Epoch 13/20

Epoch 13: ReduceLROnPlateau reducing learning rate to 2.499999936844688e-05.
96/96 - 3s - 35ms/step - accuracy: 0.8877 - ce: 0.2910 - loss: 0.3070 - val_accuracy: 0.7823 - val_ce: 0.5186 - val_loss: 0.5339 - learning_rate: 5.0000e-05
Epoch 14/20
96/96 - 3s - 36ms/step - accuracy: 0.9223 - ce: 0.2073 - loss: 0.2211 - val_accuracy: 0.7786 - val_ce: 0.6243 - val_loss: 0.6389 - learning_rate: 2.5000e-05
Epoch 15/20

Epoch 15: ReduceLROnPlateau reducing learning rate to 1.249999968422344e-05.
96/96 - 3s - 35ms/step - accuracy: 0.9419 - ce: 0.1576 - loss: 0.1722 - val_accuracy: 0.7638 - val_ce: 0.6289 - val_loss: 0.6428 - learning_rate: 2.5000e-05
Fold 3: accuracy=0.8359  F1(w/m)=0.8362/0.8358  CE=0.4019  epochs=15  

===== Fold 4/5  22:10:34 =====
Class weights (balanced): Human-written=1.088  V1=0.925
Epoch 1/20
96/96 - 16s - 170ms/step - accuracy: 0.6384 - ce: 0.6644 - loss: 0.7102 - val_accuracy: 0.6974 - val_ce: 0.6004 - val_loss: 0.6432 - learning_rate: 1.0000e-04
Epoch 2/20
96/96 - 3s - 36ms/step - accuracy: 0.6560 - ce: 0.6385 - loss: 0.6779 - val_accuracy: 0.7306 - val_ce: 0.5415 - val_loss: 0.5777 - learning_rate: 1.0000e-04
Epoch 3/20
96/96 - 3s - 36ms/step - accuracy: 0.7010 - ce: 0.5863 - loss: 0.6219 - val_accuracy: 0.7306 - val_ce: 0.5402 - val_loss: 0.5703 - learning_rate: 1.0000e-04
Epoch 4/20
96/96 - 3s - 35ms/step - accuracy: 0.7428 - ce: 0.5332 - loss: 0.5572 - val_accuracy: 0.6937 - val_ce: 0.6457 - val_loss: 0.6695 - learning_rate: 1.0000e-04
Epoch 5/20
96/96 - 3s - 36ms/step - accuracy: 0.7957 - ce: 0.4459 - loss: 0.4651 - val_accuracy: 0.7565 - val_ce: 0.4620 - val_loss: 0.4812 - learning_rate: 1.0000e-04
Epoch 6/20
96/96 - 3s - 35ms/step - accuracy: 0.8244 - ce: 0.3979 - loss: 0.4163 - val_accuracy: 0.8303 - val_ce: 0.4044 - val_loss: 0.4205 - learning_rate: 1.0000e-04
Epoch 7/20
96/96 - 3s - 35ms/step - accuracy: 0.8414 - ce: 0.3829 - loss: 0.3978 - val_accuracy: 0.7970 - val_ce: 0.4428 - val_loss: 0.4564 - learning_rate: 1.0000e-04
Epoch 8/20

Epoch 8: ReduceLROnPlateau reducing learning rate to 4.999999873689376e-05.
96/96 - 3s - 35ms/step - accuracy: 0.8714 - ce: 0.3074 - loss: 0.3210 - val_accuracy: 0.8339 - val_ce: 0.4237 - val_loss: 0.4354 - learning_rate: 1.0000e-04
Epoch 9/20
96/96 - 3s - 35ms/step - accuracy: 0.9086 - ce: 0.2394 - loss: 0.2496 - val_accuracy: 0.8155 - val_ce: 0.5228 - val_loss: 0.5338 - learning_rate: 5.0000e-05
Epoch 10/20

Epoch 10: ReduceLROnPlateau reducing learning rate to 2.499999936844688e-05.
96/96 - 3s - 35ms/step - accuracy: 0.9282 - ce: 0.1799 - loss: 0.1907 - val_accuracy: 0.8450 - val_ce: 0.4864 - val_loss: 0.4968 - learning_rate: 5.0000e-05
Fold 4: accuracy=0.7511  F1(w/m)=0.7473/0.7438  CE=0.4956  epochs=10  

===== Fold 5/5  22:11:27 =====
Class weights (balanced): Human-written=1.088  V1=0.925
Epoch 1/20
96/96 - 14s - 147ms/step - accuracy: 0.6397 - ce: 0.6628 - loss: 0.7097 - val_accuracy: 0.5720 - val_ce: 0.6695 - val_loss: 0.7127 - learning_rate: 1.0000e-04
Epoch 2/20
96/96 - 3s - 36ms/step - accuracy: 0.6769 - ce: 0.6236 - loss: 0.6628 - val_accuracy: 0.6753 - val_ce: 0.5881 - val_loss: 0.6253 - learning_rate: 1.0000e-04
Epoch 3/20
96/96 - 3s - 36ms/step - accuracy: 0.6919 - ce: 0.6057 - loss: 0.6394 - val_accuracy: 0.7085 - val_ce: 0.5674 - val_loss: 0.6003 - learning_rate: 1.0000e-04
Epoch 4/20
96/96 - 3s - 35ms/step - accuracy: 0.7383 - ce: 0.5412 - loss: 0.5716 - val_accuracy: 0.7638 - val_ce: 0.4985 - val_loss: 0.5266 - learning_rate: 1.0000e-04
Epoch 5/20
96/96 - 3s - 35ms/step - accuracy: 0.7846 - ce: 0.4757 - loss: 0.5014 - val_accuracy: 0.6716 - val_ce: 0.8381 - val_loss: 0.8617 - learning_rate: 1.0000e-04
Epoch 6/20

Epoch 6: ReduceLROnPlateau reducing learning rate to 4.999999873689376e-05.
96/96 - 3s - 35ms/step - accuracy: 0.7879 - ce: 0.4638 - loss: 0.4869 - val_accuracy: 0.8081 - val_ce: 0.4987 - val_loss: 0.5186 - learning_rate: 1.0000e-04
Epoch 7/20
96/96 - 3s - 35ms/step - accuracy: 0.8538 - ce: 0.3418 - loss: 0.3631 - val_accuracy: 0.7897 - val_ce: 0.5006 - val_loss: 0.5189 - learning_rate: 5.0000e-05
Epoch 8/20

Epoch 8: ReduceLROnPlateau reducing learning rate to 2.499999936844688e-05.
96/96 - 3s - 35ms/step - accuracy: 0.8714 - ce: 0.3057 - loss: 0.3237 - val_accuracy: 0.7823 - val_ce: 0.5027 - val_loss: 0.5195 - learning_rate: 5.0000e-05
Fold 5: accuracy=0.7800  F1(w/m)=0.7777/0.7750  CE=0.4989  epochs=8  

CV mean ± std:
  accuracy               0.7985 ± 0.0339
  balanced_accuracy      0.7954 ± 0.0385
  mcc                    0.5960 ± 0.0698
  cross_entropy          0.4638 ± 0.0511
  roc_auc                0.8799 ± 0.0219
  precision_macro        0.8007 ± 0.0312
  recall_macro           0.7954 ± 0.0385
  f1_macro               0.7954 ± 0.0368
  precision_micro        0.7985 ± 0.0339
  recall_micro           0.7985 ± 0.0339
  f1_micro               0.7985 ± 0.0339
  precision_weighted     0.8012 ± 0.0336
  recall_weighted        0.7985 ± 0.0339
  f1_weighted            0.7973 ± 0.0356

===== Final training  22:12:10 =====
Class weights (balanced): Human-written=1.089  V1=0.925
Epoch 1/20
116/116 - 17s - 149ms/step - accuracy: 0.6253 - ce: 0.6632 - loss: 0.7118 - val_accuracy: 0.7462 - val_ce: 0.5467 - val_loss: 0.5878 - learning_rate: 1.0000e-04
Epoch 2/20
116/116 - 4s - 36ms/step - accuracy: 0.6367 - ce: 0.6501 - loss: 0.6884 - val_accuracy: 0.6457 - val_ce: 0.6418 - val_loss: 0.6771 - learning_rate: 1.0000e-04
Epoch 3/20

Epoch 3: ReduceLROnPlateau reducing learning rate to 4.999999873689376e-05.
116/116 - 4s - 36ms/step - accuracy: 0.6922 - ce: 0.6217 - loss: 0.6551 - val_accuracy: 0.6382 - val_ce: 0.5971 - val_loss: 0.6260 - learning_rate: 1.0000e-04
Epoch 4/20
116/116 - 4s - 36ms/step - accuracy: 0.7191 - ce: 0.5737 - loss: 0.5991 - val_accuracy: 0.7789 - val_ce: 0.5020 - val_loss: 0.5278 - learning_rate: 5.0000e-05
Epoch 5/20
116/116 - 4s - 35ms/step - accuracy: 0.7677 - ce: 0.5136 - loss: 0.5403 - val_accuracy: 0.7211 - val_ce: 0.6198 - val_loss: 0.6425 - learning_rate: 5.0000e-05
Epoch 6/20
116/116 - 4s - 36ms/step - accuracy: 0.7898 - ce: 0.4714 - loss: 0.4907 - val_accuracy: 0.8191 - val_ce: 0.4677 - val_loss: 0.4875 - learning_rate: 5.0000e-05
Epoch 7/20
116/116 - 4s - 35ms/step - accuracy: 0.8361 - ce: 0.3885 - loss: 0.4041 - val_accuracy: 0.8266 - val_ce: 0.3978 - val_loss: 0.4149 - learning_rate: 5.0000e-05
Epoch 8/20
116/116 - 4s - 35ms/step - accuracy: 0.8523 - ce: 0.3573 - loss: 0.3743 - val_accuracy: 0.7387 - val_ce: 0.6073 - val_loss: 0.6223 - learning_rate: 5.0000e-05
Epoch 9/20

Epoch 9: ReduceLROnPlateau reducing learning rate to 2.499999936844688e-05.
116/116 - 4s - 36ms/step - accuracy: 0.8906 - ce: 0.2845 - loss: 0.2965 - val_accuracy: 0.7714 - val_ce: 0.5774 - val_loss: 0.5906 - learning_rate: 5.0000e-05
Epoch 10/20
116/116 - 4s - 35ms/step - accuracy: 0.9084 - ce: 0.2298 - loss: 0.2413 - val_accuracy: 0.8266 - val_ce: 0.5025 - val_loss: 0.5150 - learning_rate: 2.5000e-05
Epoch 11/20

Epoch 11: ReduceLROnPlateau reducing learning rate to 1.249999968422344e-05.
116/116 - 4s - 36ms/step - accuracy: 0.9315 - ce: 0.1933 - loss: 0.2042 - val_accuracy: 0.8015 - val_ce: 0.6653 - val_loss: 0.6772 - learning_rate: 2.5000e-05
               precision    recall  f1-score   support

Human-written     0.7978    0.7760    0.7867       183
           V1     0.8136    0.8326    0.8230       215

     accuracy                         0.8065       398
    macro avg     0.8057    0.8043    0.8048       398
 weighted avg     0.8063    0.8065    0.8063       398

Class distribution all  : {'Human-written': 1218, 'V1': 1433}  ratio {'Human-written': 0.4594, 'V1': 0.5406}
Class distribution train: {'Human-written': 852, 'V1': 1003}  ratio {'Human-written': 0.4593, 'V1': 0.5407}
Class distribution val  : {'Human-written': 183, 'V1': 215}  ratio {'Human-written': 0.4598, 'V1': 0.5402}
Class distribution test : {'Human-written': 183, 'V1': 215}  ratio {'Human-written': 0.4598, 'V1': 0.5402}

subdataset14_screenshot_human_vs_v1_snippet_cv  VGG19 (tanh, dropout 0.1, lr 0.0001)
CV mean    acc=0.7985  F1 w/m/micro=0.7973/0.7954/0.7985  P_w=0.8012  R_w=0.7985  CE=0.4638  AUC=0.8799  MCC=0.5960
VALIDATION acc=0.8266  F1 w/m/micro=0.8261/0.8246/0.8266  P_w=0.8269  R_w=0.8266  CE=0.3978  AUC=0.9048  MCC=0.6505
TEST       acc=0.8065  F1 w/m/micro=0.8063/0.8048/0.8065  P_w=0.8063  R_w=0.8065  CE=0.4120  AUC=0.8935  MCC=0.6100
TEST 95% CI: accuracy=[0.7663, 0.8442]  f1_weighted=[0.7659, 0.8437]  f1_macro=[0.7645, 0.8416]  mcc=[0.5309, 0.6851]  balanced_accuracy=[0.7642, 0.8414]
Outputs: Experiments/subdataset14/Snippet-Level Split/results/subdataset14_screenshot_human_vs_v1_snippet_cv
2026-10-02 22:13:21 FINISHED
