
====================================================================================================
2026-10-02 20:57:57  subdataset12_screenshot_human_vs_v2_snippet_cv  (config hash 28480aafb245)
Data    : Data/Subdataset_12
Classes : ['Human-written', 'V2']   Split: Snippet-Level Split
Model   : VGG19  activation=relu  dropout=0.1  lr=0.0001  trained=base from block5_* on  preprocessing=caffe  L2=0.0001
Training: at most 20 epochs, early stopping val_ce patience 4, batch 16, 320x320 (no cropping), mixed precision True
Output  : Experiments/subdataset12/Snippet-Level Split/results/subdataset12_screenshot_human_vs_v2_snippet_cv
Human-written (label 0): 2236 images
V2  (label 1): 2428 images
Total 4664 images
Train     :  3264 (70.0%)  Human-written=1564 V2=1700
Validation:   700 (15.0%)  Human-written=336 V2=364
Test      :   700 (15.0%)  Human-written=336 V2=364
Fold 1: train=3171 (Human-written=1520 V2=1651)  evaluation=793 (Human-written=380 V2=413)
Fold 2: train=3171 (Human-written=1520 V2=1651)  evaluation=793 (Human-written=380 V2=413)
Fold 3: train=3171 (Human-written=1520 V2=1651)  evaluation=793 (Human-written=380 V2=413)
Fold 4: train=3171 (Human-written=1520 V2=1651)  evaluation=793 (Human-written=380 V2=413)
Fold 5: train=3172 (Human-written=1520 V2=1652)  evaluation=792 (Human-written=380 V2=412)
Leakage check PASSED.
TensorFlow 2.20.0 | GPU: [PhysicalDevice(name='/physical_device:GPU:0', device_type='GPU')]
Mixed precision: mixed_float16 (output layer float32)
Images loaded: 4664, 1.4 GB, 21 s

===== Fold 1/5  20:58:22 =====
Class weights (balanced): Human-written=1.043  V2=0.960
Model: base 22 layers, trained base layers 5 (first: block5_conv1); trained parameters 9,702,401 / 20,287,553
Epoch 1/20
169/169 - 22s - 133ms/step - accuracy: 0.6152 - ce: 0.6610 - loss: 0.7025 - val_accuracy: 0.6912 - val_ce: 0.5937 - val_loss: 0.6267 - learning_rate: 1.0000e-04
Epoch 2/20
169/169 - 5s - 33ms/step - accuracy: 0.6987 - ce: 0.5817 - loss: 0.6089 - val_accuracy: 0.7479 - val_ce: 0.5306 - val_loss: 0.5524 - learning_rate: 1.0000e-04
Epoch 3/20
169/169 - 6s - 33ms/step - accuracy: 0.7406 - ce: 0.5336 - loss: 0.5514 - val_accuracy: 0.7521 - val_ce: 0.5182 - val_loss: 0.5339 - learning_rate: 1.0000e-04
Epoch 4/20
169/169 - 6s - 33ms/step - accuracy: 0.7826 - ce: 0.4701 - loss: 0.4843 - val_accuracy: 0.7920 - val_ce: 0.4751 - val_loss: 0.4871 - learning_rate: 1.0000e-04
Epoch 5/20
169/169 - 5s - 33ms/step - accuracy: 0.7970 - ce: 0.4425 - loss: 0.4536 - val_accuracy: 0.7689 - val_ce: 0.4972 - val_loss: 0.5072 - learning_rate: 1.0000e-04
Epoch 6/20

Epoch 6: ReduceLROnPlateau reducing learning rate to 4.999999873689376e-05.
169/169 - 5s - 32ms/step - accuracy: 0.8167 - ce: 0.4008 - loss: 0.4102 - val_accuracy: 0.6996 - val_ce: 0.7112 - val_loss: 0.7200 - learning_rate: 1.0000e-04
Epoch 7/20
169/169 - 5s - 32ms/step - accuracy: 0.8757 - ce: 0.2805 - loss: 0.2893 - val_accuracy: 0.7710 - val_ce: 0.5834 - val_loss: 0.5918 - learning_rate: 5.0000e-05
Epoch 8/20

Epoch 8: ReduceLROnPlateau reducing learning rate to 2.499999936844688e-05.
169/169 - 6s - 33ms/step - accuracy: 0.9046 - ce: 0.2225 - loss: 0.2306 - val_accuracy: 0.7605 - val_ce: 0.5663 - val_loss: 0.5743 - learning_rate: 5.0000e-05
Fold 1: accuracy=0.7415  F1(w/m)=0.7405/0.7396  CE=0.5227  epochs=8  

===== Fold 2/5  20:59:32 =====
Class weights (balanced): Human-written=1.043  V2=0.960
Epoch 1/20
169/169 - 16s - 94ms/step - accuracy: 0.6015 - ce: 0.6638 - loss: 0.7080 - val_accuracy: 0.7122 - val_ce: 0.6180 - val_loss: 0.6563 - learning_rate: 1.0000e-04
Epoch 2/20
169/169 - 6s - 33ms/step - accuracy: 0.7206 - ce: 0.5628 - loss: 0.5977 - val_accuracy: 0.6996 - val_ce: 0.5972 - val_loss: 0.6275 - learning_rate: 1.0000e-04
Epoch 3/20
169/169 - 6s - 33ms/step - accuracy: 0.7429 - ce: 0.5265 - loss: 0.5544 - val_accuracy: 0.7038 - val_ce: 0.5638 - val_loss: 0.5885 - learning_rate: 1.0000e-04
Epoch 4/20
169/169 - 6s - 33ms/step - accuracy: 0.7829 - ce: 0.4697 - loss: 0.4929 - val_accuracy: 0.7017 - val_ce: 0.7775 - val_loss: 0.7987 - learning_rate: 1.0000e-04
Epoch 5/20

Epoch 5: ReduceLROnPlateau reducing learning rate to 4.999999873689376e-05.
169/169 - 5s - 32ms/step - accuracy: 0.8048 - ce: 0.4276 - loss: 0.4479 - val_accuracy: 0.7080 - val_ce: 0.5995 - val_loss: 0.6184 - learning_rate: 1.0000e-04
Epoch 6/20
169/169 - 5s - 32ms/step - accuracy: 0.8557 - ce: 0.3237 - loss: 0.3415 - val_accuracy: 0.7227 - val_ce: 0.5926 - val_loss: 0.6105 - learning_rate: 5.0000e-05
Epoch 7/20

Epoch 7: ReduceLROnPlateau reducing learning rate to 2.499999936844688e-05.
169/169 - 5s - 32ms/step - accuracy: 0.8957 - ce: 0.2590 - loss: 0.2766 - val_accuracy: 0.7269 - val_ce: 0.8370 - val_loss: 0.8541 - learning_rate: 5.0000e-05
Fold 2: accuracy=0.7289  F1(w/m)=0.7205/0.7183  CE=0.5577  epochs=7  

===== Fold 3/5  21:00:27 =====
Class weights (balanced): Human-written=1.043  V2=0.960
Epoch 1/20
169/169 - 16s - 94ms/step - accuracy: 0.6160 - ce: 0.6577 - loss: 0.7043 - val_accuracy: 0.6008 - val_ce: 0.6421 - val_loss: 0.6830 - learning_rate: 1.0000e-04
Epoch 2/20
169/169 - 6s - 33ms/step - accuracy: 0.6972 - ce: 0.5771 - loss: 0.6153 - val_accuracy: 0.7290 - val_ce: 0.5398 - val_loss: 0.5736 - learning_rate: 1.0000e-04
Epoch 3/20
169/169 - 6s - 33ms/step - accuracy: 0.7506 - ce: 0.5214 - loss: 0.5532 - val_accuracy: 0.7605 - val_ce: 0.5128 - val_loss: 0.5419 - learning_rate: 1.0000e-04
Epoch 4/20
169/169 - 5s - 32ms/step - accuracy: 0.7744 - ce: 0.4779 - loss: 0.5057 - val_accuracy: 0.6933 - val_ce: 0.7308 - val_loss: 0.7566 - learning_rate: 1.0000e-04
Epoch 5/20

Epoch 5: ReduceLROnPlateau reducing learning rate to 4.999999873689376e-05.
169/169 - 5s - 32ms/step - accuracy: 0.8033 - ce: 0.4330 - loss: 0.4583 - val_accuracy: 0.7521 - val_ce: 0.5273 - val_loss: 0.5508 - learning_rate: 1.0000e-04
Epoch 6/20
169/169 - 5s - 32ms/step - accuracy: 0.8620 - ce: 0.3227 - loss: 0.3460 - val_accuracy: 0.7773 - val_ce: 0.5288 - val_loss: 0.5514 - learning_rate: 5.0000e-05
Epoch 7/20

Epoch 7: ReduceLROnPlateau reducing learning rate to 2.499999936844688e-05.
169/169 - 6s - 33ms/step - accuracy: 0.8935 - ce: 0.2518 - loss: 0.2738 - val_accuracy: 0.7647 - val_ce: 0.6888 - val_loss: 0.7104 - learning_rate: 5.0000e-05
Fold 3: accuracy=0.7301  F1(w/m)=0.7286/0.7293  CE=0.5397  epochs=7  

===== Fold 4/5  21:01:22 =====
Class weights (balanced): Human-written=1.043  V2=0.960
Epoch 1/20
169/169 - 16s - 94ms/step - accuracy: 0.5829 - ce: 0.6824 - loss: 0.7242 - val_accuracy: 0.6176 - val_ce: 0.6324 - val_loss: 0.6655 - learning_rate: 1.0000e-04
Epoch 2/20
169/169 - 6s - 33ms/step - accuracy: 0.7024 - ce: 0.5900 - loss: 0.6172 - val_accuracy: 0.7332 - val_ce: 0.5487 - val_loss: 0.5716 - learning_rate: 1.0000e-04
Epoch 3/20
169/169 - 6s - 33ms/step - accuracy: 0.7347 - ce: 0.5321 - loss: 0.5521 - val_accuracy: 0.7500 - val_ce: 0.5188 - val_loss: 0.5355 - learning_rate: 1.0000e-04
Epoch 4/20
169/169 - 6s - 33ms/step - accuracy: 0.7629 - ce: 0.4866 - loss: 0.5017 - val_accuracy: 0.7563 - val_ce: 0.5102 - val_loss: 0.5234 - learning_rate: 1.0000e-04
Epoch 5/20
169/169 - 6s - 33ms/step - accuracy: 0.7918 - ce: 0.4473 - loss: 0.4594 - val_accuracy: 0.7311 - val_ce: 0.5713 - val_loss: 0.5824 - learning_rate: 1.0000e-04
Epoch 6/20

Epoch 6: ReduceLROnPlateau reducing learning rate to 4.999999873689376e-05.
169/169 - 5s - 32ms/step - accuracy: 0.8237 - ce: 0.3896 - loss: 0.4002 - val_accuracy: 0.7626 - val_ce: 0.5287 - val_loss: 0.5385 - learning_rate: 1.0000e-04
Epoch 7/20
169/169 - 6s - 33ms/step - accuracy: 0.8716 - ce: 0.2917 - loss: 0.3011 - val_accuracy: 0.7626 - val_ce: 0.5652 - val_loss: 0.5745 - learning_rate: 5.0000e-05
Epoch 8/20

Epoch 8: ReduceLROnPlateau reducing learning rate to 2.499999936844688e-05.
169/169 - 5s - 32ms/step - accuracy: 0.9046 - ce: 0.2351 - loss: 0.2448 - val_accuracy: 0.7563 - val_ce: 0.6630 - val_loss: 0.6719 - learning_rate: 5.0000e-05
Fold 4: accuracy=0.7516  F1(w/m)=0.7517/0.7514  CE=0.5074  epochs=8  

===== Fold 5/5  21:02:22 =====
Class weights (balanced): Human-written=1.043  V2=0.960
Epoch 1/20
169/169 - 18s - 105ms/step - accuracy: 0.6461 - ce: 0.6473 - loss: 0.6916 - val_accuracy: 0.7122 - val_ce: 0.5779 - val_loss: 0.6174 - learning_rate: 1.0000e-04
Epoch 2/20
169/169 - 6s - 33ms/step - accuracy: 0.7218 - ce: 0.5621 - loss: 0.5979 - val_accuracy: 0.7038 - val_ce: 0.5593 - val_loss: 0.5917 - learning_rate: 1.0000e-04
Epoch 3/20
169/169 - 6s - 33ms/step - accuracy: 0.7596 - ce: 0.5035 - loss: 0.5333 - val_accuracy: 0.7479 - val_ce: 0.5417 - val_loss: 0.5693 - learning_rate: 1.0000e-04
Epoch 4/20
169/169 - 6s - 33ms/step - accuracy: 0.7826 - ce: 0.4627 - loss: 0.4887 - val_accuracy: 0.7521 - val_ce: 0.5133 - val_loss: 0.5379 - learning_rate: 1.0000e-04
Epoch 5/20
169/169 - 6s - 33ms/step - accuracy: 0.8171 - ce: 0.4102 - loss: 0.4328 - val_accuracy: 0.7395 - val_ce: 0.6264 - val_loss: 0.6489 - learning_rate: 1.0000e-04
Epoch 6/20

Epoch 6: ReduceLROnPlateau reducing learning rate to 4.999999873689376e-05.
169/169 - 5s - 32ms/step - accuracy: 0.8487 - ce: 0.3507 - loss: 0.3712 - val_accuracy: 0.7605 - val_ce: 0.5912 - val_loss: 0.6119 - learning_rate: 1.0000e-04
Epoch 7/20
169/169 - 5s - 32ms/step - accuracy: 0.9121 - ce: 0.2197 - loss: 0.2407 - val_accuracy: 0.7332 - val_ce: 0.6527 - val_loss: 0.6728 - learning_rate: 5.0000e-05
Epoch 8/20

Epoch 8: ReduceLROnPlateau reducing learning rate to 2.499999936844688e-05.
169/169 - 5s - 32ms/step - accuracy: 0.9336 - ce: 0.1700 - loss: 0.1895 - val_accuracy: 0.7164 - val_ce: 0.7734 - val_loss: 0.7928 - learning_rate: 5.0000e-05
Fold 5: accuracy=0.7323  F1(w/m)=0.7319/0.7322  CE=0.5240  epochs=8  

CV mean ± std:
  accuracy               0.7369 ± 0.0096
  balanced_accuracy      0.7363 ± 0.0108
  mcc                    0.4804 ± 0.0136
  cross_entropy          0.5303 ± 0.0191
  roc_auc                0.8234 ± 0.0079
  precision_macro        0.7443 ± 0.0072
  recall_macro           0.7363 ± 0.0108
  f1_macro               0.7341 ± 0.0123
  precision_micro        0.7369 ± 0.0096
  recall_micro           0.7369 ± 0.0096
  f1_micro               0.7369 ± 0.0096
  precision_weighted     0.7447 ± 0.0059
  recall_weighted        0.7369 ± 0.0096
  f1_weighted            0.7346 ± 0.0119

===== Final training  21:03:24 =====
Class weights (balanced): Human-written=1.043  V2=0.960
Epoch 1/20
204/204 - 14s - 68ms/step - accuracy: 0.6468 - ce: 0.6453 - loss: 0.6891 - val_accuracy: 0.6857 - val_ce: 0.5862 - val_loss: 0.6228 - learning_rate: 1.0000e-04
Epoch 2/20
204/204 - 7s - 33ms/step - accuracy: 0.7270 - ce: 0.5569 - loss: 0.5896 - val_accuracy: 0.7371 - val_ce: 0.5500 - val_loss: 0.5781 - learning_rate: 1.0000e-04
Epoch 3/20
204/204 - 7s - 33ms/step - accuracy: 0.7583 - ce: 0.5098 - loss: 0.5356 - val_accuracy: 0.7500 - val_ce: 0.5289 - val_loss: 0.5520 - learning_rate: 1.0000e-04
Epoch 4/20
204/204 - 7s - 33ms/step - accuracy: 0.7736 - ce: 0.4848 - loss: 0.5060 - val_accuracy: 0.7343 - val_ce: 0.5341 - val_loss: 0.5541 - learning_rate: 1.0000e-04
Epoch 5/20
204/204 - 7s - 33ms/step - accuracy: 0.8113 - ce: 0.4123 - loss: 0.4311 - val_accuracy: 0.7543 - val_ce: 0.5065 - val_loss: 0.5243 - learning_rate: 1.0000e-04
Epoch 6/20
204/204 - 7s - 33ms/step - accuracy: 0.8315 - ce: 0.3784 - loss: 0.3950 - val_accuracy: 0.7314 - val_ce: 0.6386 - val_loss: 0.6549 - learning_rate: 1.0000e-04
Epoch 7/20

Epoch 7: ReduceLROnPlateau reducing learning rate to 4.999999873689376e-05.
204/204 - 7s - 33ms/step - accuracy: 0.8649 - ce: 0.3171 - loss: 0.3327 - val_accuracy: 0.7443 - val_ce: 0.5765 - val_loss: 0.5916 - learning_rate: 1.0000e-04
Epoch 8/20
204/204 - 7s - 33ms/step - accuracy: 0.9148 - ce: 0.2094 - loss: 0.2238 - val_accuracy: 0.7571 - val_ce: 0.8828 - val_loss: 0.8974 - learning_rate: 5.0000e-05
Epoch 9/20

Epoch 9: ReduceLROnPlateau reducing learning rate to 2.499999936844688e-05.
204/204 - 7s - 33ms/step - accuracy: 0.9403 - ce: 0.1487 - loss: 0.1627 - val_accuracy: 0.7586 - val_ce: 0.7552 - val_loss: 0.7693 - learning_rate: 5.0000e-05
               precision    recall  f1-score   support

Human-written     0.7771    0.7470    0.7618       336
           V2     0.7745    0.8022    0.7881       364

     accuracy                         0.7757       700
    macro avg     0.7758    0.7746    0.7749       700
 weighted avg     0.7758    0.7757    0.7755       700

Class distribution all  : {'Human-written': 2236, 'V2': 2428}  ratio {'Human-written': 0.4794, 'V2': 0.5206}
Class distribution train: {'Human-written': 1564, 'V2': 1700}  ratio {'Human-written': 0.4792, 'V2': 0.5208}
Class distribution val  : {'Human-written': 336, 'V2': 364}  ratio {'Human-written': 0.48, 'V2': 0.52}
Class distribution test : {'Human-written': 336, 'V2': 364}  ratio {'Human-written': 0.48, 'V2': 0.52}

subdataset12_screenshot_human_vs_v2_snippet_cv  VGG19 (relu, dropout 0.1, lr 0.0001)
CV mean    acc=0.7369  F1 w/m/micro=0.7346/0.7341/0.7369  P_w=0.7447  R_w=0.7369  CE=0.5303  AUC=0.8234  MCC=0.4804
VALIDATION acc=0.7543  F1 w/m/micro=0.7542/0.7537/0.7543  P_w=0.7542  R_w=0.7543  CE=0.5065  AUC=0.8545  MCC=0.5075
TEST       acc=0.7757  F1 w/m/micro=0.7755/0.7749/0.7757  P_w=0.7758  R_w=0.7757  CE=0.5082  AUC=0.8542  MCC=0.5504
TEST 95% CI: accuracy=[0.7443, 0.8057]  f1_weighted=[0.7442, 0.8056]  f1_macro=[0.7442, 0.8050]  mcc=[0.4892, 0.6113]  balanced_accuracy=[0.7437, 0.8046]
Outputs: Experiments/subdataset12/Snippet-Level Split/results/subdataset12_screenshot_human_vs_v2_snippet_cv
2026-10-02 21:04:45 FINISHED
