
====================================================================================================
2026-10-03 07:25:56  subdataset2_graph_human_vs_v1_snippet_cv  (config hash dcde0c159bfd)
Data    : Data/Subdataset_2
Classes : ['Human-written', 'V1']   Split: Snippet-Level Split
Model   : VGG19  activation=tanh  dropout=0.1  lr=0.0001  trained=base from block5_* on  preprocessing=caffe  L2=0.0001
Training: at most 20 epochs, early stopping val_ce patience 4, batch 16, 320x320 (no cropping), mixed precision True
Output  : Experiments/subdataset2/Snippet-Level Split/results/subdataset2_graph_human_vs_v1_snippet_cv
Human-written (label 0): 772 images
V1  (label 1): 701 images
Total 1473 images
Train     :  1031 (70.0%)  Human-written=540 V1=491
Validation:   221 (15.0%)  Human-written=116 V1=105
Test      :   221 (15.0%)  Human-written=116 V1=105
Fold 1: train=1001 (Human-written=525 V1=476)  evaluation=251 (Human-written=131 V1=120)
Fold 2: train=1001 (Human-written=524 V1=477)  evaluation=251 (Human-written=132 V1=119)
Fold 3: train=1002 (Human-written=525 V1=477)  evaluation=250 (Human-written=131 V1=119)
Fold 4: train=1002 (Human-written=525 V1=477)  evaluation=250 (Human-written=131 V1=119)
Fold 5: train=1002 (Human-written=525 V1=477)  evaluation=250 (Human-written=131 V1=119)
Leakage check PASSED.
TensorFlow 2.20.0 | GPU: [PhysicalDevice(name='/physical_device:GPU:0', device_type='GPU')]
Mixed precision: mixed_float16 (output layer float32)
Images loaded: 1473, 0.5 GB, 9 s

===== Fold 1/5  07:26:09 =====
Class weights (balanced): Human-written=0.953  V1=1.052
Model: base 22 layers, trained base layers 5 (first: block5_conv1); trained parameters 9,702,401 / 20,287,553
Epoch 1/20
54/54 - 18s - 328ms/step - accuracy: 0.5224 - ce: 0.7533 - loss: 0.8086 - val_accuracy: 0.5232 - val_ce: 0.6953 - val_loss: 0.7452 - learning_rate: 1.0000e-04
Epoch 2/20
54/54 - 2s - 36ms/step - accuracy: 0.5282 - ce: 0.7171 - loss: 0.7685 - val_accuracy: 0.5232 - val_ce: 0.7628 - val_loss: 0.8114 - learning_rate: 1.0000e-04
Epoch 3/20

Epoch 3: ReduceLROnPlateau reducing learning rate to 4.999999873689376e-05.
54/54 - 2s - 38ms/step - accuracy: 0.5271 - ce: 0.7229 - loss: 0.7773 - val_accuracy: 0.4834 - val_ce: 0.6972 - val_loss: 0.7439 - learning_rate: 1.0000e-04
Epoch 4/20
54/54 - 2s - 38ms/step - accuracy: 0.4918 - ce: 0.7269 - loss: 0.7744 - val_accuracy: 0.5232 - val_ce: 0.7000 - val_loss: 0.7440 - learning_rate: 5.0000e-05
Epoch 5/20
54/54 - 2s - 38ms/step - accuracy: 0.5271 - ce: 0.7241 - loss: 0.7746 - val_accuracy: 0.4834 - val_ce: 0.6945 - val_loss: 0.7370 - learning_rate: 5.0000e-05
Epoch 6/20
54/54 - 2s - 38ms/step - accuracy: 0.4776 - ce: 0.7367 - loss: 0.7781 - val_accuracy: 0.5099 - val_ce: 0.6933 - val_loss: 0.7335 - learning_rate: 5.0000e-05
Epoch 7/20
54/54 - 2s - 37ms/step - accuracy: 0.4800 - ce: 0.7251 - loss: 0.7629 - val_accuracy: 0.4768 - val_ce: 0.6997 - val_loss: 0.7377 - learning_rate: 5.0000e-05
Epoch 8/20
54/54 - 2s - 38ms/step - accuracy: 0.5000 - ce: 0.7134 - loss: 0.7476 - val_accuracy: 0.5232 - val_ce: 0.6924 - val_loss: 0.7280 - learning_rate: 5.0000e-05
Epoch 9/20
54/54 - 2s - 38ms/step - accuracy: 0.4835 - ce: 0.7328 - loss: 0.7678 - val_accuracy: 0.5232 - val_ce: 0.6923 - val_loss: 0.7258 - learning_rate: 5.0000e-05
Epoch 10/20
54/54 - 2s - 38ms/step - accuracy: 0.4965 - ce: 0.7275 - loss: 0.7621 - val_accuracy: 0.4768 - val_ce: 0.6934 - val_loss: 0.7249 - learning_rate: 5.0000e-05
Epoch 11/20

Epoch 11: ReduceLROnPlateau reducing learning rate to 2.499999936844688e-05.
54/54 - 2s - 37ms/step - accuracy: 0.5071 - ce: 0.7115 - loss: 0.7408 - val_accuracy: 0.4768 - val_ce: 0.6932 - val_loss: 0.7229 - learning_rate: 5.0000e-05
Epoch 12/20
54/54 - 2s - 37ms/step - accuracy: 0.5153 - ce: 0.7143 - loss: 0.7437 - val_accuracy: 0.5232 - val_ce: 0.6926 - val_loss: 0.7215 - learning_rate: 2.5000e-05
Epoch 13/20

Epoch 13: ReduceLROnPlateau reducing learning rate to 1.249999968422344e-05.
54/54 - 2s - 37ms/step - accuracy: 0.4847 - ce: 0.7240 - loss: 0.7529 - val_accuracy: 0.5232 - val_ce: 0.6931 - val_loss: 0.7212 - learning_rate: 2.5000e-05
COLLAPSE: 100% of the validation predictions are in one class -> training is repeated once with lr 1e-05
Epoch 1/20
54/54 - 12s - 224ms/step - accuracy: 0.5341 - ce: 0.7318 - loss: 0.7804 - val_accuracy: 0.4702 - val_ce: 0.7546 - val_loss: 0.8057 - learning_rate: 1.0000e-05
Epoch 2/20
54/54 - 2s - 38ms/step - accuracy: 0.6471 - ce: 0.6243 - loss: 0.6756 - val_accuracy: 0.4305 - val_ce: 0.7604 - val_loss: 0.8114 - learning_rate: 1.0000e-05
Epoch 3/20

Epoch 3: ReduceLROnPlateau reducing learning rate to 4.999999873689376e-06.
54/54 - 2s - 38ms/step - accuracy: 0.7271 - ce: 0.5530 - loss: 0.6047 - val_accuracy: 0.4967 - val_ce: 0.7778 - val_loss: 0.8287 - learning_rate: 1.0000e-05
Epoch 4/20
54/54 - 2s - 37ms/step - accuracy: 0.7953 - ce: 0.4741 - loss: 0.5243 - val_accuracy: 0.4238 - val_ce: 0.7771 - val_loss: 0.8280 - learning_rate: 5.0000e-06
Epoch 5/20

Epoch 5: ReduceLROnPlateau reducing learning rate to 2.499999936844688e-06.
54/54 - 2s - 37ms/step - accuracy: 0.8706 - ce: 0.4077 - loss: 0.4591 - val_accuracy: 0.4238 - val_ce: 0.7822 - val_loss: 0.8330 - learning_rate: 5.0000e-06
Fold 1: accuracy=0.4900  F1(w/m)=0.4677/0.4623  CE=0.7446  epochs=5  

===== Fold 2/5  07:27:23 =====
Class weights (balanced): Human-written=0.955  V1=1.049
Epoch 1/20
54/54 - 12s - 222ms/step - accuracy: 0.4906 - ce: 0.7903 - loss: 0.8412 - val_accuracy: 0.5033 - val_ce: 0.6973 - val_loss: 0.7472 - learning_rate: 1.0000e-04
Epoch 2/20
54/54 - 2s - 38ms/step - accuracy: 0.4906 - ce: 0.7333 - loss: 0.7801 - val_accuracy: 0.4901 - val_ce: 0.7000 - val_loss: 0.7484 - learning_rate: 1.0000e-04
Epoch 3/20

Epoch 3: ReduceLROnPlateau reducing learning rate to 4.999999873689376e-05.
54/54 - 2s - 38ms/step - accuracy: 0.4965 - ce: 0.7287 - loss: 0.7795 - val_accuracy: 0.5232 - val_ce: 0.7200 - val_loss: 0.7668 - learning_rate: 1.0000e-04
Epoch 4/20
54/54 - 2s - 38ms/step - accuracy: 0.4812 - ce: 0.7577 - loss: 0.8121 - val_accuracy: 0.5232 - val_ce: 0.7033 - val_loss: 0.7471 - learning_rate: 5.0000e-05
Epoch 5/20
54/54 - 2s - 38ms/step - accuracy: 0.5082 - ce: 0.7237 - loss: 0.7730 - val_accuracy: 0.5232 - val_ce: 0.6931 - val_loss: 0.7342 - learning_rate: 5.0000e-05
Epoch 6/20
54/54 - 2s - 38ms/step - accuracy: 0.5094 - ce: 0.7254 - loss: 0.7614 - val_accuracy: 0.5166 - val_ce: 0.6931 - val_loss: 0.7314 - learning_rate: 5.0000e-05
Epoch 7/20
54/54 - 2s - 38ms/step - accuracy: 0.5082 - ce: 0.7166 - loss: 0.7571 - val_accuracy: 0.5232 - val_ce: 0.6921 - val_loss: 0.7282 - learning_rate: 5.0000e-05
Epoch 8/20
54/54 - 2s - 38ms/step - accuracy: 0.5235 - ce: 0.7072 - loss: 0.7438 - val_accuracy: 0.5232 - val_ce: 0.6922 - val_loss: 0.7259 - learning_rate: 5.0000e-05
Epoch 9/20

Epoch 9: ReduceLROnPlateau reducing learning rate to 2.499999936844688e-05.
54/54 - 2s - 38ms/step - accuracy: 0.5024 - ce: 0.7219 - loss: 0.7551 - val_accuracy: 0.5232 - val_ce: 0.6926 - val_loss: 0.7242 - learning_rate: 5.0000e-05
Epoch 10/20
54/54 - 2s - 38ms/step - accuracy: 0.4800 - ce: 0.7240 - loss: 0.7555 - val_accuracy: 0.5232 - val_ce: 0.6921 - val_loss: 0.7228 - learning_rate: 2.5000e-05
Epoch 11/20

Epoch 11: ReduceLROnPlateau reducing learning rate to 1.249999968422344e-05.
54/54 - 2s - 38ms/step - accuracy: 0.4776 - ce: 0.7277 - loss: 0.7566 - val_accuracy: 0.4768 - val_ce: 0.6940 - val_loss: 0.7237 - learning_rate: 2.5000e-05
Epoch 12/20
54/54 - 2s - 37ms/step - accuracy: 0.5318 - ce: 0.7084 - loss: 0.7378 - val_accuracy: 0.4768 - val_ce: 0.6946 - val_loss: 0.7239 - learning_rate: 1.2500e-05
Epoch 13/20

Epoch 13: ReduceLROnPlateau reducing learning rate to 6.24999984211172e-06.
54/54 - 2s - 38ms/step - accuracy: 0.4765 - ce: 0.7250 - loss: 0.7525 - val_accuracy: 0.4768 - val_ce: 0.6956 - val_loss: 0.7244 - learning_rate: 1.2500e-05
Epoch 14/20
54/54 - 2s - 37ms/step - accuracy: 0.4635 - ce: 0.7292 - loss: 0.7563 - val_accuracy: 0.4768 - val_ce: 0.6955 - val_loss: 0.7241 - learning_rate: 6.2500e-06
COLLAPSE: 100% of the validation predictions are in one class -> training is repeated once with lr 1e-05
Epoch 1/20
54/54 - 12s - 222ms/step - accuracy: 0.5212 - ce: 0.7600 - loss: 0.8118 - val_accuracy: 0.5232 - val_ce: 0.7098 - val_loss: 0.7610 - learning_rate: 1.0000e-05
Epoch 2/20
54/54 - 2s - 38ms/step - accuracy: 0.6153 - ce: 0.6412 - loss: 0.6924 - val_accuracy: 0.5033 - val_ce: 0.7103 - val_loss: 0.7613 - learning_rate: 1.0000e-05
Epoch 3/20

Epoch 3: ReduceLROnPlateau reducing learning rate to 4.999999873689376e-06.
54/54 - 2s - 38ms/step - accuracy: 0.7188 - ce: 0.5631 - loss: 0.6145 - val_accuracy: 0.5166 - val_ce: 0.7477 - val_loss: 0.7986 - learning_rate: 1.0000e-05
Epoch 4/20
54/54 - 2s - 38ms/step - accuracy: 0.8047 - ce: 0.4784 - loss: 0.5288 - val_accuracy: 0.5099 - val_ce: 0.7472 - val_loss: 0.7980 - learning_rate: 5.0000e-06
Epoch 5/20

Epoch 5: ReduceLROnPlateau reducing learning rate to 2.499999936844688e-06.
54/54 - 2s - 37ms/step - accuracy: 0.8506 - ce: 0.4335 - loss: 0.4846 - val_accuracy: 0.5232 - val_ce: 0.7375 - val_loss: 0.7883 - learning_rate: 5.0000e-06
Fold 2: accuracy=0.5139  F1(w/m)=0.5132/0.5138  CE=0.7038  epochs=5  

===== Fold 3/5  07:28:30 =====
Class weights (balanced): Human-written=0.954  V1=1.051
Epoch 1/20
54/54 - 13s - 245ms/step - accuracy: 0.5229 - ce: 0.7250 - loss: 0.7725 - val_accuracy: 0.4305 - val_ce: 0.7353 - val_loss: 0.7855 - learning_rate: 1.0000e-04
Epoch 2/20
54/54 - 2s - 39ms/step - accuracy: 0.4947 - ce: 0.7588 - loss: 0.8157 - val_accuracy: 0.5232 - val_ce: 0.7037 - val_loss: 0.7531 - learning_rate: 1.0000e-04
Epoch 3/20
54/54 - 2s - 39ms/step - accuracy: 0.4900 - ce: 0.7277 - loss: 0.7720 - val_accuracy: 0.4768 - val_ce: 0.7007 - val_loss: 0.7476 - learning_rate: 1.0000e-04
Epoch 4/20
54/54 - 2s - 39ms/step - accuracy: 0.5206 - ce: 0.7276 - loss: 0.7801 - val_accuracy: 0.5166 - val_ce: 0.6943 - val_loss: 0.7392 - learning_rate: 1.0000e-04
Epoch 5/20
54/54 - 2s - 38ms/step - accuracy: 0.4677 - ce: 0.7299 - loss: 0.7726 - val_accuracy: 0.4768 - val_ce: 0.6973 - val_loss: 0.7376 - learning_rate: 1.0000e-04
Epoch 6/20

Epoch 6: ReduceLROnPlateau reducing learning rate to 4.999999873689376e-05.
54/54 - 2s - 38ms/step - accuracy: 0.4783 - ce: 0.7272 - loss: 0.7643 - val_accuracy: 0.4768 - val_ce: 0.6961 - val_loss: 0.7335 - learning_rate: 1.0000e-04
Epoch 7/20
54/54 - 2s - 38ms/step - accuracy: 0.5241 - ce: 0.7131 - loss: 0.7518 - val_accuracy: 0.5166 - val_ce: 0.6972 - val_loss: 0.7329 - learning_rate: 5.0000e-05
Epoch 8/20

Epoch 8: ReduceLROnPlateau reducing learning rate to 2.499999936844688e-05.
54/54 - 2s - 37ms/step - accuracy: 0.5217 - ce: 0.7058 - loss: 0.7407 - val_accuracy: 0.4768 - val_ce: 0.7021 - val_loss: 0.7363 - learning_rate: 5.0000e-05
COLLAPSE: 99% of the validation predictions are in one class -> training is repeated once with lr 1e-05
Epoch 1/20
54/54 - 12s - 224ms/step - accuracy: 0.5394 - ce: 0.7352 - loss: 0.7870 - val_accuracy: 0.5960 - val_ce: 0.7051 - val_loss: 0.7562 - learning_rate: 1.0000e-05
Epoch 2/20
54/54 - 2s - 39ms/step - accuracy: 0.6392 - ce: 0.6423 - loss: 0.6923 - val_accuracy: 0.5563 - val_ce: 0.6829 - val_loss: 0.7339 - learning_rate: 1.0000e-05
Epoch 3/20
54/54 - 2s - 38ms/step - accuracy: 0.7262 - ce: 0.5588 - loss: 0.6106 - val_accuracy: 0.5563 - val_ce: 0.6979 - val_loss: 0.7488 - learning_rate: 1.0000e-05
Epoch 4/20

Epoch 4: ReduceLROnPlateau reducing learning rate to 4.999999873689376e-06.
54/54 - 2s - 39ms/step - accuracy: 0.7955 - ce: 0.4823 - loss: 0.5328 - val_accuracy: 0.5497 - val_ce: 0.6886 - val_loss: 0.7394 - learning_rate: 1.0000e-05
Epoch 5/20
54/54 - 2s - 37ms/step - accuracy: 0.8978 - ce: 0.3900 - loss: 0.4411 - val_accuracy: 0.5960 - val_ce: 0.7043 - val_loss: 0.7551 - learning_rate: 5.0000e-06
Epoch 6/20

Epoch 6: ReduceLROnPlateau reducing learning rate to 2.499999936844688e-06.
54/54 - 2s - 37ms/step - accuracy: 0.9236 - ce: 0.3509 - loss: 0.4011 - val_accuracy: 0.5762 - val_ce: 0.6876 - val_loss: 0.7383 - learning_rate: 5.0000e-06
Fold 3: accuracy=0.5720  F1(w/m)=0.5722/0.5717  CE=0.6812  epochs=6  

===== Fold 4/5  07:29:29 =====
Class weights (balanced): Human-written=0.954  V1=1.051
Epoch 1/20
54/54 - 12s - 225ms/step - accuracy: 0.4971 - ce: 0.7752 - loss: 0.8267 - val_accuracy: 0.5166 - val_ce: 0.7168 - val_loss: 0.7663 - learning_rate: 1.0000e-04
Epoch 2/20
54/54 - 2s - 39ms/step - accuracy: 0.5217 - ce: 0.7523 - loss: 0.7947 - val_accuracy: 0.5099 - val_ce: 0.6923 - val_loss: 0.7404 - learning_rate: 1.0000e-04
Epoch 3/20
54/54 - 2s - 37ms/step - accuracy: 0.4982 - ce: 0.7281 - loss: 0.7779 - val_accuracy: 0.5166 - val_ce: 0.6984 - val_loss: 0.7444 - learning_rate: 1.0000e-04
Epoch 4/20

Epoch 4: ReduceLROnPlateau reducing learning rate to 4.999999873689376e-05.
54/54 - 2s - 37ms/step - accuracy: 0.5029 - ce: 0.7149 - loss: 0.7596 - val_accuracy: 0.5232 - val_ce: 0.7004 - val_loss: 0.7403 - learning_rate: 1.0000e-04
Epoch 5/20
54/54 - 2s - 37ms/step - accuracy: 0.5335 - ce: 0.7129 - loss: 0.7555 - val_accuracy: 0.5166 - val_ce: 0.6926 - val_loss: 0.7296 - learning_rate: 5.0000e-05
Epoch 6/20

Epoch 6: ReduceLROnPlateau reducing learning rate to 2.499999936844688e-05.
54/54 - 2s - 37ms/step - accuracy: 0.5006 - ce: 0.7247 - loss: 0.7617 - val_accuracy: 0.5166 - val_ce: 0.6927 - val_loss: 0.7274 - learning_rate: 5.0000e-05
Fold 4: accuracy=0.4640  F1(w/m)=0.3645/0.3757  CE=0.7007  epochs=6  

===== Fold 5/5  07:29:56 =====
Class weights (balanced): Human-written=0.954  V1=1.051
Epoch 1/20
54/54 - 12s - 225ms/step - accuracy: 0.5264 - ce: 0.7550 - loss: 0.8036 - val_accuracy: 0.5166 - val_ce: 0.6990 - val_loss: 0.7490 - learning_rate: 1.0000e-04
Epoch 2/20
54/54 - 2s - 37ms/step - accuracy: 0.5029 - ce: 0.7393 - loss: 0.7951 - val_accuracy: 0.5232 - val_ce: 0.7057 - val_loss: 0.7545 - learning_rate: 1.0000e-04
Epoch 3/20

Epoch 3: ReduceLROnPlateau reducing learning rate to 4.999999873689376e-05.
54/54 - 2s - 37ms/step - accuracy: 0.4853 - ce: 0.7556 - loss: 0.8063 - val_accuracy: 0.5232 - val_ce: 0.7344 - val_loss: 0.7821 - learning_rate: 1.0000e-04
Epoch 4/20
54/54 - 2s - 37ms/step - accuracy: 0.5241 - ce: 0.7316 - loss: 0.7889 - val_accuracy: 0.5232 - val_ce: 0.7351 - val_loss: 0.7807 - learning_rate: 5.0000e-05
Epoch 5/20
54/54 - 2s - 38ms/step - accuracy: 0.5112 - ce: 0.7284 - loss: 0.7746 - val_accuracy: 0.4702 - val_ce: 0.6972 - val_loss: 0.7403 - learning_rate: 5.0000e-05
Epoch 6/20
54/54 - 2s - 38ms/step - accuracy: 0.5264 - ce: 0.7167 - loss: 0.7602 - val_accuracy: 0.5232 - val_ce: 0.7002 - val_loss: 0.7409 - learning_rate: 5.0000e-05
Epoch 7/20
54/54 - 2s - 39ms/step - accuracy: 0.4982 - ce: 0.7257 - loss: 0.7700 - val_accuracy: 0.5232 - val_ce: 0.6937 - val_loss: 0.7324 - learning_rate: 5.0000e-05
Epoch 8/20
54/54 - 2s - 38ms/step - accuracy: 0.5170 - ce: 0.7077 - loss: 0.7472 - val_accuracy: 0.5232 - val_ce: 0.6949 - val_loss: 0.7315 - learning_rate: 5.0000e-05
Epoch 9/20

Epoch 9: ReduceLROnPlateau reducing learning rate to 2.499999936844688e-05.
54/54 - 2s - 37ms/step - accuracy: 0.5041 - ce: 0.7206 - loss: 0.7577 - val_accuracy: 0.5232 - val_ce: 0.6959 - val_loss: 0.7308 - learning_rate: 5.0000e-05
Epoch 10/20
54/54 - 2s - 37ms/step - accuracy: 0.4924 - ce: 0.7316 - loss: 0.7706 - val_accuracy: 0.5033 - val_ce: 0.6948 - val_loss: 0.7293 - learning_rate: 2.5000e-05
Epoch 11/20

Epoch 11: ReduceLROnPlateau reducing learning rate to 1.249999968422344e-05.
54/54 - 2s - 37ms/step - accuracy: 0.5217 - ce: 0.7115 - loss: 0.7481 - val_accuracy: 0.5232 - val_ce: 0.6966 - val_loss: 0.7308 - learning_rate: 2.5000e-05
COLLAPSE: 100% of the validation predictions are in one class -> training is repeated once with lr 1e-05
Epoch 1/20
54/54 - 12s - 225ms/step - accuracy: 0.5276 - ce: 0.7516 - loss: 0.8021 - val_accuracy: 0.4901 - val_ce: 0.7339 - val_loss: 0.7849 - learning_rate: 1.0000e-05
Epoch 2/20
54/54 - 2s - 38ms/step - accuracy: 0.6134 - ce: 0.6670 - loss: 0.7159 - val_accuracy: 0.4967 - val_ce: 0.7369 - val_loss: 0.7879 - learning_rate: 1.0000e-05
Epoch 3/20

Epoch 3: ReduceLROnPlateau reducing learning rate to 4.999999873689376e-06.
54/54 - 2s - 36ms/step - accuracy: 0.7215 - ce: 0.5632 - loss: 0.6148 - val_accuracy: 0.4636 - val_ce: 0.7671 - val_loss: 0.8179 - learning_rate: 1.0000e-05
Epoch 4/20
54/54 - 2s - 37ms/step - accuracy: 0.8155 - ce: 0.4698 - loss: 0.5206 - val_accuracy: 0.4901 - val_ce: 0.7478 - val_loss: 0.7986 - learning_rate: 5.0000e-06
Epoch 5/20

Epoch 5: ReduceLROnPlateau reducing learning rate to 2.499999936844688e-06.
54/54 - 2s - 37ms/step - accuracy: 0.8660 - ce: 0.4319 - loss: 0.4826 - val_accuracy: 0.4636 - val_ce: 0.7470 - val_loss: 0.7978 - learning_rate: 5.0000e-06
Fold 5: accuracy=0.5720  F1(w/m)=0.5722/0.5717  CE=0.6865  epochs=5  

CV mean ± std:
  accuracy               0.5224 ± 0.0486
  balanced_accuracy      0.5249 ± 0.0452
  mcc                    0.0445 ± 0.0967
  cross_entropy          0.7034 ± 0.0249
  roc_auc                0.5343 ± 0.0585
  precision_macro        0.5181 ± 0.0539
  recall_macro           0.5249 ± 0.0452
  f1_macro               0.4990 ± 0.0826
  precision_micro        0.5224 ± 0.0486
  recall_micro           0.5224 ± 0.0486
  f1_micro               0.5224 ± 0.0486
  precision_weighted     0.5190 ± 0.0544
  recall_weighted        0.5224 ± 0.0486
  f1_weighted            0.4980 ± 0.0866

===== Final training  07:30:58 =====
Class weights (balanced): Human-written=0.955  V1=1.050
Epoch 1/20
65/65 - 15s - 231ms/step - accuracy: 0.5015 - ce: 0.7613 - loss: 0.8121 - val_accuracy: 0.4751 - val_ce: 0.8720 - val_loss: 0.9221 - learning_rate: 1.0000e-04
Epoch 2/20
65/65 - 2s - 38ms/step - accuracy: 0.4743 - ce: 0.7506 - loss: 0.7978 - val_accuracy: 0.5158 - val_ce: 0.6931 - val_loss: 0.7419 - learning_rate: 1.0000e-04
Epoch 3/20
65/65 - 2s - 38ms/step - accuracy: 0.5179 - ce: 0.7104 - loss: 0.7577 - val_accuracy: 0.5068 - val_ce: 0.6920 - val_loss: 0.7370 - learning_rate: 1.0000e-04
Epoch 4/20
65/65 - 2s - 37ms/step - accuracy: 0.5121 - ce: 0.7205 - loss: 0.7692 - val_accuracy: 0.4932 - val_ce: 0.6987 - val_loss: 0.7421 - learning_rate: 1.0000e-04
Epoch 5/20

Epoch 5: ReduceLROnPlateau reducing learning rate to 4.999999873689376e-05.
65/65 - 2s - 38ms/step - accuracy: 0.4947 - ce: 0.7467 - loss: 0.7871 - val_accuracy: 0.4480 - val_ce: 0.7072 - val_loss: 0.7494 - learning_rate: 1.0000e-04
Epoch 6/20
65/65 - 2s - 38ms/step - accuracy: 0.5092 - ce: 0.7394 - loss: 0.7884 - val_accuracy: 0.5204 - val_ce: 0.6930 - val_loss: 0.7338 - learning_rate: 5.0000e-05
Epoch 7/20

Epoch 7: ReduceLROnPlateau reducing learning rate to 2.499999936844688e-05.
65/65 - 2s - 37ms/step - accuracy: 0.5383 - ce: 0.7220 - loss: 0.7708 - val_accuracy: 0.5249 - val_ce: 0.6944 - val_loss: 0.7336 - learning_rate: 5.0000e-05
               precision    recall  f1-score   support

Human-written     0.4972    0.7586    0.6007       116
           V1     0.3636    0.1524    0.2148       105

     accuracy                         0.4706       221
    macro avg     0.4304    0.4555    0.4077       221
 weighted avg     0.4337    0.4706    0.4173       221

Class distribution all  : {'Human-written': 772, 'V1': 701}  ratio {'Human-written': 0.5241, 'V1': 0.4759}
Class distribution train: {'Human-written': 540, 'V1': 491}  ratio {'Human-written': 0.5238, 'V1': 0.4762}
Class distribution val  : {'Human-written': 116, 'V1': 105}  ratio {'Human-written': 0.5249, 'V1': 0.4751}
Class distribution test : {'Human-written': 116, 'V1': 105}  ratio {'Human-written': 0.5249, 'V1': 0.4751}

subdataset2_graph_human_vs_v1_snippet_cv  VGG19 (tanh, dropout 0.1, lr 0.0001)
CV mean    acc=0.5224  F1 w/m/micro=0.4980/0.4990/0.5224  P_w=0.5190  R_w=0.5224  CE=0.7034  AUC=0.5343  MCC=0.0445
VALIDATION acc=0.5068  F1 w/m/micro=0.4538/0.4445/0.5068  P_w=0.4876  R_w=0.5068  CE=0.6920  AUC=0.5212  MCC=-0.0220
TEST       acc=0.4706  F1 w/m/micro=0.4173/0.4077/0.4706  P_w=0.4337  R_w=0.4706  CE=0.6981  AUC=0.4818  MCC=-0.1113
TEST 95% CI: accuracy=[0.4072, 0.5385]  f1_weighted=[0.3475, 0.4919]  f1_macro=[0.3493, 0.4649]  mcc=[-0.2347, 0.0143]  balanced_accuracy=[0.4040, 0.5056]
Outputs: Experiments/subdataset2/Snippet-Level Split/results/subdataset2_graph_human_vs_v1_snippet_cv
2026-10-03 07:31:39 FINISHED
