
====================================================================================================
2026-10-02 21:04:50  subdataset12_screenshot_human_vs_v3_group_cv  (config hash d26c0aebf71e)
Data    : Data/Subdataset_12
Classes : ['Human-written', 'V3']   Split: Group-Based Split
Model   : VGG19  activation=sigmoid  dropout=0.2  lr=0.0001  trained=base from block5_* on  preprocessing=caffe  L2=0.0001
Training: at most 20 epochs, early stopping val_ce patience 4, batch 16, 320x320 (no cropping), mixed precision True
Output  : Experiments/subdataset12/Group-Based Split/results/subdataset12_screenshot_human_vs_v3_group_cv
Human-written (label 0): 2236 images
V3  (label 1): 2184 images
Total 4420 images
Groups: {'n_groups': 2292, 'groups_with_human_and_version': 1953, 'groups_with_all_classes': 1953, 'human_only_groups': 258, 'groups_without_human': 81, 'match_ratio': 0.8520942408376964, 'groups_merged_by_content': 1}
CHECK 4: human/version pairs found with the simple rule 2015, in different groups 0
Files whose folder and version tag in the name do not match (data unchanged): 54
Train     :  3081 (69.7%)  Human-written=1560 V3=1521
Validation:   665 (15.0%)  Human-written=336 V3=329
Test      :   674 (15.2%)  Human-written=340 V3=334
Fold 1: train=2997 (Human-written=1517 V3=1480)  evaluation=749 (Human-written=379 V3=370)
Fold 2: train=3011 (Human-written=1521 V3=1490)  evaluation=735 (Human-written=375 V3=360)
Fold 3: train=3001 (Human-written=1517 V3=1484)  evaluation=745 (Human-written=379 V3=366)
Fold 4: train=2980 (Human-written=1514 V3=1466)  evaluation=766 (Human-written=382 V3=384)
Fold 5: train=2995 (Human-written=1515 V3=1480)  evaluation=751 (Human-written=381 V3=370)
Leakage check PASSED.
TensorFlow 2.20.0 | GPU: [PhysicalDevice(name='/physical_device:GPU:0', device_type='GPU')]
Mixed precision: mixed_float16 (output layer float32)
Images loaded: 4420, 1.4 GB, 20 s

===== Fold 1/5  21:05:14 =====
Class weights (balanced): Human-written=0.984  V3=1.016
Model: base 22 layers, trained base layers 5 (first: block5_conv1); trained parameters 9,702,401 / 20,287,553
Epoch 1/20
159/159 - 22s - 140ms/step - accuracy: 0.6436 - ce: 0.6406 - loss: 0.6856 - val_accuracy: 0.6812 - val_ce: 0.7661 - val_loss: 0.8058 - learning_rate: 1.0000e-04
Epoch 2/20
159/159 - 5s - 33ms/step - accuracy: 0.7456 - ce: 0.5339 - loss: 0.5701 - val_accuracy: 0.7467 - val_ce: 0.5037 - val_loss: 0.5364 - learning_rate: 1.0000e-04
Epoch 3/20
159/159 - 5s - 33ms/step - accuracy: 0.7983 - ce: 0.4546 - loss: 0.4845 - val_accuracy: 0.8057 - val_ce: 0.4462 - val_loss: 0.4739 - learning_rate: 1.0000e-04
Epoch 4/20
159/159 - 5s - 33ms/step - accuracy: 0.8212 - ce: 0.4122 - loss: 0.4381 - val_accuracy: 0.8144 - val_ce: 0.4452 - val_loss: 0.4695 - learning_rate: 1.0000e-04
Epoch 5/20
159/159 - 5s - 33ms/step - accuracy: 0.8562 - ce: 0.3548 - loss: 0.3781 - val_accuracy: 0.7969 - val_ce: 0.4294 - val_loss: 0.4513 - learning_rate: 1.0000e-04
Epoch 6/20
159/159 - 5s - 33ms/step - accuracy: 0.8787 - ce: 0.2924 - loss: 0.3135 - val_accuracy: 0.8166 - val_ce: 0.4284 - val_loss: 0.4487 - learning_rate: 1.0000e-04
Epoch 7/20
159/159 - 5s - 32ms/step - accuracy: 0.8941 - ce: 0.2687 - loss: 0.2883 - val_accuracy: 0.8297 - val_ce: 0.4458 - val_loss: 0.4647 - learning_rate: 1.0000e-04
Epoch 8/20

Epoch 8: ReduceLROnPlateau reducing learning rate to 4.999999873689376e-05.
159/159 - 5s - 33ms/step - accuracy: 0.9319 - ce: 0.1901 - loss: 0.2085 - val_accuracy: 0.8210 - val_ce: 0.5150 - val_loss: 0.5328 - learning_rate: 1.0000e-04
Epoch 9/20
159/159 - 5s - 32ms/step - accuracy: 0.9630 - ce: 0.0992 - loss: 0.1169 - val_accuracy: 0.8406 - val_ce: 0.6171 - val_loss: 0.6344 - learning_rate: 5.0000e-05
Epoch 10/20

Epoch 10: ReduceLROnPlateau reducing learning rate to 2.499999936844688e-05.
159/159 - 5s - 32ms/step - accuracy: 0.9748 - ce: 0.0710 - loss: 0.0882 - val_accuracy: 0.8013 - val_ce: 0.7667 - val_loss: 0.7835 - learning_rate: 5.0000e-05
Fold 1: accuracy=0.8064  F1(w/m)=0.8062/0.8061  CE=0.4475  epochs=10  

===== Fold 2/5  21:06:33 =====
Class weights (balanced): Human-written=0.994  V3=1.006
Epoch 1/20
160/160 - 17s - 109ms/step - accuracy: 0.6449 - ce: 0.6417 - loss: 0.6869 - val_accuracy: 0.6652 - val_ce: 0.6409 - val_loss: 0.6806 - learning_rate: 1.0000e-04
Epoch 2/20
160/160 - 5s - 33ms/step - accuracy: 0.7505 - ce: 0.5213 - loss: 0.5568 - val_accuracy: 0.7621 - val_ce: 0.4896 - val_loss: 0.5215 - learning_rate: 1.0000e-04
Epoch 3/20
160/160 - 5s - 33ms/step - accuracy: 0.7837 - ce: 0.4700 - loss: 0.4990 - val_accuracy: 0.7599 - val_ce: 0.4799 - val_loss: 0.5067 - learning_rate: 1.0000e-04
Epoch 4/20
160/160 - 5s - 33ms/step - accuracy: 0.8131 - ce: 0.4107 - loss: 0.4357 - val_accuracy: 0.8084 - val_ce: 0.4481 - val_loss: 0.4715 - learning_rate: 1.0000e-04
Epoch 5/20
160/160 - 5s - 32ms/step - accuracy: 0.8381 - ce: 0.3715 - loss: 0.3938 - val_accuracy: 0.7841 - val_ce: 0.5858 - val_loss: 0.6070 - learning_rate: 1.0000e-04
Epoch 6/20

Epoch 6: ReduceLROnPlateau reducing learning rate to 4.999999873689376e-05.
160/160 - 5s - 33ms/step - accuracy: 0.8682 - ce: 0.3283 - loss: 0.3485 - val_accuracy: 0.7930 - val_ce: 0.4554 - val_loss: 0.4750 - learning_rate: 1.0000e-04
Epoch 7/20
160/160 - 5s - 33ms/step - accuracy: 0.9210 - ce: 0.2127 - loss: 0.2319 - val_accuracy: 0.8062 - val_ce: 0.4759 - val_loss: 0.4948 - learning_rate: 5.0000e-05
Epoch 8/20

Epoch 8: ReduceLROnPlateau reducing learning rate to 2.499999936844688e-05.
160/160 - 5s - 33ms/step - accuracy: 0.9413 - ce: 0.1665 - loss: 0.1852 - val_accuracy: 0.7907 - val_ce: 0.5614 - val_loss: 0.5797 - learning_rate: 5.0000e-05
Fold 2: accuracy=0.7823  F1(w/m)=0.7803/0.7798  CE=0.4749  epochs=8  

===== Fold 3/5  21:07:34 =====
Class weights (balanced): Human-written=0.983  V3=1.017
Epoch 1/20
159/159 - 17s - 105ms/step - accuracy: 0.6161 - ce: 0.6566 - loss: 0.7019 - val_accuracy: 0.7112 - val_ce: 0.5955 - val_loss: 0.6362 - learning_rate: 1.0000e-04
Epoch 2/20
159/159 - 5s - 33ms/step - accuracy: 0.7379 - ce: 0.5426 - loss: 0.5796 - val_accuracy: 0.7522 - val_ce: 0.5466 - val_loss: 0.5802 - learning_rate: 1.0000e-04
Epoch 3/20
159/159 - 5s - 33ms/step - accuracy: 0.7844 - ce: 0.4704 - loss: 0.5014 - val_accuracy: 0.7263 - val_ce: 0.5276 - val_loss: 0.5567 - learning_rate: 1.0000e-04
Epoch 4/20
159/159 - 5s - 33ms/step - accuracy: 0.8057 - ce: 0.4172 - loss: 0.4448 - val_accuracy: 0.7349 - val_ce: 0.5935 - val_loss: 0.6196 - learning_rate: 1.0000e-04
Epoch 5/20

Epoch 5: ReduceLROnPlateau reducing learning rate to 4.999999873689376e-05.
159/159 - 5s - 33ms/step - accuracy: 0.8277 - ce: 0.3887 - loss: 0.4140 - val_accuracy: 0.7371 - val_ce: 0.5615 - val_loss: 0.5855 - learning_rate: 1.0000e-04
Epoch 6/20
159/159 - 5s - 33ms/step - accuracy: 0.8849 - ce: 0.2786 - loss: 0.3022 - val_accuracy: 0.7672 - val_ce: 0.5393 - val_loss: 0.5625 - learning_rate: 5.0000e-05
Epoch 7/20

Epoch 7: ReduceLROnPlateau reducing learning rate to 2.499999936844688e-05.
159/159 - 5s - 33ms/step - accuracy: 0.9101 - ce: 0.2303 - loss: 0.2528 - val_accuracy: 0.8017 - val_ce: 0.5365 - val_loss: 0.5589 - learning_rate: 5.0000e-05
Fold 3: accuracy=0.7544  F1(w/m)=0.7466/0.7474  CE=0.4939  epochs=7  

===== Fold 4/5  21:08:28 =====
Class weights (balanced): Human-written=0.985  V3=1.015
Epoch 1/20
159/159 - 18s - 112ms/step - accuracy: 0.5916 - ce: 0.6735 - loss: 0.7180 - val_accuracy: 0.7489 - val_ce: 0.5059 - val_loss: 0.5452 - learning_rate: 1.0000e-04
Epoch 2/20
159/159 - 5s - 33ms/step - accuracy: 0.7526 - ce: 0.5227 - loss: 0.5579 - val_accuracy: 0.7780 - val_ce: 0.4751 - val_loss: 0.5064 - learning_rate: 1.0000e-04
Epoch 3/20
159/159 - 5s - 32ms/step - accuracy: 0.8015 - ce: 0.4403 - loss: 0.4686 - val_accuracy: 0.6906 - val_ce: 0.7439 - val_loss: 0.7699 - learning_rate: 1.0000e-04
Epoch 4/20

Epoch 4: ReduceLROnPlateau reducing learning rate to 4.999999873689376e-05.
159/159 - 5s - 32ms/step - accuracy: 0.8216 - ce: 0.4053 - loss: 0.4297 - val_accuracy: 0.7466 - val_ce: 0.5028 - val_loss: 0.5254 - learning_rate: 1.0000e-04
Epoch 5/20
159/159 - 5s - 33ms/step - accuracy: 0.8635 - ce: 0.3260 - loss: 0.3481 - val_accuracy: 0.7489 - val_ce: 0.5551 - val_loss: 0.5764 - learning_rate: 5.0000e-05
Epoch 6/20
159/159 - 5s - 33ms/step - accuracy: 0.8919 - ce: 0.2714 - loss: 0.2920 - val_accuracy: 0.7960 - val_ce: 0.4689 - val_loss: 0.4890 - learning_rate: 5.0000e-05
Epoch 7/20
159/159 - 5s - 33ms/step - accuracy: 0.9140 - ce: 0.2254 - loss: 0.2450 - val_accuracy: 0.8027 - val_ce: 0.5232 - val_loss: 0.5424 - learning_rate: 5.0000e-05
Epoch 8/20

Epoch 8: ReduceLROnPlateau reducing learning rate to 2.499999936844688e-05.
159/159 - 5s - 32ms/step - accuracy: 0.9384 - ce: 0.1737 - loss: 0.1924 - val_accuracy: 0.7803 - val_ce: 0.6551 - val_loss: 0.6735 - learning_rate: 5.0000e-05
Epoch 9/20
159/159 - 5s - 33ms/step - accuracy: 0.9657 - ce: 0.1082 - loss: 0.1262 - val_accuracy: 0.7780 - val_ce: 0.7644 - val_loss: 0.7825 - learning_rate: 2.5000e-05
Epoch 10/20

Epoch 10: ReduceLROnPlateau reducing learning rate to 1.249999968422344e-05.
159/159 - 5s - 33ms/step - accuracy: 0.9732 - ce: 0.0789 - loss: 0.0967 - val_accuracy: 0.7848 - val_ce: 0.6941 - val_loss: 0.7118 - learning_rate: 2.5000e-05
Fold 4: accuracy=0.7781  F1(w/m)=0.7778/0.7778  CE=0.5085  epochs=10  

===== Fold 5/5  21:09:38 =====
Class weights (balanced): Human-written=0.990  V3=1.010
Epoch 1/20
160/160 - 16s - 100ms/step - accuracy: 0.6506 - ce: 0.6418 - loss: 0.6880 - val_accuracy: 0.7522 - val_ce: 0.5263 - val_loss: 0.5695 - learning_rate: 1.0000e-04
Epoch 2/20
160/160 - 5s - 33ms/step - accuracy: 0.7676 - ce: 0.5108 - loss: 0.5506 - val_accuracy: 0.7835 - val_ce: 0.4798 - val_loss: 0.5173 - learning_rate: 1.0000e-04
Epoch 3/20
160/160 - 5s - 32ms/step - accuracy: 0.7915 - ce: 0.4583 - loss: 0.4939 - val_accuracy: 0.7433 - val_ce: 0.5328 - val_loss: 0.5662 - learning_rate: 1.0000e-04
Epoch 4/20
160/160 - 5s - 33ms/step - accuracy: 0.8163 - ce: 0.4089 - loss: 0.4407 - val_accuracy: 0.8147 - val_ce: 0.4487 - val_loss: 0.4789 - learning_rate: 1.0000e-04
Epoch 5/20
160/160 - 5s - 32ms/step - accuracy: 0.8536 - ce: 0.3401 - loss: 0.3691 - val_accuracy: 0.7433 - val_ce: 0.6157 - val_loss: 0.6434 - learning_rate: 1.0000e-04
Epoch 6/20

Epoch 6: ReduceLROnPlateau reducing learning rate to 4.999999873689376e-05.
160/160 - 5s - 33ms/step - accuracy: 0.8842 - ce: 0.2916 - loss: 0.3183 - val_accuracy: 0.7812 - val_ce: 0.5381 - val_loss: 0.5638 - learning_rate: 1.0000e-04
Epoch 7/20
160/160 - 5s - 32ms/step - accuracy: 0.9246 - ce: 0.1983 - loss: 0.2235 - val_accuracy: 0.7902 - val_ce: 0.5399 - val_loss: 0.5648 - learning_rate: 5.0000e-05
Epoch 8/20

Epoch 8: ReduceLROnPlateau reducing learning rate to 2.499999936844688e-05.
160/160 - 5s - 32ms/step - accuracy: 0.9509 - ce: 0.1370 - loss: 0.1615 - val_accuracy: 0.7969 - val_ce: 0.6119 - val_loss: 0.6360 - learning_rate: 5.0000e-05
Fold 5: accuracy=0.7963  F1(w/m)=0.7950/0.7947  CE=0.4348  epochs=8  

CV mean ± std:
  accuracy               0.7835 ± 0.0198
  balanced_accuracy      0.7834 ± 0.0184
  mcc                    0.5781 ± 0.0271
  cross_entropy          0.4719 ± 0.0308
  roc_auc                0.8804 ± 0.0102
  precision_macro        0.7949 ± 0.0110
  recall_macro           0.7834 ± 0.0184
  f1_macro               0.7811 ± 0.0221
  precision_micro        0.7835 ± 0.0198
  recall_micro           0.7835 ± 0.0198
  f1_micro               0.7835 ± 0.0198
  precision_weighted     0.7950 ± 0.0109
  recall_weighted        0.7835 ± 0.0198
  f1_weighted            0.7812 ± 0.0225

===== Final training  21:10:36 =====
Class weights (balanced): Human-written=0.988  V3=1.013
Epoch 1/20
193/193 - 17s - 86ms/step - accuracy: 0.6897 - ce: 0.5968 - loss: 0.6416 - val_accuracy: 0.7654 - val_ce: 0.5004 - val_loss: 0.5405 - learning_rate: 1.0000e-04
Epoch 2/20
193/193 - 6s - 33ms/step - accuracy: 0.7767 - ce: 0.4775 - loss: 0.5144 - val_accuracy: 0.7263 - val_ce: 0.6179 - val_loss: 0.6520 - learning_rate: 1.0000e-04
Epoch 3/20
193/193 - 6s - 33ms/step - accuracy: 0.8062 - ce: 0.4436 - loss: 0.4756 - val_accuracy: 0.7880 - val_ce: 0.4482 - val_loss: 0.4785 - learning_rate: 1.0000e-04
Epoch 4/20
193/193 - 6s - 34ms/step - accuracy: 0.8254 - ce: 0.3940 - loss: 0.4228 - val_accuracy: 0.7925 - val_ce: 0.4676 - val_loss: 0.4953 - learning_rate: 1.0000e-04
Epoch 5/20

Epoch 5: ReduceLROnPlateau reducing learning rate to 4.999999873689376e-05.
193/193 - 6s - 33ms/step - accuracy: 0.8533 - ce: 0.3520 - loss: 0.3786 - val_accuracy: 0.7955 - val_ce: 0.4817 - val_loss: 0.5075 - learning_rate: 1.0000e-04
Epoch 6/20
193/193 - 6s - 33ms/step - accuracy: 0.9036 - ce: 0.2458 - loss: 0.2712 - val_accuracy: 0.7865 - val_ce: 0.5190 - val_loss: 0.5439 - learning_rate: 5.0000e-05
Epoch 7/20

Epoch 7: ReduceLROnPlateau reducing learning rate to 2.499999936844688e-05.
193/193 - 6s - 33ms/step - accuracy: 0.9270 - ce: 0.1990 - loss: 0.2233 - val_accuracy: 0.7970 - val_ce: 0.5467 - val_loss: 0.5708 - learning_rate: 5.0000e-05
               precision    recall  f1-score   support

Human-written     0.8254    0.7647    0.7939       340
           V3     0.7772    0.8353    0.8052       334

     accuracy                         0.7997       674
    macro avg     0.8013    0.8000    0.7995       674
 weighted avg     0.8015    0.7997    0.7995       674

Class distribution all  : {'Human-written': 2236, 'V3': 2184}  ratio {'Human-written': 0.5059, 'V3': 0.4941}
Class distribution train: {'Human-written': 1560, 'V3': 1521}  ratio {'Human-written': 0.5063, 'V3': 0.4937}
Class distribution val  : {'Human-written': 336, 'V3': 329}  ratio {'Human-written': 0.5053, 'V3': 0.4947}
Class distribution test : {'Human-written': 340, 'V3': 334}  ratio {'Human-written': 0.5045, 'V3': 0.4955}

subdataset12_screenshot_human_vs_v3_group_cv  VGG19 (sigmoid, dropout 0.2, lr 0.0001)
CV mean    acc=0.7835  F1 w/m/micro=0.7812/0.7811/0.7835  P_w=0.7950  R_w=0.7835  CE=0.4719  AUC=0.8804  MCC=0.5781
VALIDATION acc=0.7880  F1 w/m/micro=0.7879/0.7880/0.7880  P_w=0.7884  R_w=0.7880  CE=0.4482  AUC=0.8743  MCC=0.5764
TEST       acc=0.7997  F1 w/m/micro=0.7995/0.7995/0.7997  P_w=0.8015  R_w=0.7997  CE=0.4357  AUC=0.8887  MCC=0.6013
TEST 95% CI: accuracy=[0.7685, 0.8294]  f1_weighted=[0.7683, 0.8293]  f1_macro=[0.7681, 0.8293]  mcc=[0.5380, 0.6601]  balanced_accuracy=[0.7687, 0.8296]
Outputs: Experiments/subdataset12/Group-Based Split/results/subdataset12_screenshot_human_vs_v3_group_cv
2026-10-02 21:11:45 FINISHED
