
====================================================================================================
2026-10-03 08:47:43  subdataset2_graph_6class_group_cv  (config hash b809fae52c8f)
Data    : Data/Subdataset_2
Classes : ['Human-written', 'V1', 'V2', 'V3', 'V4', 'V5']   Split: Group-Based Split
Model   : VGG19  activation=relu  dropout=0.1  lr=0.0001  trained=base from block5_* on  preprocessing=caffe  L2=0.0001
Training: at most 20 epochs, early stopping val_ce patience 4, batch 16, 320x320 (no cropping), mixed precision True
Output  : Experiments/subdataset2/Group-Based Split/results/subdataset2_graph_6class_group_cv
Human-written (label 0): 772 images
V1  (label 1): 701 images
V2  (label 2): 674 images
V3  (label 3): 558 images
V4  (label 4): 856 images
V5  (label 5): 733 images
Total 4294 images
Groups: {'n_groups': 1072, 'groups_with_human_and_version': 661, 'groups_with_all_classes': 297, 'human_only_groups': 92, 'groups_without_human': 319, 'match_ratio': 0.6166044776119403, 'groups_merged_by_content': 5}
CHECK 4: human/version pairs found with the simple rule 2546, in different groups 0
Files whose folder and version tag in the name do not match (data unchanged): 0
Train     :  2985 (69.5%)  Human-written=535 V1=479 V2=468 V3=391 V4=599 V5=513
Validation:   628 (14.6%)  Human-written=122 V1=107 V2=98 V3=75 V4=124 V5=102
Test      :   681 (15.9%)  Human-written=115 V1=115 V2=108 V3=92 V4=133 V5=118
Fold 1: train=2848 (Human-written=525 V1=462 V2=441 V3=362 V4=569 V5=489)  evaluation=765 (Human-written=132 V1=124 V2=125 V3=104 V4=154 V5=126)
Fold 2: train=2877 (Human-written=522 V1=463 V2=449 V3=376 V4=573 V5=494)  evaluation=736 (Human-written=135 V1=123 V2=117 V3=90 V4=150 V5=121)
Fold 3: train=2978 (Human-written=535 V1=485 V2=473 V3=389 V4=591 V5=505)  evaluation=635 (Human-written=122 V1=101 V2=93 V3=77 V4=132 V5=110)
Fold 4: train=2865 (Human-written=520 V1=469 V2=454 V3=362 V4=578 V5=482)  evaluation=748 (Human-written=137 V1=117 V2=112 V3=104 V4=145 V5=133)
Fold 5: train=2884 (Human-written=526 V1=465 V2=447 V3=375 V4=581 V5=490)  evaluation=729 (Human-written=131 V1=121 V2=119 V3=91 V4=142 V5=125)
Leakage check PASSED.
TensorFlow 2.20.0 | GPU: [PhysicalDevice(name='/physical_device:GPU:0', device_type='GPU')]
Mixed precision: mixed_float16 (output layer float32)
Images loaded: 4294, 1.3 GB, 27 s

===== Fold 1/5  08:48:17 =====
Class weights (balanced): Human-written=0.901  V1=1.026  V2=1.082  V3=1.352  V4=0.830  V5=0.955
Model: base 22 layers, trained base layers 5 (first: block5_conv1); trained parameters 9,704,966 / 20,290,118
Epoch 1/20
151/151 - 23s - 151ms/step - accuracy: 0.1483 - ce: 1.8136 - loss: 1.8615 - val_accuracy: 0.1477 - val_ce: 1.7919 - val_loss: 1.8331 - learning_rate: 1.0000e-04
Epoch 2/20
151/151 - 5s - 33ms/step - accuracy: 0.1612 - ce: 1.7919 - loss: 1.8287 - val_accuracy: 0.1946 - val_ce: 1.7918 - val_loss: 1.8244 - learning_rate: 1.0000e-04
Epoch 3/20

Epoch 3: ReduceLROnPlateau reducing learning rate to 4.999999873689376e-05.
151/151 - 5s - 32ms/step - accuracy: 0.1333 - ce: 1.7920 - loss: 1.8212 - val_accuracy: 0.1946 - val_ce: 1.7918 - val_loss: 1.8182 - learning_rate: 1.0000e-04
Epoch 4/20
151/151 - 5s - 33ms/step - accuracy: 0.1283 - ce: 1.7919 - loss: 1.8169 - val_accuracy: 0.1477 - val_ce: 1.7918 - val_loss: 1.8157 - learning_rate: 5.0000e-05
Epoch 5/20

Epoch 5: ReduceLROnPlateau reducing learning rate to 2.499999936844688e-05.
151/151 - 5s - 32ms/step - accuracy: 0.1229 - ce: 1.7920 - loss: 1.8145 - val_accuracy: 0.1477 - val_ce: 1.7918 - val_loss: 1.8134 - learning_rate: 5.0000e-05
Epoch 6/20
151/151 - 5s - 33ms/step - accuracy: 0.1208 - ce: 1.7919 - loss: 1.8128 - val_accuracy: 0.1477 - val_ce: 1.7918 - val_loss: 1.8123 - learning_rate: 2.5000e-05
COLLAPSE: 100% of the validation predictions are in one class -> training is repeated once with lr 1e-05
Epoch 1/20
151/151 - 16s - 107ms/step - accuracy: 0.1683 - ce: 1.9342 - loss: 2.0006 - val_accuracy: 0.1678 - val_ce: 1.7904 - val_loss: 1.8412 - learning_rate: 1.0000e-05
Epoch 2/20
151/151 - 5s - 32ms/step - accuracy: 0.2132 - ce: 1.7707 - loss: 1.8251 - val_accuracy: 0.1790 - val_ce: 1.8140 - val_loss: 1.8644 - learning_rate: 1.0000e-05
Epoch 3/20

Epoch 3: ReduceLROnPlateau reducing learning rate to 4.999999873689376e-06.
151/151 - 5s - 33ms/step - accuracy: 0.2828 - ce: 1.7033 - loss: 1.7518 - val_accuracy: 0.1879 - val_ce: 1.8130 - val_loss: 1.8631 - learning_rate: 1.0000e-05
Epoch 4/20
151/151 - 5s - 32ms/step - accuracy: 0.3715 - ce: 1.5857 - loss: 1.6342 - val_accuracy: 0.1969 - val_ce: 1.8344 - val_loss: 1.8844 - learning_rate: 5.0000e-06
Epoch 5/20

Epoch 5: ReduceLROnPlateau reducing learning rate to 2.499999936844688e-06.
151/151 - 5s - 32ms/step - accuracy: 0.4294 - ce: 1.5020 - loss: 1.5477 - val_accuracy: 0.1946 - val_ce: 1.8505 - val_loss: 1.9005 - learning_rate: 5.0000e-06
/usr/local/lib/python3.13/dist-packages/sklearn/metrics/_classification.py:3001: UserWarning: The y_pred values do not sum to one. Make sure to pass probabilities.
  warnings.warn(
/usr/local/lib/python3.13/dist-packages/sklearn/metrics/_classification.py:3001: UserWarning: The y_pred values do not sum to one. Make sure to pass probabilities.
  warnings.warn(
Fold 1: accuracy=0.1869  F1(w/m)=0.1263/0.1154  CE=1.7878  epochs=5  

===== Fold 2/5  08:49:54 =====
Class weights (balanced): Human-written=0.909  V1=1.038  V2=1.086  V3=1.284  V4=0.832  V5=0.966
Epoch 1/20
151/151 - 20s - 131ms/step - accuracy: 0.1468 - ce: 1.8302 - loss: 1.8771 - val_accuracy: 0.1631 - val_ce: 1.7919 - val_loss: 1.8307 - learning_rate: 1.0000e-04
Epoch 2/20
151/151 - 5s - 33ms/step - accuracy: 0.1547 - ce: 1.7920 - loss: 1.8256 - val_accuracy: 0.1631 - val_ce: 1.7919 - val_loss: 1.8211 - learning_rate: 1.0000e-04
Epoch 3/20

Epoch 3: ReduceLROnPlateau reducing learning rate to 4.999999873689376e-05.
151/151 - 5s - 33ms/step - accuracy: 0.1601 - ce: 1.7920 - loss: 1.8175 - val_accuracy: 0.1631 - val_ce: 1.7919 - val_loss: 1.8144 - learning_rate: 1.0000e-04
Epoch 4/20
151/151 - 5s - 33ms/step - accuracy: 0.1605 - ce: 1.7919 - loss: 1.8130 - val_accuracy: 0.1631 - val_ce: 1.7918 - val_loss: 1.8118 - learning_rate: 5.0000e-05
Epoch 5/20

Epoch 5: ReduceLROnPlateau reducing learning rate to 2.499999936844688e-05.
151/151 - 5s - 33ms/step - accuracy: 0.1605 - ce: 1.7919 - loss: 1.8106 - val_accuracy: 0.1631 - val_ce: 1.7919 - val_loss: 1.8096 - learning_rate: 5.0000e-05
Epoch 6/20
151/151 - 5s - 33ms/step - accuracy: 0.1605 - ce: 1.7919 - loss: 1.8090 - val_accuracy: 0.1631 - val_ce: 1.7919 - val_loss: 1.8085 - learning_rate: 2.5000e-05
Epoch 7/20

Epoch 7: ReduceLROnPlateau reducing learning rate to 1.249999968422344e-05.
151/151 - 5s - 33ms/step - accuracy: 0.1605 - ce: 1.7919 - loss: 1.8079 - val_accuracy: 0.1631 - val_ce: 1.7919 - val_loss: 1.8075 - learning_rate: 2.5000e-05
Epoch 8/20
151/151 - 5s - 33ms/step - accuracy: 0.1605 - ce: 1.7919 - loss: 1.8072 - val_accuracy: 0.1631 - val_ce: 1.7919 - val_loss: 1.8070 - learning_rate: 1.2500e-05
COLLAPSE: 100% of the validation predictions are in one class -> training is repeated once with lr 1e-05
Epoch 1/20
151/151 - 16s - 108ms/step - accuracy: 0.1717 - ce: 1.9259 - loss: 1.9827 - val_accuracy: 0.1738 - val_ce: 1.7892 - val_loss: 1.8399 - learning_rate: 1.0000e-05
Epoch 2/20
151/151 - 5s - 33ms/step - accuracy: 0.2198 - ce: 1.7655 - loss: 1.8189 - val_accuracy: 0.1738 - val_ce: 1.7949 - val_loss: 1.8451 - learning_rate: 1.0000e-05
Epoch 3/20

Epoch 3: ReduceLROnPlateau reducing learning rate to 4.999999873689376e-06.
151/151 - 5s - 33ms/step - accuracy: 0.2771 - ce: 1.7137 - loss: 1.7633 - val_accuracy: 0.1974 - val_ce: 1.8007 - val_loss: 1.8506 - learning_rate: 1.0000e-05
Epoch 4/20
151/151 - 5s - 33ms/step - accuracy: 0.3617 - ce: 1.6120 - loss: 1.6576 - val_accuracy: 0.2017 - val_ce: 1.8110 - val_loss: 1.8608 - learning_rate: 5.0000e-06
Epoch 5/20

Epoch 5: ReduceLROnPlateau reducing learning rate to 2.499999936844688e-06.
151/151 - 5s - 33ms/step - accuracy: 0.4185 - ce: 1.5485 - loss: 1.5903 - val_accuracy: 0.2146 - val_ce: 1.8163 - val_loss: 1.8660 - learning_rate: 5.0000e-06
/usr/local/lib/python3.13/dist-packages/sklearn/metrics/_classification.py:3001: UserWarning: The y_pred values do not sum to one. Make sure to pass probabilities.
  warnings.warn(
/usr/local/lib/python3.13/dist-packages/sklearn/metrics/_classification.py:3001: UserWarning: The y_pred values do not sum to one. Make sure to pass probabilities.
  warnings.warn(
Fold 2: accuracy=0.1861  F1(w/m)=0.1613/0.1606  CE=1.7915  epochs=5  

===== Fold 3/5  08:51:34 =====
Class weights (balanced): Human-written=0.938  V1=1.028  V2=1.035  V3=1.301  V4=0.832  V5=0.975
Epoch 1/20
158/158 - 20s - 129ms/step - accuracy: 0.1531 - ce: 1.8324 - loss: 1.8785 - val_accuracy: 0.1667 - val_ce: 1.7920 - val_loss: 1.8325 - learning_rate: 1.0000e-04
Epoch 2/20
158/158 - 5s - 32ms/step - accuracy: 0.1507 - ce: 1.7920 - loss: 1.8277 - val_accuracy: 0.1689 - val_ce: 1.7931 - val_loss: 1.8247 - learning_rate: 1.0000e-04
Epoch 3/20
158/158 - 5s - 33ms/step - accuracy: 0.1642 - ce: 1.7920 - loss: 1.8202 - val_accuracy: 0.1601 - val_ce: 1.7919 - val_loss: 1.8170 - learning_rate: 1.0000e-04
Epoch 4/20
158/158 - 5s - 32ms/step - accuracy: 0.1733 - ce: 1.7982 - loss: 1.8215 - val_accuracy: 0.1667 - val_ce: 1.8120 - val_loss: 1.8328 - learning_rate: 1.0000e-04
Epoch 5/20

Epoch 5: ReduceLROnPlateau reducing learning rate to 4.999999873689376e-05.
158/158 - 5s - 32ms/step - accuracy: 0.1301 - ce: 1.8025 - loss: 1.8193 - val_accuracy: 0.1447 - val_ce: 1.7920 - val_loss: 1.8095 - learning_rate: 1.0000e-04
Epoch 6/20
158/158 - 5s - 32ms/step - accuracy: 0.1289 - ce: 1.7919 - loss: 1.8083 - val_accuracy: 0.1447 - val_ce: 1.7920 - val_loss: 1.8081 - learning_rate: 5.0000e-05
Epoch 7/20

Epoch 7: ReduceLROnPlateau reducing learning rate to 2.499999936844688e-05.
158/158 - 5s - 32ms/step - accuracy: 0.1308 - ce: 1.7913 - loss: 1.8065 - val_accuracy: 0.1447 - val_ce: 1.7920 - val_loss: 1.8068 - learning_rate: 5.0000e-05
COLLAPSE: 99% of the validation predictions are in one class -> training is repeated once with lr 1e-05
Epoch 1/20
158/158 - 17s - 105ms/step - accuracy: 0.1626 - ce: 1.9118 - loss: 1.9645 - val_accuracy: 0.1425 - val_ce: 1.8023 - val_loss: 1.8532 - learning_rate: 1.0000e-05
Epoch 2/20
158/158 - 5s - 32ms/step - accuracy: 0.2161 - ce: 1.7627 - loss: 1.8119 - val_accuracy: 0.1601 - val_ce: 1.8038 - val_loss: 1.8543 - learning_rate: 1.0000e-05
Epoch 3/20

Epoch 3: ReduceLROnPlateau reducing learning rate to 4.999999873689376e-06.
158/158 - 5s - 33ms/step - accuracy: 0.2875 - ce: 1.6960 - loss: 1.7455 - val_accuracy: 0.1732 - val_ce: 1.8051 - val_loss: 1.8554 - learning_rate: 1.0000e-05
Epoch 4/20
158/158 - 5s - 32ms/step - accuracy: 0.3977 - ce: 1.5757 - loss: 1.6230 - val_accuracy: 0.1513 - val_ce: 1.8406 - val_loss: 1.8909 - learning_rate: 5.0000e-06
Epoch 5/20

Epoch 5: ReduceLROnPlateau reducing learning rate to 2.499999936844688e-06.
158/158 - 5s - 32ms/step - accuracy: 0.4247 - ce: 1.5019 - loss: 1.5479 - val_accuracy: 0.1601 - val_ce: 1.8405 - val_loss: 1.8907 - learning_rate: 5.0000e-06
/usr/local/lib/python3.13/dist-packages/sklearn/metrics/_classification.py:3001: UserWarning: The y_pred values do not sum to one. Make sure to pass probabilities.
  warnings.warn(
/usr/local/lib/python3.13/dist-packages/sklearn/metrics/_classification.py:3001: UserWarning: The y_pred values do not sum to one. Make sure to pass probabilities.
  warnings.warn(
Fold 3: accuracy=0.1606  F1(w/m)=0.1259/0.1336  CE=1.8090  epochs=5  

===== Fold 4/5  08:53:13 =====
Class weights (balanced): Human-written=0.919  V1=1.016  V2=1.042  V3=1.324  V4=0.821  V5=1.006
Epoch 1/20
153/153 - 18s - 120ms/step - accuracy: 0.1686 - ce: 1.8275 - loss: 1.8716 - val_accuracy: 0.1827 - val_ce: 1.7916 - val_loss: 1.8309 - learning_rate: 1.0000e-04
Epoch 2/20
153/153 - 5s - 33ms/step - accuracy: 0.1813 - ce: 1.7918 - loss: 1.8261 - val_accuracy: 0.1827 - val_ce: 1.7915 - val_loss: 1.8212 - learning_rate: 1.0000e-04
Epoch 3/20

Epoch 3: ReduceLROnPlateau reducing learning rate to 4.999999873689376e-05.
153/153 - 5s - 32ms/step - accuracy: 0.1813 - ce: 1.7919 - loss: 1.8180 - val_accuracy: 0.1827 - val_ce: 1.7916 - val_loss: 1.8145 - learning_rate: 1.0000e-04
Epoch 4/20
153/153 - 5s - 32ms/step - accuracy: 0.1813 - ce: 1.7917 - loss: 1.8134 - val_accuracy: 0.1827 - val_ce: 1.7916 - val_loss: 1.8119 - learning_rate: 5.0000e-05
Epoch 5/20

Epoch 5: ReduceLROnPlateau reducing learning rate to 2.499999936844688e-05.
153/153 - 5s - 32ms/step - accuracy: 0.1813 - ce: 1.7917 - loss: 1.8110 - val_accuracy: 0.1827 - val_ce: 1.7916 - val_loss: 1.8097 - learning_rate: 5.0000e-05
Epoch 6/20
153/153 - 5s - 32ms/step - accuracy: 0.1813 - ce: 1.7917 - loss: 1.8093 - val_accuracy: 0.1827 - val_ce: 1.7916 - val_loss: 1.8086 - learning_rate: 2.5000e-05
COLLAPSE: 100% of the validation predictions are in one class -> training is repeated once with lr 1e-05
Epoch 1/20
153/153 - 17s - 109ms/step - accuracy: 0.1768 - ce: 1.9154 - loss: 1.9655 - val_accuracy: 0.1874 - val_ce: 1.7892 - val_loss: 1.8399 - learning_rate: 1.0000e-05
Epoch 2/20
153/153 - 5s - 32ms/step - accuracy: 0.2108 - ce: 1.7775 - loss: 1.8303 - val_accuracy: 0.1546 - val_ce: 1.8037 - val_loss: 1.8537 - learning_rate: 1.0000e-05
Epoch 3/20

Epoch 3: ReduceLROnPlateau reducing learning rate to 4.999999873689376e-06.
153/153 - 5s - 32ms/step - accuracy: 0.2666 - ce: 1.7204 - loss: 1.7681 - val_accuracy: 0.1850 - val_ce: 1.8222 - val_loss: 1.8720 - learning_rate: 1.0000e-05
Epoch 4/20
153/153 - 5s - 32ms/step - accuracy: 0.3610 - ce: 1.6130 - loss: 1.6615 - val_accuracy: 0.1733 - val_ce: 1.8273 - val_loss: 1.8770 - learning_rate: 5.0000e-06
Epoch 5/20

Epoch 5: ReduceLROnPlateau reducing learning rate to 2.499999936844688e-06.
153/153 - 5s - 32ms/step - accuracy: 0.4089 - ce: 1.5429 - loss: 1.5889 - val_accuracy: 0.1710 - val_ce: 1.8482 - val_loss: 1.8978 - learning_rate: 5.0000e-06
/usr/local/lib/python3.13/dist-packages/sklearn/metrics/_classification.py:3001: UserWarning: The y_pred values do not sum to one. Make sure to pass probabilities.
  warnings.warn(
/usr/local/lib/python3.13/dist-packages/sklearn/metrics/_classification.py:3001: UserWarning: The y_pred values do not sum to one. Make sure to pass probabilities.
  warnings.warn(
Fold 4: accuracy=0.1791  F1(w/m)=0.1459/0.1384  CE=1.7896  epochs=5  

===== Fold 5/5  08:54:46 =====
Class weights (balanced): Human-written=0.895  V1=1.037  V2=1.075  V3=1.298  V4=0.831  V5=0.986
Epoch 1/20
153/153 - 19s - 121ms/step - accuracy: 0.1674 - ce: 1.8336 - loss: 1.8773 - val_accuracy: 0.1614 - val_ce: 1.7920 - val_loss: 1.8324 - learning_rate: 1.0000e-04
Epoch 2/20
153/153 - 5s - 33ms/step - accuracy: 0.1825 - ce: 1.7917 - loss: 1.8275 - val_accuracy: 0.1614 - val_ce: 1.7917 - val_loss: 1.8229 - learning_rate: 1.0000e-04
Epoch 3/20
153/153 - 5s - 33ms/step - accuracy: 0.1854 - ce: 1.7915 - loss: 1.8196 - val_accuracy: 0.1614 - val_ce: 1.7916 - val_loss: 1.8163 - learning_rate: 1.0000e-04
Epoch 4/20

Epoch 4: ReduceLROnPlateau reducing learning rate to 4.999999873689376e-05.
153/153 - 5s - 32ms/step - accuracy: 0.1858 - ce: 1.7915 - loss: 1.8141 - val_accuracy: 0.1614 - val_ce: 1.7917 - val_loss: 1.8117 - learning_rate: 1.0000e-04
Epoch 5/20
153/153 - 5s - 32ms/step - accuracy: 0.1862 - ce: 1.7916 - loss: 1.8109 - val_accuracy: 0.1614 - val_ce: 1.7917 - val_loss: 1.8099 - learning_rate: 5.0000e-05
Epoch 6/20

Epoch 6: ReduceLROnPlateau reducing learning rate to 2.499999936844688e-05.
153/153 - 5s - 33ms/step - accuracy: 0.1887 - ce: 1.7916 - loss: 1.8092 - val_accuracy: 0.1614 - val_ce: 1.7916 - val_loss: 1.8082 - learning_rate: 5.0000e-05
Epoch 7/20
153/153 - 5s - 32ms/step - accuracy: 0.1862 - ce: 1.7915 - loss: 1.8080 - val_accuracy: 0.1614 - val_ce: 1.7916 - val_loss: 1.8075 - learning_rate: 2.5000e-05
Epoch 8/20

Epoch 8: ReduceLROnPlateau reducing learning rate to 1.249999968422344e-05.
153/153 - 5s - 33ms/step - accuracy: 0.1866 - ce: 1.7915 - loss: 1.8072 - val_accuracy: 0.1614 - val_ce: 1.7916 - val_loss: 1.8067 - learning_rate: 2.5000e-05
Epoch 9/20
153/153 - 5s - 33ms/step - accuracy: 0.1780 - ce: 1.7915 - loss: 1.8067 - val_accuracy: 0.1614 - val_ce: 1.7916 - val_loss: 1.8063 - learning_rate: 1.2500e-05
Epoch 10/20

Epoch 10: ReduceLROnPlateau reducing learning rate to 6.24999984211172e-06.
153/153 - 5s - 32ms/step - accuracy: 0.1981 - ce: 1.7915 - loss: 1.8063 - val_accuracy: 0.1614 - val_ce: 1.7916 - val_loss: 1.8059 - learning_rate: 1.2500e-05
Epoch 11/20
153/153 - 5s - 32ms/step - accuracy: 0.1903 - ce: 1.7915 - loss: 1.8060 - val_accuracy: 0.1614 - val_ce: 1.7916 - val_loss: 1.8057 - learning_rate: 6.2500e-06
Epoch 12/20

Epoch 12: ReduceLROnPlateau reducing learning rate to 3.12499992105586e-06.
153/153 - 5s - 32ms/step - accuracy: 0.1874 - ce: 1.7915 - loss: 1.8058 - val_accuracy: 0.1614 - val_ce: 1.7916 - val_loss: 1.8055 - learning_rate: 6.2500e-06
COLLAPSE: 100% of the validation predictions are in one class -> training is repeated once with lr 1e-05
Epoch 1/20
153/153 - 17s - 108ms/step - accuracy: 0.1751 - ce: 1.9103 - loss: 1.9551 - val_accuracy: 0.1480 - val_ce: 1.7992 - val_loss: 1.8500 - learning_rate: 1.0000e-05
Epoch 2/20
153/153 - 5s - 33ms/step - accuracy: 0.2104 - ce: 1.7662 - loss: 1.8190 - val_accuracy: 0.1816 - val_ce: 1.7911 - val_loss: 1.8415 - learning_rate: 1.0000e-05
Epoch 3/20
153/153 - 5s - 33ms/step - accuracy: 0.2871 - ce: 1.6936 - loss: 1.7481 - val_accuracy: 0.1525 - val_ce: 1.8285 - val_loss: 1.8786 - learning_rate: 1.0000e-05
Epoch 4/20

Epoch 4: ReduceLROnPlateau reducing learning rate to 4.999999873689376e-06.
153/153 - 5s - 33ms/step - accuracy: 0.3605 - ce: 1.6050 - loss: 1.6544 - val_accuracy: 0.1771 - val_ce: 1.8084 - val_loss: 1.8584 - learning_rate: 1.0000e-05
Epoch 5/20
153/153 - 5s - 32ms/step - accuracy: 0.4627 - ce: 1.4554 - loss: 1.5025 - val_accuracy: 0.1996 - val_ce: 1.8207 - val_loss: 1.8706 - learning_rate: 5.0000e-06
Epoch 6/20

Epoch 6: ReduceLROnPlateau reducing learning rate to 2.499999936844688e-06.
153/153 - 5s - 33ms/step - accuracy: 0.5316 - ce: 1.3507 - loss: 1.3969 - val_accuracy: 0.1839 - val_ce: 1.8343 - val_loss: 1.8842 - learning_rate: 5.0000e-06
/usr/local/lib/python3.13/dist-packages/sklearn/metrics/_classification.py:3001: UserWarning: The y_pred values do not sum to one. Make sure to pass probabilities.
  warnings.warn(
/usr/local/lib/python3.13/dist-packages/sklearn/metrics/_classification.py:3001: UserWarning: The y_pred values do not sum to one. Make sure to pass probabilities.
  warnings.warn(
Fold 5: accuracy=0.1632  F1(w/m)=0.1604/0.1613  CE=1.8029  epochs=6  

CV mean ± std:
  accuracy               0.1752 ± 0.0125
  balanced_accuracy      0.1715 ± 0.0081
  mcc                    0.0056 ± 0.0099
  cross_entropy          1.7962 ± 0.0093
  roc_auc                0.5055 ± 0.0085
  precision_macro        0.1561 ± 0.0267
  recall_macro           0.1715 ± 0.0081
  f1_macro               0.1419 ± 0.0194
  precision_micro        0.1752 ± 0.0125
  recall_micro           0.1752 ± 0.0125
  f1_micro               0.1752 ± 0.0125
  precision_weighted     0.1579 ± 0.0237
  recall_weighted        0.1752 ± 0.0125
  f1_weighted            0.1440 ± 0.0174

===== Final training  08:56:53 =====
Class weights (balanced): Human-written=0.930  V1=1.039  V2=1.063  V3=1.272  V4=0.831  V5=0.970
Epoch 1/20
187/187 - 20s - 105ms/step - accuracy: 0.1739 - ce: 1.8436 - loss: 1.8881 - val_accuracy: 0.1688 - val_ce: 1.7920 - val_loss: 1.8286 - learning_rate: 1.0000e-04
Epoch 2/20
187/187 - 6s - 33ms/step - accuracy: 0.1571 - ce: 1.7913 - loss: 1.8226 - val_accuracy: 0.1624 - val_ce: 1.7865 - val_loss: 1.8126 - learning_rate: 1.0000e-04
Epoch 3/20
187/187 - 6s - 33ms/step - accuracy: 0.1578 - ce: 1.7912 - loss: 1.8146 - val_accuracy: 0.1704 - val_ce: 1.7918 - val_loss: 1.8112 - learning_rate: 1.0000e-04
Epoch 4/20

Epoch 4: ReduceLROnPlateau reducing learning rate to 4.999999873689376e-05.
187/187 - 6s - 32ms/step - accuracy: 0.1605 - ce: 1.7923 - loss: 1.8090 - val_accuracy: 0.1704 - val_ce: 1.7920 - val_loss: 1.8070 - learning_rate: 1.0000e-04
Epoch 5/20
187/187 - 6s - 33ms/step - accuracy: 0.1605 - ce: 1.7923 - loss: 1.8060 - val_accuracy: 0.1704 - val_ce: 1.7921 - val_loss: 1.8055 - learning_rate: 5.0000e-05
Epoch 6/20

Epoch 6: ReduceLROnPlateau reducing learning rate to 2.499999936844688e-05.
187/187 - 6s - 32ms/step - accuracy: 0.1605 - ce: 1.7921 - loss: 1.8044 - val_accuracy: 0.1704 - val_ce: 1.7921 - val_loss: 1.8040 - learning_rate: 5.0000e-05
COLLAPSE: 100% of the validation predictions are in one class -> training is repeated once with lr 1e-05
Epoch 1/20
187/187 - 17s - 93ms/step - accuracy: 0.1692 - ce: 1.9880 - loss: 2.0344 - val_accuracy: 0.1911 - val_ce: 1.7908 - val_loss: 1.8413 - learning_rate: 1.0000e-05
Epoch 2/20
187/187 - 6s - 33ms/step - accuracy: 0.2111 - ce: 1.7706 - loss: 1.8210 - val_accuracy: 0.1895 - val_ce: 1.7904 - val_loss: 1.8401 - learning_rate: 1.0000e-05
Epoch 3/20
187/187 - 6s - 32ms/step - accuracy: 0.2623 - ce: 1.7287 - loss: 1.7802 - val_accuracy: 0.1943 - val_ce: 1.8012 - val_loss: 1.8505 - learning_rate: 1.0000e-05
Epoch 4/20

Epoch 4: ReduceLROnPlateau reducing learning rate to 4.999999873689376e-06.
187/187 - 6s - 33ms/step - accuracy: 0.3273 - ce: 1.6529 - loss: 1.7020 - val_accuracy: 0.1783 - val_ce: 1.7937 - val_loss: 1.8427 - learning_rate: 1.0000e-05
Epoch 5/20
187/187 - 6s - 33ms/step - accuracy: 0.4087 - ce: 1.5324 - loss: 1.5800 - val_accuracy: 0.1927 - val_ce: 1.8085 - val_loss: 1.8574 - learning_rate: 5.0000e-06
Epoch 6/20

Epoch 6: ReduceLROnPlateau reducing learning rate to 2.499999936844688e-06.
187/187 - 6s - 33ms/step - accuracy: 0.4757 - ce: 1.4495 - loss: 1.4967 - val_accuracy: 0.1975 - val_ce: 1.8317 - val_loss: 1.8805 - learning_rate: 5.0000e-06
/usr/local/lib/python3.13/dist-packages/sklearn/metrics/_classification.py:3001: UserWarning: The y_pred values do not sum to one. Make sure to pass probabilities.
  warnings.warn(
/usr/local/lib/python3.13/dist-packages/sklearn/metrics/_classification.py:3001: UserWarning: The y_pred values do not sum to one. Make sure to pass probabilities.
  warnings.warn(
               precision    recall  f1-score   support

Human-written     0.1774    0.6000    0.2738       115
           V1     0.1750    0.1217    0.1436       115
           V2     0.1538    0.0556    0.0816       108
           V3     0.2222    0.0217    0.0396        92
           V4     0.2088    0.1429    0.1696       133
           V5     0.2329    0.1441    0.1780       118

     accuracy                         0.1865       681
    macro avg     0.1950    0.1810    0.1477       681
 weighted avg     0.1951    0.1865    0.1528       681

Class distribution all  : {'Human-written': 772, 'V1': 701, 'V2': 674, 'V3': 558, 'V4': 856, 'V5': 733}  ratio {'Human-written': 0.1798, 'V1': 0.1633, 'V2': 0.157, 'V3': 0.1299, 'V4': 0.1993, 'V5': 0.1707}
Class distribution train: {'Human-written': 535, 'V1': 479, 'V2': 468, 'V3': 391, 'V4': 599, 'V5': 513}  ratio {'Human-written': 0.1792, 'V1': 0.1605, 'V2': 0.1568, 'V3': 0.131, 'V4': 0.2007, 'V5': 0.1719}
Class distribution val  : {'Human-written': 122, 'V1': 107, 'V2': 98, 'V3': 75, 'V4': 124, 'V5': 102}  ratio {'Human-written': 0.1943, 'V1': 0.1704, 'V2': 0.1561, 'V3': 0.1194, 'V4': 0.1975, 'V5': 0.1624}
Class distribution test : {'Human-written': 115, 'V1': 115, 'V2': 108, 'V3': 92, 'V4': 133, 'V5': 118}  ratio {'Human-written': 0.1689, 'V1': 0.1689, 'V2': 0.1586, 'V3': 0.1351, 'V4': 0.1953, 'V5': 0.1733}

subdataset2_graph_6class_group_cv  VGG19 (relu, dropout 0.1, lr 0.0001)
CV mean    acc=0.1752  F1 w/m/micro=0.1440/0.1419/0.1752  P_w=0.1579  R_w=0.1752  CE=1.7962  AUC=0.5055  MCC=0.0056
VALIDATION acc=0.1895  F1 w/m/micro=0.1504/0.1386/0.1895  P_w=0.1746  R_w=0.1895  CE=1.7904  AUC=0.5203  MCC=0.0045
TEST       acc=0.1865  F1 w/m/micro=0.1528/0.1477/0.1865  P_w=0.1951  R_w=0.1865  CE=1.8018  AUC=0.5219  MCC=0.0203
TEST 95% CI: accuracy=[0.1557, 0.2159]  f1_weighted=[0.1225, 0.1817]  f1_macro=[0.1209, 0.1741]  mcc=[-0.0136, 0.0555]  balanced_accuracy=[0.1574, 0.2050]
Outputs: Experiments/subdataset2/Group-Based Split/results/subdataset2_graph_6class_group_cv
2026-10-03 08:58:50 FINISHED
